# callgrind format
version: 1
creator: callgrind-3.25.1
pid: 243807
cmd:  target/release/examples/profile
part: 1


desc: I1 cache: 
desc: D1 cache: 
desc: LL cache: 

desc: Timerange: Basic block 0 - 2086106
desc: Trigger: Program termination

positions: line
events: Ir
summary: 7614873


ob=(1) /usr/lib/ld-linux-x86-64.so.2
fl=(1) ???
fn=(0) 0x000000000001f300
cob=(6) /home/rick/unl/king's/thesis/ml-dsa/target/release/examples/profile
cfi=(6) ???
cfn=(3874) (below main)
calls=1 0 
0 7614873

ob=(6)
fl=(56) /home/rick/unl/king's/thesis/ml-dsa/ml-dsa/src/expand.rs
fn=(5362) ml_dsa::expand::expand_mask
56 10
fi=(57) /home/rick/unl/king's/thesis/ml-dsa/ml-dsa/src/poly.rs
+7 3
cob=(2) /usr/lib/libc.so.6
cfi=(2) ???
cfn=(4642) 0x00000000001729c0
calls=1 -63 
* 5139
fi=(55) /home/rick/.cargo/registry/src/index.crates.io-1949cf8c6b5b557f/sha3-0.10.9/src/state.rs
-46 14
fi=(48) /home/rick/.cargo/registry/src/index.crates.io-1949cf8c6b5b557f/block-buffer-0.10.4/src/lib.rs
+59 9
fi=(46) /home/rick/unl/king's/thesis/ml-dsa/ml-dsa/src/hash.rs
-53 2
fe=(56)
+38 3
cfi=(46)
cfn=(4970) ml_dsa::hash::H::absorb
calls=1 -35 
* 44
fi=(34) /rustc/ac68faa20c58cbccd01ee7208bf3b6e93a7d7f96/library/alloc/src/raw_vec/mod.rs
-61 1
cfi=(6)
cfn=(4864) __rustc::__rust_no_alloc_shim_is_unstable_v2
calls=1 0 
0 1
fi=(23) /rustc/ac68faa20c58cbccd01ee7208bf3b6e93a7d7f96/library/alloc/src/alloc.rs
198 3
cfi=(6)
cfn=(5024) __rustc::__rust_alloc_zeroed
calls=1 0 
* 347
fi=(34)
469 2
fi=(60) /home/rick/unl/king's/thesis/ml-dsa/ml-dsa/src/encoding.rs
0 1
44 1
-44 1
fe=(56)
62 3
cfi=(46)
cfn=(4970)
calls=1 -36 
* 50
fi=(23)
+66 4
cfi=(6)
cfn=(4956) __rustc::__rust_dealloc
calls=1 0 
* 35
* 1
0 1
fe=(56)
63 3
cob=(2)
cfi=(2)
cfn=(4260) 0x0000000000171fc0
calls=1 -63 
* 65
* 4
cfi=(46)
cfn=(4998) ml_dsa::hash::H::finalize
calls=1 -33 
* 6412
* 4
cfi=(46)
cfn=(5020) ml_dsa::hash::HReader::squeeze_vec
calls=1 -21 
* 31528
fi=(34)
614 1
fi=(35) /rustc/ac68faa20c58cbccd01ee7208bf3b6e93a7d7f96/library/alloc/src/vec/mod.rs
1840 2
fe=(56)
64 4
cfi=(60)
cfn=(5312) ml_dsa::encoding::bit_unpack
calls=1 +67 
* 102208
-64 2
64 3
cob=(2)
cfi=(2)
cfn=(4260)
calls=1 -64 
* 125
fi=(34)
424 1
634 2
fi=(23)
128 3
cfi=(6)
cfn=(4956)
calls=1 0 
* 35
fi=(55)
17 14
fi=(48)
+59 9
fi=(46)
-53 2
fe=(56)
+38 3
cfi=(46)
cfn=(4970)
calls=1 -35 
* 44
fi=(34)
-61 1
cfi=(6)
cfn=(4864)
calls=1 0 
0 1
fi=(23)
198 3
cfi=(6)
cfn=(5024)
calls=1 0 
* 63
fi=(34)
469 2
fi=(60)
0 1
44 2
-44 1
fe=(56)
62 3
cfi=(46)
cfn=(4970)
calls=1 -36 
* 50
fi=(23)
+66 4
cfi=(6)
cfn=(4956)
calls=1 0 
* 35
* 1
0 1
fe=(56)
63 3
cob=(2)
cfi=(2)
cfn=(4260)
calls=1 -63 
* 65
* 4
cfi=(46)
cfn=(4998)
calls=1 -33 
* 6412
* 4
cfi=(46)
cfn=(5020)
calls=1 -21 
* 31373
fi=(34)
614 1
fi=(35)
1840 2
fe=(56)
64 4
cfi=(60)
cfn=(5312)
calls=1 +67 
* 102129
* 4
cob=(2)
cfi=(2)
cfn=(4260)
calls=1 -64 
* 125
fi=(34)
424 1
634 2
fi=(23)
128 3
cfi=(6)
cfn=(4956)
calls=1 0 
* 35
fi=(55)
17 14
fi=(48)
+59 9
fi=(46)
-53 2
fe=(56)
+38 3
cfi=(46)
cfn=(4970)
calls=1 -35 
* 44
fi=(34)
-61 1
cfi=(6)
cfn=(4864)
calls=1 0 
0 1
fi=(23)
198 3
cfi=(6)
cfn=(5024)
calls=1 0 
* 63
fi=(34)
469 2
fi=(60)
0 1
44 2
-44 1
fe=(56)
62 3
cfi=(46)
cfn=(4970)
calls=1 -36 
* 50
fi=(23)
+66 4
cfi=(6)
cfn=(4956)
calls=1 0 
* 35
* 1
0 1
fe=(56)
63 3
cob=(2)
cfi=(2)
cfn=(4260)
calls=1 -63 
* 65
* 4
cfi=(46)
cfn=(4998)
calls=1 -33 
* 6412
* 4
cfi=(46)
cfn=(5020)
calls=1 -21 
* 31373
fi=(34)
614 1
fi=(35)
1840 2
fe=(56)
64 4
cfi=(60)
cfn=(5312)
calls=1 +67 
* 102129
* 4
cob=(2)
cfi=(2)
cfn=(4260)
calls=1 -64 
* 125
fi=(34)
424 1
634 2
fi=(23)
128 3
cfi=(6)
cfn=(4956)
calls=1 0 
* 35
fi=(55)
17 14
fi=(48)
+59 9
fi=(46)
-53 2
fe=(56)
+38 3
cfi=(46)
cfn=(4970)
calls=1 -35 
* 44
fi=(34)
-61 1
cfi=(6)
cfn=(4864)
calls=1 0 
0 1
fi=(23)
198 3
cfi=(6)
cfn=(5024)
calls=1 0 
* 63
fi=(34)
469 2
fi=(60)
0 1
44 2
-44 1
fe=(56)
62 3
cfi=(46)
cfn=(4970)
calls=1 -36 
* 50
fi=(23)
+66 4
cfi=(6)
cfn=(4956)
calls=1 0 
* 35
* 1
0 1
fe=(56)
63 3
cob=(2)
cfi=(2)
cfn=(4260)
calls=1 -63 
* 65
* 4
cfi=(46)
cfn=(4998)
calls=1 -33 
* 6412
* 4
cfi=(46)
cfn=(5020)
calls=1 -21 
* 31373
fi=(34)
614 1
fi=(35)
1840 2
fe=(56)
64 4
cfi=(60)
cfn=(5312)
calls=1 +67 
* 102129
* 4
cob=(2)
cfi=(2)
cfn=(4260)
calls=1 -64 
* 125
fi=(34)
424 1
634 2
fi=(23)
128 3
cfi=(6)
cfn=(4956)
calls=1 0 
* 35
fi=(55)
17 14
fi=(48)
+59 9
fi=(46)
-53 2
fe=(56)
+38 3
cfi=(46)
cfn=(4970)
calls=1 -35 
* 44
fi=(34)
-61 1
cfi=(6)
cfn=(4864)
calls=1 0 
0 1
fi=(23)
198 3
cfi=(6)
cfn=(5024)
calls=1 0 
* 63
fi=(34)
469 2
fi=(60)
0 1
44 2
-44 1
fe=(56)
62 3
cfi=(46)
cfn=(4970)
calls=1 -36 
* 50
fi=(23)
+66 4
cfi=(6)
cfn=(4956)
calls=1 0 
* 35
* 2
fe=(56)
-65 3
cob=(2)
cfi=(2)
cfn=(4260)
calls=1 -63 
* 65
* 4
cfi=(46)
cfn=(4998)
calls=1 -33 
* 6412
* 4
cfi=(46)
cfn=(5020)
calls=1 -21 
* 31373
fi=(34)
614 1
fi=(35)
1840 2
fe=(56)
64 4
cfi=(60)
cfn=(5312)
calls=1 +67 
* 102129
* 5
cob=(2)
cfi=(2)
cfn=(4260)
calls=1 -64 
* 125
fi=(34)
424 1
634 2
fi=(23)
128 3
cfi=(6)
cfn=(4956)
calls=1 0 
* 35
fe=(56)
-61 9

fn=(5044) ml_dsa::expand::expand_a
16 9
fi=(57)
+84 4
cob=(2)
cfi=(2)
cfn=(4642)
calls=3 0 
* 30739
* 6
0 6
fe=(56)
24 36
cob=(2)
cfi=(2)
cfn=(4260)
calls=18 -24 
* 750
* 6
fi=(10) /rustc/ac68faa20c58cbccd01ee7208bf3b6e93a7d7f96/library/core/src/num/uint_macros.rs
898 6
fi=(19) /rustc/ac68faa20c58cbccd01ee7208bf3b6e93a7d7f96/library/core/src/cmp.rs
1915 6
fi=(36) /rustc/ac68faa20c58cbccd01ee7208bf3b6e93a7d7f96/library/core/src/iter/range.rs
900 6
0 6
fi=(18) /rustc/ac68faa20c58cbccd01ee7208bf3b6e93a7d7f96/library/core/src/ptr/mod.rs
552 24
fe=(56)
22 12
+1 6
fi=(57)
+22 24
cob=(2)
cfi=(2)
cfn=(4642)
calls=18 -45 
* 468
* 6
fi=(55)
-28 84
fi=(48)
+59 66
fi=(46)
-15 6
fi=(58) /home/rick/unl/king's/thesis/ml-dsa/ml-dsa/src/sample.rs
-14 24
cfi=(46)
cfn=(5058) ml_dsa::hash::G::absorb
calls=18 +17 
* 264
+1 24
cob=(2)
cfi=(2)
cfn=(4260)
calls=18 -48 
* 390
* 18
cfi=(46)
cfn=(5066) ml_dsa::hash::G::finalize
calls=18 +20 
* 38568
+3 24
+1 3074
fi=(59) /home/rick/.cargo/registry/src/index.crates.io-1949cf8c6b5b557f/digest-0.10.7/src/core_api/xof_reader.rs
-11 1537
+1 7685
cfi=(48)
cfn=(5078) block_buffer::BlockBuffer<BlockSize,block_buffer::Eager>::set_data
calls=4611 250 
* 269063
fi=(58)
+12 3074
-54 1537
fi=(60)
76 1537
+1 6148
+1 3074
fi=(58)
-23 1536
+1 1536
-2 1536
-54 30
fe=(56)
24 36
cob=(2)
cfi=(2)
cfn=(4260)
calls=18 -24 
* 750
-24 6
fi=(18)
552 24
fe=(56)
22 6
+1 6
fi=(57)
+22 24
cob=(2)
cfi=(2)
cfn=(4642)
calls=18 -45 
* 468
* 6
fi=(55)
-28 84
fi=(48)
+59 66
fi=(46)
-15 6
fi=(58)
-14 24
cfi=(46)
cfn=(5058)
calls=18 +17 
* 264
+1 24
cob=(2)
cfi=(2)
cfn=(4260)
calls=18 -48 
* 390
* 18
cfi=(46)
cfn=(5066)
calls=18 +20 
* 38568
+3 24
+1 3076
fi=(59)
-11 1538
+1 7690
cfi=(48)
cfn=(5078)
calls=4614 250 
* 269116
fi=(58)
+12 3076
-54 1538
fi=(60)
76 1538
+1 6152
+1 3076
fi=(58)
-23 1536
+1 1536
-2 1536
-54 6
fe=(56)
24 36
cob=(2)
cfi=(2)
cfn=(4260)
calls=18 -24 
* 750
-24 6
fi=(18)
552 24
fe=(56)
22 12
+1 6
fi=(57)
+22 24
cob=(2)
cfi=(2)
cfn=(4642)
calls=18 -45 
* 468
* 6
fi=(55)
-28 84
fi=(48)
+59 66
fi=(46)
-15 6
fi=(58)
-14 24
cfi=(46)
cfn=(5058)
calls=18 +17 
* 264
+1 24
cob=(2)
cfi=(2)
cfn=(4260)
calls=18 -48 
* 390
* 18
cfi=(46)
cfn=(5066)
calls=18 +20 
* 38568
+3 24
+1 3074
fi=(59)
-11 1537
+1 7685
cfi=(48)
cfn=(5078)
calls=4611 250 
* 269063
fi=(58)
+12 3074
-54 1537
fi=(60)
76 1537
+1 6148
+1 3074
fi=(58)
-23 1536
+1 1536
-2 1536
-54 6
fe=(56)
24 36
cob=(2)
cfi=(2)
cfn=(4260)
calls=18 -24 
* 750
-24 6
fi=(18)
552 24
fe=(56)
22 12
+1 6
fi=(57)
+22 24
cob=(2)
cfi=(2)
cfn=(4642)
calls=18 -45 
* 468
* 6
fi=(55)
-28 84
fi=(48)
+59 66
fi=(46)
-15 6
fi=(58)
-14 24
cfi=(46)
cfn=(5058)
calls=18 +17 
* 264
+1 24
cob=(2)
cfi=(2)
cfn=(4260)
calls=18 -48 
* 390
* 18
cfi=(46)
cfn=(5066)
calls=18 +20 
* 38568
+3 24
+1 3076
fi=(59)
-11 1538
+1 7690
cfi=(48)
cfn=(5078)
calls=4614 250 
* 269116
fi=(58)
+12 3076
-54 1538
fi=(60)
76 1538
+1 6152
+1 3076
fi=(58)
-23 1536
+1 1536
-2 1536
-54 6
fe=(56)
24 36
cob=(2)
cfi=(2)
cfn=(4260)
calls=18 -24 
* 750
-24 6
fi=(18)
552 24
fe=(56)
22 12
+1 6
fi=(57)
+22 24
cob=(2)
cfi=(2)
cfn=(4642)
calls=18 -45 
* 468
* 6
fi=(55)
-28 84
fi=(48)
+59 66
fi=(46)
-15 6
fi=(58)
-14 24
cfi=(46)
cfn=(5058)
calls=18 +17 
* 264
+1 24
cob=(2)
cfi=(2)
cfn=(4260)
calls=18 -48 
* 390
* 18
cfi=(46)
cfn=(5066)
calls=18 +20 
* 38568
+3 30
+1 3078
fi=(59)
-11 1539
+1 7695
cfi=(48)
cfn=(5078)
calls=4617 250 
* 269169
fi=(58)
+12 3078
-54 1539
fi=(60)
76 1539
+1 6156
+1 3078
fi=(58)
-23 1536
+1 1536
-2 1536
-54 1
fe=(56)
28 8

fl=(31) /home/rick/unl/king's/thesis/ml-dsa/ml-dsa/examples/profile.rs
fn=(5300) profile::bench_sign
52 1
fi=(74) /rustc/ac68faa20c58cbccd01ee7208bf3b6e93a7d7f96/library/core/src/hint.rs
491 13
fe=(31)
53 1
cfi=(44) /home/rick/unl/king's/thesis/ml-dsa/ml-dsa/src/lib.rs
cfn=(5302) ml_dsa::ml_dsa_65::sign_internal
calls=1 +42 
* 7614856
+1 2

fn=(4906) profile::main
cfn=(5300)
calls=1 52 
65 7614873

fl=(24) /rustc/ac68faa20c58cbccd01ee7208bf3b6e93a7d7f96/library/std/src/alloc.rs
fn=(5026) __rustc::__rdl_alloc_zeroed
482 17172
fi=(25) /rustc/ac68faa20c58cbccd01ee7208bf3b6e93a7d7f96/library/std/src/sys/alloc/unix.rs
35 17172
+1 20034
cob=(2)
cfi=(2)
cfn=(4760) calloc
calls=10329 -36 
* 178047
fe=(24)

fn=(5284) __rustc::__rdl_realloc
467 24
fi=(25)
53 18
+1 24
cob=(2)
cfi=(2)
cfn=(4232) realloc
calls=7 -54 
* 1019
fe=(24)

fn=(4868) __rustc::__rdl_alloc
450 13
fi=(25)
13 78
+1 26
cob=(2)
cfi=(2)
cfn=(3994) malloc
calls=51 -14 
* 1002
fe=(24)

fl=(62) /home/rick/unl/king's/thesis/ml-dsa/ml-dsa/src/vecops.rs
fn=(5138) ml_dsa::vecops::add_vec
51 9
fi=(57)
+12 3
cob=(2)
cfi=(2)
cfn=(4642)
calls=2 -63 
* 6163
-63 2
fe=(62)
55 3
fi=(69) /rustc/ac68faa20c58cbccd01ee7208bf3b6e93a7d7f96/library/core/src/num/int_macros.rs
3228 8
0 1
3229 1
fi=(70) /home/rick/unl/king's/thesis/ml-dsa/ml-dsa/src/field.rs
20 1
fe=(62)
+35 3
fi=(69)
3228 2
fe=(62)
55 1
fi=(69)
3228 6
0 1
3229 1
fi=(70)
20 1
fe=(62)
+35 1
fi=(10)
898 1
fi=(19)
1915 1
fi=(36)
900 1
fe=(62)
55 381
fi=(69)
3228 1016
0 127
3229 127
fi=(70)
20 127
fe=(62)
+35 381
fi=(69)
3228 254
fe=(62)
55 127
fi=(69)
3228 762
0 127
3229 127
fi=(70)
20 127
fe=(62)
+35 127
fi=(10)
898 127
fi=(19)
1915 127
fi=(36)
900 127
0 2
fe=(62)
55 3
fi=(69)
3228 8
0 1
3229 1
fi=(70)
20 1
fe=(62)
+35 3
fi=(69)
3228 2
fe=(62)
55 1
fi=(69)
3228 6
0 1
3229 1
fi=(70)
20 1
fe=(62)
+35 1
fi=(10)
898 1
fi=(19)
1915 1
fi=(36)
900 1
fe=(62)
55 381
fi=(69)
3228 1016
0 127
3229 127
fi=(70)
20 127
fe=(62)
+35 381
fi=(69)
3228 254
fe=(62)
55 127
fi=(69)
3228 762
0 127
3229 127
fi=(70)
20 127
fe=(62)
+35 127
fi=(10)
898 127
fi=(19)
1915 127
fi=(36)
900 127
0 2
fe=(62)
55 3
fi=(69)
3228 8
0 1
3229 1
fi=(70)
20 1
fe=(62)
+35 3
fi=(69)
3228 2
fe=(62)
55 1
fi=(69)
3228 6
0 1
3229 1
fi=(70)
20 1
fe=(62)
+35 1
fi=(10)
898 1
fi=(19)
1915 1
fi=(36)
900 1
fe=(62)
55 381
fi=(69)
3228 1016
0 127
3229 127
fi=(70)
20 127
fe=(62)
+35 381
fi=(69)
3228 254
fe=(62)
55 127
fi=(69)
3228 762
0 127
3229 127
fi=(70)
20 127
fe=(62)
+35 127
fi=(10)
898 127
fi=(19)
1915 127
fi=(36)
900 127
0 2
fe=(62)
55 3
fi=(69)
3228 8
0 1
3229 1
fi=(70)
20 1
fe=(62)
+35 3
fi=(69)
3228 2
fe=(62)
55 1
fi=(69)
3228 6
0 1
3229 1
fi=(70)
20 1
fe=(62)
+35 1
fi=(10)
898 1
fi=(19)
1915 1
fi=(36)
900 1
fe=(62)
55 381
fi=(69)
3228 1016
0 127
3229 127
fi=(70)
20 127
fe=(62)
+35 381
fi=(69)
3228 254
fe=(62)
55 127
fi=(69)
3228 762
0 127
3229 127
fi=(70)
20 127
fe=(62)
+35 127
fi=(10)
898 127
fi=(19)
1915 127
fi=(36)
900 127
0 2
fe=(62)
55 3
fi=(69)
3228 8
0 1
3229 1
fi=(70)
20 1
fe=(62)
+35 3
fi=(69)
3228 2
fe=(62)
55 1
fi=(69)
3228 6
0 1
3229 1
fi=(70)
20 1
fe=(62)
+35 1
fi=(10)
898 1
fi=(19)
1915 1
fi=(36)
900 1
fe=(62)
55 381
fi=(69)
3228 1016
0 127
3229 127
fi=(70)
20 127
fe=(62)
+35 381
fi=(69)
3228 254
fe=(62)
55 127
fi=(69)
3228 762
0 127
3229 127
fi=(70)
20 127
fe=(62)
+35 127
fi=(10)
898 127
fi=(19)
1915 127
fi=(36)
900 127
0 2
fe=(62)
55 3
fi=(69)
3228 8
0 1
3229 1
fi=(70)
20 1
fe=(62)
+35 3
fi=(69)
3228 2
fe=(62)
55 1
fi=(69)
3228 6
0 1
3229 1
fi=(70)
20 1
fe=(62)
+35 1
fi=(10)
898 1
fi=(19)
1915 1
fi=(36)
900 1
fe=(62)
55 381
fi=(69)
3228 1016
0 127
3229 127
fi=(70)
20 127
fe=(62)
+35 381
fi=(69)
3228 254
fe=(62)
55 127
fi=(69)
3228 762
0 127
3229 127
fi=(70)
20 127
fe=(62)
+35 127
fi=(10)
898 127
fi=(19)
1915 127
fi=(36)
900 127
fe=(62)
59 7
-8 9
fi=(57)
+12 3
cob=(2)
cfi=(2)
cfn=(4642)
calls=1 -63 
* 5139
-63 2
fe=(62)
55 3
fi=(69)
3228 8
0 1
3229 1
fi=(70)
20 1
fe=(62)
+35 3
fi=(69)
3228 2
fe=(62)
55 1
fi=(69)
3228 6
0 1
3229 1
fi=(70)
20 1
fe=(62)
+35 1
fi=(10)
898 1
fi=(19)
1915 1
fi=(36)
900 1
fe=(62)
55 381
fi=(69)
3228 1016
0 127
3229 127
fi=(70)
20 127
fe=(62)
+35 381
fi=(69)
3228 254
fe=(62)
55 127
fi=(69)
3228 762
0 127
3229 127
fi=(70)
20 127
fe=(62)
+35 127
fi=(10)
898 127
fi=(19)
1915 127
fi=(36)
900 127
0 2
fe=(62)
55 3
fi=(69)
3228 8
0 1
3229 1
fi=(70)
20 1
fe=(62)
+35 3
fi=(69)
3228 2
fe=(62)
55 1
fi=(69)
3228 6
0 1
3229 1
fi=(70)
20 1
fe=(62)
+35 1
fi=(10)
898 1
fi=(19)
1915 1
fi=(36)
900 1
fe=(62)
55 381
fi=(69)
3228 1016
0 127
3229 127
fi=(70)
20 127
fe=(62)
+35 381
fi=(69)
3228 254
fe=(62)
55 127
fi=(69)
3228 762
0 127
3229 127
fi=(70)
20 127
fe=(62)
+35 127
fi=(10)
898 127
fi=(19)
1915 127
fi=(36)
900 127
0 2
fe=(62)
55 3
fi=(69)
3228 8
0 1
3229 1
fi=(70)
20 1
fe=(62)
+35 3
fi=(69)
3228 2
fe=(62)
55 1
fi=(69)
3228 6
0 1
3229 1
fi=(70)
20 1
fe=(62)
+35 1
fi=(10)
898 1
fi=(19)
1915 1
fi=(36)
900 1
fe=(62)
55 381
fi=(69)
3228 1016
0 127
3229 127
fi=(70)
20 127
fe=(62)
+35 381
fi=(69)
3228 254
fe=(62)
55 127
fi=(69)
3228 762
0 127
3229 127
fi=(70)
20 127
fe=(62)
+35 127
fi=(10)
898 127
fi=(19)
1915 127
fi=(36)
900 127
0 2
fe=(62)
55 3
fi=(69)
3228 8
0 1
3229 1
fi=(70)
20 1
fe=(62)
+35 3
fi=(69)
3228 2
fe=(62)
55 1
fi=(69)
3228 6
0 1
3229 1
fi=(70)
20 1
fe=(62)
+35 1
fi=(10)
898 1
fi=(19)
1915 1
fi=(36)
900 1
fe=(62)
55 381
fi=(69)
3228 1016
0 127
3229 127
fi=(70)
20 127
fe=(62)
+35 381
fi=(69)
3228 254
fe=(62)
55 127
fi=(69)
3228 762
0 127
3229 127
fi=(70)
20 127
fe=(62)
+35 127
fi=(10)
898 127
fi=(19)
1915 127
fi=(36)
900 127
0 2
fe=(62)
55 3
fi=(69)
3228 8
0 1
3229 1
fi=(70)
20 1
fe=(62)
+35 3
fi=(69)
3228 2
fe=(62)
55 1
fi=(69)
3228 6
0 1
3229 1
fi=(70)
20 1
fe=(62)
+35 1
fi=(10)
898 1
fi=(19)
1915 1
fi=(36)
900 1
fe=(62)
55 381
fi=(69)
3228 1016
0 127
3229 127
fi=(70)
20 127
fe=(62)
+35 381
fi=(69)
3228 254
fe=(62)
55 127
fi=(69)
3228 762
0 127
3229 127
fi=(70)
20 127
fe=(62)
+35 127
fi=(10)
898 127
fi=(19)
1915 127
fi=(36)
900 127
fe=(62)
59 7

fn=(5464) ml_dsa::vecops::sub_vec
62 18
fi=(57)
+1 6
cob=(2)
cfi=(2)
cfn=(4642)
calls=3 -63 
* 12326
-63 4
fe=(62)
66 6
fi=(69)
3228 16
0 2
3229 2
fi=(70)
20 2
fe=(62)
+46 6
fi=(69)
3228 4
fe=(62)
66 2
fi=(69)
3228 12
0 2
3229 2
fi=(70)
20 2
fe=(62)
+46 2
fi=(10)
898 2
fi=(19)
1915 2
fi=(36)
900 2
fe=(62)
66 762
fi=(69)
3228 2032
0 254
3229 254
fi=(70)
20 254
fe=(62)
+46 762
fi=(69)
3228 508
fe=(62)
66 254
fi=(69)
3228 1524
0 254
3229 254
fi=(70)
20 254
fe=(62)
+46 254
fi=(10)
898 254
fi=(19)
1915 254
fi=(36)
900 254
0 4
fe=(62)
66 6
fi=(69)
3228 16
0 2
3229 2
fi=(70)
20 2
fe=(62)
+46 6
fi=(69)
3228 4
fe=(62)
66 2
fi=(69)
3228 12
0 2
3229 2
fi=(70)
20 2
fe=(62)
+46 2
fi=(10)
898 2
fi=(19)
1915 2
fi=(36)
900 2
fe=(62)
66 762
fi=(69)
3228 2032
0 254
3229 254
fi=(70)
20 254
fe=(62)
+46 762
fi=(69)
3228 508
fe=(62)
66 254
fi=(69)
3228 1524
0 254
3229 254
fi=(70)
20 254
fe=(62)
+46 254
fi=(10)
898 254
fi=(19)
1915 254
fi=(36)
900 254
0 4
fe=(62)
66 6
fi=(69)
3228 16
0 2
3229 2
fi=(70)
20 2
fe=(62)
+46 6
fi=(69)
3228 4
fe=(62)
66 2
fi=(69)
3228 12
0 2
3229 2
fi=(70)
20 2
fe=(62)
+46 2
fi=(10)
898 2
fi=(19)
1915 2
fi=(36)
900 2
fe=(62)
66 762
fi=(69)
3228 2032
0 254
3229 254
fi=(70)
20 254
fe=(62)
+46 762
fi=(69)
3228 508
fe=(62)
66 254
fi=(69)
3228 1524
0 254
3229 254
fi=(70)
20 254
fe=(62)
+46 254
fi=(10)
898 254
fi=(19)
1915 254
fi=(36)
900 254
0 4
fe=(62)
66 6
fi=(69)
3228 16
0 2
3229 2
fi=(70)
20 2
fe=(62)
+46 6
fi=(69)
3228 4
fe=(62)
66 2
fi=(69)
3228 12
0 2
3229 2
fi=(70)
20 2
fe=(62)
+46 2
fi=(10)
898 2
fi=(19)
1915 2
fi=(36)
900 2
fe=(62)
66 762
fi=(69)
3228 2032
0 254
3229 254
fi=(70)
20 254
fe=(62)
+46 762
fi=(69)
3228 508
fe=(62)
66 254
fi=(69)
3228 1524
0 254
3229 254
fi=(70)
20 254
fe=(62)
+46 254
fi=(10)
898 254
fi=(19)
1915 254
fi=(36)
900 254
0 4
fe=(62)
66 6
fi=(69)
3228 16
0 2
3229 2
fi=(70)
20 2
fe=(62)
+46 6
fi=(69)
3228 4
fe=(62)
66 2
fi=(69)
3228 12
0 2
3229 2
fi=(70)
20 2
fe=(62)
+46 2
fi=(10)
898 2
fi=(19)
1915 2
fi=(36)
900 2
fe=(62)
66 762
fi=(69)
3228 2032
0 254
3229 254
fi=(70)
20 254
fe=(62)
+46 762
fi=(69)
3228 508
fe=(62)
66 254
fi=(69)
3228 1524
0 254
3229 254
fi=(70)
20 254
fe=(62)
+46 254
fi=(10)
898 254
fi=(19)
1915 254
fi=(36)
900 254
0 4
fe=(62)
66 6
fi=(69)
3228 16
0 2
3229 2
fi=(70)
20 2
fe=(62)
+46 6
fi=(69)
3228 4
fe=(62)
66 2
fi=(69)
3228 12
0 2
3229 2
fi=(70)
20 2
fe=(62)
+46 2
fi=(10)
898 2
fi=(19)
1915 2
fi=(36)
900 2
fe=(62)
66 762
fi=(69)
3228 2032
0 254
3229 254
fi=(70)
20 254
fe=(62)
+46 762
fi=(69)
3228 508
fe=(62)
66 254
fi=(69)
3228 1524
0 254
3229 254
fi=(70)
20 254
fe=(62)
+46 254
fi=(10)
898 254
fi=(19)
1915 254
fi=(36)
900 254
fe=(62)
70 14

fn=(5384) ml_dsa::vecops::high_bits_vec
107 9
fi=(57)
-75 3
cob=(2)
cfi=(2)
cfn=(4642)
calls=1 -32 
* 78
-32 6
fi=(64) /home/rick/unl/king's/thesis/ml-dsa/ml-dsa/src/rounding.rs
139 1
fi=(69)
3228 22
+1 4
-1 17
fi=(70)
64 4
fi=(64)
-32 6
139 63
fi=(69)
3228 1386
+1 252
-1 1071
fi=(70)
64 252
fi=(64)
-32 770
139 1
fi=(10)
898 1
fi=(36)
+2 2
fi=(64)
32 504
139 63
fi=(10)
898 63
fi=(36)
+2 126
0 1
fe=(62)
110 4
cob=(2)
cfi=(2)
cfn=(4260)
calls=1 0 
* 125
0 1
fi=(57)
32 4
cob=(2)
cfi=(2)
cfn=(4642)
calls=1 -32 
* 78
* 8
-32 1
fi=(64)
139 1
fi=(69)
3228 22
+1 4
-1 17
fi=(70)
64 4
fi=(64)
-32 3
139 63
fi=(69)
3228 1386
+1 252
-1 1071
fi=(70)
64 252
fi=(64)
-32 773
139 1
fi=(10)
898 1
fi=(36)
+2 2
fi=(64)
32 504
139 63
fi=(10)
898 63
fi=(36)
+2 126
fe=(62)
110 5
cob=(2)
cfi=(2)
cfn=(4260)
calls=1 0 
* 125
0 1
fi=(57)
32 4
cob=(2)
cfi=(2)
cfn=(4642)
calls=1 -32 
* 78
* 8
-32 1
fi=(64)
139 1
fi=(69)
3228 22
+1 4
-1 17
fi=(70)
64 4
fi=(64)
-32 3
139 63
fi=(69)
3228 1386
+1 252
-1 1071
fi=(70)
64 252
fi=(64)
-32 773
139 1
fi=(10)
898 1
fi=(36)
+2 2
fi=(64)
32 504
139 63
fi=(10)
898 63
fi=(36)
+2 126
fe=(62)
110 5
cob=(2)
cfi=(2)
cfn=(4260)
calls=1 0 
* 125
0 1
fi=(57)
32 4
cob=(2)
cfi=(2)
cfn=(4642)
calls=1 -32 
* 78
* 8
-32 1
fi=(64)
139 1
fi=(69)
3228 22
+1 4
-1 17
fi=(70)
64 4
fi=(64)
-32 3
139 63
fi=(69)
3228 1386
+1 252
-1 1071
fi=(70)
64 252
fi=(64)
-32 773
139 1
fi=(10)
898 1
fi=(36)
+2 2
fi=(64)
32 504
139 63
fi=(10)
898 63
fi=(36)
+2 126
fe=(62)
110 5
cob=(2)
cfi=(2)
cfn=(4260)
calls=1 0 
* 125
0 1
fi=(57)
32 4
cob=(2)
cfi=(2)
cfn=(4642)
calls=1 -32 
* 78
* 8
-32 1
fi=(64)
139 1
fi=(69)
3228 22
+1 4
-1 17
fi=(70)
64 4
fi=(64)
-32 3
139 63
fi=(69)
3228 1386
+1 252
-1 1071
fi=(70)
64 252
fi=(64)
-32 773
139 1
fi=(10)
898 1
fi=(36)
+2 2
fi=(64)
32 504
139 63
fi=(10)
898 63
fi=(36)
+2 126
fe=(62)
110 5
cob=(2)
cfi=(2)
cfn=(4260)
calls=1 0 
* 125
0 1
fi=(57)
32 4
cob=(2)
cfi=(2)
cfn=(4642)
calls=1 -32 
* 78
* 8
-32 1
fi=(64)
139 1
fi=(69)
3228 22
+1 4
-1 17
fi=(70)
64 4
fi=(64)
-32 3
139 63
fi=(69)
3228 1386
+1 252
-1 1071
fi=(70)
64 252
fi=(64)
-32 773
139 1
fi=(10)
898 1
fi=(36)
+2 2
fi=(64)
32 504
139 63
fi=(10)
898 63
fi=(36)
+2 126
fe=(62)
110 5
cob=(2)
cfi=(2)
cfn=(4260)
calls=1 0 
* 125
+3 7

fn=(5470) ml_dsa::vecops::low_bits_vec
116 9
fi=(57)
-84 3
cob=(2)
cfi=(2)
cfn=(4642)
calls=1 -32 
* 78
-32 5
fi=(64)
148 1
fi=(69)
3228 22
+1 4
-1 17
fi=(70)
64 4
fi=(64)
-32 3
148 1
fi=(10)
898 1
fi=(36)
+2 2
fi=(64)
148 63
fi=(69)
3228 1386
+1 252
-1 1071
fi=(70)
64 252
fi=(64)
-32 189
148 63
fi=(10)
898 63
fi=(36)
+2 126
0 1
fe=(62)
119 4
cob=(2)
cfi=(2)
cfn=(4260)
calls=1 0 
* 125
0 1
fi=(57)
32 4
cob=(2)
cfi=(2)
cfn=(4642)
calls=1 -32 
* 78
* 7
-32 1
fi=(64)
148 1
fi=(69)
3228 22
+1 4
-1 17
fi=(70)
64 4
fi=(64)
-32 3
148 64
fi=(69)
3228 1386
+1 252
-1 1071
fi=(70)
64 252
fi=(64)
-32 189
148 63
fi=(10)
898 63
fi=(36)
+2 126
fi=(10)
-2 1
fi=(36)
+2 2
fe=(62)
119 5
cob=(2)
cfi=(2)
cfn=(4260)
calls=1 0 
* 125
0 1
fi=(57)
32 4
cob=(2)
cfi=(2)
cfn=(4642)
calls=1 -32 
* 78
* 7
-32 1
fi=(64)
148 1
fi=(69)
3228 22
+1 4
-1 17
fi=(70)
64 4
fi=(64)
-32 3
148 64
fi=(69)
3228 1386
+1 252
-1 1071
fi=(70)
64 252
fi=(64)
-32 189
148 63
fi=(10)
898 63
fi=(36)
+2 126
fi=(10)
-2 1
fi=(36)
+2 2
fe=(62)
119 5
cob=(2)
cfi=(2)
cfn=(4260)
calls=1 0 
* 125
0 1
fi=(57)
32 4
cob=(2)
cfi=(2)
cfn=(4642)
calls=1 -32 
* 78
* 7
-32 1
fi=(64)
148 1
fi=(69)
3228 22
+1 4
-1 17
fi=(70)
64 4
fi=(64)
-32 3
148 64
fi=(69)
3228 1386
+1 252
-1 1071
fi=(70)
64 252
fi=(64)
-32 189
148 63
fi=(10)
898 63
fi=(36)
+2 126
fi=(10)
-2 1
fi=(36)
+2 2
fe=(62)
119 5
cob=(2)
cfi=(2)
cfn=(4260)
calls=1 0 
* 125
0 1
fi=(57)
32 4
cob=(2)
cfi=(2)
cfn=(4642)
calls=1 -32 
* 78
* 7
-32 1
fi=(64)
148 1
fi=(69)
3228 22
+1 4
-1 17
fi=(70)
64 4
fi=(64)
-32 3
148 64
fi=(69)
3228 1386
+1 252
-1 1071
fi=(70)
64 252
fi=(64)
-32 189
148 63
fi=(10)
898 63
fi=(36)
+2 126
fi=(10)
-2 1
fi=(36)
+2 2
fe=(62)
119 5
cob=(2)
cfi=(2)
cfn=(4260)
calls=1 0 
* 125
0 1
fi=(57)
32 4
cob=(2)
cfi=(2)
cfn=(4642)
calls=1 -32 
* 78
* 7
-32 1
fi=(64)
148 1
fi=(69)
3228 22
+1 4
-1 17
fi=(70)
64 4
fi=(64)
-32 3
148 64
fi=(69)
3228 1386
+1 252
-1 1071
fi=(70)
64 252
fi=(64)
-32 189
148 63
fi=(10)
898 63
fi=(36)
+2 126
fi=(10)
-2 1
fi=(36)
+2 2
fe=(62)
119 5
cob=(2)
cfi=(2)
cfn=(4260)
calls=1 0 
* 125
+3 7

fn=(5486) ml_dsa::vecops::inf_norm
149 16
0 2
153 4
fi=(69)
3228 88
+1 10
fe=(62)
153 124
fi=(69)
3228 2728
+1 496
fi=(70)
64 372
fi=(69)
3229 6
fi=(70)
64 20
fi=(69)
3608 16
fe=(62)
154 36
fi=(10)
898 2
fi=(36)
+2 4
fi=(70)
64 248
fi=(69)
3608 496
fe=(62)
154 1116
fi=(10)
898 62
fi=(36)
+2 176
0 8
fe=(62)
153 4
fi=(69)
3228 56
fe=(62)
153 124
fi=(69)
3228 2728
+1 496
fi=(70)
64 372
fi=(69)
3228 32
+1 16
fi=(70)
64 20
fi=(69)
3608 16
fe=(62)
154 36
fi=(70)
-90 248
fi=(69)
3608 496
fe=(62)
154 1116
fi=(10)
898 62
fi=(36)
+2 124
fi=(10)
-2 2
fi=(36)
+2 56
0 8
fe=(62)
153 4
fi=(69)
3228 56
fe=(62)
153 124
fi=(69)
3228 2728
+1 496
fi=(70)
64 372
fi=(69)
3228 32
+1 16
fi=(70)
64 20
fi=(69)
3608 16
fe=(62)
154 36
fi=(70)
-90 248
fi=(69)
3608 496
fe=(62)
154 1116
fi=(10)
898 62
fi=(36)
+2 124
fi=(10)
-2 2
fi=(36)
+2 56
0 8
fe=(62)
153 4
fi=(69)
3228 56
fe=(62)
153 124
fi=(69)
3228 2728
+1 496
fi=(70)
64 372
fi=(69)
3228 32
+1 16
fi=(70)
64 20
fi=(69)
3608 16
fe=(62)
154 36
fi=(70)
-90 248
fi=(69)
3608 496
fe=(62)
154 1116
fi=(10)
898 62
fi=(36)
+2 124
fi=(10)
-2 2
fi=(36)
+2 56
0 8
fe=(62)
153 4
fi=(69)
3228 56
fe=(62)
153 124
fi=(69)
3228 2728
+1 496
fi=(70)
64 372
fi=(69)
3228 32
+1 16
fi=(70)
64 20
fi=(69)
3608 16
fe=(62)
154 36
fi=(70)
-90 248
fi=(69)
3608 496
fe=(62)
154 1116
fi=(10)
898 62
fi=(36)
+2 124
fi=(10)
-2 2
fi=(36)
+2 56
0 8
fe=(62)
153 4
fi=(69)
3228 56
fe=(62)
153 124
fi=(69)
3228 2728
+1 496
fi=(70)
64 372
fi=(69)
3228 32
+1 16
fi=(70)
64 20
fi=(69)
3608 16
fe=(62)
154 36
fi=(70)
-90 248
fi=(69)
3608 496
fe=(62)
154 1116
fi=(10)
898 62
fi=(36)
+2 124
fi=(10)
-2 2
fi=(36)
+2 56
fe=(62)
160 2

fn=(5498) ml_dsa::vecops::make_hint_vec
125 11
fi=(57)
-93 3
cob=(2)
cfi=(2)
cfn=(4642)
calls=1 -32 
* 78
-32 9
fi=(64)
157 2
fi=(69)
3228 4
fi=(64)
54 1
fi=(69)
3228 18
+1 4
-1 17
fi=(70)
64 4
fi=(64)
-32 1
157 126
fi=(69)
3228 252
fi=(64)
54 63
fi=(69)
3228 1134
+1 252
-1 1071
fi=(70)
64 252
fi=(64)
-32 649
fi=(69)
3228 22
+1 4
-1 15
fi=(64)
32 630
fi=(69)
3228 1386
+1 252
-1 1071
fi=(70)
64 252
fi=(64)
-32 189
fi=(69)
3228 2
fi=(70)
64 4
fi=(64)
-32 20
157 3
fi=(10)
898 1
fi=(36)
+2 2
fi=(64)
32 1071
157 189
fi=(10)
898 63
fi=(36)
+2 126
0 1
fe=(62)
131 4
cob=(2)
cfi=(2)
cfn=(4260)
calls=1 0 
* 125
0 1
fi=(57)
32 4
cob=(2)
cfi=(2)
cfn=(4642)
calls=1 -32 
* 78
* 9
-32 1
fi=(64)
157 2
fi=(69)
3228 4
fi=(64)
54 1
fi=(69)
3228 18
+1 4
-1 17
fi=(70)
64 4
fi=(64)
+93 126
fi=(69)
3228 252
fi=(64)
54 63
fi=(69)
3228 1134
+1 252
-1 1071
fi=(70)
64 252
fi=(64)
-32 650
fi=(69)
3228 22
+1 4
-1 14
fi=(64)
32 630
fi=(69)
3228 1386
+1 252
-1 1071
fi=(70)
64 252
fi=(64)
-32 189
fi=(69)
3228 3
fi=(70)
64 4
fi=(64)
-32 20
157 3
fi=(10)
898 1
fi=(36)
+2 2
fi=(64)
32 1071
157 189
fi=(10)
898 63
fi=(36)
+2 126
fe=(62)
131 5
cob=(2)
cfi=(2)
cfn=(4260)
calls=1 0 
* 125
0 1
fi=(57)
32 4
cob=(2)
cfi=(2)
cfn=(4642)
calls=1 -32 
* 78
* 9
-32 1
fi=(64)
157 2
fi=(69)
3228 4
fi=(64)
54 1
fi=(69)
3228 18
+1 4
-1 17
fi=(70)
64 4
fi=(64)
+93 126
fi=(69)
3228 252
fi=(64)
54 63
fi=(69)
3228 1134
+1 252
-1 1071
fi=(70)
64 252
fi=(64)
-32 650
fi=(69)
3228 22
+1 4
-1 14
fi=(64)
32 630
fi=(69)
3228 1386
+1 252
-1 1071
fi=(70)
64 252
fi=(64)
-32 189
fi=(69)
3228 3
fi=(70)
64 4
fi=(64)
-32 20
157 3
fi=(10)
898 1
fi=(36)
+2 2
fi=(64)
32 1071
157 189
fi=(10)
898 63
fi=(36)
+2 126
fe=(62)
131 5
cob=(2)
cfi=(2)
cfn=(4260)
calls=1 0 
* 125
0 1
fi=(57)
32 4
cob=(2)
cfi=(2)
cfn=(4642)
calls=1 -32 
* 78
* 9
-32 1
fi=(64)
157 2
fi=(69)
3228 4
fi=(64)
54 1
fi=(69)
3228 18
+1 4
-1 17
fi=(70)
64 4
fi=(64)
+93 126
fi=(69)
3228 252
fi=(64)
54 63
fi=(69)
3228 1134
+1 252
-1 1071
fi=(70)
64 252
fi=(64)
-32 650
fi=(69)
3228 22
+1 4
-1 14
fi=(64)
32 630
fi=(69)
3228 1386
+1 252
-1 1071
fi=(70)
64 252
fi=(64)
-32 189
fi=(69)
3228 3
fi=(70)
64 4
fi=(64)
-32 20
157 3
fi=(10)
898 1
fi=(36)
+2 2
fi=(64)
32 1071
157 189
fi=(10)
898 63
fi=(36)
+2 126
fe=(62)
131 5
cob=(2)
cfi=(2)
cfn=(4260)
calls=1 0 
* 125
0 1
fi=(57)
32 4
cob=(2)
cfi=(2)
cfn=(4642)
calls=1 -32 
* 78
* 9
-32 1
fi=(64)
157 2
fi=(69)
3228 4
fi=(64)
54 1
fi=(69)
3228 18
+1 4
-1 17
fi=(70)
64 4
fi=(64)
+93 126
fi=(69)
3228 252
fi=(64)
54 63
fi=(69)
3228 1134
+1 252
-1 1071
fi=(70)
64 252
fi=(64)
-32 650
fi=(69)
3228 22
+1 4
-1 14
fi=(64)
32 630
fi=(69)
3228 1386
+1 252
-1 1071
fi=(70)
64 252
fi=(64)
-32 189
fi=(69)
3228 3
fi=(70)
64 4
fi=(64)
-32 20
157 3
fi=(10)
898 1
fi=(36)
+2 2
fi=(64)
32 1071
157 189
fi=(10)
898 63
fi=(36)
+2 126
fe=(62)
131 5
cob=(2)
cfi=(2)
cfn=(4260)
calls=1 0 
* 125
0 1
fi=(57)
32 4
cob=(2)
cfi=(2)
cfn=(4642)
calls=1 -32 
* 78
* 9
-32 1
fi=(64)
157 2
fi=(69)
3228 4
fi=(64)
54 1
fi=(69)
3228 18
+1 4
-1 17
fi=(70)
64 4
fi=(64)
+93 126
fi=(69)
3228 252
fi=(64)
54 63
fi=(69)
3228 1134
+1 252
-1 1071
fi=(70)
64 252
fi=(64)
-32 650
fi=(69)
3228 22
+1 4
-1 14
fi=(64)
32 630
fi=(69)
3228 1386
+1 252
-1 1071
fi=(70)
64 252
fi=(64)
-32 189
fi=(69)
3228 3
fi=(70)
64 4
fi=(64)
-32 20
157 3
fi=(10)
898 1
fi=(36)
+2 2
fi=(64)
32 1071
157 189
fi=(10)
898 63
fi=(36)
+2 126
fe=(62)
131 5
cob=(2)
cfi=(2)
cfn=(4260)
calls=1 0 
* 125
+3 8

fn=(5508) ml_dsa::vecops::center_vec
84 6
fi=(57)
-21 3
cob=(2)
cfi=(2)
cfn=(4642)
calls=1 -63 
* 5139
-63 6
fe=(62)
88 1
fi=(69)
3228 22
+1 4
fi=(70)
64 5
fe=(62)
+24 1
fi=(10)
898 1
fi=(36)
+2 2
fe=(62)
88 63
fi=(69)
3228 1386
+1 252
fi=(70)
64 315
fe=(62)
+24 63
fi=(10)
898 63
fi=(36)
+2 126
0 2
fe=(62)
88 1
fi=(69)
3228 22
+1 4
fi=(70)
64 5
fe=(62)
+24 1
fi=(10)
898 1
fi=(36)
+2 2
fe=(62)
88 63
fi=(69)
3228 1386
+1 252
fi=(70)
64 315
fe=(62)
+24 63
fi=(10)
898 63
fi=(36)
+2 126
0 2
fe=(62)
88 1
fi=(69)
3228 22
+1 4
fi=(70)
64 5
fe=(62)
+24 1
fi=(10)
898 1
fi=(36)
+2 2
fe=(62)
88 63
fi=(69)
3228 1386
+1 252
fi=(70)
64 315
fe=(62)
+24 63
fi=(10)
898 63
fi=(36)
+2 126
0 2
fe=(62)
88 1
fi=(69)
3228 22
+1 4
fi=(70)
64 5
fe=(62)
+24 1
fi=(10)
898 1
fi=(36)
+2 2
fe=(62)
88 63
fi=(69)
3228 1386
+1 252
fi=(70)
64 315
fe=(62)
+24 63
fi=(10)
898 63
fi=(36)
+2 126
0 2
fe=(62)
88 1
fi=(69)
3228 22
+1 4
fi=(70)
64 5
fe=(62)
+24 1
fi=(10)
898 1
fi=(36)
+2 2
fe=(62)
88 63
fi=(69)
3228 1386
+1 252
fi=(70)
64 315
fe=(62)
+24 63
fi=(10)
898 63
fi=(36)
+2 126
fe=(62)
92 5

fl=(65) /home/rick/unl/king's/thesis/ml-dsa/ml-dsa/src/serdes.rs
fn=(5308) ml_dsa::serdes::sk_decode
99 8
-99 34
102 2
fi=(18)
552 16
fi=(47) /rustc/ac68faa20c58cbccd01ee7208bf3b6e93a7d7f96/library/core/src/slice/index.rs
89 1
fe=(65)
+27 10
cfi=(60)
cfn=(5312)
calls=1 +15 
* 22098
* 5
cob=(2)
cfi=(2)
cfn=(4260)
calls=1 0 
* 125
fi=(47)
-27 1
fe=(65)
+27 5
cfi=(60)
cfn=(5312)
calls=1 +15 
* 22098
* 4
cob=(2)
cfi=(2)
cfn=(4260)
calls=1 0 
* 125
fi=(47)
-27 1
fe=(65)
+27 5
cfi=(60)
cfn=(5312)
calls=1 +15 
* 22098
* 4
cob=(2)
cfi=(2)
cfn=(4260)
calls=1 0 
* 125
fi=(47)
-27 1
fe=(65)
+27 5
cfi=(60)
cfn=(5312)
calls=1 +15 
* 22098
* 4
cob=(2)
cfi=(2)
cfn=(4260)
calls=1 0 
* 123
fi=(47)
-27 1
fe=(65)
+27 5
cfi=(60)
cfn=(5312)
calls=1 +15 
* 22098
* 4
cob=(2)
cfi=(2)
cfn=(4260)
calls=1 0 
* 125
fi=(47)
-27 2
fe=(65)
+32 5
cfi=(60)
cfn=(5312)
calls=1 +10 
* 22098
* 5
cob=(2)
cfi=(2)
cfn=(4260)
calls=1 0 
* 125
fi=(47)
-32 1
fe=(65)
+32 5
cfi=(60)
cfn=(5312)
calls=1 +10 
* 22098
* 4
cob=(2)
cfi=(2)
cfn=(4260)
calls=1 0 
* 125
fi=(47)
-32 1
fe=(65)
+32 5
cfi=(60)
cfn=(5312)
calls=1 +10 
* 22098
* 4
cob=(2)
cfi=(2)
cfn=(4260)
calls=1 0 
* 123
fi=(47)
-32 1
fe=(65)
+32 5
cfi=(60)
cfn=(5312)
calls=1 +10 
* 22098
* 4
cob=(2)
cfi=(2)
cfn=(4260)
calls=1 0 
* 125
fi=(47)
-32 1
fe=(65)
+32 5
cfi=(60)
cfn=(5312)
calls=1 +10 
* 22098
* 4
cob=(2)
cfi=(2)
cfn=(4260)
calls=1 0 
* 125
fi=(47)
-32 1
fe=(65)
+32 5
cfi=(60)
cfn=(5312)
calls=1 +10 
* 22098
* 4
cob=(2)
cfi=(2)
cfn=(4260)
calls=1 0 
* 125
fi=(47)
-32 2
fe=(65)
+37 5
cfi=(60)
cfn=(5312)
calls=1 +5 
* 67712
* 5
cob=(2)
cfi=(2)
cfn=(4260)
calls=1 0 
* 123
fi=(47)
-37 1
fe=(65)
+37 5
cfi=(60)
cfn=(5312)
calls=1 +5 
* 67633
* 4
cob=(2)
cfi=(2)
cfn=(4260)
calls=1 0 
* 125
fi=(47)
-37 1
fe=(65)
+37 5
cfi=(60)
cfn=(5312)
calls=1 +5 
* 67633
* 4
cob=(2)
cfi=(2)
cfn=(4260)
calls=1 0 
* 125
fi=(47)
-37 1
fe=(65)
+37 5
cfi=(60)
cfn=(5312)
calls=1 +5 
* 67633
* 4
cob=(2)
cfi=(2)
cfn=(4260)
calls=1 0 
* 125
fi=(47)
-37 1
fe=(65)
+37 5
cfi=(60)
cfn=(5312)
calls=1 +5 
* 67633
* 4
cob=(2)
cfi=(2)
cfn=(4260)
calls=1 0 
* 123
fi=(47)
-37 1
fe=(65)
+37 7
cfi=(60)
cfn=(5312)
calls=1 +5 
* 67633
* 4
cob=(2)
cfi=(2)
cfn=(4260)
calls=1 0 
* 125
+3 4
cob=(2)
cfi=(2)
cfn=(4260)
calls=1 0 
* 509
* 5
cob=(2)
cfi=(2)
cfn=(4260)
calls=1 0 
* 603
* 4
cob=(2)
cfi=(2)
cfn=(4260)
calls=1 0 
* 605
* 4
cob=(2)
cfi=(2)
cfn=(4260)
calls=1 0 
* 17516
* 1
+1 1
0 1
130 9

fn=(5392) ml_dsa::serdes::w1_encode
168 9
fi=(35)
464 3
0 1
fe=(65)
171 2
cfi=(60)
cfn=(5160) ml_dsa::encoding::simple_bit_pack
calls=2 -72 
* 55553
fi=(34)
614 1
fi=(35)
1840 1
fi=(34)
767 1
-94 1
fi=(35)
2912 2
fi=(34)
424 1
634 2
fi=(23)
128 3
cfi=(6)
cfn=(4956)
calls=2 0 
* 35
fe=(65)
+43 4
cfi=(60)
cfn=(5160)
calls=2 -72 
* 55553
fi=(34)
614 1
fi=(35)
1840 1
fi=(34)
619 1
fi=(10)
2548 1
fi=(34)
767 1
-94 1
fi=(20) /rustc/ac68faa20c58cbccd01ee7208bf3b6e93a7d7f96/library/core/src/ptr/mut_ptr.rs
961 1
fi=(18)
552 3
cob=(2)
cfi=(2)
cfn=(4260)
calls=2 0 
* 22
fi=(35)
2912 2
fi=(34)
424 1
634 2
fi=(23)
128 3
cfi=(6)
cfn=(4956)
calls=2 0 
* 35
fe=(65)
+43 4
cfi=(60)
cfn=(5160)
calls=2 -72 
* 55553
fi=(34)
614 1
fi=(35)
1840 1
fi=(34)
619 1
fi=(10)
2548 1
fi=(34)
767 1
-94 1
fi=(20)
961 1
fi=(18)
552 3
cob=(2)
cfi=(2)
cfn=(4260)
calls=2 0 
* 22
fi=(35)
2912 2
fi=(34)
424 1
634 2
fi=(23)
128 3
cfi=(6)
cfn=(4956)
calls=2 0 
* 35
fe=(65)
+43 4
cfi=(60)
cfn=(5160)
calls=2 -72 
* 55553
fi=(34)
614 1
fi=(35)
1840 1
fi=(34)
619 1
fi=(10)
2548 1
fi=(34)
767 1
-94 1
fi=(35)
2907 2
fi=(20)
961 1
fi=(18)
552 3
cob=(2)
cfi=(2)
cfn=(4260)
calls=2 0 
* 22
fi=(35)
2912 2
fi=(34)
424 1
634 2
fi=(23)
128 3
cfi=(6)
cfn=(4956)
calls=2 0 
* 35
fe=(65)
+43 4
cfi=(60)
cfn=(5160)
calls=2 -72 
* 55553
fi=(34)
614 1
fi=(35)
1840 1
fi=(34)
619 1
fi=(10)
2548 1
fi=(34)
767 1
-94 1
fi=(20)
961 1
fi=(18)
552 3
cob=(2)
cfi=(2)
cfn=(4260)
calls=2 0 
* 22
fi=(35)
2912 2
fi=(34)
424 1
634 2
fi=(23)
128 3
cfi=(6)
cfn=(4956)
calls=2 0 
* 35
fe=(65)
+43 1
0 1
171 3
cfi=(60)
cfn=(5160)
calls=2 -72 
* 55553
fi=(34)
614 1
fi=(35)
1840 1
fi=(34)
619 1
fi=(10)
2548 1
fi=(34)
767 1
-94 1
fi=(35)
2907 2
fi=(20)
961 1
fi=(18)
552 4
cob=(2)
cfi=(2)
cfn=(4260)
calls=2 0 
* 22
fi=(35)
2912 2
fi=(34)
424 1
634 2
fi=(23)
128 3
cfi=(6)
cfn=(4956)
calls=2 0 
* 35
fe=(65)
+45 4
+1 9
0 1
fi=(34)
675 5
cfn=(5274) alloc::raw_vec::RawVecInner<A>::reserve::do_reserve_and_handle
calls=2 -14 
* 117
-61 1
fi=(35)
3023 1
fi=(20)
961 1
fi=(18)
552 3
cob=(2)
cfi=(2)
cfn=(4260)
calls=2 0 
* 22
0 2
fi=(34)
675 5
cfn=(5274)
calls=2 -14 
* 569
-61 1
fi=(35)
3023 1
2907 1
0 1
fi=(34)
675 5
cfn=(5274)
calls=2 -14 
* 375
-61 1
fi=(35)
3023 1
2907 1
0 1
fi=(34)
675 5
cfn=(5274)
calls=2 -14 
* 372
-61 1
fi=(35)
3023 1
2907 1
fe=(65)

fn=(5514) ml_dsa::serdes::sig_encode
133 13
cfi=(6)
cfn=(4864)
calls=1 0 
* 1
fi=(23)
-32 3
cfi=(6)
cfn=(4866) __rustc::__rust_alloc
calls=1 0 
* 142
fi=(34)
469 2
fi=(35)
977 4
fi=(34)
767 2
-94 1
0 1
fi=(35)
2907 2
fi=(20)
961 1
fi=(18)
552 3
cob=(2)
cfi=(2)
cfn=(4260)
calls=1 0 
* 12
fi=(35)
2912 2
0 1
fe=(65)
141 4
cfi=(60)
cfn=(5228) ml_dsa::encoding::bit_pack
calls=1 -32 
* 125659
fi=(34)
614 1
fi=(35)
1840 1
fi=(34)
619 1
fi=(10)
2548 1
fi=(34)
767 1
-94 1
fi=(35)
2907 2
fi=(20)
961 1
fi=(18)
552 3
cob=(2)
cfi=(2)
cfn=(4260)
calls=1 0 
* 89
fi=(35)
2912 2
fi=(34)
424 1
634 2
fi=(23)
128 3
cfi=(6)
cfn=(4956)
calls=1 0 
* 35
fe=(65)
+13 5
cfi=(60)
cfn=(5228)
calls=1 -32 
* 125659
fi=(34)
614 1
fi=(35)
1840 1
fi=(34)
619 1
fi=(10)
2548 1
fi=(34)
767 1
-94 1
fi=(35)
2907 2
fi=(20)
961 1
fi=(18)
552 3
cob=(2)
cfi=(2)
cfn=(4260)
calls=1 0 
* 89
fi=(35)
2912 2
fi=(34)
424 1
634 2
fi=(23)
128 3
cfi=(6)
cfn=(4956)
calls=1 0 
* 35
fe=(65)
+13 5
cfi=(60)
cfn=(5228)
calls=1 -32 
* 125659
fi=(34)
614 1
fi=(35)
1840 1
fi=(34)
619 1
fi=(10)
2548 1
fi=(34)
767 1
-94 1
fi=(35)
2907 2
fi=(20)
961 1
fi=(18)
552 3
cob=(2)
cfi=(2)
cfn=(4260)
calls=1 0 
* 89
fi=(35)
2912 2
fi=(34)
424 1
634 2
fi=(23)
128 3
cfi=(6)
cfn=(4956)
calls=1 0 
* 35
fe=(65)
+13 5
cfi=(60)
cfn=(5228)
calls=1 -32 
* 125659
fi=(34)
614 1
fi=(35)
1840 1
fi=(34)
619 1
fi=(10)
2548 1
fi=(34)
767 1
-94 1
fi=(35)
2907 2
fi=(20)
961 1
fi=(18)
552 3
cob=(2)
cfi=(2)
cfn=(4260)
calls=1 0 
* 87
fi=(35)
2912 2
fi=(34)
424 1
634 2
fi=(23)
128 3
cfi=(6)
cfn=(4956)
calls=1 0 
* 35
fe=(65)
+13 1
0 1
141 4
cfi=(60)
cfn=(5228)
calls=1 -32 
* 125659
fi=(34)
614 1
fi=(35)
1840 1
fi=(34)
619 1
fi=(10)
2548 1
fi=(34)
767 1
-94 1
fi=(35)
2907 2
fi=(20)
961 1
fi=(18)
552 3
cob=(2)
cfi=(2)
cfn=(4260)
calls=1 0 
* 89
fi=(35)
2912 2
fi=(34)
424 1
634 2
fi=(23)
128 3
cfi=(6)
cfn=(4956)
calls=1 0 
* 35
0 2
fe=(65)
143 1
cfi=(71) /home/rick/unl/king's/thesis/ml-dsa/ml-dsa/src/hint.rs
cfn=(5524) ml_dsa::hint::hint_bit_pack
calls=1 17 
* 5674
fi=(34)
614 1
fi=(35)
1840 1
fi=(34)
619 1
fi=(10)
2548 1
fi=(34)
767 1
-94 1
fi=(35)
2907 2
fi=(20)
961 1
fi=(18)
552 4
cob=(2)
cfi=(2)
cfn=(4260)
calls=1 0 
* 12
fi=(35)
2912 2
fi=(34)
424 1
634 2
fi=(23)
128 3
cfi=(6)
cfn=(4956)
calls=1 0 
* 35
fe=(65)
+16 4
+1 9

fl=(58)
fn=(5446) ml_dsa::sample::sample_in_ball
16 10
fi=(57)
+16 3
cob=(2)
cfi=(2)
cfn=(4642)
calls=2 -32 
* 78
fi=(55)
-15 14
fi=(48)
+59 9
fi=(46)
-53 2
fe=(58)
-2 4
cfi=(46)
cfn=(4970)
calls=2 +5 
* 44
* 1
+1 4
cob=(2)
cfi=(2)
cfn=(4260)
calls=2 -22 
* 65
* 4
cfi=(46)
cfn=(4998)
calls=2 +8 
* 6412
+2 2
+1 4
cfi=(46)
cfn=(5094) ml_dsa::hash::HReader::squeeze
calls=2 +12 
* 6289
* 1
+1 3
cfi=(60)
cfn=(5314) ml_dsa::encoding::bytes_to_bits
calls=2 +35 
* 688
+1 1
-27 4
fi=(36)
900 4
0 2
fe=(58)
29 4
cfi=(46)
cfn=(5094)
calls=2 +8 
* 51
* 192
cfi=(46)
cfn=(5094)
calls=96 +8 
* 2448
-29 49
31 98
fi=(48)
196 4
fi=(18)
552 4
fi=(48)
239 4
fe=(58)
0 2
31 4
fi=(59)
+10 2
fi=(48)
196 2
+62 4
+1 4
0 49
fe=(58)
36 98
fi=(47)
272 98
fe=(58)
37 147
-37 49
37 147
fi=(19)
1915 49
fi=(36)
900 49
fi=(18)
-90 1
fi=(34)
634 2
fi=(23)
128 3
cfi=(6)
cfn=(4956)
calls=2 0 
* 35
fe=(58)
-88 9

fl=(8) /rustc/ac68faa20c58cbccd01ee7208bf3b6e93a7d7f96/library/std/src/rt.rs
fn=(3936) std::rt::lang_start_internal
fi=(87) /rustc/ac68faa20c58cbccd01ee7208bf3b6e93a7d7f96/library/core/src/ops/function.rs
cfn=(4902) std::rt::lang_start::{{closure}}
calls=1 206 
287 7614873
fe=(8)

fn=(4902)
cfi=(30) /rustc/ac68faa20c58cbccd01ee7208bf3b6e93a7d7f96/library/std/src/sys/backtrace.rs
cfn=(4904) std::sys::backtrace::__rust_begin_short_backtrace
calls=1 162 
206 7614873

fl=(25)
fn=(4958) __rustc::__rdl_dealloc
48 2874
cob=(2)
cfi=(2)
cfn=(4626) free
calls=10379 -48 
* 96138

fl=(61) /home/rick/unl/king's/thesis/ml-dsa/ml-dsa/src/ntt.rs
fn=(5134) ml_dsa::ntt::inv_ntt
104 207
+1 46
cob=(2)
cfi=(2)
cfn=(4260)
calls=41 0 
* 2875
0 92
107 46
fi=(69)
3228 1012
+1 184
fe=(61)
107 1472
fi=(69)
3228 31372
+1 5704
fe=(61)
107 1426
fi=(52) /rustc/ac68faa20c58cbccd01ee7208bf3b6e93a7d7f96/library/core/src/slice/iter/macros.rs
+73 2208
0 115
fe=(61)
113 69
0 23
114 23
+1 46
fi=(52)
0 161
fe=(61)
113 483
0 161
114 161
+1 322
-1 5681
+1 23092
fi=(69)
3228 46920
+1 41055
0 5865
fe=(61)
118 47104
+1 70656
-1 23552
+1 47104
fi=(69)
3228 188416
0 23552
3229 23552
fi=(70)
20 23552
fe=(61)
120 23552
fi=(69)
3228 211968
0 23552
3229 70656
fe=(61)
121 23552
fi=(69)
3228 188416
0 23552
3229 23552
fi=(70)
20 23552
fe=(61)
+99 23552
+2 23552
+1 23552
-5 47104
+7 5865
-11 11730
-2 552
0 46
129 46
fi=(69)
3228 184
0 23
3229 23
fi=(70)
20 23
fe=(61)
129 69
fi=(69)
3228 184
0 23
3229 23
fi=(70)
20 23
fe=(61)
129 23
fi=(14) /rustc/ac68faa20c58cbccd01ee7208bf3b6e93a7d7f96/library/core/src/ptr/non_null.rs
1717 46
fi=(52)
180 23
fe=(61)
-51 5842
fi=(69)
3228 23368
0 2921
3229 2921
fi=(70)
20 2921
fe=(61)
129 8763
fi=(69)
3228 23368
0 2921
3229 2921
fi=(70)
20 2921
fe=(61)
129 2921
fi=(14)
1717 5842
fi=(52)
180 2921
0 23
fe=(61)
131 92
cob=(2)
cfi=(2)
cfn=(4260)
calls=41 0 
* 2875
+1 207

fn=(5114) ml_dsa::ntt::ntt
77 153
+1 34
cob=(2)
cfi=(2)
cfn=(4260)
calls=34 -78 
* 2125
-78 68
80 34
fi=(69)
3228 748
+1 136
fe=(61)
80 1088
fi=(69)
3228 23188
+1 4216
fe=(61)
80 1054
fi=(52)
180 1632
0 85
fe=(61)
86 51
-86 17
88 17
-1 17
+1 17
fi=(52)
-88 119
fe=(61)
86 357
-86 119
88 119
-1 119
+1 4318
-1 4199
+1 21539
-88 4335
91 87040
fi=(69)
3228 156672
0 17408
3229 52224
fe=(61)
92 52224
fi=(69)
3228 139264
0 17408
3229 17408
fi=(70)
20 17408
fe=(61)
+73 17408
fi=(69)
3228 139264
0 17408
3229 17408
fi=(70)
20 17408
fe=(61)
+72 17408
+1 17408
+1 17408
-4 34816
+6 4335
-10 8670
+12 136
-14 136
-84 17
100 68
cob=(2)
cfi=(2)
cfn=(4260)
calls=34 0 
* 2125
+1 153

fl=(6)
fn=(4864)
0 2875

fn=(5282) __rustc::__rust_realloc
0 3
cfi=(24)
cfn=(5284)
calls=7 467 
0 1085

fn=(3874)
cob=(2)
cfi=(2)
cfn=(3876) (below main)
calls=1 0 
0 7614873

fn=(4956)
0 2874
cfi=(25)
cfn=(4958)
calls=10379 48 
0 99012

fn=(5024)
0 2862
cfi=(24)
cfn=(5026)
calls=10329 482 
0 232425

fn=(3934) main
cfi=(8)
cfn=(3936)
calls=1 152 
0 7614873

fn=(4866)
0 13
cfi=(24)
cfn=(4868)
calls=51 450 
0 1119

fl=(68) /home/rick/unl/king's/thesis/ml-dsa/ml-dsa/src/sign.rs
fn=(5304) ml_dsa::sign::sign_internal_traced
36 8
fi=(32) /rustc/ac68faa20c58cbccd01ee7208bf3b6e93a7d7f96/library/core/src/fmt/mod.rs
-36 146
fe=(68)
42 1
cfi=(65)
cfn=(5308)
calls=1 +57 
* 670576
fi=(26) /rustc/ac68faa20c58cbccd01ee7208bf3b6e93a7d7f96/library/core/src/result.rs
1183 2
0 1
1184 3
0 1
1184 3
cob=(2)
cfi=(2)
cfn=(4260)
calls=1 0 
* 17568
fe=(68)
41 18
-41 1
41 3
cob=(2)
cfi=(2)
cfn=(4260)
calls=1 -41 
* 509
* 5
cob=(2)
cfi=(2)
cfn=(4260)
calls=1 -41 
* 603
* 5
cob=(2)
cfi=(2)
cfn=(4260)
calls=1 -41 
* 605
fi=(62)
-23 2
-18 1
18 3
cfi=(61)
cfn=(5114)
calls=1 +59 
* 55208
* 4
cob=(2)
cfi=(2)
cfn=(4260)
calls=1 -18 
* 123
* 3
cfi=(61)
cfn=(5114)
calls=1 +59 
* 55208
* 4
cob=(2)
cfi=(2)
cfn=(4260)
calls=1 -18 
* 125
* 3
cfi=(61)
cfn=(5114)
calls=1 +59 
* 55208
* 4
cob=(2)
cfi=(2)
cfn=(4260)
calls=1 -18 
* 125
* 3
cfi=(61)
cfn=(5114)
calls=1 +59 
* 55208
* 4
cob=(2)
cfi=(2)
cfn=(4260)
calls=1 -18 
* 125
* 3
cfi=(61)
cfn=(5114)
calls=1 +59 
* 55208
* 4
cob=(2)
cfi=(2)
cfn=(4260)
calls=1 -18 
* 123
-18 1
18 3
cfi=(61)
cfn=(5114)
calls=1 +59 
* 55208
* 4
cob=(2)
cfi=(2)
cfn=(4260)
calls=1 -18 
* 125
* 3
cfi=(61)
cfn=(5114)
calls=1 +59 
* 55208
* 4
cob=(2)
cfi=(2)
cfn=(4260)
calls=1 -18 
* 123
* 3
cfi=(61)
cfn=(5114)
calls=1 +59 
* 55208
* 4
cob=(2)
cfi=(2)
cfn=(4260)
calls=1 -18 
* 125
* 3
cfi=(61)
cfn=(5114)
calls=1 +59 
* 55208
* 4
cob=(2)
cfi=(2)
cfn=(4260)
calls=1 -18 
* 125
* 3
cfi=(61)
cfn=(5114)
calls=1 +59 
* 55208
* 4
cob=(2)
cfi=(2)
cfn=(4260)
calls=1 -18 
* 125
* 3
cfi=(61)
cfn=(5114)
calls=1 +59 
* 55208
* 4
cob=(2)
cfi=(2)
cfn=(4260)
calls=1 -18 
* 123
-18 1
18 3
cfi=(61)
cfn=(5114)
calls=1 +59 
* 55208
* 4
cob=(2)
cfi=(2)
cfn=(4260)
calls=1 -18 
* 125
* 3
cfi=(61)
cfn=(5114)
calls=1 +59 
* 55208
* 4
cob=(2)
cfi=(2)
cfn=(4260)
calls=1 -18 
* 125
* 3
cfi=(61)
cfn=(5114)
calls=1 +59 
* 55208
* 4
cob=(2)
cfi=(2)
cfn=(4260)
calls=1 -18 
* 125
* 3
cfi=(61)
cfn=(5114)
calls=1 +59 
* 55208
* 4
cob=(2)
cfi=(2)
cfn=(4260)
calls=1 -18 
* 123
* 3
cfi=(61)
cfn=(5114)
calls=1 +59 
* 55208
* 4
cob=(2)
cfi=(2)
cfn=(4260)
calls=1 -18 
* 125
* 3
cfi=(61)
cfn=(5114)
calls=1 +59 
* 55208
* 4
cob=(2)
cfi=(2)
cfn=(4260)
calls=1 -18 
* 125
* 2
fe=(68)
+28 1
cfi=(56)
cfn=(5044)
calls=1 -30 
* 1741814
fi=(55)
-29 14
fi=(48)
+59 9
fi=(46)
-53 1
fe=(68)
+27 6
cfi=(46)
cfn=(4970)
calls=1 -24 
* 44
+1 4
cfi=(46)
cfn=(4970)
calls=1 -25 
* 44
fi=(55)
-34 1
fe=(68)
+35 5
+1 4
cob=(2)
cfi=(2)
cfn=(4260)
calls=1 -53 
* 65
* 5
cfi=(46)
cfn=(4998)
calls=1 -23 
* 6405
* 6
cfi=(46)
cfn=(5094)
calls=1 -16 
* 6288
fi=(55)
-36 14
fi=(48)
+59 9
fi=(46)
-53 3
fe=(68)
+34 3
cfi=(46)
cfn=(4970)
calls=1 -31 
* 44
+1 4
cfi=(46)
cfn=(4970)
calls=1 -32 
* 44
+1 4
cfi=(46)
cfn=(4970)
calls=1 -33 
* 44
fi=(55)
-42 1
fe=(68)
+43 5
+1 4
cob=(2)
cfi=(2)
cfn=(4260)
calls=1 -61 
* 65
* 4
cfi=(46)
cfn=(4998)
calls=1 -31 
* 6406
* 4
cfi=(46)
cfn=(5094)
calls=1 -24 
* 6288
* 3
-61 1
fi=(23)
0 1
fe=(68)
68 5
cfi=(56)
cfn=(5362)
calls=1 -12 
* 707715
fi=(61)
+10 4
cob=(2)
cfi=(2)
cfn=(4260)
calls=1 -78 
* 125
* 1
-78 3
80 2
fi=(69)
3228 44
+1 8
fi=(61)
80 64
fi=(69)
3228 1364
+1 248
fi=(61)
80 62
fi=(52)
180 96
fe=(68)
66 1
-66 4
fi=(61)
86 3
-86 1
88 1
-1 1
+1 1
fe=(68)
-88 7
fi=(61)
86 21
-86 7
88 7
-1 7
+1 254
-1 247
+1 1267
-88 255
91 5120
fi=(69)
3228 9216
0 1024
3229 3072
fi=(61)
92 3072
fi=(69)
3228 8192
0 1024
3229 1024
fi=(70)
20 1024
fi=(61)
+73 1024
fi=(69)
3228 8192
0 1024
3229 1024
fi=(70)
20 1024
fi=(61)
+72 1024
+1 1024
+1 1024
-4 2048
+6 255
-10 765
+12 8
-14 8
+16 3
0 1
100 3
cob=(2)
cfi=(2)
cfn=(4260)
calls=1 0 
* 125
fi=(62)
-82 4
cob=(2)
cfi=(2)
cfn=(4260)
calls=1 -18 
* 125
fi=(61)
+60 4
cob=(2)
cfi=(2)
cfn=(4260)
calls=1 -78 
* 125
* 3
+2 2
fi=(69)
3228 44
+1 8
fi=(61)
80 2
fi=(52)
180 1
fi=(61)
80 62
fi=(69)
3228 1364
+1 248
fi=(61)
80 62
fi=(52)
180 95
0 4
fi=(61)
86 3
-86 1
88 1
-1 1
+1 1
fi=(52)
-88 7
fi=(61)
86 21
-86 7
88 7
-1 7
+1 254
-1 247
+1 1267
-88 255
91 5120
fi=(69)
3228 9216
0 1024
3229 3072
fi=(61)
92 3072
fi=(69)
3228 8192
0 1024
3229 1024
fi=(70)
20 1024
fi=(61)
+73 1024
fi=(69)
3228 8192
0 1024
3229 1024
fi=(70)
20 1024
fi=(61)
+72 1024
+1 1024
+1 1024
-4 2048
+6 255
-10 510
+12 8
-14 8
+16 3
0 1
100 3
cob=(2)
cfi=(2)
cfn=(4260)
calls=1 0 
* 125
fi=(62)
-82 4
cob=(2)
cfi=(2)
cfn=(4260)
calls=1 -18 
* 125
fi=(61)
+60 4
cob=(2)
cfi=(2)
cfn=(4260)
calls=1 -78 
* 125
* 3
-78 1
80 2
fi=(69)
3228 44
+1 8
fi=(61)
80 64
fi=(69)
3228 1364
+1 248
fi=(61)
80 62
fi=(52)
180 96
0 4
fi=(61)
86 3
-86 1
88 1
-1 1
+1 1
fi=(52)
-88 7
fi=(61)
86 21
-86 7
88 7
-1 7
+1 254
-1 247
+1 1267
-88 255
91 5120
fi=(69)
3228 9216
0 1024
3229 3072
fi=(61)
92 3072
fi=(69)
3228 8192
0 1024
3229 1024
fi=(70)
20 1024
fi=(61)
+73 1024
fi=(69)
3228 8192
0 1024
3229 1024
fi=(70)
20 1024
fi=(61)
+72 1024
+1 1024
+1 1024
-4 2048
+6 255
-10 510
+12 8
-14 8
+16 3
0 1
100 3
cob=(2)
cfi=(2)
cfn=(4260)
calls=1 0 
* 125
fi=(62)
-82 4
cob=(2)
cfi=(2)
cfn=(4260)
calls=1 -18 
* 123
fi=(61)
+60 4
cob=(2)
cfi=(2)
cfn=(4260)
calls=1 -78 
* 125
* 3
-78 1
80 2
fi=(69)
3228 44
+1 8
fi=(61)
80 64
fi=(69)
3228 1364
+1 248
fi=(61)
80 62
fi=(52)
180 96
0 4
fi=(61)
86 3
-86 1
88 1
-1 1
+1 1
fi=(52)
-88 7
fi=(61)
86 21
-86 7
88 7
-1 7
+1 254
-1 247
+1 1267
-88 255
91 5120
fi=(69)
3228 9216
0 1024
3229 3072
fi=(61)
92 3072
fi=(69)
3228 8192
0 1024
3229 1024
fi=(70)
20 1024
fi=(61)
+73 1024
fi=(69)
3228 8192
0 1024
3229 1024
fi=(70)
20 1024
fi=(61)
+72 1024
+1 1024
+1 1024
-4 2048
+6 255
-10 510
+12 8
-14 8
+16 3
0 1
100 3
cob=(2)
cfi=(2)
cfn=(4260)
calls=1 0 
* 125
fi=(62)
-82 4
cob=(2)
cfi=(2)
cfn=(4260)
calls=1 -18 
* 125
fi=(61)
+60 4
cob=(2)
cfi=(2)
cfn=(4260)
calls=1 -78 
* 125
* 3
-78 1
80 2
fi=(69)
3228 44
+1 8
fi=(61)
80 64
fi=(69)
3228 1364
+1 248
fi=(61)
80 62
fi=(52)
180 96
0 4
fi=(61)
86 3
-86 1
88 1
-1 1
+1 1
fi=(52)
-88 7
fi=(61)
86 21
-86 7
88 7
-1 7
+1 254
-1 247
+1 1267
-88 255
91 5120
fi=(69)
3228 9216
0 1024
3229 3072
fi=(61)
92 3072
fi=(69)
3228 8192
0 1024
3229 1024
fi=(70)
20 1024
fi=(61)
+73 1024
fi=(69)
3228 8192
0 1024
3229 1024
fi=(70)
20 1024
fi=(61)
+72 1024
+1 1024
+1 1024
-4 2048
+6 255
-10 510
+12 8
-14 8
+16 3
0 1
100 3
cob=(2)
cfi=(2)
cfn=(4260)
calls=1 0 
* 125
fi=(62)
-82 4
cob=(2)
cfi=(2)
cfn=(4260)
calls=1 -18 
* 125
* 1
fe=(68)
+51 4
cfi=(63) /home/rick/unl/king's/thesis/ml-dsa/ml-dsa/src/ntt_arith.rs
cfn=(5126) ml_dsa::ntt_arith::matrix_vector_ntt
calls=1 -20 
* 269198
fi=(62)
-42 4
cfi=(61)
cfn=(5134)
calls=1 +77 
* 63525
* 5
cob=(2)
cfi=(2)
cfn=(4260)
calls=1 -27 
* 125
* 3
cfi=(61)
cfn=(5134)
calls=1 +77 
* 63525
* 4
cob=(2)
cfi=(2)
cfn=(4260)
calls=1 -27 
* 125
* 3
cfi=(61)
cfn=(5134)
calls=1 +77 
* 63525
* 4
cob=(2)
cfi=(2)
cfn=(4260)
calls=1 -27 
* 123
* 3
cfi=(61)
cfn=(5134)
calls=1 +77 
* 63525
* 4
cob=(2)
cfi=(2)
cfn=(4260)
calls=1 -27 
* 125
* 3
cfi=(61)
cfn=(5134)
calls=1 +77 
* 63525
* 4
cob=(2)
cfi=(2)
cfn=(4260)
calls=1 -27 
* 125
* 3
cfi=(61)
cfn=(5134)
calls=1 +77 
* 63525
* 4
cob=(2)
cfi=(2)
cfn=(4260)
calls=1 -27 
* 125
* 1
fe=(68)
+43 3
cfi=(62)
cfn=(5384)
calls=1 +37 
* 28991
fi=(55)
-53 15
fi=(48)
+59 9
fi=(46)
-53 1
fe=(68)
+51 6
cfi=(46)
cfn=(4970)
calls=1 -48 
* 44
+1 3
cfi=(65)
cfn=(5392)
calls=1 +93 
* 335289
fi=(34)
614 1
fi=(35)
1840 1
fe=(68)
75 3
cfi=(46)
cfn=(4970)
calls=1 -49 
* 37271
fi=(34)
424 1
634 2
fi=(23)
128 3
cfi=(6)
cfn=(4956)
calls=1 0 
* 35
fi=(49) /home/rick/.cargo/registry/src/index.crates.io-1949cf8c6b5b557f/digest-0.10.7/src/core_api/wrapper.rs
+75 5
cob=(2)
cfi=(2)
cfn=(4260)
calls=1 0 
* 30
* 5
cob=(2)
cfi=(2)
cfn=(4260)
calls=1 0 
* 30
fi=(48)
-7 1
fi=(47)
-95 2
fi=(52)
+79 2
fi=(48)
+8 2
cob=(2)
cfi=(2)
cfn=(4642)
calls=1 0 
* 19
fi=(50) /home/rick/.cargo/registry/src/index.crates.io-1949cf8c6b5b557f/sha3-0.10.9/src/macros.rs
-49 1
+2 1
fi=(55)
-95 24
fi=(26)
1718 1
fi=(55)
46 1
+3 3
cfi=(51) /home/rick/.cargo/registry/src/index.crates.io-1949cf8c6b5b557f/keccak-0.1.6/src/lib.rs
cfn=(5008) keccak::p1600
calls=1 166 
* 6158
-41 5
cob=(2)
cfi=(2)
cfn=(4260)
calls=1 -8 
* 30
+9 1
fi=(48)
+59 9
fi=(46)
-45 5
cob=(2)
cfi=(2)
cfn=(4260)
calls=1 -31 
* 65
fi=(34)
-31 1
cfi=(6)
cfn=(4864)
calls=1 0 
0 1
fi=(23)
198 3
cfi=(6)
cfn=(5024)
calls=1 0 
* 268
0 1
fi=(34)
469 2
fi=(59)
41 1
fi=(48)
196 2
+62 1
fi=(18)
0 3
fi=(48)
271 4
cfi=(14)
cfn=(5438) <digest::core_api::xof_reader::XofReaderCoreWrapper<T> as digest::XofReader>::read::{{closure}}
calls=1 1717 
* 3
+3 2
fi=(55)
17 1
fi=(18)
1721 9
fi=(48)
276 4
cfi=(14)
cfn=(5438)
calls=1 1717 
* 6262
fi=(18)
552 4
cob=(2)
cfi=(2)
cfn=(4260)
calls=1 0 
* 12
fe=(68)
77 4
cfi=(58)
cfn=(5446)
calls=1 -61 
* 17256
fi=(61)
+1 4
cob=(2)
cfi=(2)
cfn=(4260)
calls=1 -78 
* 125
* 1
-78 3
80 2
fi=(69)
3228 44
+1 8
fi=(61)
80 64
fi=(69)
3228 1364
+1 248
fi=(61)
80 62
fi=(52)
180 96
0 4
fi=(61)
86 3
-86 1
88 1
-1 1
+1 1
fi=(52)
-88 7
fi=(61)
86 21
-86 7
88 7
-1 7
+1 254
-1 247
+1 1267
-88 255
91 5120
fi=(69)
3228 9216
0 1024
3229 3072
fi=(61)
92 3072
fi=(69)
3228 8192
0 1024
3229 1024
fi=(70)
20 1024
fi=(61)
+73 1024
fi=(69)
3228 8192
0 1024
3229 1024
fi=(70)
20 1024
fi=(61)
+72 1024
+1 1024
+1 1024
-4 2048
+6 255
-10 510
+12 8
-14 8
+16 6
cob=(2)
cfi=(2)
cfn=(4260)
calls=1 0 
* 125
fe=(68)
-19 5
cfi=(63)
cfn=(5458) ml_dsa::ntt_arith::scalar_vector_ntt
calls=1 -41 
* 25304
* 1
fi=(62)
-54 3
cfi=(61)
cfn=(5134)
calls=1 +77 
* 63525
* 4
cob=(2)
cfi=(2)
cfn=(4260)
calls=1 -27 
* 123
* 3
cfi=(61)
cfn=(5134)
calls=1 +77 
* 63525
* 4
cob=(2)
cfi=(2)
cfn=(4260)
calls=1 -27 
* 125
* 3
cfi=(61)
cfn=(5134)
calls=1 +77 
* 63525
* 4
cob=(2)
cfi=(2)
cfn=(4260)
calls=1 -27 
* 125
* 3
cfi=(61)
cfn=(5134)
calls=1 +77 
* 63525
* 4
cob=(2)
cfi=(2)
cfn=(4260)
calls=1 -27 
* 125
* 3
cfi=(61)
cfn=(5134)
calls=1 +77 
* 63525
* 4
cob=(2)
cfi=(2)
cfn=(4260)
calls=1 -27 
* 123
fe=(68)
+55 4
cfi=(63)
cfn=(5458)
calls=1 -42 
* 30766
fi=(62)
-55 3
cfi=(61)
cfn=(5134)
calls=1 +77 
* 63525
* 4
cob=(2)
cfi=(2)
cfn=(4260)
calls=1 -27 
* 123
* 3
cfi=(61)
cfn=(5134)
calls=1 +77 
* 63525
* 4
cob=(2)
cfi=(2)
cfn=(4260)
calls=1 -27 
* 125
* 3
cfi=(61)
cfn=(5134)
calls=1 +77 
* 63525
* 4
cob=(2)
cfi=(2)
cfn=(4260)
calls=1 -27 
* 125
* 3
cfi=(61)
cfn=(5134)
calls=1 +77 
* 63525
* 4
cob=(2)
cfi=(2)
cfn=(4260)
calls=1 -27 
* 125
* 3
cfi=(61)
cfn=(5134)
calls=1 +77 
* 63525
* 4
cob=(2)
cfi=(2)
cfn=(4260)
calls=1 -27 
* 123
* 3
cfi=(61)
cfn=(5134)
calls=1 +77 
* 63525
* 4
cob=(2)
cfi=(2)
cfn=(4260)
calls=1 -27 
* 125
fe=(68)
+56 4
cfi=(62)
cfn=(5138)
calls=1 -32 
* 26288
+1 4
cfi=(62)
cfn=(5464)
calls=1 -22 
* 31538
* 3
cfi=(62)
cfn=(5470)
calls=1 +32 
* 22457
-84 9
fi=(62)
153 2
fi=(69)
3228 44
+1 5
fi=(62)
153 62
fi=(69)
3228 1364
+1 248
fi=(70)
64 186
fi=(69)
3229 3
fi=(70)
64 10
fi=(69)
3608 8
fi=(62)
154 18
fi=(36)
900 3
fi=(70)
64 124
fi=(69)
3608 248
fi=(62)
154 558
fi=(36)
900 122
0 1
fi=(62)
153 2
fi=(69)
3228 28
fi=(62)
153 62
fi=(69)
3228 1364
+1 248
fi=(70)
64 186
fi=(69)
3228 16
+1 8
fi=(70)
64 10
fi=(69)
3608 8
fi=(62)
154 18
fi=(70)
-90 124
fi=(69)
3608 248
fi=(62)
154 558
fi=(36)
900 125
0 1
fi=(62)
153 2
fi=(69)
3228 28
fi=(62)
153 62
fi=(69)
3228 1364
+1 248
fi=(70)
64 186
fi=(69)
3228 16
+1 8
fi=(70)
64 10
fi=(69)
3608 8
fi=(62)
154 18
fi=(70)
-90 124
fi=(69)
3608 248
fi=(62)
154 558
fi=(36)
900 125
0 1
fi=(62)
153 2
fi=(69)
3228 28
fi=(62)
153 62
fi=(69)
3228 1364
+1 248
fi=(70)
64 186
fi=(69)
3228 16
+1 8
fi=(70)
64 10
fi=(69)
3608 8
fi=(62)
154 18
fi=(70)
-90 124
fi=(69)
3608 248
fi=(62)
154 558
fi=(36)
900 125
0 1
fi=(62)
153 2
fi=(69)
3228 28
fi=(62)
153 62
fi=(69)
3228 1364
+1 248
fi=(70)
64 186
fi=(69)
3228 16
+1 8
fi=(70)
64 10
fi=(69)
3608 8
fi=(62)
154 18
fi=(70)
-90 124
fi=(69)
3608 248
fi=(62)
154 558
fi=(36)
900 123
fe=(68)
87 4
cfi=(62)
cfn=(5486)
calls=1 +62 
* 18042
* 2
+6 4
cfi=(63)
cfn=(5458)
calls=1 -53 
* 30766
fi=(62)
-66 3
cfi=(61)
cfn=(5134)
calls=1 +77 
* 63525
* 4
cob=(2)
cfi=(2)
cfn=(4260)
calls=1 -27 
* 125
* 3
cfi=(61)
cfn=(5134)
calls=1 +77 
* 63525
* 4
cob=(2)
cfi=(2)
cfn=(4260)
calls=1 -27 
* 125
* 3
cfi=(61)
cfn=(5134)
calls=1 +77 
* 63525
* 4
cob=(2)
cfi=(2)
cfn=(4260)
calls=1 -27 
* 123
* 3
cfi=(61)
cfn=(5134)
calls=1 +77 
* 63525
* 4
cob=(2)
cfi=(2)
cfn=(4260)
calls=1 -27 
* 125
* 3
cfi=(61)
cfn=(5134)
calls=1 +77 
* 63525
* 4
cob=(2)
cfi=(2)
cfn=(4260)
calls=1 -27 
* 125
* 3
cfi=(61)
cfn=(5134)
calls=1 +77 
* 63525
* 4
cob=(2)
cfi=(2)
cfn=(4260)
calls=1 -27 
* 125
fe=(68)
+67 4
cfi=(62)
cfn=(5464)
calls=1 -32 
* 31538
* 4
cfi=(62)
cfn=(5138)
calls=1 -43 
* 31538
fi=(57)
-31 4
cob=(2)
cfi=(2)
cfn=(4642)
calls=1 -63 
* 6163
* 1
fi=(55)
-46 3
fi=(62)
+60 2
fi=(69)
3228 44
+1 8
fi=(62)
77 64
fi=(69)
3228 1364
+1 248
fi=(62)
77 62
fi=(36)
900 96
0 2
fi=(62)
77 2
fi=(69)
3228 44
+1 8
fi=(62)
77 2
fi=(36)
900 2
fi=(62)
77 62
fi=(69)
3228 1364
+1 248
fi=(62)
77 62
fi=(36)
900 94
0 2
fi=(62)
77 2
fi=(69)
3228 44
+1 8
fi=(62)
77 2
fi=(36)
900 2
fi=(62)
77 62
fi=(69)
3228 1364
+1 248
fi=(62)
77 62
fi=(36)
900 94
0 2
fi=(62)
77 2
fi=(69)
3228 44
+1 8
fi=(62)
77 2
fi=(36)
900 2
fi=(62)
77 62
fi=(69)
3228 1364
+1 248
fi=(62)
77 62
fi=(36)
900 94
0 2
fi=(62)
77 2
fi=(69)
3228 44
+1 8
fi=(62)
77 2
fi=(36)
900 2
fi=(62)
77 62
fi=(69)
3228 1364
+1 248
fi=(62)
77 62
fi=(36)
900 94
0 2
fi=(62)
77 2
fi=(69)
3228 44
+1 8
fi=(62)
77 2
fi=(36)
900 2
fi=(62)
77 62
fi=(69)
3228 1364
+1 248
fi=(62)
77 62
fi=(36)
900 94
fe=(68)
95 4
cfi=(62)
cfn=(5498)
calls=1 +30 
* 56266
+3 2
cfi=(62)
cfn=(5486)
calls=1 +51 
* 18042
* 2
-98 3
fi=(55)
17 2
-17 1
fi=(62)
167 20
fi=(36)
900 3
fi=(62)
167 620
fi=(36)
900 99
0 1
fi=(62)
167 20
fi=(36)
900 3
fi=(62)
167 620
fi=(36)
900 99
0 1
fi=(62)
167 20
fi=(36)
900 3
fi=(62)
167 620
fi=(36)
900 99
0 1
fi=(62)
167 20
fi=(36)
900 3
fi=(62)
167 620
fi=(36)
900 99
0 1
fi=(62)
167 20
fi=(36)
900 3
fi=(62)
167 620
fi=(36)
900 99
0 1
fi=(62)
167 20
fi=(36)
900 3
fi=(62)
167 620
fi=(36)
900 97
fe=(68)
98 2
-98 2
104 2
cfi=(62)
cfn=(5508)
calls=1 -20 
* 16687
* 7
cfi=(65)
cfn=(5514)
calls=1 +29 
* 634986
* 7
fi=(23)
+24 4
cfi=(6)
cfn=(4956)
calls=1 0 
* 35
fe=(68)
-22 9

fl=(44)
fn=(5302)
95 4
fi=(68)
-65 1
cfn=(5304)
calls=1 +6 
* 7614843
* 4
fe=(44)
+67 4

fl=(71)
fn=(5524)
17 6
cfi=(6)
cfn=(4864)
calls=1 -17 
* 1
fi=(23)
198 3
cfi=(6)
cfn=(5024)
calls=1 0 
* 70
fi=(34)
469 2
0 8
fe=(71)
23 4
+1 4
-24 4
fi=(19)
1915 4
fi=(36)
900 4
fe=(71)
0 124
fi=(19)
1915 124
fi=(36)
900 124
fe=(71)
22 256
fi=(47)
278 8
fe=(71)
23 4
+1 4
-2 256
fi=(47)
278 8
fe=(71)
27 2
-27 3
23 2
+1 2
-24 2
fi=(19)
1915 2
fi=(36)
900 2
fe=(71)
0 126
fi=(19)
1915 126
fi=(36)
900 126
fe=(71)
22 256
fi=(47)
278 4
fe=(71)
23 2
+1 2
-2 256
fi=(47)
278 4
fe=(71)
27 2
-27 8
23 7
+1 7
-24 7
fi=(19)
1915 7
fi=(36)
900 7
fe=(71)
0 121
fi=(19)
1915 121
fi=(36)
900 121
fe=(71)
22 256
fi=(47)
278 4
fe=(71)
23 2
+1 2
-2 256
fi=(47)
278 14
fe=(71)
27 2
-27 4
23 3
+1 3
-24 3
fi=(19)
1915 3
fi=(36)
900 3
fe=(71)
0 125
fi=(19)
1915 125
fi=(36)
900 125
fe=(71)
22 256
fi=(47)
278 2
fe=(71)
23 1
+1 1
-2 256
fi=(47)
278 6
fe=(71)
27 2
-27 129
fi=(19)
1915 128
fi=(36)
900 128
fe=(71)
22 512
fi=(47)
278 12
0 6
fe=(71)
23 6
+1 6
-24 6
27 2
-27 5
23 4
+1 4
-24 4
fi=(19)
1915 4
fi=(36)
900 4
fe=(71)
0 124
fi=(19)
1915 124
fi=(36)
900 124
fe=(71)
22 256
fi=(47)
278 8
fe=(71)
23 4
+1 4
-2 256
fi=(47)
278 8
fe=(71)
27 1
+2 3
+1 5

fl=(48)
fn=(5078)
250 84579
-54 15378
+62 7689
0 15078
259 22617
0 7419
fi=(47)
89 7419
fi=(18)
552 22257
cob=(2)
cfi=(2)
cfn=(4260)
calls=22257 0 
* 133542
fe=(48)
239 7419
0 7869
fi=(20)
961 120
0 120
fi=(47)
89 120
fi=(18)
552 240
cob=(2)
cfi=(2)
cfn=(4260)
calls=360 0 
* 2160
0 120
fe=(48)
344 840
0 120
fi=(14)
1717 120
fi=(52)
180 120
fe=(48)
344 900
0 150
fi=(14)
1717 150
fi=(52)
180 150
0 270
fe=(48)
274 810
0 750
fi=(18)
552 750
cob=(2)
cfi=(2)
cfn=(4260)
calls=450 0 
* 4500
fi=(55)
61 450
cfi=(51)
cfn=(5008)
calls=450 166 
* 923700
fi=(18)
552 600
cob=(2)
cfi=(2)
cfn=(4260)
calls=450 0 
* 2700
fe=(48)
278 600
cob=(2)
cfi=(2)
cfn=(4260)
calls=450 0 
* 4500
-39 7689
+42 61512

fl=(46)
fn=(4970)
26 180
fi=(49)
149 18
fi=(48)
+47 18
0 18
146 18
fi=(66) /home/rick/.cargo/registry/src/index.crates.io-1949cf8c6b5b557f/block-buffer-0.10.4/src/sealed.rs
17 36
fi=(48)
155 18
fi=(47)
-54 17
fi=(18)
552 51
cob=(2)
cfi=(2)
cfn=(4260)
calls=34 0 
* 234
fi=(48)
158 17
0 17
161 2
fi=(47)
-60 1
fi=(18)
552 4
cob=(2)
cfi=(2)
cfn=(4260)
calls=2 0 
* 22
fi=(26)
1718 1
fi=(55)
46 6
fi=(26)
1718 1
fi=(55)
46 2
fi=(26)
1718 1
fi=(55)
46 2
fi=(26)
1718 1
fi=(55)
46 2
fi=(26)
1718 1
fi=(55)
46 3
fi=(26)
1718 1
fi=(55)
46 4
fi=(26)
1718 1
fi=(55)
46 3
fi=(26)
1718 1
fi=(55)
46 2
fi=(26)
1718 1
fi=(55)
46 1
fi=(88) /rustc/ac68faa20c58cbccd01ee7208bf3b6e93a7d7f96/library/core/src/ptr/const_ptr.rs
863 1
fi=(55)
49 3
cfi=(51)
cfn=(5008)
calls=2 166 
* 6158
fi=(66)
-26 2
-23 1
23 7
fi=(88)
863 1
fi=(48)
169 2
0 2
fi=(26)
1718 1
fi=(55)
46 5
fi=(26)
1718 1
fi=(55)
46 2
fi=(26)
1718 1
fi=(55)
46 3
fi=(26)
1718 1
fi=(55)
46 2
fi=(26)
1718 1
fi=(55)
46 3
fi=(26)
1718 1
fi=(55)
46 3
fi=(26)
1718 1
fi=(55)
46 3
fi=(26)
1718 1
fi=(55)
46 3
fi=(26)
1718 1
fi=(55)
46 1
+3 1
fi=(14)
659 1
fi=(55)
49 2
cfi=(51)
cfn=(5008)
calls=4 166 
* 6158
fi=(26)
1718 4
fi=(55)
46 20
fi=(26)
1718 4
fi=(55)
46 8
fi=(26)
1718 4
fi=(55)
46 12
fi=(26)
1718 4
fi=(55)
46 8
fi=(26)
1718 4
fi=(55)
46 12
fi=(26)
1718 4
fi=(55)
46 12
fi=(26)
1718 4
fi=(55)
46 12
fi=(26)
1718 4
fi=(55)
46 12
fi=(26)
1718 4
fi=(55)
46 4
+3 4
fi=(14)
659 4
fi=(55)
49 8
cfi=(51)
cfn=(5008)
calls=34 166 
* 24632
fi=(14)
1717 5
fi=(52)
180 5
fi=(18)
552 4
cob=(2)
cfi=(2)
cfn=(4260)
calls=4 0 
* 11
fi=(48)
239 18
fe=(46)
28 144

fn=(5058)
64 300
fi=(49)
+85 30
fi=(48)
+47 30
0 30
146 30
fi=(66)
17 60
fi=(48)
155 30
fi=(47)
-54 30
fi=(18)
552 90
cob=(2)
cfi=(2)
cfn=(4260)
calls=90 0 
* 360
fi=(48)
158 30
0 30
239 30
fe=(46)
66 240

fn=(5066)
68 210
fi=(49)
203 30
0 60
203 60
cob=(2)
cfi=(2)
cfn=(4260)
calls=90 0 
* 900
* 150
cob=(2)
cfi=(2)
cfn=(4260)
calls=90 0 
* 900
fi=(48)
-7 30
fi=(47)
-95 60
0 30
fi=(52)
180 30
fi=(48)
+8 60
cob=(2)
cfi=(2)
cfn=(4642)
calls=90 0 
* 780
fi=(50)
-49 30
+2 30
fi=(55)
-95 900
fi=(26)
1718 30
fi=(55)
46 30
+3 90
cfi=(51)
cfn=(5008)
calls=90 166 
* 184740
-49 30
8 120
cob=(2)
cfi=(2)
cfn=(4260)
calls=90 -8 
* 900
fi=(48)
+68 360
fe=(46)
-7 120
cob=(2)
cfi=(2)
cfn=(4260)
calls=90 -69 
* 1950
+1 210

fn=(4998)
30 56
fi=(49)
203 8
0 16
203 16
cob=(2)
cfi=(2)
cfn=(4260)
calls=25 0 
* 240
* 40
cob=(2)
cfi=(2)
cfn=(4260)
calls=25 0 
* 240
fi=(48)
-7 8
fi=(47)
-95 8
0 8
fi=(52)
180 8
fi=(48)
+8 16
cob=(2)
cfi=(2)
cfn=(4642)
calls=25 0 
* 139
fi=(50)
-49 8
+2 8
fi=(55)
-95 192
fi=(26)
1718 8
fi=(55)
46 8
+3 24
cfi=(51)
cfn=(5008)
calls=25 166 
* 49264
-49 8
8 32
cob=(2)
cfi=(2)
cfn=(4260)
calls=25 -8 
* 240
fi=(48)
+68 80
fe=(46)
-45 32
cob=(2)
cfi=(2)
cfn=(4260)
calls=25 -31 
* 520
+1 56

fn=(5020)
42 45
fi=(54) /rustc/ac68faa20c58cbccd01ee7208bf3b6e93a7d7f96/library/core/src/intrinsics/mod.rs
457 5
fi=(34)
0 10
460 5
0 5
cfi=(6)
cfn=(4864)
calls=7 0 
0 5
0 5
fi=(23)
198 15
cfi=(6)
cfn=(5024)
calls=7 0 
* 755
fi=(34)
469 10
0 5
fi=(59)
41 5
fi=(48)
196 10
+62 5
0 25
fi=(18)
0 5
fi=(48)
344 30
0 5
fi=(14)
1717 5
fi=(52)
180 5
0 20
fi=(18)
552 20
cob=(2)
cfi=(2)
cfn=(4260)
calls=5 0 
* 150
* 60
cob=(2)
cfi=(2)
cfn=(4260)
calls=15 0 
* 450
fi=(55)
61 60
cfi=(51)
cfn=(5008)
calls=20 166 
* 123160
fi=(59)
-61 20
44 60
cob=(2)
cfi=(2)
cfn=(4260)
calls=20 -44 
* 600
fi=(14)
1717 40
fi=(52)
180 20
0 15
fi=(48)
274 5
0 10
fi=(18)
552 15
cob=(2)
cfi=(2)
cfn=(4260)
calls=7 0 
* 150
fi=(55)
61 15
cfi=(51)
cfn=(5008)
calls=7 166 
* 30790
fi=(48)
-61 15
fi=(18)
552 25
cob=(2)
cfi=(2)
cfn=(4260)
calls=7 0 
* 110
fi=(48)
278 20
cob=(2)
cfi=(2)
cfn=(4260)
calls=7 0 
* 150
* 5
0 10
239 5
fe=(46)
45 15
+1 45

fn=(5094)
37 468
fi=(59)
+4 52
-41 52
fi=(48)
196 104
+62 52
0 98
259 147
fi=(47)
89 49
fi=(18)
552 147
cob=(2)
cfi=(2)
cfn=(4260)
calls=2576 0 
* 784
fi=(48)
239 49
0 107
344 21
0 3
fi=(14)
1717 6
fi=(52)
180 3
0 3
fi=(48)
274 6
0 9
fi=(18)
552 12
cob=(2)
cfi=(2)
cfn=(4260)
calls=29 0 
* 90
fi=(55)
61 9
cfi=(51)
cfn=(5008)
calls=29 166 
* 18474
fi=(18)
552 12
cob=(2)
cfi=(2)
cfn=(4260)
calls=29 0 
* 37
fi=(48)
278 12
cob=(2)
cfi=(2)
cfn=(4260)
calls=29 0 
* 90
-39 52
fe=(46)
39 416

fl=(34)
fn=(5274)
661 16
511 8
fi=(10)
823 4
fi=(54)
457 4
0 4
fe=(34)
522 8
fi=(19)
1037 8
fe=(34)
159 28
fi=(19)
1037 8
0 4
fe=(34)
528 4
0 4
528 8
cfn=(5278) alloc::raw_vec::RawVecInner<A>::finish_grow
calls=8 +15 
* 1289
fi=(26)
2173 8
+1 4
fe=(34)
776 4
+1 4
671 16

fn=(5278)
543 32
fi=(10)
3105 16
0 16
fi=(54)
457 12
fe=(34)
634 8
fi=(10)
1286 3
fi=(23)
155 15
cfi=(6)
cfn=(5282)
calls=6 0 
* 1088
fe=(34)
563 6
fi=(23)
206 2
+4 1
cfi=(6)
cfn=(4864)
calls=2 0 
* 1
101 3
cfi=(6)
cfn=(4866)
calls=2 0 
* 40
fe=(34)
563 2
+1 8
0 12
567 24

fl=(60)
fn=(5160)
99 54
fi=(10)
+55 18
fe=(60)
16 6
+85 12
fi=(34)
460 18
0 6
cfi=(6)
cfn=(4864)
calls=18 0 
0 6
fi=(23)
101 18
cfi=(6)
cfn=(4866)
calls=18 0 
* 240
fi=(34)
469 12
fi=(35)
977 66
0 24
fe=(60)
103 6
fi=(34)
0 6
cfi=(6)
cfn=(4864)
calls=18 0 
0 6
fi=(35)
0 3060
fe=(60)
103 1530
fi=(34)
0 1530
cfi=(6)
cfn=(4864)
calls=4590 0 
0 1530
fi=(23)
198 4608
cfi=(6)
cfn=(5024)
calls=4608 0 
* 96768
fi=(34)
469 3072
0 3072
fi=(36)
900 1536
0 3072
fe=(60)
24 23040
fi=(10)
898 1536
fe=(60)
25 1536
fi=(36)
900 3072
0 1536
900 1536
fi=(34)
619 1536
fi=(10)
2548 1536
0 1536
fi=(34)
767 3072
0 3072
fi=(20)
961 1536
fi=(18)
552 4608
cob=(2)
cfi=(2)
cfn=(4260)
calls=4608 0 
* 23040
fi=(35)
2912 3072
fi=(23)
128 6144
cfi=(6)
cfn=(4956)
calls=4608 0 
* 53760
fi=(19)
1915 1536
fi=(36)
900 1542
fi=(35)
0 6
fe=(60)
105 30
cfn=(5178) ml_dsa::encoding::bits_to_bytes
calls=18 -54 
* 74460
fi=(34)
424 6
634 12
fi=(23)
128 18
cfi=(6)
cfn=(4956)
calls=18 0 
* 210
fe=(60)
-22 54

fn=(5228)
109 40
+1 5
0 5
fi=(10)
154 15
fe=(60)
16 5
+95 10
fi=(34)
460 15
0 10
cfi=(6)
cfn=(4864)
calls=22 0 
0 5
fi=(23)
101 15
cfi=(6)
cfn=(4866)
calls=22 0 
* 710
fi=(34)
469 10
fi=(35)
977 65
0 25
fe=(60)
113 5
fi=(34)
0 5
cfi=(6)
cfn=(4864)
calls=22 0 
0 5
fi=(35)
0 3825
fe=(60)
113 1275
fi=(34)
0 1275
cfi=(6)
cfn=(4864)
calls=5610 0 
0 1275
fi=(23)
198 5120
cfi=(6)
cfn=(5024)
calls=5632 0 
* 85760
fi=(34)
469 2560
fe=(60)
0 2560
113 1280
0 1280
fi=(36)
900 1280
0 3840
fe=(60)
24 19200
fi=(10)
898 1280
fe=(60)
25 1280
fi=(36)
900 2560
fe=(60)
24 76800
fi=(10)
898 5120
fe=(60)
25 5120
fi=(36)
900 10240
0 2560
900 1280
fi=(34)
619 1280
fi=(10)
2548 1280
fi=(34)
767 2560
fe=(60)
0 2560
fi=(20)
961 1280
fi=(18)
552 3840
cob=(2)
cfi=(2)
cfn=(4260)
calls=5632 0 
* 14080
fi=(35)
2912 2560
fi=(23)
128 5120
cfi=(6)
cfn=(4956)
calls=5632 0 
* 44800
fi=(19)
1915 1280
fi=(36)
900 1285
fi=(35)
0 5
fe=(60)
116 25
cfn=(5178)
calls=22 -65 
* 307965
fi=(34)
424 5
634 10
fi=(23)
128 15
cfi=(6)
cfn=(4956)
calls=22 0 
* 580
fe=(60)
-11 45

fn=(5312)
131 220
+1 22
0 22
fi=(10)
154 66
fe=(60)
16 22
-16 22
133 22
cfn=(5314)
calls=27 -72 
* 405788
fi=(57)
32 88
cob=(2)
cfi=(2)
cfn=(4642)
calls=27 -32 
* 1716
* 88
-32 44
fe=(60)
136 16896
0 5632
fi=(19)
1915 5632
fi=(36)
900 5632
fe=(60)
136 16896
fi=(47)
438 11264
fe=(60)
0 5632
fi=(47)
89 5632
-89 16896
fi=(19)
1915 28160
fe=(60)
34 11264
fi=(89) /rustc/ac68faa20c58cbccd01ee7208bf3b6e93a7d7f96/library/core/src/ops/range.rs
563 5632
fi=(19)
1915 256000
fe=(60)
34 102400
fi=(89)
563 51200
fi=(36)
0 102400
fi=(89)
563 102400
fi=(34)
424 22
634 44
fi=(23)
128 66
cfi=(6)
cfn=(4956)
calls=27 0 
* 1661
fe=(60)
+11 198

fn=(5178)
51 88
fi=(10)
3714 22
fi=(34)
460 11
0 11
cfi=(6)
cfn=(4864)
calls=40 0 
0 11
fi=(23)
198 33
cfi=(6)
cfn=(5024)
calls=40 0 
* 1134
fi=(34)
469 22
0 11
fi=(19)
1915 11
fi=(36)
900 11
0 22
fe=(60)
55 22
fi=(47)
278 22
fe=(60)
55 63466
fi=(47)
278 63466
fi=(10)
898 31744
fe=(60)
55 126976
-55 31744
fi=(19)
1915 31744
fi=(36)
900 31744
fe=(60)
57 33
+1 77

fn=(5314)
61 115
+2 23
-63 23
fi=(54)
457 23
fi=(34)
0 23
460 23
0 92
cfi=(6)
cfn=(4864)
calls=35 0 
0 23
0 23
fi=(23)
198 69
cfi=(6)
cfn=(5024)
calls=35 0 
* 49933
fi=(34)
469 46
0 69
fi=(19)
1915 23
fi=(36)
900 23
0 23
fi=(47)
278 69
0 23
278 14224
fe=(60)
65 7112
+2 21336
fi=(47)
278 14224
fe=(60)
68 14224
-1 14224
fi=(47)
278 14224
fe=(60)
68 14224
-1 14224
fi=(47)
278 14224
fe=(60)
68 14224
-1 14224
fi=(47)
278 14224
fe=(60)
68 14224
-1 14224
fi=(47)
278 14224
fe=(60)
68 14224
-1 14224
fi=(47)
278 14224
fe=(60)
68 14224
-1 14224
fi=(47)
278 14224
fe=(60)
0 7112
68 7112
-1 7112
fi=(19)
1915 14224
fi=(36)
900 7112
fe=(60)
71 69
+1 161

fl=(30)
fn=(4904)
fi=(87)
cfi=(31)
cfn=(4906)
calls=1 101 
250 7614873
fe=(30)

fl=(63)
fn=(5126)
49 20
cob=(2)
cfi=(2)
cfn=(4642)
calls=3 -49 
* 6163
* 1
-49 1
fi=(57)
45 4
cob=(2)
cfi=(2)
cfn=(4642)
calls=3 -45 
* 78
* 20
cob=(2)
cfi=(2)
cfn=(4642)
calls=15 -45 
* 390
* 6
-45 6
fe=(63)
25 18
fi=(69)
3228 48
0 6
3229 6
fi=(70)
20 6
fe=(63)
+5 18
fi=(69)
3228 48
0 6
3229 6
fi=(70)
20 6
fe=(63)
+5 12
fi=(19)
1915 12
fi=(36)
900 6
fe=(63)
25 2286
fi=(69)
3228 6096
0 762
3229 762
fi=(70)
20 762
fe=(63)
+5 2286
fi=(69)
3228 6096
0 762
3229 762
fi=(70)
20 762
fe=(63)
+5 1524
fi=(19)
1915 1524
fi=(36)
900 762
0 24
fi=(57)
45 24
cob=(2)
cfi=(2)
cfn=(4642)
calls=18 -45 
* 468
* 6
-45 6
fe=(63)
16 18
fi=(69)
3228 48
0 6
3229 6
fi=(70)
20 6
fe=(63)
-4 18
fi=(69)
3228 48
0 6
3229 6
fi=(70)
20 6
fe=(63)
-4 12
fi=(19)
1915 12
fi=(36)
900 6
fe=(63)
16 2286
fi=(69)
3228 6096
0 762
3229 762
fi=(70)
20 762
fe=(63)
-4 2286
fi=(69)
3228 6096
0 762
3229 762
fi=(70)
20 762
fe=(63)
-4 1524
fi=(19)
1915 1524
fi=(36)
900 762
fe=(63)
56 24
cob=(2)
cfi=(2)
cfn=(4260)
calls=18 -56 
* 748
fi=(57)
-11 24
cob=(2)
cfi=(2)
cfn=(4642)
calls=18 -45 
* 468
* 6
-45 6
fe=(63)
25 18
fi=(69)
3228 48
0 6
3229 6
fi=(70)
20 6
fe=(63)
+5 18
fi=(69)
3228 48
0 6
3229 6
fi=(70)
20 6
fe=(63)
+5 12
fi=(19)
1915 12
fi=(36)
900 6
fe=(63)
25 2286
fi=(69)
3228 6096
0 762
3229 762
fi=(70)
20 762
fe=(63)
+5 2286
fi=(69)
3228 6096
0 762
3229 762
fi=(70)
20 762
fe=(63)
+5 1524
fi=(19)
1915 1524
fi=(36)
900 762
fi=(57)
45 24
cob=(2)
cfi=(2)
cfn=(4642)
calls=18 -45 
* 468
* 6
-45 6
fe=(63)
16 18
fi=(69)
3228 48
0 6
3229 6
fi=(70)
20 6
fe=(63)
-4 18
fi=(69)
3228 48
0 6
3229 6
fi=(70)
20 6
fe=(63)
-4 12
fi=(19)
1915 12
fi=(36)
900 6
fe=(63)
16 2286
fi=(69)
3228 6096
0 762
3229 762
fi=(70)
20 762
fe=(63)
-4 2286
fi=(69)
3228 6096
0 762
3229 762
fi=(70)
20 762
fe=(63)
-4 1524
fi=(19)
1915 1524
fi=(36)
900 762
fe=(63)
56 24
cob=(2)
cfi=(2)
cfn=(4260)
calls=18 -56 
* 748
fi=(57)
-11 24
cob=(2)
cfi=(2)
cfn=(4642)
calls=18 -45 
* 468
* 6
-45 6
fe=(63)
25 18
fi=(69)
3228 48
0 6
3229 6
fi=(70)
20 6
fe=(63)
+5 18
fi=(69)
3228 48
0 6
3229 6
fi=(70)
20 6
fe=(63)
+5 12
fi=(19)
1915 12
fi=(36)
900 6
fe=(63)
25 2286
fi=(69)
3228 6096
0 762
3229 762
fi=(70)
20 762
fe=(63)
+5 2286
fi=(69)
3228 6096
0 762
3229 762
fi=(70)
20 762
fe=(63)
+5 1524
fi=(19)
1915 1524
fi=(36)
900 762
fi=(57)
45 24
cob=(2)
cfi=(2)
cfn=(4642)
calls=18 -45 
* 468
* 6
-45 6
fe=(63)
16 18
fi=(69)
3228 48
0 6
3229 6
fi=(70)
20 6
fe=(63)
-4 18
fi=(69)
3228 48
0 6
3229 6
fi=(70)
20 6
fe=(63)
-4 12
fi=(19)
1915 12
fi=(36)
900 6
fe=(63)
16 2286
fi=(69)
3228 6096
0 762
3229 762
fi=(70)
20 762
fe=(63)
-4 2286
fi=(69)
3228 6096
0 762
3229 762
fi=(70)
20 762
fe=(63)
-4 1524
fi=(19)
1915 1524
fi=(36)
900 762
fe=(63)
56 24
cob=(2)
cfi=(2)
cfn=(4260)
calls=18 -56 
* 748
fi=(57)
-11 24
cob=(2)
cfi=(2)
cfn=(4642)
calls=18 -45 
* 468
* 6
-45 6
fe=(63)
25 18
fi=(69)
3228 48
0 6
3229 6
fi=(70)
20 6
fe=(63)
+5 18
fi=(69)
3228 12
fe=(63)
25 6
fi=(69)
3228 36
0 6
3229 6
fi=(70)
20 6
fe=(63)
+5 6
fi=(10)
898 6
fi=(19)
1915 6
fi=(36)
900 6
fe=(63)
25 2286
fi=(69)
3228 6096
0 762
3229 762
fi=(70)
20 762
fe=(63)
+5 2286
fi=(69)
3228 1524
fe=(63)
25 762
fi=(69)
3228 4572
0 762
3229 762
fi=(70)
20 762
fe=(63)
+5 762
fi=(10)
898 762
fi=(19)
1915 762
fi=(36)
900 762
fi=(57)
45 24
cob=(2)
cfi=(2)
cfn=(4642)
calls=18 -45 
* 468
* 6
-45 6
fe=(63)
16 18
fi=(69)
3228 48
0 6
3229 6
fi=(70)
20 6
fe=(63)
-4 18
fi=(69)
3228 48
0 6
3229 6
fi=(70)
20 6
fe=(63)
-4 12
fi=(19)
1915 12
fi=(36)
900 6
fe=(63)
16 2286
fi=(69)
3228 6096
0 762
3229 762
fi=(70)
20 762
fe=(63)
-4 2286
fi=(69)
3228 6096
0 762
3229 762
fi=(70)
20 762
fe=(63)
-4 1524
fi=(19)
1915 1524
fi=(36)
900 762
fe=(63)
56 24
cob=(2)
cfi=(2)
cfn=(4260)
calls=18 -56 
* 748
fi=(57)
-11 24
cob=(2)
cfi=(2)
cfn=(4642)
calls=18 -45 
* 468
* 6
-45 6
fe=(63)
25 18
fi=(69)
3228 48
0 6
3229 6
fi=(70)
20 6
fe=(63)
+5 18
fi=(69)
3228 12
fe=(63)
25 6
fi=(69)
3228 36
0 6
3229 6
fi=(70)
20 6
fe=(63)
+5 6
fi=(10)
898 6
fi=(19)
1915 6
fi=(36)
900 6
fe=(63)
25 2286
fi=(69)
3228 6096
0 762
3229 762
fi=(70)
20 762
fe=(63)
+5 2286
fi=(69)
3228 1524
fe=(63)
25 762
fi=(69)
3228 4572
0 762
3229 762
fi=(70)
20 762
fe=(63)
+5 762
fi=(10)
898 762
fi=(19)
1915 762
fi=(36)
900 762
fi=(57)
45 24
cob=(2)
cfi=(2)
cfn=(4642)
calls=18 -45 
* 468
* 6
-45 6
fe=(63)
16 18
fi=(69)
3228 48
0 6
3229 6
fi=(70)
20 6
fe=(63)
-4 18
fi=(69)
3228 48
0 6
3229 6
fi=(70)
20 6
fe=(63)
-4 12
fi=(19)
1915 12
fi=(36)
900 6
fe=(63)
16 2286
fi=(69)
3228 6096
0 762
3229 762
fi=(70)
20 762
fe=(63)
-4 2286
fi=(69)
3228 6096
0 762
3229 762
fi=(70)
20 762
fe=(63)
-4 1524
fi=(19)
1915 1524
fi=(36)
900 762
fe=(63)
56 24
cob=(2)
cfi=(2)
cfn=(4260)
calls=18 -56 
* 748
fi=(10)
898 6
fi=(36)
+2 12
fi=(19)
1915 6
fi=(36)
900 6
0 1
fe=(63)
59 4
cob=(2)
cfi=(2)
cfn=(4260)
calls=3 -59 
* 605
+1 9

fn=(5458)
40 20
fi=(57)
+41 2
-81 2
81 6
cob=(2)
cfi=(2)
cfn=(4642)
calls=3 -81 
* 8230
-81 2
45 6
cob=(2)
cfi=(2)
cfn=(4642)
calls=3 -45 
* 156
* 4
fe=(63)
-20 6
fi=(69)
3228 16
0 2
3229 2
fi=(70)
20 2
fe=(63)
+5 6
fi=(69)
3228 16
0 2
3229 2
fi=(70)
20 2
fe=(63)
+5 4
fi=(19)
1915 4
fi=(36)
900 2
fe=(63)
25 762
fi=(69)
3228 2032
0 254
3229 254
fi=(70)
20 254
fe=(63)
+5 762
fi=(69)
3228 2032
0 254
3229 254
fi=(70)
20 254
fe=(63)
+5 508
fi=(19)
1915 508
fi=(36)
900 254
0 2
fe=(63)
43 8
cob=(2)
cfi=(2)
cfn=(4260)
calls=3 -43 
* 250
-43 2
fi=(57)
45 8
cob=(2)
cfi=(2)
cfn=(4642)
calls=3 -45 
* 156
fe=(63)
-20 768
fi=(69)
3228 2048
0 256
3229 256
fi=(70)
20 256
fe=(63)
+5 768
fi=(69)
3228 512
fe=(63)
25 256
fi=(69)
3228 1536
0 256
3229 256
fi=(70)
20 256
fe=(63)
+5 256
fi=(10)
898 256
fi=(19)
1915 256
fi=(36)
900 256
fe=(63)
43 10
cob=(2)
cfi=(2)
cfn=(4260)
calls=3 -43 
* 250
-43 2
fi=(57)
45 8
cob=(2)
cfi=(2)
cfn=(4642)
calls=3 -45 
* 156
-45 2
fe=(63)
25 6
fi=(69)
3228 16
0 2
3229 2
fi=(70)
20 2
fe=(63)
+5 6
fi=(69)
3228 4
fe=(63)
25 2
fi=(69)
3228 12
0 2
3229 2
fi=(70)
20 2
fe=(63)
+5 2
fi=(10)
898 2
fi=(19)
1915 2
fi=(36)
900 2
fe=(63)
25 762
fi=(69)
3228 2032
0 254
3229 254
fi=(70)
20 254
fe=(63)
+5 762
fi=(69)
3228 508
fe=(63)
25 254
fi=(69)
3228 1524
0 254
3229 254
fi=(70)
20 254
fe=(63)
+5 254
fi=(10)
898 254
fi=(19)
1915 254
fi=(36)
900 254
0 2
fe=(63)
43 8
cob=(2)
cfi=(2)
cfn=(4260)
calls=3 -43 
* 250
-43 2
fi=(57)
45 8
cob=(2)
cfi=(2)
cfn=(4642)
calls=3 -45 
* 156
-45 2
fe=(63)
25 6
fi=(69)
3228 16
0 2
3229 2
fi=(70)
20 2
fe=(63)
+5 6
fi=(69)
3228 4
fe=(63)
25 2
fi=(69)
3228 12
0 2
3229 2
fi=(70)
20 2
fe=(63)
+5 2
fi=(10)
898 2
fi=(19)
1915 2
fi=(36)
900 2
fe=(63)
25 762
fi=(69)
3228 2032
0 254
3229 254
fi=(70)
20 254
fe=(63)
+5 762
fi=(69)
3228 508
fe=(63)
25 254
fi=(69)
3228 1524
0 254
3229 254
fi=(70)
20 254
fe=(63)
+5 254
fi=(10)
898 254
fi=(19)
1915 254
fi=(36)
900 254
fe=(63)
43 10
cob=(2)
cfi=(2)
cfn=(4260)
calls=3 -43 
* 250
-43 2
fi=(57)
45 8
cob=(2)
cfi=(2)
cfn=(4642)
calls=3 -45 
* 156
-45 2
fe=(63)
25 6
fi=(69)
3228 16
0 2
3229 2
fi=(70)
20 2
fe=(63)
+5 6
fi=(69)
3228 4
fe=(63)
25 2
fi=(69)
3228 12
0 2
3229 2
fi=(70)
20 2
fe=(63)
+5 2
fi=(10)
898 2
fi=(19)
1915 2
fi=(36)
900 2
fe=(63)
25 762
fi=(69)
3228 2032
0 254
3229 254
fi=(70)
20 254
fe=(63)
+5 762
fi=(69)
3228 508
fe=(63)
25 254
fi=(69)
3228 1524
0 254
3229 254
fi=(70)
20 254
fe=(63)
+5 254
fi=(10)
898 254
fi=(19)
1915 254
fi=(36)
900 254
fe=(63)
43 10
cob=(2)
cfi=(2)
cfn=(4260)
calls=3 -43 
* 250
-43 2
fi=(57)
45 8
cob=(2)
cfi=(2)
cfn=(4642)
calls=3 -45 
* 156
-45 2
fe=(63)
25 6
fi=(69)
3228 16
0 2
3229 2
fi=(70)
20 2
fe=(63)
+5 6
fi=(69)
3228 4
fe=(63)
25 2
fi=(69)
3228 12
0 2
3229 2
fi=(70)
20 2
fe=(63)
+5 2
fi=(10)
898 2
fi=(19)
1915 2
fi=(36)
900 2
fe=(63)
25 762
fi=(69)
3228 2032
0 254
3229 254
fi=(70)
20 254
fe=(63)
+5 762
fi=(69)
3228 508
fe=(63)
25 254
fi=(69)
3228 1524
0 254
3229 254
fi=(70)
20 254
fe=(63)
+5 254
fi=(10)
898 254
fi=(19)
1915 254
fi=(36)
900 254
fe=(63)
43 10
cob=(2)
cfi=(2)
cfn=(4260)
calls=3 -43 
* 250
+3 18
-6 10
fi=(57)
+41 1
-81 1
81 3
cob=(2)
cfi=(2)
cfn=(4642)
calls=1 -81 
* 3091
-81 1
45 3
cob=(2)
cfi=(2)
cfn=(4642)
calls=1 -45 
* 78
* 2
fe=(63)
-20 3
fi=(69)
3228 8
0 1
3229 1
fi=(70)
20 1
fe=(63)
+5 3
fi=(69)
3228 8
0 1
3229 1
fi=(70)
20 1
fe=(63)
+5 2
fi=(19)
1915 2
fi=(36)
900 1
fe=(63)
25 381
fi=(69)
3228 1016
0 127
3229 127
fi=(70)
20 127
fe=(63)
+5 381
fi=(69)
3228 1016
0 127
3229 127
fi=(70)
20 127
fe=(63)
+5 254
fi=(19)
1915 254
fi=(36)
900 127
0 1
fe=(63)
43 4
cob=(2)
cfi=(2)
cfn=(4260)
calls=1 -43 
* 125
-43 1
fi=(57)
45 4
cob=(2)
cfi=(2)
cfn=(4642)
calls=1 -45 
* 78
fe=(63)
-20 384
fi=(69)
3228 1024
0 128
3229 128
fi=(70)
20 128
fe=(63)
+5 384
fi=(69)
3228 256
fe=(63)
25 128
fi=(69)
3228 768
0 128
3229 128
fi=(70)
20 128
fe=(63)
+5 128
fi=(10)
898 128
fi=(19)
1915 128
fi=(36)
900 128
fe=(63)
43 5
cob=(2)
cfi=(2)
cfn=(4260)
calls=1 -43 
* 125
-43 1
fi=(57)
45 4
cob=(2)
cfi=(2)
cfn=(4642)
calls=1 -45 
* 78
-45 1
fe=(63)
25 3
fi=(69)
3228 8
0 1
3229 1
fi=(70)
20 1
fe=(63)
+5 3
fi=(69)
3228 2
fe=(63)
25 1
fi=(69)
3228 6
0 1
3229 1
fi=(70)
20 1
fe=(63)
+5 1
fi=(10)
898 1
fi=(19)
1915 1
fi=(36)
900 1
fe=(63)
25 381
fi=(69)
3228 1016
0 127
3229 127
fi=(70)
20 127
fe=(63)
+5 381
fi=(69)
3228 254
fe=(63)
25 127
fi=(69)
3228 762
0 127
3229 127
fi=(70)
20 127
fe=(63)
+5 127
fi=(10)
898 127
fi=(19)
1915 127
fi=(36)
900 127
0 1
fe=(63)
43 4
cob=(2)
cfi=(2)
cfn=(4260)
calls=1 -43 
* 125
-43 1
fi=(57)
45 4
cob=(2)
cfi=(2)
cfn=(4642)
calls=1 -45 
* 78
-45 1
fe=(63)
25 3
fi=(69)
3228 8
0 1
3229 1
fi=(70)
20 1
fe=(63)
+5 3
fi=(69)
3228 2
fe=(63)
25 1
fi=(69)
3228 6
0 1
3229 1
fi=(70)
20 1
fe=(63)
+5 1
fi=(10)
898 1
fi=(19)
1915 1
fi=(36)
900 1
fe=(63)
25 381
fi=(69)
3228 1016
0 127
3229 127
fi=(70)
20 127
fe=(63)
+5 381
fi=(69)
3228 254
fe=(63)
25 127
fi=(69)
3228 762
0 127
3229 127
fi=(70)
20 127
fe=(63)
+5 127
fi=(10)
898 127
fi=(19)
1915 127
fi=(36)
900 127
fe=(63)
43 5
cob=(2)
cfi=(2)
cfn=(4260)
calls=1 -43 
* 125
-43 1
fi=(57)
45 4
cob=(2)
cfi=(2)
cfn=(4642)
calls=1 -45 
* 78
-45 1
fe=(63)
25 3
fi=(69)
3228 8
0 1
3229 1
fi=(70)
20 1
fe=(63)
+5 3
fi=(69)
3228 2
fe=(63)
25 1
fi=(69)
3228 6
0 1
3229 1
fi=(70)
20 1
fe=(63)
+5 1
fi=(10)
898 1
fi=(19)
1915 1
fi=(36)
900 1
fe=(63)
25 381
fi=(69)
3228 1016
0 127
3229 127
fi=(70)
20 127
fe=(63)
+5 381
fi=(69)
3228 254
fe=(63)
25 127
fi=(69)
3228 762
0 127
3229 127
fi=(70)
20 127
fe=(63)
+5 127
fi=(10)
898 127
fi=(19)
1915 127
fi=(36)
900 127
fe=(63)
43 5
cob=(2)
cfi=(2)
cfn=(4260)
calls=1 -43 
* 125
+3 9

fl=(14)
fn=(5438)
1717 2
fi=(52)
180 2
0 15
fi=(59)
44 3
fi=(18)
552 6
cob=(2)
cfi=(2)
cfn=(4260)
calls=1 0 
* 30
fi=(55)
61 3
cfi=(51)
cfn=(5008)
calls=1 166 
* 6158
fi=(59)
-17 4
cob=(2)
cfi=(2)
cfn=(4260)
calls=1 -44 
* 30
fe=(14)
1717 2
fi=(52)
180 1
0 7
fi=(59)
46 2
fe=(14)

fl=(51)
fn=(5010) keccak::keccak_p
236 1568
+1 448
0 224
fi=(14)
1717 224
fi=(52)
180 224
0 5600
180 672
0 4704
fi=(53) /rustc/ac68faa20c58cbccd01ee7208bf3b6e93a7d7f96/library/core/src/ops/bit.rs
898 1568
0 448
898 448
fi=(52)
0 10304
fi=(53)
898 36064
0 10304
898 87584
0 5152
898 25760
0 5152
898 10304
0 5152
898 5152
fi=(54)
2030 10304
fi=(53)
386 5152
fi=(54)
2030 5152
fi=(53)
386 5152
898 30912
0 10304
898 5152
fi=(54)
2030 5152
fi=(53)
386 5152
fi=(54)
2030 5152
fi=(53)
386 5152
898 18816
0 224
898 1120
0 224
898 448
0 224
898 224
fi=(54)
2030 448
fi=(53)
386 224
fi=(54)
2030 224
fi=(53)
386 224
898 1344
0 448
898 224
fi=(54)
2030 224
fi=(53)
386 224
fi=(54)
2030 224
fi=(53)
386 224
898 2464
0 224
898 224
0 224
898 41664
0 5152
898 5152
0 5152
898 20608
0 5152
fi=(54)
2030 5152
fi=(53)
386 5152
898 10304
0 5152
898 15456
0 5152
fi=(54)
2030 10304
0 10304
2030 15456
fi=(53)
63 10304
178 5152
0 5152
63 10304
178 5152
386 5152
0 5152
63 5152
178 5152
386 5152
0 10304
63 10304
178 5152
fi=(54)
2030 36064
fi=(53)
63 10304
178 5152
386 5152
898 448
0 224
fi=(54)
2030 224
fi=(53)
386 224
898 448
0 224
898 672
0 224
fi=(54)
2030 448
0 448
2030 672
fi=(53)
63 448
178 224
0 224
63 448
178 224
386 224
0 224
63 224
178 224
386 224
0 448
63 448
178 224
fi=(54)
2030 1568
fi=(53)
63 448
178 224
386 224
0 224
63 448
-63 224
178 224
386 224
0 224
63 224
178 224
386 224
0 224
63 448
-63 5152
63 10304
-63 5152
178 5152
386 5152
0 5152
63 5152
178 5152
386 5152
0 5152
63 10304
178 5152
63 5152
178 5152
0 10304
fi=(54)
2030 5152
0 5152
2030 10304
0 10304
2030 5152
fi=(53)
63 10304
178 5152
386 5152
0 5152
63 10304
178 5152
386 5152
63 10304
178 5152
63 5152
178 5152
0 5152
63 10304
178 5152
386 5152
0 5152
386 5152
0 10304
63 10304
178 5152
386 10304
0 5152
386 10304
fi=(54)
2030 10304
0 5152
2030 5152
fi=(53)
178 224
63 224
178 224
0 448
fi=(54)
2030 224
0 224
2030 448
0 448
2030 224
fi=(53)
63 448
178 224
386 224
0 224
63 448
178 224
386 224
63 448
178 224
63 224
178 224
0 224
63 448
178 224
386 224
0 224
386 224
0 448
63 448
178 224
386 448
0 224
386 448
fi=(54)
2030 448
0 224
2030 224
0 224
2030 448
0 224
2030 224
0 448
2030 224
0 448
2030 224
0 224
2030 224
0 5152
2030 10304
0 5152
2030 5152
0 10304
2030 5152
0 10304
2030 5152
0 5152
2030 5152
fi=(53)
386 5152
0 10304
fi=(54)
2030 5152
fi=(53)
63 10304
178 5152
63 10304
178 5152
63 10304
178 5152
386 5152
63 5152
178 5152
386 5152
63 10304
178 5152
63 10304
178 5152
386 5152
63 5152
178 5152
0 5152
63 10304
-63 5152
178 5152
386 5152
0 5152
386 10304
0 5152
63 5152
178 5152
0 5152
386 5152
0 5152
386 10304
0 5152
63 5152
178 5152
0 5152
386 224
0 448
fi=(54)
2030 224
fi=(53)
63 448
178 224
63 448
178 224
63 448
178 224
386 224
63 224
178 224
386 224
63 448
178 224
63 448
178 224
386 224
63 224
178 224
0 224
63 448
-63 224
178 224
386 224
0 224
386 448
0 224
63 224
178 224
0 224
386 224
0 224
386 448
0 224
63 224
178 224
0 224
386 224
0 448
386 224
0 224
898 896
0 224
fi=(14)
1717 224
fi=(52)
180 224
fi=(53)
386 5152
0 10304
386 5152
0 5152
898 20608
0 5152
fi=(14)
1717 5152
fi=(52)
180 5152
0 9408
fe=(51)
291 1792

fn=(5008)
166 224
cfn=(5010)
calls=663 +70 
* 1379168

ob=(2)
fl=(2)
fn=(3920) 0x00000000000276c0
cob=(6)
cfi=(6)
cfn=(3934)
calls=1 0 
0 7614873

fn=(4260)
0 267807

fn=(4626)
0 192
cfn=(4280) 0x00000000000a6140
calls=42 0 
0 1232
0 94714

fn=(4232)
0 165
cfn=(4234) 0x00000000000a80c0
calls=8 0 
0 821
0 33

fn=(3994)
0 78
cfn=(4000) 0x00000000000a6dc0
calls=29 0 
0 606
0 318

fn=(4000)
0 2517
cfn=(4726) 0x00000000000a4e90
calls=10 0 
0 81
0 131

fn=(3876)
cfn=(3920)
calls=1 0 
0 7614873

fn=(4280)
0 1031
cfn=(4298) 0x00000000000a4f60
calls=47 0 
0 236
0 247

fn=(4274) 0x00000000000a6290
0 36
cfn=(4280)
calls=6 0 
0 282
0 15

fn=(4298)
0 236

fn=(4760)
0 255
cfn=(4000)
calls=33 0 
0 1926
0 175866

fn=(4234)
0 137
cfn=(4000)
calls=4 0 
0 197
0 35
cfn=(4274)
calls=2 0 
0 222
0 18
cfn=(4726)
calls=2 0 
0 41
0 22
cfn=(4260)
calls=4 0 
0 30
0 6
cfn=(4274)
calls=4 0 
0 111
0 2

fn=(4642)
0 100774

fn=(4726)
0 122

totals: 7614873
