# callgrind format
version: 1
creator: callgrind-3.25.1
pid: 243801
cmd:  target/release/examples/profile
part: 1


desc: I1 cache: 
desc: D1 cache: 
desc: LL cache: 

desc: Timerange: Basic block 0 - 2086106
desc: Trigger: Program termination

positions: line
events: Ir
summary: 4954338


ob=(1) /usr/lib/ld-linux-x86-64.so.2
fl=(1) ???
fn=(0) 0x000000000001f300
cob=(6) /home/rick/unl/king's/thesis/ml-dsa/target/release/examples/profile
cfi=(6) ???
cfn=(3874) (below main)
calls=1 0 
0 4954338

ob=(6)
fl=(44) /home/rick/unl/king's/thesis/ml-dsa/ml-dsa/src/lib.rs
fn=(4966) ml_dsa::ml_dsa_65::key_gen_internal
67 1
cfi=(45) /home/rick/unl/king's/thesis/ml-dsa/ml-dsa/src/keygen.rs
cfn=(4968) ml_dsa::keygen::key_gen_internal
calls=1 -52 
* 4954329

fl=(48) /home/rick/.cargo/registry/src/index.crates.io-1949cf8c6b5b557f/block-buffer-0.10.4/src/lib.rs
fn=(5078) block_buffer::BlockBuffer<BlockSize,block_buffer::Eager>::set_data
250 84579
-54 15378
+62 7689
0 15078
259 22617
0 7419
fi=(47) /rustc/ac68faa20c58cbccd01ee7208bf3b6e93a7d7f96/library/core/src/slice/index.rs
89 7419
fi=(18) /rustc/ac68faa20c58cbccd01ee7208bf3b6e93a7d7f96/library/core/src/ptr/mod.rs
552 22257
cob=(2) /usr/lib/libc.so.6
cfi=(2) ???
cfn=(4260) 0x0000000000171fc0
calls=22257 0 
* 133542
fe=(48)
239 7419
0 7869
fi=(20) /rustc/ac68faa20c58cbccd01ee7208bf3b6e93a7d7f96/library/core/src/ptr/mut_ptr.rs
961 120
0 120
fi=(47)
89 120
fi=(18)
552 240
cob=(2)
cfi=(2)
cfn=(4260)
calls=360 0 
* 2160
0 120
fe=(48)
344 840
0 120
fi=(14) /rustc/ac68faa20c58cbccd01ee7208bf3b6e93a7d7f96/library/core/src/ptr/non_null.rs
1717 120
fi=(52) /rustc/ac68faa20c58cbccd01ee7208bf3b6e93a7d7f96/library/core/src/slice/iter/macros.rs
180 120
fe=(48)
344 900
0 150
fi=(14)
1717 150
fi=(52)
180 150
0 270
fe=(48)
274 810
0 750
fi=(18)
552 750
cob=(2)
cfi=(2)
cfn=(4260)
calls=450 0 
* 4500
fi=(55) /home/rick/.cargo/registry/src/index.crates.io-1949cf8c6b5b557f/sha3-0.10.9/src/state.rs
61 450
cfi=(51) /home/rick/.cargo/registry/src/index.crates.io-1949cf8c6b5b557f/keccak-0.1.6/src/lib.rs
cfn=(5008) keccak::p1600
calls=450 166 
* 923700
fi=(18)
552 600
cob=(2)
cfi=(2)
cfn=(4260)
calls=450 0 
* 2700
fe=(48)
278 600
cob=(2)
cfi=(2)
cfn=(4260)
calls=450 0 
* 4500
-39 7689
+42 61512

fl=(46) /home/rick/unl/king's/thesis/ml-dsa/ml-dsa/src/hash.rs
fn=(4970) ml_dsa::hash::H::absorb
26 140
fi=(49) /home/rick/.cargo/registry/src/index.crates.io-1949cf8c6b5b557f/digest-0.10.7/src/core_api/wrapper.rs
149 14
fi=(48)
+47 14
0 14
146 14
fi=(66) /home/rick/.cargo/registry/src/index.crates.io-1949cf8c6b5b557f/block-buffer-0.10.4/src/sealed.rs
17 28
fi=(48)
155 14
fi=(47)
-54 13
fi=(18)
552 39
cob=(2)
cfi=(2)
cfn=(4260)
calls=34 0 
* 272
fi=(48)
158 13
0 13
161 2
fi=(66)
0 2
23 7
fi=(87) /rustc/ac68faa20c58cbccd01ee7208bf3b6e93a7d7f96/library/core/src/ptr/const_ptr.rs
863 1
fi=(48)
169 2
0 2
fi=(26) /rustc/ac68faa20c58cbccd01ee7208bf3b6e93a7d7f96/library/core/src/result.rs
1718 1
fi=(55)
46 5
fi=(26)
1718 1
fi=(55)
46 2
fi=(26)
1718 1
fi=(55)
46 3
fi=(26)
1718 1
fi=(55)
46 2
fi=(26)
1718 1
fi=(55)
46 3
fi=(26)
1718 1
fi=(55)
46 3
fi=(26)
1718 1
fi=(55)
46 3
fi=(26)
1718 1
fi=(55)
46 3
fi=(26)
1718 1
fi=(55)
46 1
+3 1
fi=(14)
659 1
fi=(55)
49 2
cfi=(51)
cfn=(5008)
calls=4 166 
* 6158
fi=(26)
1718 13
fi=(55)
46 65
fi=(26)
1718 13
fi=(55)
46 26
fi=(26)
1718 13
fi=(55)
46 39
fi=(26)
1718 13
fi=(55)
46 26
fi=(26)
1718 13
fi=(55)
46 39
fi=(26)
1718 13
fi=(55)
46 39
fi=(26)
1718 13
fi=(55)
46 39
fi=(26)
1718 13
fi=(55)
46 39
fi=(26)
1718 13
fi=(55)
46 13
+3 13
fi=(14)
659 13
fi=(55)
49 26
cfi=(51)
cfn=(5008)
calls=34 166 
* 80054
fi=(14)
1717 14
fi=(52)
180 14
fi=(18)
552 4
cob=(2)
cfi=(2)
cfn=(4260)
calls=4 0 
* 12
fi=(48)
239 14
fe=(46)
28 112

fn=(5058) ml_dsa::hash::G::absorb
64 300
fi=(49)
+85 30
fi=(48)
+47 30
0 30
146 30
fi=(66)
17 60
fi=(48)
155 30
fi=(47)
-54 30
fi=(18)
552 90
cob=(2)
cfi=(2)
cfn=(4260)
calls=90 0 
* 360
fi=(48)
158 30
0 30
239 30
fe=(46)
66 240

fn=(5066) ml_dsa::hash::G::finalize
68 210
fi=(49)
203 30
0 60
203 60
cob=(2)
cfi=(2)
cfn=(4260)
calls=90 0 
* 900
* 150
cob=(2)
cfi=(2)
cfn=(4260)
calls=90 0 
* 900
fi=(48)
-7 30
fi=(47)
-95 60
0 30
fi=(52)
180 30
fi=(48)
+8 60
cob=(2)
cfi=(2)
cfn=(4642) 0x00000000001729c0
calls=90 0 
* 780
fi=(50) /home/rick/.cargo/registry/src/index.crates.io-1949cf8c6b5b557f/sha3-0.10.9/src/macros.rs
-49 30
+2 30
fi=(55)
-95 900
fi=(26)
1718 30
fi=(55)
46 30
+3 90
cfi=(51)
cfn=(5008)
calls=90 166 
* 184740
-49 30
8 120
cob=(2)
cfi=(2)
cfn=(4260)
calls=90 -8 
* 900
fi=(48)
+68 360
fe=(46)
-7 120
cob=(2)
cfi=(2)
cfn=(4260)
calls=90 -69 
* 1950
+1 210

fn=(4998) ml_dsa::hash::H::finalize
30 91
fi=(49)
203 13
0 26
203 26
cob=(2)
cfi=(2)
cfn=(4260)
calls=25 0 
* 390
* 65
cob=(2)
cfi=(2)
cfn=(4260)
calls=25 0 
* 390
fi=(48)
-7 13
fi=(47)
-95 13
0 13
fi=(52)
180 13
fi=(48)
+8 26
cob=(2)
cfi=(2)
cfn=(4642)
calls=25 0 
* 247
fi=(50)
-49 13
+2 13
fi=(55)
-95 312
fi=(26)
1718 13
fi=(55)
46 13
+3 39
cfi=(51)
cfn=(5008)
calls=25 166 
* 80054
-49 13
8 52
cob=(2)
cfi=(2)
cfn=(4260)
calls=25 -8 
* 390
fi=(48)
+68 130
fe=(46)
-45 52
cob=(2)
cfi=(2)
cfn=(4260)
calls=25 -31 
* 845
+1 91

fn=(5020) ml_dsa::hash::HReader::squeeze_vec
42 9
fi=(54) /rustc/ac68faa20c58cbccd01ee7208bf3b6e93a7d7f96/library/core/src/intrinsics/mod.rs
457 1
fi=(34) /rustc/ac68faa20c58cbccd01ee7208bf3b6e93a7d7f96/library/alloc/src/raw_vec/mod.rs
0 2
460 1
0 1
cfi=(6)
cfn=(4864) __rustc::__rust_no_alloc_shim_is_unstable_v2
calls=7 0 
0 1
0 1
fi=(23) /rustc/ac68faa20c58cbccd01ee7208bf3b6e93a7d7f96/library/alloc/src/alloc.rs
198 3
cfi=(6)
cfn=(5024) __rustc::__rust_alloc_zeroed
calls=7 0 
* 249
fi=(34)
469 2
0 1
fi=(59) /home/rick/.cargo/registry/src/index.crates.io-1949cf8c6b5b557f/digest-0.10.7/src/core_api/xof_reader.rs
41 1
fi=(48)
196 2
+62 1
0 5
fi=(18)
0 1
fi=(48)
344 6
0 1
fi=(14)
1717 1
fi=(52)
180 1
0 3
fi=(48)
274 1
0 2
fi=(18)
552 3
cob=(2)
cfi=(2)
cfn=(4260)
calls=7 0 
* 30
fi=(55)
61 3
cfi=(51)
cfn=(5008)
calls=7 166 
* 6158
fi=(48)
-61 3
fi=(18)
552 5
cob=(2)
cfi=(2)
cfn=(4260)
calls=7 0 
* 22
fi=(48)
278 4
cob=(2)
cfi=(2)
cfn=(4260)
calls=7 0 
* 30
* 1
0 2
239 1
fe=(46)
45 3
+1 9

fn=(5094) ml_dsa::hash::HReader::squeeze
37 22608
fi=(59)
+4 2512
-41 2512
fi=(48)
196 5024
+62 2512
0 4978
259 7467
fi=(47)
89 2478
fi=(18)
552 7434
cob=(2)
cfi=(2)
cfn=(4260)
calls=2576 0 
* 39648
fi=(48)
239 2478
0 5002
fi=(20)
961 11
fi=(47)
89 11
fi=(18)
552 33
cob=(2)
cfi=(2)
cfn=(4260)
calls=11 0 
* 176
0 11
fi=(48)
344 11
0 11
344 77
0 11
fi=(14)
1717 22
fi=(52)
180 11
fi=(48)
0 23
344 161
0 23
fi=(14)
1717 46
fi=(52)
180 23
0 34
fi=(48)
274 68
0 69
fi=(18)
552 92
cob=(2)
cfi=(2)
cfn=(4260)
calls=29 0 
* 690
fi=(55)
61 69
cfi=(51)
cfn=(5008)
calls=29 166 
* 141634
fi=(18)
552 92
cob=(2)
cfi=(2)
cfn=(4260)
calls=29 0 
* 364
fi=(48)
278 92
cob=(2)
cfi=(2)
cfn=(4260)
calls=29 0 
* 690
-39 2512
fe=(46)
39 20096

fl=(60) /home/rick/unl/king's/thesis/ml-dsa/ml-dsa/src/encoding.rs
fn=(5178) ml_dsa::encoding::bits_to_bytes
51 184
fi=(10) /rustc/ac68faa20c58cbccd01ee7208bf3b6e93a7d7f96/library/core/src/num/uint_macros.rs
3714 46
fi=(34)
460 23
0 23
cfi=(6)
cfn=(4864)
calls=40 0 
0 23
fi=(23)
198 69
cfi=(6)
cfn=(5024)
calls=40 0 
* 3031
fi=(34)
469 46
0 23
fi=(19) /rustc/ac68faa20c58cbccd01ee7208bf3b6e93a7d7f96/library/core/src/cmp.rs
1915 23
fi=(36) /rustc/ac68faa20c58cbccd01ee7208bf3b6e93a7d7f96/library/core/src/iter/range.rs
900 23
0 46
fe=(60)
55 46
fi=(47)
278 46
fe=(60)
55 93138
fi=(47)
278 93138
fi=(10)
898 46592
fe=(60)
55 186368
-55 46592
fi=(19)
1915 46592
fi=(36)
900 46592
fe=(60)
57 69
+1 161

fn=(5160) ml_dsa::encoding::simple_bit_pack
99 54
fi=(10)
+55 18
fe=(60)
16 6
+85 12
fi=(34)
460 18
0 6
cfi=(6)
cfn=(4864)
calls=18 0 
0 6
fi=(23)
101 18
cfi=(6)
cfn=(4866) __rustc::__rust_alloc
calls=18 0 
* 826
fi=(34)
469 12
fi=(35) /rustc/ac68faa20c58cbccd01ee7208bf3b6e93a7d7f96/library/alloc/src/vec/mod.rs
977 66
0 24
fe=(60)
103 6
fi=(34)
0 6
cfi=(6)
cfn=(4864)
calls=18 0 
0 6
fi=(35)
0 3060
fe=(60)
103 1530
fi=(34)
0 1530
cfi=(6)
cfn=(4864)
calls=4590 0 
0 1530
fi=(23)
198 4608
cfi=(6)
cfn=(5024)
calls=4608 0 
* 103073
fi=(34)
469 3072
0 3072
fi=(36)
900 1536
0 3072
fe=(60)
24 23040
fi=(10)
898 1536
fe=(60)
25 1536
fi=(36)
900 3072
fe=(60)
24 23040
fi=(10)
898 1536
fe=(60)
25 1536
fi=(36)
900 3072
0 1536
900 6144
0 1536
fe=(60)
24 4608
+1 1536
fi=(36)
900 4608
fe=(60)
24 4608
+1 1536
fi=(36)
900 4608
fi=(34)
619 1536
fi=(10)
2548 1536
0 1536
fi=(34)
767 3072
0 3072
fi=(20)
961 1536
fi=(18)
552 4608
cob=(2)
cfi=(2)
cfn=(4260)
calls=4608 0 
* 19968
fi=(35)
2912 3072
fi=(23)
128 6144
cfi=(6)
cfn=(4956) __rustc::__rust_dealloc
calls=4608 0 
* 53760
fi=(19)
1915 1536
fi=(36)
900 1542
fi=(35)
0 6
fe=(60)
105 30
cfn=(5178)
calls=18 -54 
* 185272
fi=(34)
424 6
634 12
fi=(23)
128 18
cfi=(6)
cfn=(4956)
calls=18 0 
* 750
fe=(60)
-22 54

fn=(5228) ml_dsa::encoding::bit_pack
109 136
+1 17
0 17
fi=(10)
154 51
fe=(60)
16 17
+95 34
fi=(34)
460 51
0 34
cfi=(6)
cfn=(4864)
calls=22 0 
0 17
fi=(23)
101 51
cfi=(6)
cfn=(4866)
calls=22 0 
* 1450
fi=(34)
469 34
fi=(35)
977 221
0 85
fe=(60)
113 17
fi=(34)
0 17
cfi=(6)
cfn=(4864)
calls=22 0 
0 17
fi=(35)
0 13005
fe=(60)
113 4335
fi=(34)
0 4335
cfi=(6)
cfn=(4864)
calls=5610 0 
0 4335
fi=(23)
198 17408
cfi=(6)
cfn=(5024)
calls=5632 0 
* 280320
fi=(34)
469 8704
fe=(60)
0 8704
113 4352
0 4352
fi=(36)
900 4352
0 13056
fe=(60)
24 65280
fi=(10)
898 4352
fe=(60)
25 4352
fi=(36)
900 8704
fe=(60)
24 46080
fi=(10)
898 3072
fe=(60)
25 3072
fi=(36)
900 6144
0 8704
900 8960
0 1536
fe=(60)
24 4608
+1 1536
fi=(36)
900 4608
fi=(34)
619 4352
fi=(10)
2548 4352
fi=(34)
767 8704
fe=(60)
0 8704
fi=(20)
961 4352
fi=(18)
552 13056
cob=(2)
cfi=(2)
cfn=(4260)
calls=5632 0 
* 62208
fi=(35)
2912 8704
fi=(23)
128 17408
cfi=(6)
cfn=(4956)
calls=5632 0 
* 152320
fi=(19)
1915 4352
fi=(36)
900 4369
fi=(35)
0 17
fe=(60)
116 85
cfn=(5178)
calls=22 -65 
* 377622
fi=(34)
424 17
634 34
fi=(23)
128 51
cfi=(6)
cfn=(4956)
calls=22 0 
* 1081
fe=(60)
-11 153

fl=(30) /rustc/ac68faa20c58cbccd01ee7208bf3b6e93a7d7f96/library/std/src/sys/backtrace.rs
fn=(4904) std::sys::backtrace::__rust_begin_short_backtrace
fi=(88) /rustc/ac68faa20c58cbccd01ee7208bf3b6e93a7d7f96/library/core/src/ops/function.rs
cfi=(31) /home/rick/unl/king's/thesis/ml-dsa/ml-dsa/examples/profile.rs
cfn=(4906) profile::main
calls=1 101 
250 4954338
fe=(30)

fl=(63) /home/rick/unl/king's/thesis/ml-dsa/ml-dsa/src/ntt_arith.rs
fn=(5126) ml_dsa::ntt_arith::matrix_vector_ntt
49 20
cob=(2)
cfi=(2)
cfn=(4642)
calls=3 -49 
* 6163
* 1
-49 1
fi=(57) /home/rick/unl/king's/thesis/ml-dsa/ml-dsa/src/poly.rs
45 4
cob=(2)
cfi=(2)
cfn=(4642)
calls=3 -45 
* 78
* 20
cob=(2)
cfi=(2)
cfn=(4642)
calls=15 -45 
* 390
* 6
-45 6
fe=(63)
25 18
fi=(69) /rustc/ac68faa20c58cbccd01ee7208bf3b6e93a7d7f96/library/core/src/num/int_macros.rs
3228 48
0 6
3229 6
fi=(70) /home/rick/unl/king's/thesis/ml-dsa/ml-dsa/src/field.rs
20 6
fe=(63)
+5 18
fi=(69)
3228 48
0 6
3229 6
fi=(70)
20 6
fe=(63)
+5 12
fi=(19)
1915 12
fi=(36)
900 6
fe=(63)
25 2286
fi=(69)
3228 6096
0 762
3229 762
fi=(70)
20 762
fe=(63)
+5 2286
fi=(69)
3228 6096
0 762
3229 762
fi=(70)
20 762
fe=(63)
+5 1524
fi=(19)
1915 1524
fi=(36)
900 762
0 24
fi=(57)
45 24
cob=(2)
cfi=(2)
cfn=(4642)
calls=18 -45 
* 468
* 6
-45 6
fe=(63)
16 18
fi=(69)
3228 48
0 6
3229 6
fi=(70)
20 6
fe=(63)
-4 18
fi=(69)
3228 48
0 6
3229 6
fi=(70)
20 6
fe=(63)
-4 12
fi=(19)
1915 12
fi=(36)
900 6
fe=(63)
16 2286
fi=(69)
3228 6096
0 762
3229 762
fi=(70)
20 762
fe=(63)
-4 2286
fi=(69)
3228 6096
0 762
3229 762
fi=(70)
20 762
fe=(63)
-4 1524
fi=(19)
1915 1524
fi=(36)
900 762
fe=(63)
56 24
cob=(2)
cfi=(2)
cfn=(4260)
calls=18 -56 
* 748
fi=(57)
-11 24
cob=(2)
cfi=(2)
cfn=(4642)
calls=18 -45 
* 468
* 6
-45 6
fe=(63)
25 18
fi=(69)
3228 48
0 6
3229 6
fi=(70)
20 6
fe=(63)
+5 18
fi=(69)
3228 48
0 6
3229 6
fi=(70)
20 6
fe=(63)
+5 12
fi=(19)
1915 12
fi=(36)
900 6
fe=(63)
25 2286
fi=(69)
3228 6096
0 762
3229 762
fi=(70)
20 762
fe=(63)
+5 2286
fi=(69)
3228 6096
0 762
3229 762
fi=(70)
20 762
fe=(63)
+5 1524
fi=(19)
1915 1524
fi=(36)
900 762
fi=(57)
45 24
cob=(2)
cfi=(2)
cfn=(4642)
calls=18 -45 
* 468
* 6
-45 6
fe=(63)
16 18
fi=(69)
3228 48
0 6
3229 6
fi=(70)
20 6
fe=(63)
-4 18
fi=(69)
3228 48
0 6
3229 6
fi=(70)
20 6
fe=(63)
-4 12
fi=(19)
1915 12
fi=(36)
900 6
fe=(63)
16 2286
fi=(69)
3228 6096
0 762
3229 762
fi=(70)
20 762
fe=(63)
-4 2286
fi=(69)
3228 6096
0 762
3229 762
fi=(70)
20 762
fe=(63)
-4 1524
fi=(19)
1915 1524
fi=(36)
900 762
fe=(63)
56 24
cob=(2)
cfi=(2)
cfn=(4260)
calls=18 -56 
* 748
fi=(57)
-11 24
cob=(2)
cfi=(2)
cfn=(4642)
calls=18 -45 
* 468
* 6
-45 6
fe=(63)
25 18
fi=(69)
3228 48
0 6
3229 6
fi=(70)
20 6
fe=(63)
+5 18
fi=(69)
3228 48
0 6
3229 6
fi=(70)
20 6
fe=(63)
+5 12
fi=(19)
1915 12
fi=(36)
900 6
fe=(63)
25 2286
fi=(69)
3228 6096
0 762
3229 762
fi=(70)
20 762
fe=(63)
+5 2286
fi=(69)
3228 6096
0 762
3229 762
fi=(70)
20 762
fe=(63)
+5 1524
fi=(19)
1915 1524
fi=(36)
900 762
fi=(57)
45 24
cob=(2)
cfi=(2)
cfn=(4642)
calls=18 -45 
* 468
* 6
-45 6
fe=(63)
16 18
fi=(69)
3228 48
0 6
3229 6
fi=(70)
20 6
fe=(63)
-4 18
fi=(69)
3228 48
0 6
3229 6
fi=(70)
20 6
fe=(63)
-4 12
fi=(19)
1915 12
fi=(36)
900 6
fe=(63)
16 2286
fi=(69)
3228 6096
0 762
3229 762
fi=(70)
20 762
fe=(63)
-4 2286
fi=(69)
3228 6096
0 762
3229 762
fi=(70)
20 762
fe=(63)
-4 1524
fi=(19)
1915 1524
fi=(36)
900 762
fe=(63)
56 24
cob=(2)
cfi=(2)
cfn=(4260)
calls=18 -56 
* 748
fi=(57)
-11 24
cob=(2)
cfi=(2)
cfn=(4642)
calls=18 -45 
* 468
* 6
-45 6
fe=(63)
25 18
fi=(69)
3228 48
0 6
3229 6
fi=(70)
20 6
fe=(63)
+5 18
fi=(69)
3228 12
fe=(63)
25 6
fi=(69)
3228 36
0 6
3229 6
fi=(70)
20 6
fe=(63)
+5 6
fi=(10)
898 6
fi=(19)
1915 6
fi=(36)
900 6
fe=(63)
25 2286
fi=(69)
3228 6096
0 762
3229 762
fi=(70)
20 762
fe=(63)
+5 2286
fi=(69)
3228 1524
fe=(63)
25 762
fi=(69)
3228 4572
0 762
3229 762
fi=(70)
20 762
fe=(63)
+5 762
fi=(10)
898 762
fi=(19)
1915 762
fi=(36)
900 762
fi=(57)
45 24
cob=(2)
cfi=(2)
cfn=(4642)
calls=18 -45 
* 468
* 6
-45 6
fe=(63)
16 18
fi=(69)
3228 48
0 6
3229 6
fi=(70)
20 6
fe=(63)
-4 18
fi=(69)
3228 48
0 6
3229 6
fi=(70)
20 6
fe=(63)
-4 12
fi=(19)
1915 12
fi=(36)
900 6
fe=(63)
16 2286
fi=(69)
3228 6096
0 762
3229 762
fi=(70)
20 762
fe=(63)
-4 2286
fi=(69)
3228 6096
0 762
3229 762
fi=(70)
20 762
fe=(63)
-4 1524
fi=(19)
1915 1524
fi=(36)
900 762
fe=(63)
56 24
cob=(2)
cfi=(2)
cfn=(4260)
calls=18 -56 
* 748
fi=(57)
-11 24
cob=(2)
cfi=(2)
cfn=(4642)
calls=18 -45 
* 468
* 6
-45 6
fe=(63)
25 18
fi=(69)
3228 48
0 6
3229 6
fi=(70)
20 6
fe=(63)
+5 18
fi=(69)
3228 12
fe=(63)
25 6
fi=(69)
3228 36
0 6
3229 6
fi=(70)
20 6
fe=(63)
+5 6
fi=(10)
898 6
fi=(19)
1915 6
fi=(36)
900 6
fe=(63)
25 2286
fi=(69)
3228 6096
0 762
3229 762
fi=(70)
20 762
fe=(63)
+5 2286
fi=(69)
3228 1524
fe=(63)
25 762
fi=(69)
3228 4572
0 762
3229 762
fi=(70)
20 762
fe=(63)
+5 762
fi=(10)
898 762
fi=(19)
1915 762
fi=(36)
900 762
fi=(57)
45 24
cob=(2)
cfi=(2)
cfn=(4642)
calls=18 -45 
* 468
* 6
-45 6
fe=(63)
16 18
fi=(69)
3228 48
0 6
3229 6
fi=(70)
20 6
fe=(63)
-4 18
fi=(69)
3228 48
0 6
3229 6
fi=(70)
20 6
fe=(63)
-4 12
fi=(19)
1915 12
fi=(36)
900 6
fe=(63)
16 2286
fi=(69)
3228 6096
0 762
3229 762
fi=(70)
20 762
fe=(63)
-4 2286
fi=(69)
3228 6096
0 762
3229 762
fi=(70)
20 762
fe=(63)
-4 1524
fi=(19)
1915 1524
fi=(36)
900 762
fe=(63)
56 24
cob=(2)
cfi=(2)
cfn=(4260)
calls=18 -56 
* 748
fi=(10)
898 6
fi=(36)
+2 12
fi=(19)
1915 6
fi=(36)
900 6
0 1
fe=(63)
59 4
cob=(2)
cfi=(2)
cfn=(4260)
calls=3 -59 
* 605
+1 9

fl=(51)
fn=(5010) keccak::keccak_p
236 1617
+1 462
0 231
fi=(14)
1717 231
fi=(52)
180 231
0 5775
180 693
0 4851
fi=(53) /rustc/ac68faa20c58cbccd01ee7208bf3b6e93a7d7f96/library/core/src/ops/bit.rs
898 1617
0 462
898 462
fi=(52)
0 10626
fi=(53)
898 37191
0 10626
898 90321
0 5313
898 26565
0 5313
898 10626
0 5313
898 5313
fi=(54)
2030 10626
fi=(53)
386 5313
fi=(54)
2030 5313
fi=(53)
386 5313
898 31878
0 10626
898 5313
fi=(54)
2030 5313
fi=(53)
386 5313
fi=(54)
2030 5313
fi=(53)
386 5313
898 19404
0 231
898 1155
0 231
898 462
0 231
898 231
fi=(54)
2030 462
fi=(53)
386 231
fi=(54)
2030 231
fi=(53)
386 231
898 1386
0 462
898 231
fi=(54)
2030 231
fi=(53)
386 231
fi=(54)
2030 231
fi=(53)
386 231
898 2541
0 231
898 231
0 231
898 42966
0 5313
898 5313
0 5313
898 21252
0 5313
fi=(54)
2030 5313
fi=(53)
386 5313
898 10626
0 5313
898 15939
0 5313
fi=(54)
2030 10626
0 10626
2030 15939
fi=(53)
63 10626
178 5313
0 5313
63 10626
178 5313
386 5313
0 5313
63 5313
178 5313
386 5313
0 10626
63 10626
178 5313
fi=(54)
2030 37191
fi=(53)
63 10626
178 5313
386 5313
898 462
0 231
fi=(54)
2030 231
fi=(53)
386 231
898 462
0 231
898 693
0 231
fi=(54)
2030 462
0 462
2030 693
fi=(53)
63 462
178 231
0 231
63 462
178 231
386 231
0 231
63 231
178 231
386 231
0 462
63 462
178 231
fi=(54)
2030 1617
fi=(53)
63 462
178 231
386 231
0 231
63 462
-63 231
178 231
386 231
0 231
63 231
178 231
386 231
0 231
63 462
-63 5313
63 10626
-63 5313
178 5313
386 5313
0 5313
63 5313
178 5313
386 5313
0 5313
63 10626
178 5313
63 5313
178 5313
0 10626
fi=(54)
2030 5313
0 5313
2030 10626
0 10626
2030 5313
fi=(53)
63 10626
178 5313
386 5313
0 5313
63 10626
178 5313
386 5313
63 10626
178 5313
63 5313
178 5313
0 5313
63 10626
178 5313
386 5313
0 5313
386 5313
0 10626
63 10626
178 5313
386 10626
0 5313
386 10626
fi=(54)
2030 10626
0 5313
2030 5313
fi=(53)
178 231
63 231
178 231
0 462
fi=(54)
2030 231
0 231
2030 462
0 462
2030 231
fi=(53)
63 462
178 231
386 231
0 231
63 462
178 231
386 231
63 462
178 231
63 231
178 231
0 231
63 462
178 231
386 231
0 231
386 231
0 462
63 462
178 231
386 462
0 231
386 462
fi=(54)
2030 462
0 231
2030 231
0 231
2030 462
0 231
2030 231
0 462
2030 231
0 462
2030 231
0 231
2030 231
0 5313
2030 10626
0 5313
2030 5313
0 10626
2030 5313
0 10626
2030 5313
0 5313
2030 5313
fi=(53)
386 5313
0 10626
fi=(54)
2030 5313
fi=(53)
63 10626
178 5313
63 10626
178 5313
63 10626
178 5313
386 5313
63 5313
178 5313
386 5313
63 10626
178 5313
63 10626
178 5313
386 5313
63 5313
178 5313
0 5313
63 10626
-63 5313
178 5313
386 5313
0 5313
386 10626
0 5313
63 5313
178 5313
0 5313
386 5313
0 5313
386 10626
0 5313
63 5313
178 5313
0 5313
386 231
0 462
fi=(54)
2030 231
fi=(53)
63 462
178 231
63 462
178 231
63 462
178 231
386 231
63 231
178 231
386 231
63 462
178 231
63 462
178 231
386 231
63 231
178 231
0 231
63 462
-63 231
178 231
386 231
0 231
386 462
0 231
63 231
178 231
0 231
386 231
0 231
386 462
0 231
63 231
178 231
0 231
386 231
0 462
386 231
0 231
898 924
0 231
fi=(14)
1717 231
fi=(52)
180 231
fi=(53)
386 5313
0 10626
386 5313
0 5313
898 21252
0 5313
fi=(14)
1717 5313
fi=(52)
180 5313
0 9702
fe=(51)
291 1848

fn=(5008)
166 231
cfn=(5010)
calls=663 +70 
* 1422267

fl=(56) /home/rick/unl/king's/thesis/ml-dsa/ml-dsa/src/expand.rs
fn=(5044) ml_dsa::expand::expand_a
16 9
fi=(57)
+84 4
cob=(2)
cfi=(2)
cfn=(4642)
calls=3 0 
* 30739
* 6
0 6
fe=(56)
24 36
cob=(2)
cfi=(2)
cfn=(4260)
calls=18 -24 
* 750
* 6
fi=(10)
898 6
fi=(19)
1915 6
fi=(36)
900 6
0 6
fi=(18)
552 24
fe=(56)
22 12
+1 6
fi=(57)
+22 24
cob=(2)
cfi=(2)
cfn=(4642)
calls=18 -45 
* 468
* 6
fi=(55)
-28 84
fi=(48)
+59 66
fi=(46)
-15 6
fi=(58) /home/rick/unl/king's/thesis/ml-dsa/ml-dsa/src/sample.rs
-14 24
cfi=(46)
cfn=(5058)
calls=18 +17 
* 264
+1 24
cob=(2)
cfi=(2)
cfn=(4260)
calls=18 -48 
* 390
* 18
cfi=(46)
cfn=(5066)
calls=18 +20 
* 38568
+3 24
+1 3074
fi=(59)
-11 1537
+1 7685
cfi=(48)
cfn=(5078)
calls=4611 250 
* 269063
fi=(58)
+12 3074
-54 1537
fi=(60)
76 1537
+1 6148
+1 3074
fi=(58)
-23 1536
+1 1536
-2 1536
-54 30
fe=(56)
24 36
cob=(2)
cfi=(2)
cfn=(4260)
calls=18 -24 
* 750
-24 6
fi=(18)
552 24
fe=(56)
22 6
+1 6
fi=(57)
+22 24
cob=(2)
cfi=(2)
cfn=(4642)
calls=18 -45 
* 468
* 6
fi=(55)
-28 84
fi=(48)
+59 66
fi=(46)
-15 6
fi=(58)
-14 24
cfi=(46)
cfn=(5058)
calls=18 +17 
* 264
+1 24
cob=(2)
cfi=(2)
cfn=(4260)
calls=18 -48 
* 390
* 18
cfi=(46)
cfn=(5066)
calls=18 +20 
* 38568
+3 24
+1 3076
fi=(59)
-11 1538
+1 7690
cfi=(48)
cfn=(5078)
calls=4614 250 
* 269116
fi=(58)
+12 3076
-54 1538
fi=(60)
76 1538
+1 6152
+1 3076
fi=(58)
-23 1536
+1 1536
-2 1536
-54 6
fe=(56)
24 36
cob=(2)
cfi=(2)
cfn=(4260)
calls=18 -24 
* 750
-24 6
fi=(18)
552 24
fe=(56)
22 12
+1 6
fi=(57)
+22 24
cob=(2)
cfi=(2)
cfn=(4642)
calls=18 -45 
* 468
* 6
fi=(55)
-28 84
fi=(48)
+59 66
fi=(46)
-15 6
fi=(58)
-14 24
cfi=(46)
cfn=(5058)
calls=18 +17 
* 264
+1 24
cob=(2)
cfi=(2)
cfn=(4260)
calls=18 -48 
* 390
* 18
cfi=(46)
cfn=(5066)
calls=18 +20 
* 38568
+3 24
+1 3074
fi=(59)
-11 1537
+1 7685
cfi=(48)
cfn=(5078)
calls=4611 250 
* 269063
fi=(58)
+12 3074
-54 1537
fi=(60)
76 1537
+1 6148
+1 3074
fi=(58)
-23 1536
+1 1536
-2 1536
-54 6
fe=(56)
24 36
cob=(2)
cfi=(2)
cfn=(4260)
calls=18 -24 
* 750
-24 6
fi=(18)
552 24
fe=(56)
22 12
+1 6
fi=(57)
+22 24
cob=(2)
cfi=(2)
cfn=(4642)
calls=18 -45 
* 468
* 6
fi=(55)
-28 84
fi=(48)
+59 66
fi=(46)
-15 6
fi=(58)
-14 24
cfi=(46)
cfn=(5058)
calls=18 +17 
* 264
+1 24
cob=(2)
cfi=(2)
cfn=(4260)
calls=18 -48 
* 390
* 18
cfi=(46)
cfn=(5066)
calls=18 +20 
* 38568
+3 24
+1 3076
fi=(59)
-11 1538
+1 7690
cfi=(48)
cfn=(5078)
calls=4614 250 
* 269116
fi=(58)
+12 3076
-54 1538
fi=(60)
76 1538
+1 6152
+1 3076
fi=(58)
-23 1536
+1 1536
-2 1536
-54 6
fe=(56)
24 36
cob=(2)
cfi=(2)
cfn=(4260)
calls=18 -24 
* 750
-24 6
fi=(18)
552 24
fe=(56)
22 12
+1 6
fi=(57)
+22 24
cob=(2)
cfi=(2)
cfn=(4642)
calls=18 -45 
* 468
* 6
fi=(55)
-28 84
fi=(48)
+59 66
fi=(46)
-15 6
fi=(58)
-14 24
cfi=(46)
cfn=(5058)
calls=18 +17 
* 264
+1 24
cob=(2)
cfi=(2)
cfn=(4260)
calls=18 -48 
* 390
* 18
cfi=(46)
cfn=(5066)
calls=18 +20 
* 38568
+3 30
+1 3078
fi=(59)
-11 1539
+1 7695
cfi=(48)
cfn=(5078)
calls=4617 250 
* 269169
fi=(58)
+12 3078
-54 1539
fi=(60)
76 1539
+1 6156
+1 3078
fi=(58)
-23 1536
+1 1536
-2 1536
-54 1
fe=(56)
28 8

fn=(5088) ml_dsa::expand::expand_s
31 16
cfi=(6)
cfn=(4864)
calls=1 -31 
* 1
+21 9
-52 2
fi=(57)
32 3
cob=(2)
cfi=(2)
cfn=(4642)
calls=1 -32 
* 78
fi=(55)
-15 14
fi=(48)
+59 9
fi=(46)
-53 3
fi=(58)
+44 3
cfi=(46)
cfn=(4970)
calls=1 -41 
* 54
* 1
+1 4
cob=(2)
cfi=(2)
cfn=(4260)
calls=1 -68 
* 65
* 4
cfi=(46)
cfn=(4998)
calls=1 -38 
* 6412
+3 3
-71 390
72 260
-72 108
72 194
+1 912
cfi=(46)
cfn=(5094)
calls=228 -36 
* 24125
+1 684
fi=(60)
+17 456
fi=(58)
-17 228
fi=(60)
+17 228
fi=(58)
-16 131
fi=(60)
+17 262
-1 131
fi=(58)
-15 131
+1 72
+4 144
-81 142
fi=(60)
91 97
fi=(58)
-15 140
-76 3
fe=(56)
37 3
cob=(2)
cfi=(2)
cfn=(4260)
calls=1 -37 
* 125
fi=(34)
-37 1
cfi=(6)
cfn=(4864)
calls=1 0 
0 1
fe=(56)
52 9
-52 1
fi=(57)
32 4
cob=(2)
cfi=(2)
cfn=(4642)
calls=1 -32 
* 78
fi=(55)
-15 14
fi=(48)
+59 9
fi=(46)
-53 3
fi=(58)
+44 3
cfi=(46)
cfn=(4970)
calls=1 -41 
* 54
* 1
+1 4
cob=(2)
cfi=(2)
cfn=(4260)
calls=1 -68 
* 65
* 4
cfi=(46)
cfn=(4998)
calls=1 -38 
* 6412
+3 2
-71 384
72 256
-72 112
72 208
+1 928
cfi=(46)
cfn=(5094)
calls=232 -36 
* 24329
+1 696
fi=(60)
+17 464
fi=(58)
-17 232
fi=(60)
+17 232
fi=(58)
-16 128
fi=(60)
+17 256
-1 128
fi=(58)
-15 128
+1 72
+4 144
-81 144
fi=(60)
91 104
fi=(58)
-15 152
fe=(56)
-39 5
cob=(2)
cfi=(2)
cfn=(4260)
calls=1 -37 
* 125
fi=(34)
-37 1
cfi=(6)
cfn=(4864)
calls=1 0 
0 1
fe=(56)
52 9
-52 1
fi=(57)
32 4
cob=(2)
cfi=(2)
cfn=(4642)
calls=1 -32 
* 78
fi=(55)
-15 14
fi=(48)
+59 9
fi=(46)
-53 3
fi=(58)
+44 3
cfi=(46)
cfn=(4970)
calls=1 -41 
* 54
* 1
+1 4
cob=(2)
cfi=(2)
cfn=(4260)
calls=1 -68 
* 65
* 4
cfi=(46)
cfn=(4998)
calls=1 -38 
* 6412
+3 2
-71 354
72 236
-72 130
72 222
+1 920
cfi=(46)
cfn=(5094)
calls=230 -36 
* 24227
+1 690
fi=(60)
+17 460
fi=(58)
-17 230
fi=(60)
+17 230
fi=(58)
-16 119
fi=(60)
+17 238
-1 119
fi=(58)
-15 119
+1 73
+4 146
-81 144
fi=(60)
91 111
fi=(58)
-15 157
fe=(56)
-39 5
cob=(2)
cfi=(2)
cfn=(4260)
calls=1 -37 
* 125
fi=(34)
-37 1
cfi=(6)
cfn=(4864)
calls=1 0 
0 1
fe=(56)
52 9
-52 1
fi=(57)
32 4
cob=(2)
cfi=(2)
cfn=(4642)
calls=1 -32 
* 78
fi=(55)
-15 14
fi=(48)
+59 9
fi=(46)
-53 3
fi=(58)
+44 3
cfi=(46)
cfn=(4970)
calls=1 -41 
* 54
* 1
+1 4
cob=(2)
cfi=(2)
cfn=(4260)
calls=1 -68 
* 65
* 4
cfi=(46)
cfn=(4998)
calls=1 -38 
* 6412
+3 2
-71 369
72 246
-72 132
72 216
+1 924
cfi=(46)
cfn=(5094)
calls=231 -36 
* 24278
+1 693
fi=(60)
+17 462
fi=(58)
-17 231
fi=(60)
+17 231
fi=(58)
-16 123
fi=(60)
+17 246
-1 123
fi=(58)
-15 123
+1 67
+4 134
-81 134
fi=(60)
91 108
fi=(58)
-15 150
fe=(56)
-39 5
cob=(2)
cfi=(2)
cfn=(4260)
calls=1 -37 
* 125
fi=(34)
-37 1
cfi=(6)
cfn=(4864)
calls=1 0 
0 1
fe=(56)
52 9
-52 1
fi=(57)
32 4
cob=(2)
cfi=(2)
cfn=(4642)
calls=1 -32 
* 78
fi=(55)
-15 14
fi=(48)
+59 9
fi=(46)
-53 3
fi=(58)
+44 3
cfi=(46)
cfn=(4970)
calls=1 -41 
* 54
* 1
+1 4
cob=(2)
cfi=(2)
cfn=(4260)
calls=1 -68 
* 65
* 4
cfi=(46)
cfn=(4998)
calls=1 -38 
* 6412
+3 2
-71 381
72 254
-72 100
72 204
+1 916
cfi=(46)
cfn=(5094)
calls=229 -36 
* 24176
+1 687
fi=(60)
+17 458
fi=(58)
-17 229
fi=(60)
+17 229
fi=(58)
-16 127
fi=(60)
+17 254
-1 127
fi=(58)
-15 127
+1 79
+4 158
-81 158
fi=(60)
91 102
fi=(58)
-15 154
fe=(56)
-39 4
cob=(2)
cfi=(2)
cfn=(4260)
calls=1 -37 
* 125
fi=(34)
-37 1
cfi=(6)
cfn=(4864)
calls=1 0 
0 1
fe=(56)
52 9
-52 2
fi=(57)
32 3
cob=(2)
cfi=(2)
cfn=(4642)
calls=1 -32 
* 78
fi=(55)
-15 14
fi=(48)
+59 9
fi=(46)
-53 3
fi=(58)
+44 3
cfi=(46)
cfn=(4970)
calls=1 -41 
* 54
* 1
+1 4
cob=(2)
cfi=(2)
cfn=(4260)
calls=1 -68 
* 65
* 4
cfi=(46)
cfn=(4998)
calls=1 -38 
* 6412
+3 2
-71 381
72 254
-72 110
72 192
+1 892
cfi=(46)
cfn=(5094)
calls=223 -36 
* 23870
+1 669
fi=(60)
+17 446
fi=(58)
-17 223
fi=(60)
+17 223
fi=(58)
-16 127
fi=(60)
+17 254
-1 127
fi=(58)
-15 127
+1 74
+4 148
-81 148
fi=(60)
91 96
fi=(58)
-15 137
-76 2
fe=(56)
40 3
cob=(2)
cfi=(2)
cfn=(4260)
calls=1 -40 
* 125
fi=(34)
-40 1
cfi=(6)
cfn=(4864)
calls=1 0 
0 1
fe=(56)
52 9
-52 1
fi=(57)
32 4
cob=(2)
cfi=(2)
cfn=(4642)
calls=1 -32 
* 78
fi=(55)
-15 14
fi=(48)
+59 9
fi=(46)
-53 3
fi=(58)
+44 3
cfi=(46)
cfn=(4970)
calls=1 -41 
* 54
* 1
+1 4
cob=(2)
cfi=(2)
cfn=(4260)
calls=1 -68 
* 65
* 4
cfi=(46)
cfn=(4998)
calls=1 -38 
* 6412
+3 2
-71 390
72 260
-72 106
72 200
+1 920
cfi=(46)
cfn=(5094)
calls=230 -36 
* 24227
+1 690
fi=(60)
+17 460
fi=(58)
-17 230
fi=(60)
+17 230
fi=(58)
-16 130
fi=(60)
+17 260
-1 130
fi=(58)
-15 130
+1 73
+4 146
-81 146
fi=(60)
91 100
fi=(58)
-15 147
fe=(56)
-36 5
cob=(2)
cfi=(2)
cfn=(4260)
calls=1 -40 
* 125
fi=(34)
-40 1
cfi=(6)
cfn=(4864)
calls=1 0 
0 1
fe=(56)
52 9
-52 1
fi=(57)
32 4
cob=(2)
cfi=(2)
cfn=(4642)
calls=1 -32 
* 78
fi=(55)
-15 14
fi=(48)
+59 9
fi=(46)
-53 3
fi=(58)
+44 3
cfi=(46)
cfn=(4970)
calls=1 -41 
* 54
* 1
+1 4
cob=(2)
cfi=(2)
cfn=(4260)
calls=1 -68 
* 65
* 4
cfi=(46)
cfn=(4998)
calls=1 -38 
* 6412
+3 2
-71 381
72 254
-72 102
72 210
+1 932
cfi=(46)
cfn=(5094)
calls=233 -36 
* 24380
+1 699
fi=(60)
+17 466
fi=(58)
-17 233
fi=(60)
+17 233
fi=(58)
-16 128
fi=(60)
+17 256
-1 128
fi=(58)
-15 128
+1 78
+4 156
-81 154
fi=(60)
91 105
fi=(58)
-15 159
fe=(56)
-36 5
cob=(2)
cfi=(2)
cfn=(4260)
calls=1 -40 
* 125
fi=(34)
-40 1
cfi=(6)
cfn=(4864)
calls=1 0 
0 1
fe=(56)
52 9
-52 1
fi=(57)
32 4
cob=(2)
cfi=(2)
cfn=(4642)
calls=1 -32 
* 78
fi=(55)
-15 14
fi=(48)
+59 9
fi=(46)
-53 3
fi=(58)
+44 3
cfi=(46)
cfn=(4970)
calls=1 -41 
* 54
* 1
+1 4
cob=(2)
cfi=(2)
cfn=(4260)
calls=1 -68 
* 65
* 4
cfi=(46)
cfn=(4998)
calls=1 -38 
* 6412
+3 2
-71 375
72 250
-72 118
72 182
+1 864
cfi=(46)
cfn=(5094)
calls=216 -36 
* 23513
+1 648
fi=(60)
+17 432
fi=(58)
-17 216
fi=(60)
+17 216
fi=(58)
-16 125
fi=(60)
+17 250
-1 125
fi=(58)
-15 125
+1 72
+4 144
-81 144
fi=(60)
91 91
fi=(58)
-15 123
fe=(56)
-36 5
cob=(2)
cfi=(2)
cfn=(4260)
calls=1 -40 
* 125
fi=(34)
-40 1
cfi=(6)
cfn=(4864)
calls=1 0 
0 1
fe=(56)
52 9
-52 1
fi=(57)
32 4
cob=(2)
cfi=(2)
cfn=(4642)
calls=1 -32 
* 78
fi=(55)
-15 14
fi=(48)
+59 9
fi=(46)
-53 3
fi=(58)
+44 3
cfi=(46)
cfn=(4970)
calls=1 -41 
* 54
* 1
+1 4
cob=(2)
cfi=(2)
cfn=(4260)
calls=1 -68 
* 65
* 4
cfi=(46)
cfn=(4998)
calls=1 -38 
* 6412
+3 2
-71 381
72 254
-72 118
72 204
+1 916
cfi=(46)
cfn=(5094)
calls=229 -36 
* 24176
+1 687
fi=(60)
+17 458
fi=(58)
-17 229
fi=(60)
+17 229
fi=(58)
-16 127
fi=(60)
+17 254
-1 127
fi=(58)
-15 127
+1 70
+4 140
-81 140
fi=(60)
91 102
fi=(58)
-15 145
fe=(56)
-36 5
cob=(2)
cfi=(2)
cfn=(4260)
calls=1 -40 
* 125
fi=(34)
-40 1
cfi=(6)
cfn=(4864)
calls=1 0 
0 1
fe=(56)
52 9
-52 1
fi=(57)
32 4
cob=(2)
cfi=(2)
cfn=(4642)
calls=1 -32 
* 78
fi=(55)
-15 14
fi=(48)
+59 9
fi=(46)
-53 3
fi=(58)
+44 3
cfi=(46)
cfn=(4970)
calls=1 -41 
* 54
* 1
+1 4
cob=(2)
cfi=(2)
cfn=(4260)
calls=1 -68 
* 65
* 4
cfi=(46)
cfn=(4998)
calls=1 -38 
* 6412
+3 2
-71 396
72 264
-72 98
72 194
+1 920
cfi=(46)
cfn=(5094)
calls=230 -36 
* 24227
+1 690
fi=(60)
+17 460
fi=(58)
-17 230
fi=(60)
+17 230
fi=(58)
-16 133
fi=(60)
+17 266
-1 133
fi=(58)
-15 133
+1 75
+4 150
-81 148
fi=(60)
91 97
fi=(58)
-15 145
fe=(56)
-36 4
cob=(2)
cfi=(2)
cfn=(4260)
calls=1 -40 
* 125
* 1
+2 4
cob=(2)
cfi=(2)
cfn=(4260)
calls=1 -42 
* 509
* 5
cob=(2)
cfi=(2)
cfn=(4260)
calls=1 -42 
* 605
+1 9

fl=(31)
fn=(4906)
cfn=(4964) profile::bench_keygen
calls=1 47 
63 4954338

fn=(4964)
47 1
fi=(74) /rustc/ac68faa20c58cbccd01ee7208bf3b6e93a7d7f96/library/core/src/hint.rs
491 4
fe=(31)
48 1
cfi=(44)
cfn=(4966)
calls=1 +19 
* 4954330
+1 2

fl=(45)
fn=(4968)
15 7
-15 82
fi=(55)
17 14
fi=(48)
+59 9
fi=(46)
-53 1
fe=(45)
-3 6
cfi=(46)
cfn=(4970)
calls=1 +6 
* 44
+1 4
cfi=(46)
cfn=(4970)
calls=1 +5 
* 50
* 1
+1 4
cob=(2)
cfi=(2)
cfn=(4260)
calls=1 -22 
* 65
* 4
cfi=(46)
cfn=(4998)
calls=1 +8 
* 6412
* 4
cfi=(46)
cfn=(5020)
calls=1 +20 
* 6570
fi=(55)
-5 1
fe=(45)
+6 2
fi=(35)
1840 1
fi=(47)
438 2
fi=(34)
614 1
fi=(18)
-62 4
fi=(47)
438 2
fi=(18)
552 8
fe=(45)
27 3
fi=(47)
438 2
fi=(18)
552 6
fe=(45)
30 1
cfi=(56)
cfn=(5044)
calls=1 -14 
* 1741814
-30 2
31 1
cfi=(56)
cfn=(5088)
calls=1 * 
* 393201
-31 3
31 3
cob=(2)
cfi=(2)
cfn=(4260)
calls=1 -31 
* 509
* 4
cob=(2)
cfi=(2)
cfn=(4260)
calls=1 -31 
* 605
-31 1
fi=(62) /home/rick/unl/king's/thesis/ml-dsa/ml-dsa/src/vecops.rs
18 2
cfi=(61) /home/rick/unl/king's/thesis/ml-dsa/ml-dsa/src/ntt.rs
cfn=(5114) ml_dsa::ntt::ntt
calls=1 +59 
* 55208
-18 2
18 3
cob=(2)
cfi=(2)
cfn=(4260)
calls=1 -18 
* 125
* 3
cfi=(61)
cfn=(5114)
calls=1 +59 
* 55208
* 5
cob=(2)
cfi=(2)
cfn=(4260)
calls=1 -18 
* 123
* 3
cfi=(61)
cfn=(5114)
calls=1 +59 
* 55208
* 5
cob=(2)
cfi=(2)
cfn=(4260)
calls=1 -18 
* 125
* 3
cfi=(61)
cfn=(5114)
calls=1 +59 
* 55208
* 5
cob=(2)
cfi=(2)
cfn=(4260)
calls=1 -18 
* 125
* 3
cfi=(61)
cfn=(5114)
calls=1 +59 
* 55208
* 4
cob=(2)
cfi=(2)
cfn=(4260)
calls=1 -18 
* 125
* 3
fe=(45)
+17 2
cfi=(63)
cfn=(5126)
calls=1 +14 
* 269198
-35 1
fi=(62)
27 2
cfi=(61)
cfn=(5134) ml_dsa::ntt::inv_ntt
calls=1 +77 
* 63525
-27 2
27 3
cob=(2)
cfi=(2)
cfn=(4260)
calls=1 -27 
* 123
* 3
cfi=(61)
cfn=(5134)
calls=1 +77 
* 63525
* 5
cob=(2)
cfi=(2)
cfn=(4260)
calls=1 -27 
* 125
* 3
cfi=(61)
cfn=(5134)
calls=1 +77 
* 63525
* 5
cob=(2)
cfi=(2)
cfn=(4260)
calls=1 -27 
* 125
* 3
cfi=(61)
cfn=(5134)
calls=1 +77 
* 63525
* 5
cob=(2)
cfi=(2)
cfn=(4260)
calls=1 -27 
* 125
* 3
cfi=(61)
cfn=(5134)
calls=1 +77 
* 63525
* 5
cob=(2)
cfi=(2)
cfn=(4260)
calls=1 -27 
* 123
* 3
cfi=(61)
cfn=(5134)
calls=1 +77 
* 63525
* 4
cob=(2)
cfi=(2)
cfn=(4260)
calls=1 -27 
* 125
* 3
fe=(45)
+9 1
cfi=(62)
cfn=(5138) ml_dsa::vecops::add_vec
calls=1 +15 
* 31538
-36 2
38 1
cfi=(62)
cfn=(5144) ml_dsa::vecops::power2round_vec
calls=1 +57 
* 23800
-38 2
38 3
cob=(2)
cfi=(2)
cfn=(4260)
calls=1 -38 
* 605
* 5
cob=(2)
cfi=(2)
cfn=(4260)
calls=1 -38 
* 605
* 2
+2 2
cfi=(65) /home/rick/unl/king's/thesis/ml-dsa/ml-dsa/src/serdes.rs
cfn=(5152) ml_dsa::serdes::pk_encode
calls=1 +6 
* 506248
fi=(55)
-23 14
fi=(48)
+59 9
fi=(46)
-53 1
fi=(34)
614 1
fi=(35)
1840 2
fe=(45)
43 2
cfi=(46)
cfn=(4970)
calls=1 -17 
* 86830
fi=(55)
-26 1
fe=(45)
+27 6
+1 3
cob=(2)
cfi=(2)
cfn=(4260)
calls=1 -45 
* 65
* 3
cfi=(46)
cfn=(4998)
calls=1 -15 
* 6412
-45 2
45 2
cfi=(46)
cfn=(5094)
calls=1 -8 
* 6288
+2 8
cfi=(65)
cfn=(5208) ml_dsa::serdes::sk_encode
calls=1 +27 
* 1214506
+1 8
fi=(34)
424 1
634 2
fi=(23)
128 3
cfi=(6)
cfn=(4956)
calls=1 0 
* 35
fe=(45)
-79 8

fl=(24) /rustc/ac68faa20c58cbccd01ee7208bf3b6e93a7d7f96/library/std/src/alloc.rs
fn=(5026) __rustc::__rdl_alloc_zeroed
482 35472
fi=(25) /rustc/ac68faa20c58cbccd01ee7208bf3b6e93a7d7f96/library/std/src/sys/alloc/unix.rs
35 35472
+1 41384
cob=(2)
cfi=(2)
cfn=(4760) calloc
calls=10329 -36 
* 268433
fe=(24)

fn=(4868) __rustc::__rdl_alloc
450 25
fi=(25)
13 150
+1 50
cob=(2)
cfi=(2)
cfn=(3994) malloc
calls=51 -14 
* 2393
fe=(24)

fl=(62)
fn=(5138)
51 9
fi=(57)
+12 3
cob=(2)
cfi=(2)
cfn=(4642)
calls=2 -63 
* 6163
-63 2
fe=(62)
55 3
fi=(69)
3228 8
0 1
3229 1
fi=(70)
20 1
fe=(62)
+35 3
fi=(69)
3228 2
fe=(62)
55 1
fi=(69)
3228 6
0 1
3229 1
fi=(70)
20 1
fe=(62)
+35 1
fi=(10)
898 1
fi=(19)
1915 1
fi=(36)
900 1
fe=(62)
55 381
fi=(69)
3228 1016
0 127
3229 127
fi=(70)
20 127
fe=(62)
+35 381
fi=(69)
3228 254
fe=(62)
55 127
fi=(69)
3228 762
0 127
3229 127
fi=(70)
20 127
fe=(62)
+35 127
fi=(10)
898 127
fi=(19)
1915 127
fi=(36)
900 127
0 2
fe=(62)
55 3
fi=(69)
3228 8
0 1
3229 1
fi=(70)
20 1
fe=(62)
+35 3
fi=(69)
3228 2
fe=(62)
55 1
fi=(69)
3228 6
0 1
3229 1
fi=(70)
20 1
fe=(62)
+35 1
fi=(10)
898 1
fi=(19)
1915 1
fi=(36)
900 1
fe=(62)
55 381
fi=(69)
3228 1016
0 127
3229 127
fi=(70)
20 127
fe=(62)
+35 381
fi=(69)
3228 254
fe=(62)
55 127
fi=(69)
3228 762
0 127
3229 127
fi=(70)
20 127
fe=(62)
+35 127
fi=(10)
898 127
fi=(19)
1915 127
fi=(36)
900 127
0 2
fe=(62)
55 3
fi=(69)
3228 8
0 1
3229 1
fi=(70)
20 1
fe=(62)
+35 3
fi=(69)
3228 2
fe=(62)
55 1
fi=(69)
3228 6
0 1
3229 1
fi=(70)
20 1
fe=(62)
+35 1
fi=(10)
898 1
fi=(19)
1915 1
fi=(36)
900 1
fe=(62)
55 381
fi=(69)
3228 1016
0 127
3229 127
fi=(70)
20 127
fe=(62)
+35 381
fi=(69)
3228 254
fe=(62)
55 127
fi=(69)
3228 762
0 127
3229 127
fi=(70)
20 127
fe=(62)
+35 127
fi=(10)
898 127
fi=(19)
1915 127
fi=(36)
900 127
0 2
fe=(62)
55 3
fi=(69)
3228 8
0 1
3229 1
fi=(70)
20 1
fe=(62)
+35 3
fi=(69)
3228 2
fe=(62)
55 1
fi=(69)
3228 6
0 1
3229 1
fi=(70)
20 1
fe=(62)
+35 1
fi=(10)
898 1
fi=(19)
1915 1
fi=(36)
900 1
fe=(62)
55 381
fi=(69)
3228 1016
0 127
3229 127
fi=(70)
20 127
fe=(62)
+35 381
fi=(69)
3228 254
fe=(62)
55 127
fi=(69)
3228 762
0 127
3229 127
fi=(70)
20 127
fe=(62)
+35 127
fi=(10)
898 127
fi=(19)
1915 127
fi=(36)
900 127
0 2
fe=(62)
55 3
fi=(69)
3228 8
0 1
3229 1
fi=(70)
20 1
fe=(62)
+35 3
fi=(69)
3228 2
fe=(62)
55 1
fi=(69)
3228 6
0 1
3229 1
fi=(70)
20 1
fe=(62)
+35 1
fi=(10)
898 1
fi=(19)
1915 1
fi=(36)
900 1
fe=(62)
55 381
fi=(69)
3228 1016
0 127
3229 127
fi=(70)
20 127
fe=(62)
+35 381
fi=(69)
3228 254
fe=(62)
55 127
fi=(69)
3228 762
0 127
3229 127
fi=(70)
20 127
fe=(62)
+35 127
fi=(10)
898 127
fi=(19)
1915 127
fi=(36)
900 127
0 2
fe=(62)
55 3
fi=(69)
3228 8
0 1
3229 1
fi=(70)
20 1
fe=(62)
+35 3
fi=(69)
3228 2
fe=(62)
55 1
fi=(69)
3228 6
0 1
3229 1
fi=(70)
20 1
fe=(62)
+35 1
fi=(10)
898 1
fi=(19)
1915 1
fi=(36)
900 1
fe=(62)
55 381
fi=(69)
3228 1016
0 127
3229 127
fi=(70)
20 127
fe=(62)
+35 381
fi=(69)
3228 254
fe=(62)
55 127
fi=(69)
3228 762
0 127
3229 127
fi=(70)
20 127
fe=(62)
+35 127
fi=(10)
898 127
fi=(19)
1915 127
fi=(36)
900 127
fe=(62)
59 7

fn=(5144)
95 20
fi=(57)
-63 3
cob=(2)
cfi=(2)
cfn=(4642)
calls=1 -32 
* 78
* 4
cob=(2)
cfi=(2)
cfn=(4642)
calls=1 -32 
* 78
-32 3
fi=(64) /home/rick/unl/king's/thesis/ml-dsa/ml-dsa/src/rounding.rs
128 1
fi=(69)
3228 22
+1 4
-1 2
fi=(70)
64 4
fi=(64)
-41 6
129 1
+1 1
fi=(10)
898 1
fi=(36)
+2 2
fi=(64)
128 63
fi=(69)
3228 1386
+1 252
-1 126
fi=(70)
64 252
fi=(64)
-41 378
129 63
+1 63
fi=(10)
898 63
fi=(36)
+2 126
0 4
fi=(64)
132 3
cob=(2)
cfi=(2)
cfn=(4260)
calls=1 0 
* 123
* 4
cob=(2)
cfi=(2)
cfn=(4260)
calls=1 0 
* 123
* 1
fe=(62)
-33 4
cob=(2)
cfi=(2)
cfn=(4260)
calls=1 -99 
* 125
* 5
cob=(2)
cfi=(2)
cfn=(4260)
calls=1 -99 
* 125
* 1
+1 3
cob=(2)
cfi=(2)
cfn=(4260)
calls=1 0 
* 123
* 1
+1 3
cob=(2)
cfi=(2)
cfn=(4260)
calls=1 0 
* 125
0 2
fi=(57)
32 3
cob=(2)
cfi=(2)
cfn=(4642)
calls=1 -32 
* 78
* 4
cob=(2)
cfi=(2)
cfn=(4642)
calls=1 -32 
* 78
* 5
-32 1
fi=(64)
128 1
fi=(69)
3228 22
+1 4
-1 2
fi=(70)
64 4
fi=(64)
-41 6
129 1
+1 1
fi=(10)
898 1
fi=(36)
+2 2
fi=(64)
128 63
fi=(69)
3228 1386
+1 252
-1 126
fi=(70)
64 252
fi=(64)
-41 378
129 63
+1 63
fi=(10)
898 63
fi=(36)
+2 126
0 2
fi=(64)
132 3
cob=(2)
cfi=(2)
cfn=(4260)
calls=1 0 
* 123
* 4
cob=(2)
cfi=(2)
cfn=(4260)
calls=1 0 
* 123
* 1
fe=(62)
-33 4
cob=(2)
cfi=(2)
cfn=(4260)
calls=1 -99 
* 125
* 5
cob=(2)
cfi=(2)
cfn=(4260)
calls=1 -99 
* 125
+1 4
cob=(2)
cfi=(2)
cfn=(4260)
calls=1 0 
* 125
+1 4
cob=(2)
cfi=(2)
cfn=(4260)
calls=1 0 
* 125
0 2
fi=(57)
32 3
cob=(2)
cfi=(2)
cfn=(4642)
calls=1 -32 
* 78
* 4
cob=(2)
cfi=(2)
cfn=(4642)
calls=1 -32 
* 78
* 5
-32 1
fi=(64)
128 1
fi=(69)
3228 22
+1 4
-1 2
fi=(70)
64 4
fi=(64)
-41 6
129 1
+1 1
fi=(10)
898 1
fi=(36)
+2 2
fi=(64)
128 63
fi=(69)
3228 1386
+1 252
-1 126
fi=(70)
64 252
fi=(64)
-41 378
129 63
+1 63
fi=(10)
898 63
fi=(36)
+2 126
0 2
fi=(64)
132 3
cob=(2)
cfi=(2)
cfn=(4260)
calls=1 0 
* 123
* 4
cob=(2)
cfi=(2)
cfn=(4260)
calls=1 0 
* 123
* 1
fe=(62)
-33 4
cob=(2)
cfi=(2)
cfn=(4260)
calls=1 -99 
* 125
* 5
cob=(2)
cfi=(2)
cfn=(4260)
calls=1 -99 
* 125
+1 4
cob=(2)
cfi=(2)
cfn=(4260)
calls=1 0 
* 125
+1 4
cob=(2)
cfi=(2)
cfn=(4260)
calls=1 0 
* 125
0 2
fi=(57)
32 3
cob=(2)
cfi=(2)
cfn=(4642)
calls=1 -32 
* 78
* 4
cob=(2)
cfi=(2)
cfn=(4642)
calls=1 -32 
* 78
* 5
-32 1
fi=(64)
128 1
fi=(69)
3228 22
+1 4
-1 2
fi=(70)
64 4
fi=(64)
-41 6
129 1
+1 1
fi=(10)
898 1
fi=(36)
+2 2
fi=(64)
128 63
fi=(69)
3228 1386
+1 252
-1 126
fi=(70)
64 252
fi=(64)
-41 378
129 63
+1 63
fi=(10)
898 63
fi=(36)
+2 126
0 2
fi=(64)
132 3
cob=(2)
cfi=(2)
cfn=(4260)
calls=1 0 
* 123
* 4
cob=(2)
cfi=(2)
cfn=(4260)
calls=1 0 
* 123
* 1
fe=(62)
-33 4
cob=(2)
cfi=(2)
cfn=(4260)
calls=1 -99 
* 125
* 5
cob=(2)
cfi=(2)
cfn=(4260)
calls=1 -99 
* 125
+1 4
cob=(2)
cfi=(2)
cfn=(4260)
calls=1 0 
* 125
+1 4
cob=(2)
cfi=(2)
cfn=(4260)
calls=1 0 
* 123
0 2
fi=(57)
32 3
cob=(2)
cfi=(2)
cfn=(4642)
calls=1 -32 
* 78
* 4
cob=(2)
cfi=(2)
cfn=(4642)
calls=1 -32 
* 78
* 5
-32 1
fi=(64)
128 1
fi=(69)
3228 22
+1 4
-1 2
fi=(70)
64 4
fi=(64)
-41 6
129 1
+1 1
fi=(10)
898 1
fi=(36)
+2 2
fi=(64)
128 63
fi=(69)
3228 1386
+1 252
-1 126
fi=(70)
64 252
fi=(64)
-41 378
129 63
+1 63
fi=(10)
898 63
fi=(36)
+2 126
0 2
fi=(64)
132 3
cob=(2)
cfi=(2)
cfn=(4260)
calls=1 0 
* 123
* 4
cob=(2)
cfi=(2)
cfn=(4260)
calls=1 0 
* 123
* 1
fe=(62)
-33 4
cob=(2)
cfi=(2)
cfn=(4260)
calls=1 -99 
* 125
* 5
cob=(2)
cfi=(2)
cfn=(4260)
calls=1 -99 
* 125
+1 4
cob=(2)
cfi=(2)
cfn=(4260)
calls=1 0 
* 123
+1 4
cob=(2)
cfi=(2)
cfn=(4260)
calls=1 0 
* 125
0 2
fi=(57)
32 3
cob=(2)
cfi=(2)
cfn=(4642)
calls=1 -32 
* 78
* 4
cob=(2)
cfi=(2)
cfn=(4642)
calls=1 -32 
* 78
* 5
-32 1
fi=(64)
128 1
fi=(69)
3228 22
+1 4
-1 2
fi=(70)
64 4
fi=(64)
-41 6
129 1
+1 1
fi=(10)
898 1
fi=(36)
+2 2
fi=(64)
128 63
fi=(69)
3228 1386
+1 252
-1 126
fi=(70)
64 252
fi=(64)
-41 378
129 63
+1 63
fi=(10)
898 63
fi=(36)
+2 126
0 2
fi=(64)
132 3
cob=(2)
cfi=(2)
cfn=(4260)
calls=1 0 
* 123
* 4
cob=(2)
cfi=(2)
cfn=(4260)
calls=1 0 
* 123
* 1
fe=(62)
-33 4
cob=(2)
cfi=(2)
cfn=(4260)
calls=1 -99 
* 125
* 5
cob=(2)
cfi=(2)
cfn=(4260)
calls=1 -99 
* 125
+1 4
cob=(2)
cfi=(2)
cfn=(4260)
calls=1 0 
* 125
+1 4
cob=(2)
cfi=(2)
cfn=(4260)
calls=1 0 
* 125
* 1
+2 4
cob=(2)
cfi=(2)
cfn=(4260)
calls=1 0 
* 605
* 5
cob=(2)
cfi=(2)
cfn=(4260)
calls=1 0 
* 605
+1 9

fl=(65)
fn=(5152)
46 11
cfi=(6)
cfn=(4864)
calls=1 -46 
* 1
fi=(23)
+55 3
cfi=(6)
cfn=(4866)
calls=1 0 
* 146
fi=(34)
469 2
fi=(35)
977 3
fi=(18)
552 4
fi=(35)
2912 1
0 1
fe=(65)
50 3
cfi=(60)
cfn=(5160)
calls=1 +49 
* 84496
fi=(34)
614 1
fi=(35)
1840 1
fi=(34)
767 1
-94 1
0 1
fi=(35)
2907 2
fi=(20)
961 1
fi=(18)
552 3
cob=(2)
cfi=(2)
cfn=(4260)
calls=1 0 
* 65
fi=(35)
2912 2
fi=(34)
424 1
634 2
fi=(23)
128 3
cfi=(6)
cfn=(4956)
calls=1 0 
* 35
fe=(65)
-78 4
cfi=(60)
cfn=(5160)
calls=1 +49 
* 84165
fi=(34)
614 1
fi=(35)
1840 1
fi=(34)
619 1
fi=(10)
2548 1
fi=(34)
767 1
-94 1
fi=(35)
2907 2
fi=(20)
961 1
fi=(18)
552 3
cob=(2)
cfi=(2)
cfn=(4260)
calls=1 0 
* 65
fi=(35)
2912 2
fi=(34)
424 1
634 2
fi=(23)
128 3
cfi=(6)
cfn=(4956)
calls=1 0 
* 35
fe=(65)
-78 4
cfi=(60)
cfn=(5160)
calls=1 +49 
* 84165
fi=(34)
614 1
fi=(35)
1840 1
fi=(34)
619 1
fi=(10)
2548 1
fi=(34)
767 1
-94 1
fi=(35)
2907 2
fi=(20)
961 1
fi=(18)
552 3
cob=(2)
cfi=(2)
cfn=(4260)
calls=1 0 
* 63
fi=(35)
2912 2
fi=(34)
424 1
634 2
fi=(23)
128 3
cfi=(6)
cfn=(4956)
calls=1 0 
* 35
fe=(65)
-78 4
cfi=(60)
cfn=(5160)
calls=1 +49 
* 84165
fi=(34)
614 1
fi=(35)
1840 1
fi=(34)
619 1
fi=(10)
2548 1
fi=(34)
767 1
-94 1
fi=(35)
2907 2
fi=(20)
961 1
fi=(18)
552 3
cob=(2)
cfi=(2)
cfn=(4260)
calls=1 0 
* 65
fi=(35)
2912 2
fi=(34)
424 1
634 2
fi=(23)
128 3
cfi=(6)
cfn=(4956)
calls=1 0 
* 35
fe=(65)
-78 4
cfi=(60)
cfn=(5160)
calls=1 +49 
* 84165
fi=(34)
614 1
fi=(35)
1840 1
fi=(34)
619 1
fi=(10)
2548 1
fi=(34)
767 1
-94 1
fi=(35)
2907 2
fi=(20)
961 1
fi=(18)
552 3
cob=(2)
cfi=(2)
cfn=(4260)
calls=1 0 
* 65
fi=(35)
2912 2
fi=(34)
424 1
634 2
fi=(23)
128 3
cfi=(6)
cfn=(4956)
calls=1 0 
* 35
fe=(65)
-78 1
-50 1
50 3
cfi=(60)
cfn=(5160)
calls=1 +49 
* 84165
fi=(34)
614 1
fi=(35)
1840 1
fi=(34)
619 1
fi=(10)
2548 1
fi=(34)
767 1
-94 1
fi=(35)
2907 2
fi=(20)
961 1
fi=(18)
552 4
cob=(2)
cfi=(2)
cfn=(4260)
calls=1 0 
* 65
fi=(35)
2912 2
fi=(34)
424 1
634 2
fi=(23)
128 3
cfi=(6)
cfn=(4956)
calls=1 0 
* 35
fe=(65)
-76 4
+1 9

fn=(5208)
74 14
cfi=(6)
cfn=(4864)
calls=1 -74 
* 1
fi=(23)
+27 3
cfi=(6)
cfn=(4866)
calls=1 0 
* 221
fi=(34)
469 2
fi=(35)
977 2
fi=(18)
552 16
fi=(35)
2912 1
0 1
fe=(65)
87 4
cfi=(60)
cfn=(5228)
calls=1 +22 
* 57173
fi=(34)
614 1
fi=(35)
1840 1
fi=(34)
619 1
fi=(35)
1471 1
fi=(10)
2548 1
fi=(34)
767 1
-94 1
fi=(35)
2907 2
0 1
fi=(20)
961 1
fi=(18)
552 3
cob=(2)
cfi=(2)
cfn=(4260)
calls=1 0 
* 22
fi=(35)
2912 2
fi=(34)
424 1
634 2
fi=(23)
128 3
cfi=(6)
cfn=(4956)
calls=1 0 
* 35
fe=(65)
-41 5
cfi=(60)
cfn=(5228)
calls=1 +22 
* 56837
fi=(34)
614 1
fi=(35)
1840 1
fi=(34)
619 1
fi=(35)
1471 1
fi=(10)
2548 1
fi=(34)
767 1
-94 1
fi=(35)
2907 2
0 1
fi=(20)
961 1
fi=(18)
552 3
cob=(2)
cfi=(2)
cfn=(4260)
calls=1 0 
* 22
fi=(35)
2912 2
fi=(34)
424 1
634 2
fi=(23)
128 3
cfi=(6)
cfn=(4956)
calls=1 0 
* 35
fe=(65)
-41 5
cfi=(60)
cfn=(5228)
calls=1 +22 
* 56837
fi=(34)
614 1
fi=(35)
1840 1
fi=(34)
619 1
fi=(35)
1471 1
fi=(10)
2548 1
fi=(34)
767 1
-94 1
fi=(35)
2907 2
0 1
fi=(20)
961 1
fi=(18)
552 3
cob=(2)
cfi=(2)
cfn=(4260)
calls=1 0 
* 22
fi=(35)
2912 2
fi=(34)
424 1
634 2
fi=(23)
128 3
cfi=(6)
cfn=(4956)
calls=1 0 
* 35
fe=(65)
-41 5
cfi=(60)
cfn=(5228)
calls=1 +22 
* 56837
fi=(34)
614 1
fi=(35)
1840 1
fi=(34)
619 1
fi=(35)
1471 1
fi=(10)
2548 1
fi=(34)
767 1
-94 1
fi=(35)
2907 2
0 1
fi=(20)
961 1
fi=(18)
552 3
cob=(2)
cfi=(2)
cfn=(4260)
calls=1 0 
* 22
fi=(35)
2912 2
fi=(34)
424 1
634 2
fi=(23)
128 3
cfi=(6)
cfn=(4956)
calls=1 0 
* 35
fe=(65)
-41 1
-87 1
87 4
cfi=(60)
cfn=(5228)
calls=1 +22 
* 56837
fi=(34)
614 1
fi=(35)
1840 1
fi=(34)
619 1
fi=(35)
1471 1
fi=(10)
2548 1
fi=(34)
767 1
-94 1
fi=(35)
2907 2
0 1
fi=(20)
961 1
fi=(18)
552 3
cob=(2)
cfi=(2)
cfn=(4260)
calls=1 0 
* 22
fi=(35)
2912 2
fi=(34)
424 1
634 2
fi=(23)
128 3
cfi=(6)
cfn=(4956)
calls=1 0 
* 35
0 1
fe=(65)
90 4
cfi=(60)
cfn=(5228)
calls=1 +19 
* 56837
fi=(34)
614 1
fi=(35)
1840 1
fi=(34)
619 1
fi=(35)
1471 1
fi=(10)
2548 1
fi=(34)
767 1
-94 1
fi=(35)
2907 2
0 1
fi=(20)
961 1
fi=(18)
552 3
cob=(2)
cfi=(2)
cfn=(4260)
calls=1 0 
* 22
fi=(35)
2912 2
fi=(34)
424 1
634 2
fi=(23)
128 3
cfi=(6)
cfn=(4956)
calls=1 0 
* 35
fe=(65)
-38 5
cfi=(60)
cfn=(5228)
calls=1 +19 
* 56837
fi=(34)
614 1
fi=(35)
1840 1
fi=(34)
619 1
fi=(35)
1471 1
fi=(10)
2548 1
fi=(34)
767 1
-94 1
fi=(35)
2907 2
0 1
fi=(20)
961 1
fi=(18)
552 3
cob=(2)
cfi=(2)
cfn=(4260)
calls=1 0 
* 22
fi=(35)
2912 2
fi=(34)
424 1
634 2
fi=(23)
128 3
cfi=(6)
cfn=(4956)
calls=1 0 
* 35
fe=(65)
-38 5
cfi=(60)
cfn=(5228)
calls=1 +19 
* 56837
fi=(34)
614 1
fi=(35)
1840 1
fi=(34)
619 1
fi=(35)
1471 1
fi=(10)
2548 1
fi=(34)
767 1
-94 1
fi=(35)
2907 2
0 1
fi=(20)
961 1
fi=(18)
552 3
cob=(2)
cfi=(2)
cfn=(4260)
calls=1 0 
* 22
fi=(35)
2912 2
fi=(34)
424 1
634 2
fi=(23)
128 3
cfi=(6)
cfn=(4956)
calls=1 0 
* 35
fe=(65)
-38 5
cfi=(60)
cfn=(5228)
calls=1 +19 
* 56837
fi=(34)
614 1
fi=(35)
1840 1
fi=(34)
619 1
fi=(35)
1471 1
fi=(10)
2548 1
fi=(34)
767 1
-94 1
fi=(35)
2907 2
0 1
fi=(20)
961 1
fi=(18)
552 3
cob=(2)
cfi=(2)
cfn=(4260)
calls=1 0 
* 22
fi=(35)
2912 2
fi=(34)
424 1
634 2
fi=(23)
128 3
cfi=(6)
cfn=(4956)
calls=1 0 
* 35
fe=(65)
-38 5
cfi=(60)
cfn=(5228)
calls=1 +19 
* 56837
fi=(34)
614 1
fi=(35)
1840 1
fi=(34)
619 1
fi=(35)
1471 1
fi=(10)
2548 1
fi=(34)
767 1
-94 1
fi=(35)
2907 2
0 1
fi=(20)
961 1
fi=(18)
552 3
cob=(2)
cfi=(2)
cfn=(4260)
calls=1 0 
* 22
fi=(35)
2912 2
fi=(34)
424 1
634 2
fi=(23)
128 3
cfi=(6)
cfn=(4956)
calls=1 0 
* 35
fe=(65)
-38 1
-90 1
90 4
cfi=(60)
cfn=(5228)
calls=1 +19 
* 56837
fi=(34)
614 1
fi=(35)
1840 1
fi=(34)
619 1
fi=(35)
1471 1
fi=(10)
2548 1
fi=(34)
767 1
-94 1
fi=(35)
2907 2
0 1
fi=(20)
961 1
fi=(18)
552 3
cob=(2)
cfi=(2)
cfn=(4260)
calls=1 0 
* 22
0 1
fi=(35)
2912 2
fi=(34)
424 1
634 2
fi=(23)
128 3
cfi=(6)
cfn=(4956)
calls=1 0 
* 35
0 1
fe=(65)
93 4
cfi=(60)
cfn=(5228)
calls=1 +16 
* 98146
fi=(34)
614 1
fi=(35)
1840 1
fi=(34)
619 1
fi=(35)
1471 1
fi=(10)
2548 1
fi=(34)
767 1
-94 1
fi=(35)
2907 2
0 1
fi=(20)
961 1
fi=(18)
552 3
cob=(2)
cfi=(2)
cfn=(4260)
calls=1 0 
* 75
fi=(35)
2912 2
fi=(34)
424 1
634 2
fi=(23)
128 3
cfi=(6)
cfn=(4956)
calls=1 0 
* 35
fe=(65)
-35 5
cfi=(60)
cfn=(5228)
calls=1 +16 
* 97820
fi=(34)
614 1
fi=(35)
1840 1
fi=(34)
619 1
fi=(35)
1471 1
fi=(10)
2548 1
fi=(34)
767 1
-94 1
fi=(35)
2907 2
0 1
fi=(20)
961 1
fi=(18)
552 3
cob=(2)
cfi=(2)
cfn=(4260)
calls=1 0 
* 77
fi=(35)
2912 2
fi=(34)
424 1
634 2
fi=(23)
128 3
cfi=(6)
cfn=(4956)
calls=1 0 
* 35
fe=(65)
-35 5
cfi=(60)
cfn=(5228)
calls=1 +16 
* 97741
fi=(34)
614 1
fi=(35)
1840 1
fi=(34)
619 1
fi=(35)
1471 1
fi=(10)
2548 1
fi=(34)
767 1
-94 1
fi=(35)
2907 2
0 1
fi=(20)
961 1
fi=(18)
552 3
cob=(2)
cfi=(2)
cfn=(4260)
calls=1 0 
* 77
fi=(35)
2912 2
fi=(34)
424 1
634 2
fi=(23)
128 3
cfi=(6)
cfn=(4956)
calls=1 0 
* 35
fe=(65)
-35 5
cfi=(60)
cfn=(5228)
calls=1 +16 
* 97741
fi=(34)
614 1
fi=(35)
1840 1
fi=(34)
619 1
fi=(35)
1471 1
fi=(10)
2548 1
fi=(34)
767 1
-94 1
fi=(35)
2907 2
0 1
fi=(20)
961 1
fi=(18)
552 3
cob=(2)
cfi=(2)
cfn=(4260)
calls=1 0 
* 77
fi=(35)
2912 2
fi=(34)
424 1
634 2
fi=(23)
128 3
cfi=(6)
cfn=(4956)
calls=1 0 
* 35
fe=(65)
-35 5
cfi=(60)
cfn=(5228)
calls=1 +16 
* 97741
fi=(34)
614 1
fi=(35)
1840 1
fi=(34)
619 1
fi=(35)
1471 1
fi=(10)
2548 1
fi=(34)
767 1
-94 1
fi=(35)
2907 2
0 1
fi=(20)
961 1
fi=(18)
552 3
cob=(2)
cfi=(2)
cfn=(4260)
calls=1 0 
* 77
fi=(35)
2912 2
fi=(34)
424 1
634 2
fi=(23)
128 3
cfi=(6)
cfn=(4956)
calls=1 0 
* 35
fe=(65)
-35 6
cfi=(60)
cfn=(5228)
calls=1 +16 
* 97741
fi=(34)
614 1
fi=(35)
1840 1
fi=(34)
619 1
fi=(35)
1471 1
fi=(10)
2548 1
fi=(34)
767 1
-94 1
fi=(35)
2907 2
0 1
fi=(20)
961 1
fi=(18)
552 3
cob=(2)
cfi=(2)
cfn=(4260)
calls=1 0 
* 77
fi=(35)
2912 2
fi=(34)
424 1
634 2
fi=(23)
128 3
cfi=(6)
cfn=(4956)
calls=1 0 
* 35
fe=(65)
-33 4
+1 9

fl=(8) /rustc/ac68faa20c58cbccd01ee7208bf3b6e93a7d7f96/library/std/src/rt.rs
fn=(3936) std::rt::lang_start_internal
fi=(88)
cfn=(4902) std::rt::lang_start::{{closure}}
calls=1 206 
287 4954338
fe=(8)

fn=(4902)
cfi=(30)
cfn=(4904)
calls=1 162 
206 4954338

fl=(25)
fn=(4958) __rustc::__rdl_dealloc
48 5935
cob=(2)
cfi=(2)
cfn=(4626) free
calls=10379 -48 
* 196881

fl=(61)
fn=(5134)
104 54
+1 12
cob=(2)
cfi=(2)
cfn=(4260)
calls=41 0 
* 750
0 24
107 12
fi=(69)
3228 264
+1 48
fe=(61)
107 384
fi=(69)
3228 8184
+1 1488
fe=(61)
107 372
fi=(52)
+73 576
0 30
fe=(61)
113 18
0 6
114 6
+1 12
fi=(52)
0 42
fe=(61)
113 126
0 42
114 42
+1 84
-1 1482
+1 6024
fi=(69)
3228 12240
+1 10710
0 1530
fe=(61)
118 12288
+1 18432
-1 6144
+1 12288
fi=(69)
3228 49152
0 6144
3229 6144
fi=(70)
20 6144
fe=(61)
120 6144
fi=(69)
3228 55296
0 6144
3229 18432
fe=(61)
121 6144
fi=(69)
3228 49152
0 6144
3229 6144
fi=(70)
20 6144
fe=(61)
+99 6144
+2 6144
+1 6144
-5 12288
+7 1530
-11 3060
-2 144
0 12
129 12
fi=(69)
3228 48
0 6
3229 6
fi=(70)
20 6
fe=(61)
129 18
fi=(69)
3228 48
0 6
3229 6
fi=(70)
20 6
fe=(61)
129 6
fi=(14)
1717 12
fi=(52)
180 6
fe=(61)
-51 1524
fi=(69)
3228 6096
0 762
3229 762
fi=(70)
20 762
fe=(61)
129 2286
fi=(69)
3228 6096
0 762
3229 762
fi=(70)
20 762
fe=(61)
129 762
fi=(14)
1717 1524
fi=(52)
180 762
0 6
fe=(61)
131 24
cob=(2)
cfi=(2)
cfn=(4260)
calls=41 0 
* 750
+1 54

fn=(5114)
77 45
+1 10
cob=(2)
cfi=(2)
cfn=(4260)
calls=34 -78 
* 625
-78 20
80 10
fi=(69)
3228 220
+1 40
fe=(61)
80 320
fi=(69)
3228 6820
+1 1240
fe=(61)
80 310
fi=(52)
180 480
0 25
fe=(61)
86 15
-86 5
88 5
-1 5
+1 5
fi=(52)
-88 35
fe=(61)
86 105
-86 35
88 35
-1 35
+1 1270
-1 1235
+1 6335
-88 1275
91 25600
fi=(69)
3228 46080
0 5120
3229 15360
fe=(61)
92 15360
fi=(69)
3228 40960
0 5120
3229 5120
fi=(70)
20 5120
fe=(61)
+73 5120
fi=(69)
3228 40960
0 5120
3229 5120
fi=(70)
20 5120
fe=(61)
+72 5120
+1 5120
+1 5120
-4 10240
+6 1275
-10 2550
+12 40
-14 40
-84 5
100 20
cob=(2)
cfi=(2)
cfn=(4260)
calls=34 0 
* 625
+1 45

fl=(6)
fn=(4956)
0 5935
cfi=(25)
cfn=(4958)
calls=10379 48 
0 202816

fn=(5024)
0 5912
cfi=(24)
cfn=(5026)
calls=10329 482 
0 380761

fn=(3934) main
cfi=(8)
cfn=(3936)
calls=1 152 
0 4954338

fn=(4866)
0 25
cfi=(24)
cfn=(4868)
calls=51 450 
0 2618

fn=(4864)
0 5948

fn=(3874)
cob=(2)
cfi=(2)
cfn=(3876) (below main)
calls=1 0 
0 4954338

ob=(2)
fl=(2)
fn=(4626)
0 144
cfn=(4280) 0x00000000000a6140
calls=42 0 
0 978
0 195759

fn=(3994)
0 182
cfn=(4000) 0x00000000000a6dc0
calls=29 0 
0 1629
0 582

fn=(4000)
0 2444
cfn=(4726) 0x00000000000a4e90
calls=10 0 
0 62
0 70

fn=(3876)
cfn=(3920) 0x00000000000276c0
calls=1 0 
0 4954338

fn=(4280)
0 606
cfn=(4298) 0x00000000000a4f60
calls=47 0 
0 216
0 156

fn=(4298)
0 216

fn=(4760)
0 85
cfn=(4000)
calls=33 0 
0 947
0 267401

fn=(4642)
0 52906

fn=(4726)
0 62

fn=(3920)
cob=(6)
cfi=(6)
cfn=(3934)
calls=1 0 
0 4954338

fn=(4260)
0 305129

totals: 4954338
