# callgrind format
version: 1
creator: callgrind-3.25.1
pid: 243813
cmd:  target/release/examples/profile
part: 1


desc: I1 cache: 
desc: D1 cache: 
desc: LL cache: 

desc: Timerange: Basic block 0 - 2086106
desc: Trigger: Program termination

positions: line
events: Ir
summary: 4922544


ob=(1) /usr/lib/ld-linux-x86-64.so.2
fl=(1) ???
fn=(0) 0x000000000001f300
cob=(6) /home/rick/unl/king's/thesis/ml-dsa/target/release/examples/profile
cfi=(6) ???
cfn=(3874) (below main)
calls=1 0 
0 4922544

ob=(6)
fl=(72) /home/rick/unl/king's/thesis/ml-dsa/ml-dsa/src/verify.rs
fn=(5538) ml_dsa::verify::verify_internal
21 8
fi=(34) /rustc/ac68faa20c58cbccd01ee7208bf3b6e93a7d7f96/library/alloc/src/raw_vec/mod.rs
-21 92
fe=(72)
27 3
cfi=(65) /home/rick/unl/king's/thesis/ml-dsa/ml-dsa/src/serdes.rs
cfn=(5542) ml_dsa::serdes::pk_decode
calls=1 +29 
* 316051
* 2
+1 1
-28 772
31 3
cfi=(65)
cfn=(5562) ml_dsa::serdes::sig_decode
calls=1 148 
* 519277
* 4
+43 8
-74 2
32 7
cob=(2) /usr/lib/libc.so.6
cfi=(2) ???
cfn=(4260) 0x0000000000171fc0
calls=1 -32 
* 509
* 4
cob=(2)
cfi=(2)
cfn=(4260)
calls=1 -32 
* 605
* 2
+4 1
cfi=(56) /home/rick/unl/king's/thesis/ml-dsa/ml-dsa/src/expand.rs
cfn=(5044) ml_dsa::expand::expand_a
calls=1 -20 
* 1741814
fi=(55) /home/rick/.cargo/registry/src/index.crates.io-1949cf8c6b5b557f/sha3-0.10.9/src/state.rs
-19 14
fi=(48) /home/rick/.cargo/registry/src/index.crates.io-1949cf8c6b5b557f/block-buffer-0.10.4/src/lib.rs
+59 9
fi=(46) /home/rick/unl/king's/thesis/ml-dsa/ml-dsa/src/hash.rs
-53 2
fe=(72)
+17 3
cfi=(46)
cfn=(4970) ml_dsa::hash::H::absorb
calls=1 -14 
* 86830
fi=(55)
-23 1
fe=(72)
+24 5
-41 1
42 3
cob=(2)
cfi=(2)
cfn=(4260)
calls=1 -42 
* 65
* 3
cfi=(46)
cfn=(4998) ml_dsa::hash::H::finalize
calls=1 -12 
* 6412
-42 2
42 2
cfi=(46)
cfn=(5094) ml_dsa::hash::HReader::squeeze
calls=1 -5 
* 6288
fi=(55)
-25 14
fi=(48)
+59 9
fi=(46)
-53 3
fe=(72)
+23 2
cfi=(46)
cfn=(4970)
calls=1 -20 
* 44
-46 1
47 3
cfi=(46)
cfn=(4970)
calls=1 -21 
* 44
+1 7
+1 3
cob=(2)
cfi=(2)
cfn=(4260)
calls=1 -49 
* 65
* 3
cfi=(46)
cfn=(4998)
calls=1 -19 
* 6405
-49 2
49 2
cfi=(46)
cfn=(5094)
calls=1 -12 
* 6288
-49 1
51 3
cfi=(58) /home/rick/unl/king's/thesis/ml-dsa/ml-dsa/src/sample.rs
cfn=(5446) ml_dsa::sample::sample_in_ball
calls=1 -35 
* 17079
-51 1
fi=(57) /home/rick/unl/king's/thesis/ml-dsa/ml-dsa/src/poly.rs
63 3
cob=(2)
cfi=(2)
cfn=(4642) 0x00000000001729c0
calls=1 -63 
* 6163
-63 1
fe=(72)
57 191
-57 1
57 191
-57 1
57 191
-57 1
57 191
-57 1
57 191
-57 1
57 191
-57 2
fi=(62) /home/rick/unl/king's/thesis/ml-dsa/ml-dsa/src/vecops.rs
18 1
cfi=(61) /home/rick/unl/king's/thesis/ml-dsa/ml-dsa/src/ntt.rs
cfn=(5114) ml_dsa::ntt::ntt
calls=1 +59 
* 55208
-18 2
18 3
cob=(2)
cfi=(2)
cfn=(4260)
calls=1 -18 
* 125
* 3
cfi=(61)
cfn=(5114)
calls=1 +59 
* 55208
* 5
cob=(2)
cfi=(2)
cfn=(4260)
calls=1 -18 
* 125
* 3
cfi=(61)
cfn=(5114)
calls=1 +59 
* 55208
* 5
cob=(2)
cfi=(2)
cfn=(4260)
calls=1 -18 
* 125
* 3
cfi=(61)
cfn=(5114)
calls=1 +59 
* 55208
* 5
cob=(2)
cfi=(2)
cfn=(4260)
calls=1 -18 
* 125
* 3
cfi=(61)
cfn=(5114)
calls=1 +59 
* 55208
* 4
cob=(2)
cfi=(2)
cfn=(4260)
calls=1 -18 
* 125
* 3
fe=(72)
+42 1
cfi=(63) /home/rick/unl/king's/thesis/ml-dsa/ml-dsa/src/ntt_arith.rs
cfn=(5126) ml_dsa::ntt_arith::matrix_vector_ntt
calls=1 -11 
* 269198
-60 2
61 1
cfi=(61)
cfn=(5114)
calls=1 +16 
* 55208
-61 2
fi=(62)
18 1
cfi=(61)
cfn=(5114)
calls=1 +59 
* 55208
-18 3
18 3
cob=(2)
cfi=(2)
cfn=(4260)
calls=1 -18 
* 125
* 3
cfi=(61)
cfn=(5114)
calls=1 +59 
* 55208
-18 1
18 5
cob=(2)
cfi=(2)
cfn=(4260)
calls=1 -18 
* 125
* 3
cfi=(61)
cfn=(5114)
calls=1 +59 
* 55208
-18 1
18 5
cob=(2)
cfi=(2)
cfn=(4260)
calls=1 -18 
* 125
* 3
cfi=(61)
cfn=(5114)
calls=1 +59 
* 55208
-18 1
18 5
cob=(2)
cfi=(2)
cfn=(4260)
calls=1 -18 
* 125
* 3
cfi=(61)
cfn=(5114)
calls=1 +59 
* 55208
-18 1
18 5
cob=(2)
cfi=(2)
cfn=(4260)
calls=1 -18 
* 125
* 3
cfi=(61)
cfn=(5114)
calls=1 +59 
* 55208
* 4
cob=(2)
cfi=(2)
cfn=(4260)
calls=1 -18 
* 125
* 3
fe=(72)
+43 1
cfi=(63)
cfn=(5458) ml_dsa::ntt_arith::scalar_vector_ntt
calls=1 -21 
* 30766
-61 2
fi=(62)
27 1
cfi=(61)
cfn=(5134) ml_dsa::ntt::inv_ntt
calls=1 +77 
* 63525
-27 2
27 3
cob=(2)
cfi=(2)
cfn=(4260)
calls=1 -27 
* 125
* 3
cfi=(61)
cfn=(5134)
calls=1 +77 
* 63525
* 5
cob=(2)
cfi=(2)
cfn=(4260)
calls=1 -27 
* 125
* 3
cfi=(61)
cfn=(5134)
calls=1 +77 
* 63525
* 5
cob=(2)
cfi=(2)
cfn=(4260)
calls=1 -27 
* 125
* 3
cfi=(61)
cfn=(5134)
calls=1 +77 
* 63525
* 5
cob=(2)
cfi=(2)
cfn=(4260)
calls=1 -27 
* 125
* 3
cfi=(61)
cfn=(5134)
calls=1 +77 
* 63525
* 5
cob=(2)
cfi=(2)
cfn=(4260)
calls=1 -27 
* 125
* 3
cfi=(61)
cfn=(5134)
calls=1 +77 
* 63525
* 4
cob=(2)
cfi=(2)
cfn=(4260)
calls=1 -27 
* 125
-27 2
27 1
cfi=(61)
cfn=(5134)
calls=1 +77 
* 63525
-27 2
27 3
cob=(2)
cfi=(2)
cfn=(4260)
calls=1 -27 
* 125
* 3
cfi=(61)
cfn=(5134)
calls=1 +77 
* 63525
* 5
cob=(2)
cfi=(2)
cfn=(4260)
calls=1 -27 
* 125
* 3
cfi=(61)
cfn=(5134)
calls=1 +77 
* 63525
* 5
cob=(2)
cfi=(2)
cfn=(4260)
calls=1 -27 
* 125
* 3
cfi=(61)
cfn=(5134)
calls=1 +77 
* 63525
* 5
cob=(2)
cfi=(2)
cfn=(4260)
calls=1 -27 
* 123
* 3
cfi=(61)
cfn=(5134)
calls=1 +77 
* 63525
* 5
cob=(2)
cfi=(2)
cfn=(4260)
calls=1 -27 
* 125
* 3
cfi=(61)
cfn=(5134)
calls=1 +77 
* 63525
* 4
cob=(2)
cfi=(2)
cfn=(4260)
calls=1 -27 
* 125
* 3
fe=(72)
+35 1
cfi=(62)
cfn=(5464) ml_dsa::vecops::sub_vec
calls=1 * 
* 31538
-62 3
64 1
cfi=(62)
cfn=(5580) ml_dsa::vecops::use_hint_vec
calls=1 +73 
* 45901
fi=(55)
-47 14
fi=(48)
+59 9
fi=(46)
-53 3
fe=(72)
+45 2
cfi=(46)
cfn=(4970)
calls=1 -42 
* 44
-68 2
69 1
cfi=(65)
cfn=(5392) ml_dsa::serdes::w1_encode
calls=1 +99 
* 335476
fi=(34)
614 1
fi=(35) /rustc/ac68faa20c58cbccd01ee7208bf3b6e93a7d7f96/library/alloc/src/vec/mod.rs
1840 2
fe=(72)
69 2
cfi=(46)
cfn=(4970)
calls=1 -43 
* 37271
fi=(34)
424 1
634 2
fi=(23) /rustc/ac68faa20c58cbccd01ee7208bf3b6e93a7d7f96/library/alloc/src/alloc.rs
128 3
cfi=(6)
cfn=(4956) __rustc::__rust_dealloc
calls=1 0 
* 35
0 2
fe=(72)
70 3
cob=(2)
cfi=(2)
cfn=(4260)
calls=1 -70 
* 65
* 3
cfi=(46)
cfn=(4998)
calls=1 -40 
* 6412
-70 2
70 2
cfi=(46)
cfn=(5020) ml_dsa::hash::HReader::squeeze_vec
calls=1 -28 
* 6636
-70 1
73 1
cfi=(62)
cfn=(5486) ml_dsa::vecops::inf_norm
calls=1 +76 
* 15036
* 8
fi=(34)
614 1
fi=(73) /rustc/ac68faa20c58cbccd01ee7208bf3b6e93a7d7f96/library/core/src/slice/cmp.rs
158 2
cob=(2)
cfi=(2)
cfn=(5598) 0x0000000000171860
calls=1 0 
* 17
* 2
fi=(34)
424 1
634 2
424 1
fi=(23)
128 3
cfi=(6)
cfn=(4956)
calls=1 0 
* 35
0 1
fi=(34)
634 2
fi=(23)
128 5
cfi=(6)
cfn=(4956)
calls=1 0 
* 35
* 2
fe=(72)

fl=(48)
fn=(5078) block_buffer::BlockBuffer<BlockSize,block_buffer::Eager>::set_data
250 84579
-54 15378
+62 7689
0 15078
259 22617
0 7419
fi=(47) /rustc/ac68faa20c58cbccd01ee7208bf3b6e93a7d7f96/library/core/src/slice/index.rs
89 7419
fi=(18) /rustc/ac68faa20c58cbccd01ee7208bf3b6e93a7d7f96/library/core/src/ptr/mod.rs
552 22257
cob=(2)
cfi=(2)
cfn=(4260)
calls=22257 0 
* 133542
fe=(48)
239 7419
0 7869
fi=(20) /rustc/ac68faa20c58cbccd01ee7208bf3b6e93a7d7f96/library/core/src/ptr/mut_ptr.rs
961 120
0 120
fi=(47)
89 120
fi=(18)
552 240
cob=(2)
cfi=(2)
cfn=(4260)
calls=360 0 
* 2160
0 120
fe=(48)
344 840
0 120
fi=(14) /rustc/ac68faa20c58cbccd01ee7208bf3b6e93a7d7f96/library/core/src/ptr/non_null.rs
1717 120
fi=(52) /rustc/ac68faa20c58cbccd01ee7208bf3b6e93a7d7f96/library/core/src/slice/iter/macros.rs
180 120
fe=(48)
344 900
0 150
fi=(14)
1717 150
fi=(52)
180 150
0 270
fe=(48)
274 810
0 750
fi=(18)
552 750
cob=(2)
cfi=(2)
cfn=(4260)
calls=450 0 
* 4500
fi=(55)
61 450
cfi=(51) /home/rick/.cargo/registry/src/index.crates.io-1949cf8c6b5b557f/keccak-0.1.6/src/lib.rs
cfn=(5008) keccak::p1600
calls=450 166 
* 923700
fi=(18)
552 600
cob=(2)
cfi=(2)
cfn=(4260)
calls=450 0 
* 2700
fe=(48)
278 600
cob=(2)
cfi=(2)
cfn=(4260)
calls=450 0 
* 4500
-39 7689
+42 61512

fl=(46)
fn=(4970)
26 60
fi=(49) /home/rick/.cargo/registry/src/index.crates.io-1949cf8c6b5b557f/digest-0.10.7/src/core_api/wrapper.rs
149 6
fi=(48)
+47 6
0 6
146 6
fi=(66) /home/rick/.cargo/registry/src/index.crates.io-1949cf8c6b5b557f/block-buffer-0.10.4/src/sealed.rs
17 12
fi=(48)
155 6
fi=(47)
-54 4
fi=(18)
552 12
cob=(2)
cfi=(2)
cfn=(4260)
calls=34 0 
* 48
fi=(48)
158 4
0 4
161 4
fi=(47)
-60 1
fi=(18)
552 4
cob=(2)
cfi=(2)
cfn=(4260)
calls=2 0 
* 22
fi=(26) /rustc/ac68faa20c58cbccd01ee7208bf3b6e93a7d7f96/library/core/src/result.rs
1718 1
fi=(55)
46 6
fi=(26)
1718 1
fi=(55)
46 2
fi=(26)
1718 1
fi=(55)
46 2
fi=(26)
1718 1
fi=(55)
46 2
fi=(26)
1718 1
fi=(55)
46 3
fi=(26)
1718 1
fi=(55)
46 4
fi=(26)
1718 1
fi=(55)
46 3
fi=(26)
1718 1
fi=(55)
46 2
fi=(26)
1718 1
fi=(55)
46 1
fi=(87) /rustc/ac68faa20c58cbccd01ee7208bf3b6e93a7d7f96/library/core/src/ptr/const_ptr.rs
863 1
fi=(55)
49 3
cfi=(51)
cfn=(5008)
calls=2 166 
* 6158
fi=(66)
-26 2
-23 2
23 7
fi=(87)
863 1
fi=(48)
169 2
fi=(66)
0 1
23 7
fi=(87)
863 1
fi=(48)
169 2
0 4
fi=(26)
1718 2
fi=(55)
46 10
fi=(26)
1718 2
fi=(55)
46 4
fi=(26)
1718 2
fi=(55)
46 6
fi=(26)
1718 2
fi=(55)
46 4
fi=(26)
1718 2
fi=(55)
46 6
fi=(26)
1718 2
fi=(55)
46 6
fi=(26)
1718 2
fi=(55)
46 6
fi=(26)
1718 2
fi=(55)
46 6
fi=(26)
1718 2
fi=(55)
46 2
+3 2
fi=(14)
659 2
fi=(55)
49 4
cfi=(51)
cfn=(5008)
calls=4 166 
* 12316
fi=(26)
1718 17
fi=(55)
46 85
fi=(26)
1718 17
fi=(55)
46 34
fi=(26)
1718 17
fi=(55)
46 51
fi=(26)
1718 17
fi=(55)
46 34
fi=(26)
1718 17
fi=(55)
46 51
fi=(26)
1718 17
fi=(55)
46 51
fi=(26)
1718 17
fi=(55)
46 51
fi=(26)
1718 17
fi=(55)
46 51
fi=(26)
1718 17
fi=(55)
46 17
+3 17
fi=(14)
659 17
fi=(55)
49 34
cfi=(51)
cfn=(5008)
calls=34 166 
* 104686
fi=(14)
1717 19
fi=(52)
180 19
fi=(18)
552 8
cob=(2)
cfi=(2)
cfn=(4260)
calls=4 0 
* 23
fi=(48)
239 6
fe=(46)
28 48

fn=(5058) ml_dsa::hash::G::absorb
64 300
fi=(49)
+85 30
fi=(48)
+47 30
0 30
146 30
fi=(66)
17 60
fi=(48)
155 30
fi=(47)
-54 30
fi=(18)
552 90
cob=(2)
cfi=(2)
cfn=(4260)
calls=90 0 
* 360
fi=(48)
158 30
0 30
239 30
fe=(46)
66 240

fn=(5066) ml_dsa::hash::G::finalize
68 210
fi=(49)
203 30
0 60
203 60
cob=(2)
cfi=(2)
cfn=(4260)
calls=90 0 
* 900
* 150
cob=(2)
cfi=(2)
cfn=(4260)
calls=90 0 
* 900
fi=(48)
-7 30
fi=(47)
-95 60
0 30
fi=(52)
180 30
fi=(48)
+8 60
cob=(2)
cfi=(2)
cfn=(4642)
calls=90 0 
* 780
fi=(50) /home/rick/.cargo/registry/src/index.crates.io-1949cf8c6b5b557f/sha3-0.10.9/src/macros.rs
-49 30
+2 30
fi=(55)
-95 900
fi=(26)
1718 30
fi=(55)
46 30
+3 90
cfi=(51)
cfn=(5008)
calls=90 166 
* 184740
-49 30
8 120
cob=(2)
cfi=(2)
cfn=(4260)
calls=90 -8 
* 900
fi=(48)
+68 360
fe=(46)
-7 120
cob=(2)
cfi=(2)
cfn=(4260)
calls=90 -69 
* 1950
+1 210

fn=(4998)
30 28
fi=(49)
203 4
0 8
203 8
cob=(2)
cfi=(2)
cfn=(4260)
calls=25 0 
* 120
* 20
cob=(2)
cfi=(2)
cfn=(4260)
calls=25 0 
* 120
fi=(48)
-7 4
fi=(47)
-95 4
0 4
fi=(52)
180 4
fi=(48)
+8 8
cob=(2)
cfi=(2)
cfn=(4642)
calls=25 0 
* 69
fi=(50)
-49 4
+2 4
fi=(55)
-95 96
fi=(26)
1718 4
fi=(55)
46 4
+3 12
cfi=(51)
cfn=(5008)
calls=25 166 
* 24632
-49 4
8 16
cob=(2)
cfi=(2)
cfn=(4260)
calls=25 -8 
* 120
fi=(48)
+68 40
fe=(46)
-45 16
cob=(2)
cfi=(2)
cfn=(4260)
calls=25 -31 
* 260
+1 28

fn=(5020)
42 9
fi=(54) /rustc/ac68faa20c58cbccd01ee7208bf3b6e93a7d7f96/library/core/src/intrinsics/mod.rs
457 1
fi=(34)
0 2
460 1
0 1
cfi=(6)
cfn=(4864) __rustc::__rust_no_alloc_shim_is_unstable_v2
calls=7 0 
0 1
0 1
fi=(23)
198 3
cfi=(6)
cfn=(5024) __rustc::__rust_alloc_zeroed
calls=7 0 
* 325
fi=(34)
469 2
0 1
fi=(59) /home/rick/.cargo/registry/src/index.crates.io-1949cf8c6b5b557f/digest-0.10.7/src/core_api/xof_reader.rs
41 1
fi=(48)
196 2
+62 1
0 5
fi=(18)
0 1
fi=(48)
344 6
0 1
fi=(14)
1717 1
fi=(52)
180 1
0 3
fi=(48)
274 1
0 2
fi=(18)
552 3
cob=(2)
cfi=(2)
cfn=(4260)
calls=7 0 
* 30
fi=(55)
61 3
cfi=(51)
cfn=(5008)
calls=7 166 
* 6158
fi=(48)
-61 3
fi=(18)
552 5
cob=(2)
cfi=(2)
cfn=(4260)
calls=7 0 
* 12
fi=(48)
278 4
cob=(2)
cfi=(2)
cfn=(4260)
calls=7 0 
* 30
* 1
0 2
239 1
fe=(46)
45 3
+1 9

fn=(5094)
37 468
fi=(59)
+4 52
-41 52
fi=(48)
196 104
+62 52
0 98
259 147
fi=(47)
89 49
fi=(18)
552 147
cob=(2)
cfi=(2)
cfn=(4260)
calls=2576 0 
* 784
fi=(48)
239 49
0 107
344 21
0 3
fi=(14)
1717 6
fi=(52)
180 3
0 3
fi=(48)
274 6
0 9
fi=(18)
552 12
cob=(2)
cfi=(2)
cfn=(4260)
calls=29 0 
* 90
fi=(55)
61 9
cfi=(51)
cfn=(5008)
calls=29 166 
* 18474
fi=(18)
552 12
cob=(2)
cfi=(2)
cfn=(4260)
calls=29 0 
* 37
fi=(48)
278 12
cob=(2)
cfi=(2)
cfn=(4260)
calls=29 0 
* 90
-39 52
fe=(46)
39 416

fl=(34)
fn=(5274) alloc::raw_vec::RawVecInner<A>::reserve::do_reserve_and_handle
661 16
511 8
fi=(10) /rustc/ac68faa20c58cbccd01ee7208bf3b6e93a7d7f96/library/core/src/num/uint_macros.rs
823 4
fi=(54)
457 4
0 4
fe=(34)
522 8
fi=(19) /rustc/ac68faa20c58cbccd01ee7208bf3b6e93a7d7f96/library/core/src/cmp.rs
1037 8
fe=(34)
159 28
fi=(19)
1037 8
0 4
fe=(34)
528 4
0 4
528 8
cfn=(5278) alloc::raw_vec::RawVecInner<A>::finish_grow
calls=8 +15 
* 1476
fi=(26)
2173 8
+1 4
fe=(34)
776 4
+1 4
671 16

fn=(5278)
543 32
fi=(10)
3105 16
0 16
fi=(54)
457 12
fe=(34)
634 8
fi=(10)
1286 3
fi=(23)
155 15
cfi=(6)
cfn=(5282) __rustc::__rust_realloc
calls=6 0 
* 1094
fe=(34)
563 6
fi=(23)
206 2
+4 1
cfi=(6)
cfn=(4864)
calls=2 0 
* 1
101 3
cfi=(6)
cfn=(4866) __rustc::__rust_alloc
calls=2 0 
* 221
fe=(34)
563 2
+1 8
0 12
567 24

fl=(60) /home/rick/unl/king's/thesis/ml-dsa/ml-dsa/src/encoding.rs
fn=(5160) ml_dsa::encoding::simple_bit_pack
99 54
fi=(10)
+55 18
fe=(60)
16 6
+85 12
fi=(34)
460 18
0 6
cfi=(6)
cfn=(4864)
calls=18 0 
0 6
fi=(23)
101 18
cfi=(6)
cfn=(4866)
calls=18 0 
* 240
fi=(34)
469 12
fi=(35)
977 66
0 24
fe=(60)
103 6
fi=(34)
0 6
cfi=(6)
cfn=(4864)
calls=18 0 
0 6
fi=(35)
0 3060
fe=(60)
103 1530
fi=(34)
0 1530
cfi=(6)
cfn=(4864)
calls=4590 0 
0 1530
fi=(23)
198 4608
cfi=(6)
cfn=(5024)
calls=4608 0 
* 96768
fi=(34)
469 3072
0 3072
fi=(36) /rustc/ac68faa20c58cbccd01ee7208bf3b6e93a7d7f96/library/core/src/iter/range.rs
900 1536
0 3072
fe=(60)
24 23040
fi=(10)
898 1536
fe=(60)
25 1536
fi=(36)
900 3072
0 1536
900 1536
fi=(34)
619 1536
fi=(10)
2548 1536
0 1536
fi=(34)
767 3072
0 3072
fi=(20)
961 1536
fi=(18)
552 4608
cob=(2)
cfi=(2)
cfn=(4260)
calls=4608 0 
* 23040
fi=(35)
2912 3072
fi=(23)
128 6144
cfi=(6)
cfn=(4956)
calls=4608 0 
* 53760
fi=(19)
1915 1536
fi=(36)
900 1542
fi=(35)
0 6
fe=(60)
105 30
cfn=(5178) ml_dsa::encoding::bits_to_bytes
calls=18 -54 
* 74460
fi=(34)
424 6
634 12
fi=(23)
128 18
cfi=(6)
cfn=(4956)
calls=18 0 
* 210
fe=(60)
-22 54

fn=(5312) ml_dsa::encoding::bit_unpack
131 50
+1 5
0 5
fi=(10)
154 15
fe=(60)
16 5
-16 5
133 5
cfn=(5314) ml_dsa::encoding::bytes_to_bits
calls=27 -72 
* 186900
fi=(57)
32 20
cob=(2)
cfi=(2)
cfn=(4642)
calls=27 -32 
* 390
* 20
-32 10
fe=(60)
136 3840
0 1280
fi=(19)
1915 1280
fi=(36)
900 1280
fe=(60)
136 3840
fi=(47)
438 2560
fe=(60)
0 1280
fi=(47)
89 1280
-89 3840
fi=(19)
1915 6400
fe=(60)
34 2560
fi=(88) /rustc/ac68faa20c58cbccd01ee7208bf3b6e93a7d7f96/library/core/src/ops/range.rs
563 1280
fi=(19)
1915 121600
fe=(60)
34 48640
fi=(88)
563 24320
fi=(36)
0 48640
fi=(88)
563 48640
fi=(34)
424 5
634 10
fi=(23)
128 15
cfi=(6)
cfn=(4956)
calls=27 0 
* 580
fe=(60)
+11 45

fn=(5546) ml_dsa::encoding::simple_bit_unpack
120 54
fi=(10)
+34 18
fe=(60)
16 6
-16 6
122 6
cfn=(5314)
calls=6 -61 
* 112944
fi=(57)
-90 24
cob=(2)
cfi=(2)
cfn=(4642)
calls=6 -32 
* 426
* 24
-32 12
fe=(60)
125 1536
0 1536
fi=(19)
1915 1536
fi=(36)
900 1536
fe=(60)
125 4608
fi=(47)
438 3072
fe=(60)
0 1536
fi=(47)
89 1536
-89 4608
fi=(19)
1915 7680
fe=(60)
34 3072
fi=(88)
563 1536
fi=(19)
1915 69120
fe=(60)
34 27648
fi=(88)
563 13824
fi=(36)
0 27648
fi=(88)
563 27648
fi=(34)
424 6
634 12
fi=(23)
128 18
cfi=(6)
cfn=(4956)
calls=6 0 
* 696
* 48
fe=(60)

fn=(5178)
51 48
fi=(10)
3714 12
fi=(34)
460 6
0 6
cfi=(6)
cfn=(4864)
calls=40 0 
0 6
fi=(23)
198 18
cfi=(6)
cfn=(5024)
calls=40 0 
* 534
fi=(34)
469 12
0 6
fi=(19)
1915 6
fi=(36)
900 6
0 12
fe=(60)
55 12
fi=(47)
278 12
fe=(60)
55 12276
fi=(47)
278 12276
fi=(10)
898 6144
fe=(60)
55 24576
-55 6144
fi=(19)
1915 6144
fi=(36)
900 6144
fe=(60)
57 18
+1 42

fn=(5314)
61 60
+2 12
-63 12
fi=(54)
457 12
fi=(34)
0 12
460 12
0 48
cfi=(6)
cfn=(4864)
calls=35 0 
0 12
0 12
fi=(23)
198 36
cfi=(6)
cfn=(5024)
calls=35 0 
* 43463
fi=(34)
469 24
0 36
fi=(19)
1915 12
fi=(36)
900 12
0 12
fi=(47)
278 36
0 12
278 10256
fe=(60)
65 5128
+2 15384
fi=(47)
278 10256
fe=(60)
68 10256
-1 10256
fi=(47)
278 10256
fe=(60)
68 10256
-1 10256
fi=(47)
278 10256
fe=(60)
68 10256
-1 10256
fi=(47)
278 10256
fe=(60)
68 10256
-1 10256
fi=(47)
278 10256
fe=(60)
68 10256
-1 10256
fi=(47)
278 10256
fe=(60)
68 10256
-1 10256
fi=(47)
278 10256
fe=(60)
0 5128
68 5128
-1 5128
fi=(19)
1915 10256
fi=(36)
900 5128
fe=(60)
71 36
+1 84

fl=(30) /rustc/ac68faa20c58cbccd01ee7208bf3b6e93a7d7f96/library/std/src/sys/backtrace.rs
fn=(4904) std::sys::backtrace::__rust_begin_short_backtrace
fi=(89) /rustc/ac68faa20c58cbccd01ee7208bf3b6e93a7d7f96/library/core/src/ops/function.rs
cfi=(31) /home/rick/unl/king's/thesis/ml-dsa/ml-dsa/examples/profile.rs
cfn=(4906) profile::main
calls=1 101 
250 4922544
fe=(30)

fl=(63)
fn=(5126)
49 20
cob=(2)
cfi=(2)
cfn=(4642)
calls=3 -49 
* 6163
* 1
-49 1
fi=(57)
45 4
cob=(2)
cfi=(2)
cfn=(4642)
calls=3 -45 
* 78
* 20
cob=(2)
cfi=(2)
cfn=(4642)
calls=15 -45 
* 390
* 6
-45 6
fe=(63)
25 18
fi=(69) /rustc/ac68faa20c58cbccd01ee7208bf3b6e93a7d7f96/library/core/src/num/int_macros.rs
3228 48
0 6
3229 6
fi=(70) /home/rick/unl/king's/thesis/ml-dsa/ml-dsa/src/field.rs
20 6
fe=(63)
+5 18
fi=(69)
3228 48
0 6
3229 6
fi=(70)
20 6
fe=(63)
+5 12
fi=(19)
1915 12
fi=(36)
900 6
fe=(63)
25 2286
fi=(69)
3228 6096
0 762
3229 762
fi=(70)
20 762
fe=(63)
+5 2286
fi=(69)
3228 6096
0 762
3229 762
fi=(70)
20 762
fe=(63)
+5 1524
fi=(19)
1915 1524
fi=(36)
900 762
0 24
fi=(57)
45 24
cob=(2)
cfi=(2)
cfn=(4642)
calls=18 -45 
* 468
* 6
-45 6
fe=(63)
16 18
fi=(69)
3228 48
0 6
3229 6
fi=(70)
20 6
fe=(63)
-4 18
fi=(69)
3228 48
0 6
3229 6
fi=(70)
20 6
fe=(63)
-4 12
fi=(19)
1915 12
fi=(36)
900 6
fe=(63)
16 2286
fi=(69)
3228 6096
0 762
3229 762
fi=(70)
20 762
fe=(63)
-4 2286
fi=(69)
3228 6096
0 762
3229 762
fi=(70)
20 762
fe=(63)
-4 1524
fi=(19)
1915 1524
fi=(36)
900 762
fe=(63)
56 24
cob=(2)
cfi=(2)
cfn=(4260)
calls=18 -56 
* 748
fi=(57)
-11 24
cob=(2)
cfi=(2)
cfn=(4642)
calls=18 -45 
* 468
* 6
-45 6
fe=(63)
25 18
fi=(69)
3228 48
0 6
3229 6
fi=(70)
20 6
fe=(63)
+5 18
fi=(69)
3228 48
0 6
3229 6
fi=(70)
20 6
fe=(63)
+5 12
fi=(19)
1915 12
fi=(36)
900 6
fe=(63)
25 2286
fi=(69)
3228 6096
0 762
3229 762
fi=(70)
20 762
fe=(63)
+5 2286
fi=(69)
3228 6096
0 762
3229 762
fi=(70)
20 762
fe=(63)
+5 1524
fi=(19)
1915 1524
fi=(36)
900 762
fi=(57)
45 24
cob=(2)
cfi=(2)
cfn=(4642)
calls=18 -45 
* 468
* 6
-45 6
fe=(63)
16 18
fi=(69)
3228 48
0 6
3229 6
fi=(70)
20 6
fe=(63)
-4 18
fi=(69)
3228 48
0 6
3229 6
fi=(70)
20 6
fe=(63)
-4 12
fi=(19)
1915 12
fi=(36)
900 6
fe=(63)
16 2286
fi=(69)
3228 6096
0 762
3229 762
fi=(70)
20 762
fe=(63)
-4 2286
fi=(69)
3228 6096
0 762
3229 762
fi=(70)
20 762
fe=(63)
-4 1524
fi=(19)
1915 1524
fi=(36)
900 762
fe=(63)
56 24
cob=(2)
cfi=(2)
cfn=(4260)
calls=18 -56 
* 748
fi=(57)
-11 24
cob=(2)
cfi=(2)
cfn=(4642)
calls=18 -45 
* 468
* 6
-45 6
fe=(63)
25 18
fi=(69)
3228 48
0 6
3229 6
fi=(70)
20 6
fe=(63)
+5 18
fi=(69)
3228 48
0 6
3229 6
fi=(70)
20 6
fe=(63)
+5 12
fi=(19)
1915 12
fi=(36)
900 6
fe=(63)
25 2286
fi=(69)
3228 6096
0 762
3229 762
fi=(70)
20 762
fe=(63)
+5 2286
fi=(69)
3228 6096
0 762
3229 762
fi=(70)
20 762
fe=(63)
+5 1524
fi=(19)
1915 1524
fi=(36)
900 762
fi=(57)
45 24
cob=(2)
cfi=(2)
cfn=(4642)
calls=18 -45 
* 468
* 6
-45 6
fe=(63)
16 18
fi=(69)
3228 48
0 6
3229 6
fi=(70)
20 6
fe=(63)
-4 18
fi=(69)
3228 48
0 6
3229 6
fi=(70)
20 6
fe=(63)
-4 12
fi=(19)
1915 12
fi=(36)
900 6
fe=(63)
16 2286
fi=(69)
3228 6096
0 762
3229 762
fi=(70)
20 762
fe=(63)
-4 2286
fi=(69)
3228 6096
0 762
3229 762
fi=(70)
20 762
fe=(63)
-4 1524
fi=(19)
1915 1524
fi=(36)
900 762
fe=(63)
56 24
cob=(2)
cfi=(2)
cfn=(4260)
calls=18 -56 
* 748
fi=(57)
-11 24
cob=(2)
cfi=(2)
cfn=(4642)
calls=18 -45 
* 468
* 6
-45 6
fe=(63)
25 18
fi=(69)
3228 48
0 6
3229 6
fi=(70)
20 6
fe=(63)
+5 18
fi=(69)
3228 12
fe=(63)
25 6
fi=(69)
3228 36
0 6
3229 6
fi=(70)
20 6
fe=(63)
+5 6
fi=(10)
898 6
fi=(19)
1915 6
fi=(36)
900 6
fe=(63)
25 2286
fi=(69)
3228 6096
0 762
3229 762
fi=(70)
20 762
fe=(63)
+5 2286
fi=(69)
3228 1524
fe=(63)
25 762
fi=(69)
3228 4572
0 762
3229 762
fi=(70)
20 762
fe=(63)
+5 762
fi=(10)
898 762
fi=(19)
1915 762
fi=(36)
900 762
fi=(57)
45 24
cob=(2)
cfi=(2)
cfn=(4642)
calls=18 -45 
* 468
* 6
-45 6
fe=(63)
16 18
fi=(69)
3228 48
0 6
3229 6
fi=(70)
20 6
fe=(63)
-4 18
fi=(69)
3228 48
0 6
3229 6
fi=(70)
20 6
fe=(63)
-4 12
fi=(19)
1915 12
fi=(36)
900 6
fe=(63)
16 2286
fi=(69)
3228 6096
0 762
3229 762
fi=(70)
20 762
fe=(63)
-4 2286
fi=(69)
3228 6096
0 762
3229 762
fi=(70)
20 762
fe=(63)
-4 1524
fi=(19)
1915 1524
fi=(36)
900 762
fe=(63)
56 24
cob=(2)
cfi=(2)
cfn=(4260)
calls=18 -56 
* 748
fi=(57)
-11 24
cob=(2)
cfi=(2)
cfn=(4642)
calls=18 -45 
* 468
* 6
-45 6
fe=(63)
25 18
fi=(69)
3228 48
0 6
3229 6
fi=(70)
20 6
fe=(63)
+5 18
fi=(69)
3228 12
fe=(63)
25 6
fi=(69)
3228 36
0 6
3229 6
fi=(70)
20 6
fe=(63)
+5 6
fi=(10)
898 6
fi=(19)
1915 6
fi=(36)
900 6
fe=(63)
25 2286
fi=(69)
3228 6096
0 762
3229 762
fi=(70)
20 762
fe=(63)
+5 2286
fi=(69)
3228 1524
fe=(63)
25 762
fi=(69)
3228 4572
0 762
3229 762
fi=(70)
20 762
fe=(63)
+5 762
fi=(10)
898 762
fi=(19)
1915 762
fi=(36)
900 762
fi=(57)
45 24
cob=(2)
cfi=(2)
cfn=(4642)
calls=18 -45 
* 468
* 6
-45 6
fe=(63)
16 18
fi=(69)
3228 48
0 6
3229 6
fi=(70)
20 6
fe=(63)
-4 18
fi=(69)
3228 48
0 6
3229 6
fi=(70)
20 6
fe=(63)
-4 12
fi=(19)
1915 12
fi=(36)
900 6
fe=(63)
16 2286
fi=(69)
3228 6096
0 762
3229 762
fi=(70)
20 762
fe=(63)
-4 2286
fi=(69)
3228 6096
0 762
3229 762
fi=(70)
20 762
fe=(63)
-4 1524
fi=(19)
1915 1524
fi=(36)
900 762
fe=(63)
56 24
cob=(2)
cfi=(2)
cfn=(4260)
calls=18 -56 
* 748
fi=(10)
898 6
fi=(36)
+2 12
fi=(19)
1915 6
fi=(36)
900 6
0 1
fe=(63)
59 4
cob=(2)
cfi=(2)
cfn=(4260)
calls=3 -59 
* 605
+1 9

fn=(5458)
40 10
fi=(57)
+41 1
-81 1
81 3
cob=(2)
cfi=(2)
cfn=(4642)
calls=3 -81 
* 4115
-81 1
45 3
cob=(2)
cfi=(2)
cfn=(4642)
calls=3 -45 
* 78
* 2
fe=(63)
-20 3
fi=(69)
3228 8
0 1
3229 1
fi=(70)
20 1
fe=(63)
+5 3
fi=(69)
3228 8
0 1
3229 1
fi=(70)
20 1
fe=(63)
+5 2
fi=(19)
1915 2
fi=(36)
900 1
fe=(63)
25 381
fi=(69)
3228 1016
0 127
3229 127
fi=(70)
20 127
fe=(63)
+5 381
fi=(69)
3228 1016
0 127
3229 127
fi=(70)
20 127
fe=(63)
+5 254
fi=(19)
1915 254
fi=(36)
900 127
0 1
fe=(63)
43 4
cob=(2)
cfi=(2)
cfn=(4260)
calls=3 -43 
* 125
-43 1
fi=(57)
45 4
cob=(2)
cfi=(2)
cfn=(4642)
calls=3 -45 
* 78
fe=(63)
-20 384
fi=(69)
3228 1024
0 128
3229 128
fi=(70)
20 128
fe=(63)
+5 384
fi=(69)
3228 256
fe=(63)
25 128
fi=(69)
3228 768
0 128
3229 128
fi=(70)
20 128
fe=(63)
+5 128
fi=(10)
898 128
fi=(19)
1915 128
fi=(36)
900 128
fe=(63)
43 5
cob=(2)
cfi=(2)
cfn=(4260)
calls=3 -43 
* 125
-43 1
fi=(57)
45 4
cob=(2)
cfi=(2)
cfn=(4642)
calls=3 -45 
* 78
-45 1
fe=(63)
25 3
fi=(69)
3228 8
0 1
3229 1
fi=(70)
20 1
fe=(63)
+5 3
fi=(69)
3228 2
fe=(63)
25 1
fi=(69)
3228 6
0 1
3229 1
fi=(70)
20 1
fe=(63)
+5 1
fi=(10)
898 1
fi=(19)
1915 1
fi=(36)
900 1
fe=(63)
25 381
fi=(69)
3228 1016
0 127
3229 127
fi=(70)
20 127
fe=(63)
+5 381
fi=(69)
3228 254
fe=(63)
25 127
fi=(69)
3228 762
0 127
3229 127
fi=(70)
20 127
fe=(63)
+5 127
fi=(10)
898 127
fi=(19)
1915 127
fi=(36)
900 127
0 1
fe=(63)
43 4
cob=(2)
cfi=(2)
cfn=(4260)
calls=3 -43 
* 125
-43 1
fi=(57)
45 4
cob=(2)
cfi=(2)
cfn=(4642)
calls=3 -45 
* 78
-45 1
fe=(63)
25 3
fi=(69)
3228 8
0 1
3229 1
fi=(70)
20 1
fe=(63)
+5 3
fi=(69)
3228 2
fe=(63)
25 1
fi=(69)
3228 6
0 1
3229 1
fi=(70)
20 1
fe=(63)
+5 1
fi=(10)
898 1
fi=(19)
1915 1
fi=(36)
900 1
fe=(63)
25 381
fi=(69)
3228 1016
0 127
3229 127
fi=(70)
20 127
fe=(63)
+5 381
fi=(69)
3228 254
fe=(63)
25 127
fi=(69)
3228 762
0 127
3229 127
fi=(70)
20 127
fe=(63)
+5 127
fi=(10)
898 127
fi=(19)
1915 127
fi=(36)
900 127
fe=(63)
43 5
cob=(2)
cfi=(2)
cfn=(4260)
calls=3 -43 
* 125
-43 1
fi=(57)
45 4
cob=(2)
cfi=(2)
cfn=(4642)
calls=3 -45 
* 78
-45 1
fe=(63)
25 3
fi=(69)
3228 8
0 1
3229 1
fi=(70)
20 1
fe=(63)
+5 3
fi=(69)
3228 2
fe=(63)
25 1
fi=(69)
3228 6
0 1
3229 1
fi=(70)
20 1
fe=(63)
+5 1
fi=(10)
898 1
fi=(19)
1915 1
fi=(36)
900 1
fe=(63)
25 381
fi=(69)
3228 1016
0 127
3229 127
fi=(70)
20 127
fe=(63)
+5 381
fi=(69)
3228 254
fe=(63)
25 127
fi=(69)
3228 762
0 127
3229 127
fi=(70)
20 127
fe=(63)
+5 127
fi=(10)
898 127
fi=(19)
1915 127
fi=(36)
900 127
fe=(63)
43 5
cob=(2)
cfi=(2)
cfn=(4260)
calls=3 -43 
* 125
-43 1
fi=(57)
45 4
cob=(2)
cfi=(2)
cfn=(4642)
calls=3 -45 
* 78
-45 1
fe=(63)
25 3
fi=(69)
3228 8
0 1
3229 1
fi=(70)
20 1
fe=(63)
+5 3
fi=(69)
3228 2
fe=(63)
25 1
fi=(69)
3228 6
0 1
3229 1
fi=(70)
20 1
fe=(63)
+5 1
fi=(10)
898 1
fi=(19)
1915 1
fi=(36)
900 1
fe=(63)
25 381
fi=(69)
3228 1016
0 127
3229 127
fi=(70)
20 127
fe=(63)
+5 381
fi=(69)
3228 254
fe=(63)
25 127
fi=(69)
3228 762
0 127
3229 127
fi=(70)
20 127
fe=(63)
+5 127
fi=(10)
898 127
fi=(19)
1915 127
fi=(36)
900 127
fe=(63)
43 5
cob=(2)
cfi=(2)
cfn=(4260)
calls=3 -43 
* 125
+3 9

fl=(51)
fn=(5010) keccak::keccak_p
236 1456
+1 416
0 208
fi=(14)
1717 208
fi=(52)
180 208
0 5200
180 624
0 4368
fi=(53) /rustc/ac68faa20c58cbccd01ee7208bf3b6e93a7d7f96/library/core/src/ops/bit.rs
898 1456
0 416
898 416
fi=(52)
0 9568
fi=(53)
898 33488
0 9568
898 81328
0 4784
898 23920
0 4784
898 9568
0 4784
898 4784
fi=(54)
2030 9568
fi=(53)
386 4784
fi=(54)
2030 4784
fi=(53)
386 4784
898 28704
0 9568
898 4784
fi=(54)
2030 4784
fi=(53)
386 4784
fi=(54)
2030 4784
fi=(53)
386 4784
898 17472
0 208
898 1040
0 208
898 416
0 208
898 208
fi=(54)
2030 416
fi=(53)
386 208
fi=(54)
2030 208
fi=(53)
386 208
898 1248
0 416
898 208
fi=(54)
2030 208
fi=(53)
386 208
fi=(54)
2030 208
fi=(53)
386 208
898 2288
0 208
898 208
0 208
898 38688
0 4784
898 4784
0 4784
898 19136
0 4784
fi=(54)
2030 4784
fi=(53)
386 4784
898 9568
0 4784
898 14352
0 4784
fi=(54)
2030 9568
0 9568
2030 14352
fi=(53)
63 9568
178 4784
0 4784
63 9568
178 4784
386 4784
0 4784
63 4784
178 4784
386 4784
0 9568
63 9568
178 4784
fi=(54)
2030 33488
fi=(53)
63 9568
178 4784
386 4784
898 416
0 208
fi=(54)
2030 208
fi=(53)
386 208
898 416
0 208
898 624
0 208
fi=(54)
2030 416
0 416
2030 624
fi=(53)
63 416
178 208
0 208
63 416
178 208
386 208
0 208
63 208
178 208
386 208
0 416
63 416
178 208
fi=(54)
2030 1456
fi=(53)
63 416
178 208
386 208
0 208
63 416
-63 208
178 208
386 208
0 208
63 208
178 208
386 208
0 208
63 416
-63 4784
63 9568
-63 4784
178 4784
386 4784
0 4784
63 4784
178 4784
386 4784
0 4784
63 9568
178 4784
63 4784
178 4784
0 9568
fi=(54)
2030 4784
0 4784
2030 9568
0 9568
2030 4784
fi=(53)
63 9568
178 4784
386 4784
0 4784
63 9568
178 4784
386 4784
63 9568
178 4784
63 4784
178 4784
0 4784
63 9568
178 4784
386 4784
0 4784
386 4784
0 9568
63 9568
178 4784
386 9568
0 4784
386 9568
fi=(54)
2030 9568
0 4784
2030 4784
fi=(53)
178 208
63 208
178 208
0 416
fi=(54)
2030 208
0 208
2030 416
0 416
2030 208
fi=(53)
63 416
178 208
386 208
0 208
63 416
178 208
386 208
63 416
178 208
63 208
178 208
0 208
63 416
178 208
386 208
0 208
386 208
0 416
63 416
178 208
386 416
0 208
386 416
fi=(54)
2030 416
0 208
2030 208
0 208
2030 416
0 208
2030 208
0 416
2030 208
0 416
2030 208
0 208
2030 208
0 4784
2030 9568
0 4784
2030 4784
0 9568
2030 4784
0 9568
2030 4784
0 4784
2030 4784
fi=(53)
386 4784
0 9568
fi=(54)
2030 4784
fi=(53)
63 9568
178 4784
63 9568
178 4784
63 9568
178 4784
386 4784
63 4784
178 4784
386 4784
63 9568
178 4784
63 9568
178 4784
386 4784
63 4784
178 4784
0 4784
63 9568
-63 4784
178 4784
386 4784
0 4784
386 9568
0 4784
63 4784
178 4784
0 4784
386 4784
0 4784
386 9568
0 4784
63 4784
178 4784
0 4784
386 208
0 416
fi=(54)
2030 208
fi=(53)
63 416
178 208
63 416
178 208
63 416
178 208
386 208
63 208
178 208
386 208
63 416
178 208
63 416
178 208
386 208
63 208
178 208
0 208
63 416
-63 208
178 208
386 208
0 208
386 416
0 208
63 208
178 208
0 208
386 208
0 208
386 416
0 208
63 208
178 208
0 208
386 208
0 416
386 208
0 208
898 832
0 208
fi=(14)
1717 208
fi=(52)
180 208
fi=(53)
386 4784
0 9568
386 4784
0 4784
898 19136
0 4784
fi=(14)
1717 4784
fi=(52)
180 4784
0 8736
fe=(51)
291 1664

fn=(5008)
166 208
cfn=(5010)
calls=663 +70 
* 1280656

fl=(56)
fn=(5044)
16 9
fi=(57)
+84 4
cob=(2)
cfi=(2)
cfn=(4642)
calls=3 0 
* 30739
* 6
0 6
fe=(56)
24 36
cob=(2)
cfi=(2)
cfn=(4260)
calls=18 -24 
* 750
* 6
fi=(10)
898 6
fi=(19)
1915 6
fi=(36)
900 6
0 6
fi=(18)
552 24
fe=(56)
22 12
+1 6
fi=(57)
+22 24
cob=(2)
cfi=(2)
cfn=(4642)
calls=18 -45 
* 468
* 6
fi=(55)
-28 84
fi=(48)
+59 66
fi=(46)
-15 6
fi=(58)
-14 24
cfi=(46)
cfn=(5058)
calls=18 +17 
* 264
+1 24
cob=(2)
cfi=(2)
cfn=(4260)
calls=18 -48 
* 390
* 18
cfi=(46)
cfn=(5066)
calls=18 +20 
* 38568
+3 24
+1 3074
fi=(59)
-11 1537
+1 7685
cfi=(48)
cfn=(5078)
calls=4611 250 
* 269063
fi=(58)
+12 3074
-54 1537
fi=(60)
76 1537
+1 6148
+1 3074
fi=(58)
-23 1536
+1 1536
-2 1536
-54 30
fe=(56)
24 36
cob=(2)
cfi=(2)
cfn=(4260)
calls=18 -24 
* 750
-24 6
fi=(18)
552 24
fe=(56)
22 6
+1 6
fi=(57)
+22 24
cob=(2)
cfi=(2)
cfn=(4642)
calls=18 -45 
* 468
* 6
fi=(55)
-28 84
fi=(48)
+59 66
fi=(46)
-15 6
fi=(58)
-14 24
cfi=(46)
cfn=(5058)
calls=18 +17 
* 264
+1 24
cob=(2)
cfi=(2)
cfn=(4260)
calls=18 -48 
* 390
* 18
cfi=(46)
cfn=(5066)
calls=18 +20 
* 38568
+3 24
+1 3076
fi=(59)
-11 1538
+1 7690
cfi=(48)
cfn=(5078)
calls=4614 250 
* 269116
fi=(58)
+12 3076
-54 1538
fi=(60)
76 1538
+1 6152
+1 3076
fi=(58)
-23 1536
+1 1536
-2 1536
-54 6
fe=(56)
24 36
cob=(2)
cfi=(2)
cfn=(4260)
calls=18 -24 
* 750
-24 6
fi=(18)
552 24
fe=(56)
22 12
+1 6
fi=(57)
+22 24
cob=(2)
cfi=(2)
cfn=(4642)
calls=18 -45 
* 468
* 6
fi=(55)
-28 84
fi=(48)
+59 66
fi=(46)
-15 6
fi=(58)
-14 24
cfi=(46)
cfn=(5058)
calls=18 +17 
* 264
+1 24
cob=(2)
cfi=(2)
cfn=(4260)
calls=18 -48 
* 390
* 18
cfi=(46)
cfn=(5066)
calls=18 +20 
* 38568
+3 24
+1 3074
fi=(59)
-11 1537
+1 7685
cfi=(48)
cfn=(5078)
calls=4611 250 
* 269063
fi=(58)
+12 3074
-54 1537
fi=(60)
76 1537
+1 6148
+1 3074
fi=(58)
-23 1536
+1 1536
-2 1536
-54 6
fe=(56)
24 36
cob=(2)
cfi=(2)
cfn=(4260)
calls=18 -24 
* 750
-24 6
fi=(18)
552 24
fe=(56)
22 12
+1 6
fi=(57)
+22 24
cob=(2)
cfi=(2)
cfn=(4642)
calls=18 -45 
* 468
* 6
fi=(55)
-28 84
fi=(48)
+59 66
fi=(46)
-15 6
fi=(58)
-14 24
cfi=(46)
cfn=(5058)
calls=18 +17 
* 264
+1 24
cob=(2)
cfi=(2)
cfn=(4260)
calls=18 -48 
* 390
* 18
cfi=(46)
cfn=(5066)
calls=18 +20 
* 38568
+3 24
+1 3076
fi=(59)
-11 1538
+1 7690
cfi=(48)
cfn=(5078)
calls=4614 250 
* 269116
fi=(58)
+12 3076
-54 1538
fi=(60)
76 1538
+1 6152
+1 3076
fi=(58)
-23 1536
+1 1536
-2 1536
-54 6
fe=(56)
24 36
cob=(2)
cfi=(2)
cfn=(4260)
calls=18 -24 
* 750
-24 6
fi=(18)
552 24
fe=(56)
22 12
+1 6
fi=(57)
+22 24
cob=(2)
cfi=(2)
cfn=(4642)
calls=18 -45 
* 468
* 6
fi=(55)
-28 84
fi=(48)
+59 66
fi=(46)
-15 6
fi=(58)
-14 24
cfi=(46)
cfn=(5058)
calls=18 +17 
* 264
+1 24
cob=(2)
cfi=(2)
cfn=(4260)
calls=18 -48 
* 390
* 18
cfi=(46)
cfn=(5066)
calls=18 +20 
* 38568
+3 30
+1 3078
fi=(59)
-11 1539
+1 7695
cfi=(48)
cfn=(5078)
calls=4617 250 
* 269169
fi=(58)
+12 3078
-54 1539
fi=(60)
76 1539
+1 6156
+1 3078
fi=(58)
-23 1536
+1 1536
-2 1536
-54 1
fe=(56)
28 8

fl=(31)
fn=(4906)
cfn=(5534) profile::bench_verify
calls=1 57 
66 4922544

fn=(5534)
57 1
fi=(74) /rustc/ac68faa20c58cbccd01ee7208bf3b6e93a7d7f96/library/core/src/hint.rs
491 13
fe=(31)
58 1
cfi=(44) /home/rick/unl/king's/thesis/ml-dsa/ml-dsa/src/lib.rs
cfn=(5536) ml_dsa::ml_dsa_65::verify_internal
calls=1 +48 
* 4922527
+1 2

fl=(24) /rustc/ac68faa20c58cbccd01ee7208bf3b6e93a7d7f96/library/std/src/alloc.rs
fn=(5026) __rustc::__rdl_alloc_zeroed
482 9330
fi=(25) /rustc/ac68faa20c58cbccd01ee7208bf3b6e93a7d7f96/library/std/src/sys/alloc/unix.rs
35 9330
+1 10885
cob=(2)
cfi=(2)
cfn=(4760) calloc
calls=10329 -36 
* 109990
fe=(24)

fn=(5284) __rustc::__rdl_realloc
467 24
fi=(25)
53 18
+1 24
cob=(2)
cfi=(2)
cfn=(4232) realloc
calls=7 -54 
* 1025
fe=(24)

fn=(4868) __rustc::__rdl_alloc
450 8
fi=(25)
13 48
+1 16
cob=(2)
cfi=(2)
cfn=(3994) malloc
calls=51 -14 
* 421
fe=(24)

fl=(62)
fn=(5464)
62 9
fi=(57)
+1 3
cob=(2)
cfi=(2)
cfn=(4642)
calls=3 -63 
* 6163
-63 2
fe=(62)
66 3
fi=(69)
3228 8
0 1
3229 1
fi=(70)
20 1
fe=(62)
+46 3
fi=(69)
3228 2
fe=(62)
66 1
fi=(69)
3228 6
0 1
3229 1
fi=(70)
20 1
fe=(62)
+46 1
fi=(10)
898 1
fi=(19)
1915 1
fi=(36)
900 1
fe=(62)
66 381
fi=(69)
3228 1016
0 127
3229 127
fi=(70)
20 127
fe=(62)
+46 381
fi=(69)
3228 254
fe=(62)
66 127
fi=(69)
3228 762
0 127
3229 127
fi=(70)
20 127
fe=(62)
+46 127
fi=(10)
898 127
fi=(19)
1915 127
fi=(36)
900 127
0 2
fe=(62)
66 3
fi=(69)
3228 8
0 1
3229 1
fi=(70)
20 1
fe=(62)
+46 3
fi=(69)
3228 2
fe=(62)
66 1
fi=(69)
3228 6
0 1
3229 1
fi=(70)
20 1
fe=(62)
+46 1
fi=(10)
898 1
fi=(19)
1915 1
fi=(36)
900 1
fe=(62)
66 381
fi=(69)
3228 1016
0 127
3229 127
fi=(70)
20 127
fe=(62)
+46 381
fi=(69)
3228 254
fe=(62)
66 127
fi=(69)
3228 762
0 127
3229 127
fi=(70)
20 127
fe=(62)
+46 127
fi=(10)
898 127
fi=(19)
1915 127
fi=(36)
900 127
0 2
fe=(62)
66 3
fi=(69)
3228 8
0 1
3229 1
fi=(70)
20 1
fe=(62)
+46 3
fi=(69)
3228 2
fe=(62)
66 1
fi=(69)
3228 6
0 1
3229 1
fi=(70)
20 1
fe=(62)
+46 1
fi=(10)
898 1
fi=(19)
1915 1
fi=(36)
900 1
fe=(62)
66 381
fi=(69)
3228 1016
0 127
3229 127
fi=(70)
20 127
fe=(62)
+46 381
fi=(69)
3228 254
fe=(62)
66 127
fi=(69)
3228 762
0 127
3229 127
fi=(70)
20 127
fe=(62)
+46 127
fi=(10)
898 127
fi=(19)
1915 127
fi=(36)
900 127
0 2
fe=(62)
66 3
fi=(69)
3228 8
0 1
3229 1
fi=(70)
20 1
fe=(62)
+46 3
fi=(69)
3228 2
fe=(62)
66 1
fi=(69)
3228 6
0 1
3229 1
fi=(70)
20 1
fe=(62)
+46 1
fi=(10)
898 1
fi=(19)
1915 1
fi=(36)
900 1
fe=(62)
66 381
fi=(69)
3228 1016
0 127
3229 127
fi=(70)
20 127
fe=(62)
+46 381
fi=(69)
3228 254
fe=(62)
66 127
fi=(69)
3228 762
0 127
3229 127
fi=(70)
20 127
fe=(62)
+46 127
fi=(10)
898 127
fi=(19)
1915 127
fi=(36)
900 127
0 2
fe=(62)
66 3
fi=(69)
3228 8
0 1
3229 1
fi=(70)
20 1
fe=(62)
+46 3
fi=(69)
3228 2
fe=(62)
66 1
fi=(69)
3228 6
0 1
3229 1
fi=(70)
20 1
fe=(62)
+46 1
fi=(10)
898 1
fi=(19)
1915 1
fi=(36)
900 1
fe=(62)
66 381
fi=(69)
3228 1016
0 127
3229 127
fi=(70)
20 127
fe=(62)
+46 381
fi=(69)
3228 254
fe=(62)
66 127
fi=(69)
3228 762
0 127
3229 127
fi=(70)
20 127
fe=(62)
+46 127
fi=(10)
898 127
fi=(19)
1915 127
fi=(36)
900 127
0 2
fe=(62)
66 3
fi=(69)
3228 8
0 1
3229 1
fi=(70)
20 1
fe=(62)
+46 3
fi=(69)
3228 2
fe=(62)
66 1
fi=(69)
3228 6
0 1
3229 1
fi=(70)
20 1
fe=(62)
+46 1
fi=(10)
898 1
fi=(19)
1915 1
fi=(36)
900 1
fe=(62)
66 381
fi=(69)
3228 1016
0 127
3229 127
fi=(70)
20 127
fe=(62)
+46 381
fi=(69)
3228 254
fe=(62)
66 127
fi=(69)
3228 762
0 127
3229 127
fi=(70)
20 127
fe=(62)
+46 127
fi=(10)
898 127
fi=(19)
1915 127
fi=(36)
900 127
fe=(62)
70 7

fn=(5486)
149 8
0 1
153 2
fi=(69)
3228 44
+1 5
fe=(62)
153 62
fi=(69)
3228 1364
+1 248
fi=(70)
64 186
fi=(69)
3229 3
fi=(70)
64 10
fi=(69)
3608 8
fe=(62)
154 18
fi=(10)
898 1
fi=(36)
+2 2
fi=(70)
64 124
fi=(69)
3608 248
fe=(62)
154 558
fi=(10)
898 31
fi=(36)
+2 88
0 4
fe=(62)
153 2
fi=(69)
3228 28
fe=(62)
153 62
fi=(69)
3228 1364
+1 248
fi=(70)
64 186
fi=(69)
3228 16
+1 8
fi=(70)
64 10
fi=(69)
3608 8
fe=(62)
154 18
fi=(70)
-90 124
fi=(69)
3608 248
fe=(62)
154 558
fi=(10)
898 31
fi=(36)
+2 62
fi=(10)
-2 1
fi=(36)
+2 28
0 4
fe=(62)
153 2
fi=(69)
3228 28
fe=(62)
153 62
fi=(69)
3228 1364
+1 248
fi=(70)
64 186
fi=(69)
3228 16
+1 8
fi=(70)
64 10
fi=(69)
3608 8
fe=(62)
154 18
fi=(70)
-90 124
fi=(69)
3608 248
fe=(62)
154 558
fi=(10)
898 31
fi=(36)
+2 62
fi=(10)
-2 1
fi=(36)
+2 28
0 4
fe=(62)
153 2
fi=(69)
3228 28
fe=(62)
153 62
fi=(69)
3228 1364
+1 248
fi=(70)
64 186
fi=(69)
3228 16
+1 8
fi=(70)
64 10
fi=(69)
3608 8
fe=(62)
154 18
fi=(70)
-90 124
fi=(69)
3608 248
fe=(62)
154 558
fi=(10)
898 31
fi=(36)
+2 62
fi=(10)
-2 1
fi=(36)
+2 28
0 4
fe=(62)
153 2
fi=(69)
3228 28
fe=(62)
153 62
fi=(69)
3228 1364
+1 248
fi=(70)
64 186
fi=(69)
3228 16
+1 8
fi=(70)
64 10
fi=(69)
3608 8
fe=(62)
154 18
fi=(70)
-90 124
fi=(69)
3608 248
fe=(62)
154 558
fi=(10)
898 31
fi=(36)
+2 62
fi=(10)
-2 1
fi=(36)
+2 28
fe=(62)
160 1

fn=(5580)
137 11
fi=(57)
32 3
cob=(2)
cfi=(2)
cfn=(4642)
calls=1 -32 
* 78
-32 8
fi=(64) /home/rick/unl/king's/thesis/ml-dsa/ml-dsa/src/rounding.rs
166 1
fi=(69)
3228 22
+1 4
-1 17
fi=(70)
64 4
fi=(64)
-32 1
+5 3
166 63
fi=(69)
3228 1386
+1 252
-1 1071
fi=(70)
64 252
fi=(64)
-32 63
+5 707
-5 1
-32 2
fi=(69)
3228 13
+1 7
fi=(64)
62 2
fi=(69)
3228 8
+1 4
fi=(64)
61 1
-61 3
166 2
0 3
37 378
-5 63
-32 126
fi=(69)
3228 819
+1 441
fi=(64)
62 126
fi=(69)
3228 504
+1 252
fi=(64)
61 63
-61 189
166 126
0 189
166 63
fi=(10)
898 63
fi=(36)
+2 126
fi=(64)
166 1
fi=(10)
898 1
fi=(36)
+2 2
0 1
fe=(62)
143 4
cob=(2)
cfi=(2)
cfn=(4260)
calls=1 0 
* 125
0 1
fi=(57)
32 4
cob=(2)
cfi=(2)
cfn=(4642)
calls=1 -32 
* 78
* 8
-32 2
fi=(64)
166 1
fi=(69)
3228 22
+1 4
-1 17
fi=(70)
64 4
fi=(64)
-32 1
+5 1
166 63
fi=(69)
3228 1386
+1 252
-1 1071
fi=(70)
64 252
fi=(64)
-32 63
+5 709
-5 1
-32 2
fi=(69)
3228 13
+1 7
fi=(64)
62 2
fi=(69)
3228 8
+1 4
fi=(64)
61 1
-61 3
166 2
0 1
37 378
-5 63
-32 126
fi=(69)
3228 819
+1 441
fi=(64)
62 126
fi=(69)
3228 504
+1 252
fi=(64)
61 63
-61 189
166 126
0 189
166 63
fi=(10)
898 63
fi=(36)
+2 126
fi=(64)
0 2
166 1
fi=(10)
898 1
fi=(36)
+2 2
fe=(62)
143 5
cob=(2)
cfi=(2)
cfn=(4260)
calls=1 0 
* 125
0 1
fi=(57)
32 4
cob=(2)
cfi=(2)
cfn=(4642)
calls=1 -32 
* 78
* 8
-32 3
fi=(64)
166 1
fi=(69)
3228 22
+1 4
-1 17
fi=(70)
64 4
fi=(64)
-32 1
166 63
fi=(69)
3228 1386
+1 252
-1 1071
fi=(70)
64 252
fi=(64)
-32 63
+5 710
-5 1
-32 2
fi=(69)
3228 13
+1 7
fi=(64)
62 2
fi=(69)
3228 8
+1 4
fi=(64)
61 1
-61 3
166 2
37 378
-5 63
-32 126
fi=(69)
3228 819
+1 441
fi=(64)
62 126
fi=(69)
3228 504
+1 252
fi=(64)
61 63
-61 189
166 126
0 189
166 63
fi=(10)
898 63
fi=(36)
+2 126
fi=(64)
0 3
166 1
fi=(10)
898 1
fi=(36)
+2 2
fe=(62)
143 5
cob=(2)
cfi=(2)
cfn=(4260)
calls=1 0 
* 125
0 1
fi=(57)
32 4
cob=(2)
cfi=(2)
cfn=(4642)
calls=1 -32 
* 78
* 8
-32 3
fi=(64)
166 1
fi=(69)
3228 22
+1 4
-1 17
fi=(70)
64 4
fi=(64)
-32 1
166 63
fi=(69)
3228 1386
+1 252
-1 1071
fi=(70)
64 252
fi=(64)
-32 63
+5 710
-5 1
-32 2
fi=(69)
3228 13
+1 7
fi=(64)
62 2
fi=(69)
3228 8
+1 4
fi=(64)
61 1
-61 3
166 2
37 378
-5 63
-32 126
fi=(69)
3228 819
+1 441
fi=(64)
62 126
fi=(69)
3228 504
+1 252
fi=(64)
61 63
-61 189
166 126
0 189
166 63
fi=(10)
898 63
fi=(36)
+2 126
fi=(64)
0 3
166 1
fi=(10)
898 1
fi=(36)
+2 2
fe=(62)
143 5
cob=(2)
cfi=(2)
cfn=(4260)
calls=1 0 
* 125
0 1
fi=(57)
32 4
cob=(2)
cfi=(2)
cfn=(4642)
calls=1 -32 
* 78
* 8
-32 3
fi=(64)
166 1
fi=(69)
3228 22
+1 4
-1 17
fi=(70)
64 4
fi=(64)
-32 1
166 63
fi=(69)
3228 1386
+1 252
-1 1071
fi=(70)
64 252
fi=(64)
-32 63
+5 710
-5 1
-32 2
fi=(69)
3228 13
+1 7
fi=(64)
62 2
fi=(69)
3228 8
+1 4
fi=(64)
61 1
-61 3
166 2
37 378
-5 63
-32 126
fi=(69)
3228 819
+1 441
fi=(64)
62 126
fi=(69)
3228 504
+1 252
fi=(64)
61 63
-61 189
166 126
0 189
166 63
fi=(10)
898 63
fi=(36)
+2 126
fi=(64)
0 3
166 1
fi=(10)
898 1
fi=(36)
+2 2
fe=(62)
143 5
cob=(2)
cfi=(2)
cfn=(4260)
calls=1 0 
* 125
0 1
fi=(57)
32 4
cob=(2)
cfi=(2)
cfn=(4642)
calls=1 -32 
* 78
* 8
-32 3
fi=(64)
166 1
fi=(69)
3228 22
+1 4
-1 17
fi=(70)
64 4
fi=(64)
-32 1
166 63
fi=(69)
3228 1386
+1 252
-1 1071
fi=(70)
64 252
fi=(64)
-32 63
+5 710
-5 1
-32 2
fi=(69)
3228 13
+1 7
fi=(64)
62 2
fi=(69)
3228 8
+1 4
fi=(64)
61 1
-61 3
166 2
37 378
-5 63
-32 126
fi=(69)
3228 819
+1 441
fi=(64)
62 126
fi=(69)
3228 504
+1 252
fi=(64)
61 63
-61 189
166 126
0 189
166 63
fi=(10)
898 63
fi=(36)
+2 126
fi=(64)
0 3
166 1
fi=(10)
898 1
fi=(36)
+2 2
fe=(62)
143 5
cob=(2)
cfi=(2)
cfn=(4260)
calls=1 0 
* 125
+3 8

fl=(65)
fn=(5542)
56 14
+1 2
fi=(18)
552 4
fi=(47)
89 1
fe=(65)
-24 8
cfi=(60)
cfn=(5546)
calls=1 +55 
* 52330
* 6
cob=(2)
cfi=(2)
cfn=(4260)
calls=1 -65 
* 125
fi=(47)
+24 1
fe=(65)
-24 4
cfi=(60)
cfn=(5546)
calls=1 +55 
* 52330
* 4
cob=(2)
cfi=(2)
cfn=(4260)
calls=1 -65 
* 125
fi=(47)
+24 1
fe=(65)
-24 4
cfi=(60)
cfn=(5546)
calls=1 +55 
* 52330
* 4
cob=(2)
cfi=(2)
cfn=(4260)
calls=1 -65 
* 125
fi=(47)
+24 1
fe=(65)
-24 4
cfi=(60)
cfn=(5546)
calls=1 +55 
* 52330
* 4
cob=(2)
cfi=(2)
cfn=(4260)
calls=1 -65 
* 123
fi=(47)
+24 1
fe=(65)
-24 4
cfi=(60)
cfn=(5546)
calls=1 +55 
* 52330
* 4
cob=(2)
cfi=(2)
cfn=(4260)
calls=1 -65 
* 125
fi=(47)
+24 1
fe=(65)
-24 5
cfi=(60)
cfn=(5546)
calls=1 +55 
* 52330
* 4
cob=(2)
cfi=(2)
cfn=(4260)
calls=1 -65 
* 125
+2 4
cob=(2)
cfi=(2)
cfn=(4260)
calls=1 -67 
* 605
* 4
cob=(2)
cfi=(2)
cfn=(4260)
calls=1 -67 
* 617
* 1
+1 1
-68 1
68 9

fn=(5392)
168 9
fi=(35)
464 3
0 1
fe=(65)
171 2
cfi=(60)
cfn=(5160)
calls=2 -72 
* 55553
fi=(34)
614 1
fi=(35)
1840 1
fi=(34)
767 1
-94 1
fi=(35)
2912 2
fi=(34)
424 1
634 2
fi=(23)
128 3
cfi=(6)
cfn=(4956)
calls=2 0 
* 35
fe=(65)
+43 4
cfi=(60)
cfn=(5160)
calls=2 -72 
* 55553
fi=(34)
614 1
fi=(35)
1840 1
fi=(34)
619 1
fi=(10)
2548 1
fi=(34)
767 1
-94 1
fi=(20)
961 1
fi=(18)
552 3
cob=(2)
cfi=(2)
cfn=(4260)
calls=2 0 
* 22
fi=(35)
2912 2
fi=(34)
424 1
634 2
fi=(23)
128 3
cfi=(6)
cfn=(4956)
calls=2 0 
* 35
fe=(65)
+43 4
cfi=(60)
cfn=(5160)
calls=2 -72 
* 55553
fi=(34)
614 1
fi=(35)
1840 1
fi=(34)
619 1
fi=(10)
2548 1
fi=(34)
767 1
-94 1
fi=(20)
961 1
fi=(18)
552 3
cob=(2)
cfi=(2)
cfn=(4260)
calls=2 0 
* 22
fi=(35)
2912 2
fi=(34)
424 1
634 2
fi=(23)
128 3
cfi=(6)
cfn=(4956)
calls=2 0 
* 35
fe=(65)
+43 4
cfi=(60)
cfn=(5160)
calls=2 -72 
* 55553
fi=(34)
614 1
fi=(35)
1840 1
fi=(34)
619 1
fi=(10)
2548 1
fi=(34)
767 1
-94 1
fi=(35)
2907 2
fi=(20)
961 1
fi=(18)
552 3
cob=(2)
cfi=(2)
cfn=(4260)
calls=2 0 
* 22
fi=(35)
2912 2
fi=(34)
424 1
634 2
fi=(23)
128 3
cfi=(6)
cfn=(4956)
calls=2 0 
* 35
fe=(65)
+43 4
cfi=(60)
cfn=(5160)
calls=2 -72 
* 55553
fi=(34)
614 1
fi=(35)
1840 1
fi=(34)
619 1
fi=(10)
2548 1
fi=(34)
767 1
-94 1
fi=(20)
961 1
fi=(18)
552 3
cob=(2)
cfi=(2)
cfn=(4260)
calls=2 0 
* 22
fi=(35)
2912 2
fi=(34)
424 1
634 2
fi=(23)
128 3
cfi=(6)
cfn=(4956)
calls=2 0 
* 35
fe=(65)
+43 1
0 1
171 3
cfi=(60)
cfn=(5160)
calls=2 -72 
* 55553
fi=(34)
614 1
fi=(35)
1840 1
fi=(34)
619 1
fi=(10)
2548 1
fi=(34)
767 1
-94 1
fi=(35)
2907 2
fi=(20)
961 1
fi=(18)
552 4
cob=(2)
cfi=(2)
cfn=(4260)
calls=2 0 
* 22
fi=(35)
2912 2
fi=(34)
424 1
634 2
fi=(23)
128 3
cfi=(6)
cfn=(4956)
calls=2 0 
* 35
fe=(65)
+45 4
+1 9
0 1
fi=(34)
675 5
cfn=(5274)
calls=2 -14 
* 298
-61 1
fi=(35)
3023 1
fi=(20)
961 1
fi=(18)
552 3
cob=(2)
cfi=(2)
cfn=(4260)
calls=2 0 
* 22
0 2
fi=(34)
675 5
cfn=(5274)
calls=2 -14 
* 884
-61 1
fi=(35)
3023 1
2907 1
0 1
fi=(34)
675 5
cfn=(5274)
calls=2 -14 
* 219
-61 1
fi=(35)
3023 1
2907 1
0 1
fi=(34)
675 5
cfn=(5274)
calls=2 -14 
* 219
-61 1
fi=(35)
3023 1
2907 1
fe=(65)

fn=(5562)
148 11
+3 2
0 2
cfi=(6)
cfn=(4864)
calls=1 0 
0 1
fi=(23)
101 3
cfi=(6)
cfn=(4866)
calls=1 0 
* 40
fi=(34)
469 2
fe=(65)
0 1
fi=(18)
552 6
fi=(57)
63 4
cob=(2)
cfi=(2)
cfn=(4642)
calls=1 -63 
* 78
fi=(47)
+26 2
fe=(65)
+71 4
cfi=(60)
cfn=(5312)
calls=1 -29 
* 102129
0 2
159 3
cob=(2)
cfi=(2)
cfn=(4260)
calls=1 0 
* 125
fi=(47)
-70 1
fe=(65)
+71 5
cfi=(60)
cfn=(5312)
calls=1 -29 
* 102129
-1 5
cob=(2)
cfi=(2)
cfn=(4260)
calls=1 0 
* 125
fi=(47)
-70 1
fe=(65)
+71 5
cfi=(60)
cfn=(5312)
calls=1 -29 
* 102129
-1 5
cob=(2)
cfi=(2)
cfn=(4260)
calls=1 0 
* 123
fi=(47)
-70 1
fe=(65)
+71 5
cfi=(60)
cfn=(5312)
calls=1 -29 
* 102129
-1 5
cob=(2)
cfi=(2)
cfn=(4260)
calls=1 0 
* 125
fi=(47)
-70 1
fe=(65)
+71 5
cfi=(60)
cfn=(5312)
calls=1 -29 
* 102129
-1 4
cob=(2)
cfi=(2)
cfn=(4260)
calls=1 0 
* 125
0 1
fi=(57)
63 3
cob=(2)
cfi=(2)
cfn=(4642)
calls=1 -63 
* 6163
fi=(71) /home/rick/unl/king's/thesis/ml-dsa/ml-dsa/src/hint.rs
-23 2
+1 1
+4 2
+4 2
-4 2
+1 2
-46 1
46 21
+3 7
-4 21
-5 1
+1 6
+4 2
-45 2
49 3
+1 1
-5 2
+4 6
+1 3
-5 6
+1 17
fe=(65)
-46 1
fi=(71)
40 3
+1 4
fe=(65)
165 8
fi=(71)
45 2
-45 2
49 3
+1 1
-5 2
+4 16
+1 8
-5 16
+1 42
-46 1
40 2
+1 3
+4 2
-45 2
49 3
+1 1
-5 2
+4 6
+1 3
-5 6
+1 17
-46 1
40 2
+1 3
+4 2
-45 2
49 3
+1 1
-5 2
+4 10
+1 5
-5 10
+1 27
-46 1
40 2
+1 3
+4 2
-45 2
49 3
+1 1
-5 2
+4 14
+1 7
-5 14
+1 37
-46 1
fi=(19)
1915 1
fi=(36)
900 1
fi=(19)
1915 16
fi=(36)
900 16
fi=(71)
55 16
fi=(10)
898 16
fi=(71)
55 16
+4 5
fe=(65)
164 2
fi=(71)
59 2
cob=(2)
cfi=(2)
cfn=(4260)
calls=1 -59 
* 605
fe=(65)
164 4
cob=(2)
cfi=(2)
cfn=(4260)
calls=1 0 
* 509
* 5
+1 1

fl=(58)
fn=(5446)
16 10
fi=(57)
+16 3
cob=(2)
cfi=(2)
cfn=(4642)
calls=2 -32 
* 78
fi=(55)
-15 14
fi=(48)
+59 9
fi=(46)
-53 2
fe=(58)
-2 4
cfi=(46)
cfn=(4970)
calls=2 +5 
* 44
* 1
+1 4
cob=(2)
cfi=(2)
cfn=(4260)
calls=2 -22 
* 65
* 4
cfi=(46)
cfn=(4998)
calls=2 +8 
* 6412
+2 2
+1 4
cfi=(46)
cfn=(5094)
calls=2 +12 
* 6289
* 1
+1 3
cfi=(60)
cfn=(5314)
calls=2 +35 
* 511
+1 1
-27 4
fi=(36)
900 4
0 2
fe=(58)
29 4
cfi=(46)
cfn=(5094)
calls=2 +8 
* 51
* 192
cfi=(46)
cfn=(5094)
calls=96 +8 
* 2448
-29 49
31 98
fi=(48)
196 4
fi=(18)
552 4
fi=(48)
239 4
fe=(58)
0 2
31 4
fi=(59)
+10 2
fi=(48)
196 2
+62 4
+1 4
0 49
fe=(58)
36 98
fi=(47)
272 98
fe=(58)
37 147
-37 49
37 147
fi=(19)
1915 49
fi=(36)
900 49
fi=(18)
-90 1
fi=(34)
634 2
fi=(23)
128 3
cfi=(6)
cfn=(4956)
calls=2 0 
* 35
fe=(58)
-88 9

fl=(8) /rustc/ac68faa20c58cbccd01ee7208bf3b6e93a7d7f96/library/std/src/rt.rs
fn=(3936) std::rt::lang_start_internal
fi=(89)
cfn=(4902) std::rt::lang_start::{{closure}}
calls=1 206 
287 4922544
fe=(8)

fn=(4902)
cfi=(30)
cfn=(4904)
calls=1 162 
206 4922544

fl=(25)
fn=(4958) __rustc::__rdl_dealloc
48 1563
cob=(2)
cfi=(2)
cfn=(4626) free
calls=10379 -48 
* 52470

fl=(61)
fn=(5134)
104 108
+1 24
cob=(2)
cfi=(2)
cfn=(4260)
calls=41 0 
* 1500
0 48
107 24
fi=(69)
3228 528
+1 96
fe=(61)
107 768
fi=(69)
3228 16368
+1 2976
fe=(61)
107 744
fi=(52)
+73 1152
0 60
fe=(61)
113 36
0 12
114 12
+1 24
fi=(52)
0 84
fe=(61)
113 252
0 84
114 84
+1 168
-1 2964
+1 12048
fi=(69)
3228 24480
+1 21420
0 3060
fe=(61)
118 24576
+1 36864
-1 12288
+1 24576
fi=(69)
3228 98304
0 12288
3229 12288
fi=(70)
20 12288
fe=(61)
120 12288
fi=(69)
3228 110592
0 12288
3229 36864
fe=(61)
121 12288
fi=(69)
3228 98304
0 12288
3229 12288
fi=(70)
20 12288
fe=(61)
+99 12288
+2 12288
+1 12288
-5 24576
+7 3060
-11 6120
-2 288
0 24
129 24
fi=(69)
3228 96
0 12
3229 12
fi=(70)
20 12
fe=(61)
129 36
fi=(69)
3228 96
0 12
3229 12
fi=(70)
20 12
fe=(61)
129 12
fi=(14)
1717 24
fi=(52)
180 12
fe=(61)
-51 3048
fi=(69)
3228 12192
0 1524
3229 1524
fi=(70)
20 1524
fe=(61)
129 4572
fi=(69)
3228 12192
0 1524
3229 1524
fi=(70)
20 1524
fe=(61)
129 1524
fi=(14)
1717 3048
fi=(52)
180 1524
0 12
fe=(61)
131 48
cob=(2)
cfi=(2)
cfn=(4260)
calls=41 0 
* 1500
+1 108

fn=(5114)
77 108
+1 24
cob=(2)
cfi=(2)
cfn=(4260)
calls=34 -78 
* 1500
-78 48
80 24
fi=(69)
3228 528
+1 96
fe=(61)
80 768
fi=(69)
3228 16368
+1 2976
fe=(61)
80 744
fi=(52)
180 1152
0 60
fe=(61)
86 36
-86 12
88 12
-1 12
+1 12
fi=(52)
-88 84
fe=(61)
86 252
-86 84
88 84
-1 84
+1 3048
-1 2964
+1 15204
-88 3060
91 61440
fi=(69)
3228 110592
0 12288
3229 36864
fe=(61)
92 36864
fi=(69)
3228 98304
0 12288
3229 12288
fi=(70)
20 12288
fe=(61)
+73 12288
fi=(69)
3228 98304
0 12288
3229 12288
fi=(70)
20 12288
fe=(61)
+72 12288
+1 12288
+1 12288
-4 24576
+6 3060
-10 6120
+12 96
-14 96
-84 12
100 48
cob=(2)
cfi=(2)
cfn=(4260)
calls=34 0 
* 1500
+1 108

fl=(6)
fn=(4864)
0 1563

fn=(5282)
0 3
cfi=(24)
cfn=(5284)
calls=7 467 
0 1091

fn=(3874)
cob=(2)
cfi=(2)
cfn=(3876) (below main)
calls=1 0 
0 4922544

fn=(4956)
0 1563
cfi=(25)
cfn=(4958)
calls=10379 48 
0 54033

fn=(5024)
0 1555
cfi=(24)
cfn=(5026)
calls=10329 482 
0 139535

fn=(3934) main
cfi=(8)
cfn=(3936)
calls=1 152 
0 4922544

fn=(4866)
0 8
cfi=(24)
cfn=(4868)
calls=51 450 
0 493

fl=(44)
fn=(5536)
106 1
cfi=(72)
cfn=(5538)
calls=1 -85 
* 4922526

ob=(2)
fl=(2)
fn=(3994)
0 13
cfn=(4000) 0x00000000000a6dc0
calls=29 0 
0 169
0 239

fn=(4000)
0 1895
cfn=(4726) 0x00000000000a4e90
calls=10 0 
0 38
0 68

fn=(3876)
cfn=(3920) 0x00000000000276c0
calls=1 0 
0 4922544

fn=(4280) 0x00000000000a6140
0 661
cfn=(4298) 0x00000000000a4f60
calls=47 0 
0 152
0 156

fn=(4274) 0x00000000000a6290
0 12
cfn=(4280)
calls=6 0 
0 122
0 5

fn=(4298)
0 47
cfn=(4726)
calls=2 0 
0 19
0 86

fn=(4760)
0 204
cfn=(4000)
calls=33 0 
0 1351
0 108435

fn=(4234) 0x00000000000a80c0
0 111
cfn=(4000)
calls=4 0 
0 481
0 18
cfn=(4260)
calls=4 0 
0 30
0 6
cfn=(4274)
calls=4 0 
0 139
0 42

fn=(4642)
0 69283

fn=(4726)
0 57

fn=(3920)
cob=(6)
cfi=(6)
cfn=(3934)
calls=1 0 
0 4922544

fn=(4260)
0 202899

fn=(5598)
0 17

fn=(4626)
0 132
cfn=(4280)
calls=42 0 
0 847
0 51491

fn=(4232)
0 165
cfn=(4234)
calls=8 0 
0 827
0 33

totals: 4922544
