# callgrind format
version: 1
creator: callgrind-3.25.1
pid: 929697
cmd:  target/release/examples/profile baseline case-001
part: 1


desc: I1 cache: 
desc: D1 cache: 
desc: LL cache: 

desc: Timerange: Basic block 0 - 3632109
desc: Trigger: Program termination

positions: line
events: Ir
summary: 22536219


ob=(1) /usr/lib/ld-linux-x86-64.so.2
fl=(1) ???
fn=(0) 0x000000000001f300
cob=(6) /home/rick/unl/king's/thesis/ml-dsa/target/release/examples/profile
cfi=(6) ???
cfn=(3874) (below main)
calls=1 0 
0 22536219

ob=(6)
fl=(30) /rustc/ac68faa20c58cbccd01ee7208bf3b6e93a7d7f96/library/std/src/sys/backtrace.rs
fn=(4904) std::sys::backtrace::__rust_begin_short_backtrace
fi=(87) /rustc/ac68faa20c58cbccd01ee7208bf3b6e93a7d7f96/library/core/src/ops/function.rs
cfi=(31) /home/rick/unl/king's/thesis/ml-dsa/ml-dsa/examples/profile.rs
cfn=(4906) profile::main
calls=1 139 
250 22536219
fe=(30)

fl=(14) /rustc/ac68faa20c58cbccd01ee7208bf3b6e93a7d7f96/library/core/src/ptr/non_null.rs
fn=(5444) <digest::core_api::xof_reader::XofReaderCoreWrapper<T> as digest::XofReader>::read::{{closure}}
1717 12
fi=(55) /rustc/ac68faa20c58cbccd01ee7208bf3b6e93a7d7f96/library/core/src/slice/iter/macros.rs
180 12
0 90
fi=(62) /home/rick/.cargo/registry/src/index.crates.io-1949cf8c6b5b557f/digest-0.10.7/src/core_api/xof_reader.rs
44 18
fi=(18) /rustc/ac68faa20c58cbccd01ee7208bf3b6e93a7d7f96/library/core/src/ptr/mod.rs
552 36
cob=(2) /usr/lib/libc.so.6
cfi=(2) ???
cfn=(4260) 0x0000000000171fc0
calls=6 0 
* 180
fi=(58) /home/rick/.cargo/registry/src/index.crates.io-1949cf8c6b5b557f/sha3-0.10.9/src/state.rs
61 18
cfi=(54) /home/rick/.cargo/registry/src/index.crates.io-1949cf8c6b5b557f/keccak-0.1.6/src/lib.rs
cfn=(5024) keccak::p1600
calls=6 166 
* 36948
fi=(62)
-17 24
cob=(2)
cfi=(2)
cfn=(4260)
calls=6 -44 
* 180
fe=(14)
1717 12
fi=(55)
180 6
0 42
fi=(62)
46 12
fe=(14)

fl=(46) /home/rick/unl/king's/thesis/ml-dsa/ml-dsa/src/lib.rs
fn=(5310) ml_dsa::ml_dsa_65::sign_internal
97 4
fi=(69) /home/rick/unl/king's/thesis/ml-dsa/ml-dsa/src/sign.rs
-66 1
cfn=(5312) ml_dsa::sign::sign_internal_traced
calls=1 +6 
* 22536189
* 4
fe=(46)
+68 4

fl=(31)
fn=(4906)
cfn=(5308) profile::bench_sign
calls=1 90 
103 22536219

fn=(5308)
90 1
fi=(75) /rustc/ac68faa20c58cbccd01ee7208bf3b6e93a7d7f96/library/core/src/hint.rs
491 13
fe=(31)
91 1
cfi=(46)
cfn=(5310)
calls=1 +6 
* 22536202
+1 2

fl=(24) /rustc/ac68faa20c58cbccd01ee7208bf3b6e93a7d7f96/library/std/src/alloc.rs
fn=(5298) __rustc::__rdl_realloc
467 144
fi=(25) /rustc/ac68faa20c58cbccd01ee7208bf3b6e93a7d7f96/library/std/src/sys/alloc/unix.rs
53 108
+1 144
cob=(2)
cfi=(2)
cfn=(4232) realloc
calls=22 -54 
* 4688
fe=(24)

fn=(4868) __rustc::__rdl_alloc
450 48
fi=(25)
13 288
+1 96
cob=(2)
cfi=(2)
cfn=(3994) malloc
calls=89 -14 
* 2982
fe=(24)

fn=(5042) __rustc::__rdl_alloc_zeroed
482 63942
fi=(25)
35 63942
+1 74599
cob=(2)
cfi=(2)
cfn=(4760) calloc
calls=18124 -36 
* 647221
fe=(24)

fl=(63) /home/rick/unl/king's/thesis/ml-dsa/ml-dsa/src/encoding.rs
fn=(5320) ml_dsa::encoding::bit_unpack
131 470
+1 47
0 47
fi=(10) /rustc/ac68faa20c58cbccd01ee7208bf3b6e93a7d7f96/library/core/src/num/uint_macros.rs
154 141
fe=(63)
16 47
-16 47
133 47
cfn=(5322) ml_dsa::encoding::bytes_to_bits
calls=52 -72 
* 1340279
fi=(60) /home/rick/unl/king's/thesis/ml-dsa/ml-dsa/src/poly.rs
32 188
cob=(2)
cfi=(2)
cfn=(4642) 0x00000000001729c0
calls=52 -32 
* 3666
* 188
-32 94
fe=(63)
136 36096
0 12032
fi=(19) /rustc/ac68faa20c58cbccd01ee7208bf3b6e93a7d7f96/library/core/src/cmp.rs
1915 12032
fi=(36) /rustc/ac68faa20c58cbccd01ee7208bf3b6e93a7d7f96/library/core/src/iter/range.rs
900 12032
fe=(63)
136 36096
fi=(50) /rustc/ac68faa20c58cbccd01ee7208bf3b6e93a7d7f96/library/core/src/slice/index.rs
438 24064
fe=(63)
0 12032
fi=(50)
89 12032
-89 36096
fi=(19)
1915 60160
fe=(63)
34 24064
fi=(88) /rustc/ac68faa20c58cbccd01ee7208bf3b6e93a7d7f96/library/core/src/ops/range.rs
563 12032
fi=(19)
1915 864000
fe=(63)
34 345600
fi=(88)
563 172800
fi=(36)
0 345600
fi=(88)
563 345600
fi=(34) /rustc/ac68faa20c58cbccd01ee7208bf3b6e93a7d7f96/library/alloc/src/raw_vec/mod.rs
424 47
634 94
fi=(23) /rustc/ac68faa20c58cbccd01ee7208bf3b6e93a7d7f96/library/alloc/src/alloc.rs
128 141
cfi=(6)
cfn=(4970) __rustc::__rust_dealloc
calls=52 0 
* 4561
fe=(63)
+11 423

fn=(5242) ml_dsa::encoding::bit_pack
109 40
+1 5
0 5
fi=(10)
154 20
fe=(63)
16 5
+95 10
fi=(34)
460 15
0 10
cfi=(6)
cfn=(4864) __rustc::__rust_no_alloc_shim_is_unstable_v2
calls=22 0 
0 5
fi=(23)
101 15
cfi=(6)
cfn=(4866) __rustc::__rust_alloc
calls=22 0 
* 710
fi=(34)
469 10
fi=(35) /rustc/ac68faa20c58cbccd01ee7208bf3b6e93a7d7f96/library/alloc/src/vec/mod.rs
977 60
0 25
fe=(63)
113 5
fi=(34)
0 5
cfi=(6)
cfn=(4864)
calls=22 0 
0 5
fi=(35)
0 3825
fe=(63)
113 1275
fi=(34)
0 1275
cfi=(6)
cfn=(4864)
calls=5610 0 
0 1275
fi=(23)
198 5120
cfi=(6)
cfn=(5040) __rustc::__rust_alloc_zeroed
calls=5632 0 
* 85760
fi=(34)
469 2560
fe=(63)
0 2560
113 1280
0 1280
fi=(36)
900 1280
0 3840
fe=(63)
24 19200
fi=(10)
898 1280
fe=(63)
25 1280
fi=(36)
900 2560
fe=(63)
24 76800
fi=(10)
898 5120
fe=(63)
25 5120
fi=(36)
900 10240
0 2560
900 1280
fi=(34)
619 1280
fi=(10)
2548 1280
fi=(34)
767 2560
fe=(63)
0 2560
fi=(20) /rustc/ac68faa20c58cbccd01ee7208bf3b6e93a7d7f96/library/core/src/ptr/mut_ptr.rs
961 1280
fi=(18)
552 3840
cob=(2)
cfi=(2)
cfn=(4260)
calls=5632 0 
* 14080
fi=(35)
2912 2560
fi=(23)
128 5120
cfi=(6)
cfn=(4970)
calls=5632 0 
* 44800
fi=(19)
1915 1280
fi=(36)
900 1285
fi=(35)
0 5
fe=(63)
116 25
cfn=(5192) ml_dsa::encoding::bits_to_bytes
calls=22 -65 
* 307965
fi=(34)
424 5
634 10
fi=(23)
128 15
cfi=(6)
cfn=(4970)
calls=22 0 
* 580
fe=(63)
-11 45

fn=(5176) ml_dsa::encoding::simple_bit_pack
99 324
fi=(10)
+55 144
fe=(63)
16 36
+85 72
fi=(34)
460 108
0 36
cfi=(6)
cfn=(4864)
calls=48 0 
0 36
fi=(23)
101 108
cfi=(6)
cfn=(4866)
calls=48 0 
* 1440
fi=(34)
469 72
fi=(35)
977 360
0 180
fe=(63)
103 36
fi=(34)
0 36
cfi=(6)
cfn=(4864)
calls=48 0 
0 36
fi=(35)
0 18360
fe=(63)
103 9180
fi=(34)
0 9180
cfi=(6)
cfn=(4864)
calls=12240 0 
0 9180
fi=(23)
198 27648
cfi=(6)
cfn=(5040)
calls=12288 0 
* 580608
fi=(34)
469 18432
0 18432
fi=(36)
900 9216
0 18432
fe=(63)
24 138240
fi=(10)
898 9216
fe=(63)
25 9216
fi=(36)
900 18432
0 9216
900 9216
fi=(34)
619 9216
fi=(10)
2548 9216
0 9216
fi=(34)
767 18432
0 18432
fi=(20)
961 9216
fi=(18)
552 27648
cob=(2)
cfi=(2)
cfn=(4260)
calls=12288 0 
* 138240
fi=(35)
2912 18432
fi=(23)
128 36864
cfi=(6)
cfn=(4970)
calls=12288 0 
* 322560
fi=(19)
1915 9216
fi=(36)
900 9252
fi=(35)
0 36
fe=(63)
105 180
cfn=(5192)
calls=48 -54 
* 446760
fi=(34)
424 36
634 72
fi=(23)
128 108
cfi=(6)
cfn=(4970)
calls=48 0 
* 1260
fe=(63)
-22 324

fn=(5192)
51 328
fi=(10)
3714 82
fi=(34)
460 41
0 41
cfi=(6)
cfn=(4864)
calls=70 0 
0 41
fi=(23)
198 123
cfi=(6)
cfn=(5040)
calls=70 0 
* 3804
fi=(34)
469 82
0 41
fi=(19)
1915 41
fi=(36)
900 41
0 82
fe=(63)
55 82
fi=(50)
278 82
fe=(63)
55 124846
fi=(50)
278 124846
fi=(10)
898 62464
fe=(63)
55 249856
-55 62464
fi=(19)
1915 62464
fi=(36)
900 62464
fe=(63)
57 123
+1 287

fn=(5322)
61 265
+2 53
-63 53
fi=(57) /rustc/ac68faa20c58cbccd01ee7208bf3b6e93a7d7f96/library/core/src/intrinsics/mod.rs
457 53
fi=(34)
0 53
460 53
0 212
cfi=(6)
cfn=(4864)
calls=65 0 
0 53
0 53
fi=(23)
198 159
cfi=(6)
cfn=(5040)
calls=65 0 
* 183572
fi=(34)
469 106
0 159
fi=(19)
1915 53
fi=(36)
900 53
0 53
fi=(50)
278 159
0 53
278 46304
fe=(63)
65 23152
+2 69456
fi=(50)
278 46304
fe=(63)
68 46304
-1 46304
fi=(50)
278 46304
fe=(63)
68 46304
-1 46304
fi=(50)
278 46304
fe=(63)
68 46304
-1 46304
fi=(50)
278 46304
fe=(63)
68 46304
-1 46304
fi=(50)
278 46304
fe=(63)
68 46304
-1 46304
fi=(50)
278 46304
fe=(63)
68 46304
-1 46304
fi=(50)
278 46304
fe=(63)
0 23152
68 23152
-1 23152
fi=(19)
1915 46304
fi=(36)
900 23152
fe=(63)
71 159
+1 371

fl=(69)
fn=(5312)
37 8
fi=(32) /rustc/ac68faa20c58cbccd01ee7208bf3b6e93a7d7f96/library/core/src/fmt/mod.rs
-37 146
fe=(69)
43 1
cfi=(67) /home/rick/unl/king's/thesis/ml-dsa/ml-dsa/src/serdes.rs
cfn=(5316) ml_dsa::serdes::sk_decode
calls=1 +56 
* 670545
fi=(26) /rustc/ac68faa20c58cbccd01ee7208bf3b6e93a7d7f96/library/core/src/result.rs
1183 2
0 1
1184 3
0 1
1184 3
cob=(2)
cfi=(2)
cfn=(4260)
calls=1 0 
* 17552
fe=(69)
42 18
-42 1
42 3
cob=(2)
cfi=(2)
cfn=(4260)
calls=1 -42 
* 509
* 5
cob=(2)
cfi=(2)
cfn=(4260)
calls=1 -42 
* 603
* 5
cob=(2)
cfi=(2)
cfn=(4260)
calls=1 -42 
* 605
fi=(64) /home/rick/unl/king's/thesis/ml-dsa/ml-dsa/src/vecops.rs
-24 2
-18 1
18 3
cfi=(48) /home/rick/unl/king's/thesis/ml-dsa/ml-dsa/src/ntt.rs
cfn=(5130) ml_dsa::ntt::ntt
calls=1 +59 
* 55208
* 4
cob=(2)
cfi=(2)
cfn=(4260)
calls=1 -18 
* 123
* 3
cfi=(48)
cfn=(5130)
calls=1 +59 
* 55208
* 4
cob=(2)
cfi=(2)
cfn=(4260)
calls=1 -18 
* 125
* 3
cfi=(48)
cfn=(5130)
calls=1 +59 
* 55208
* 4
cob=(2)
cfi=(2)
cfn=(4260)
calls=1 -18 
* 125
* 3
cfi=(48)
cfn=(5130)
calls=1 +59 
* 55208
* 4
cob=(2)
cfi=(2)
cfn=(4260)
calls=1 -18 
* 125
* 3
cfi=(48)
cfn=(5130)
calls=1 +59 
* 55208
* 4
cob=(2)
cfi=(2)
cfn=(4260)
calls=1 -18 
* 123
-18 1
18 3
cfi=(48)
cfn=(5130)
calls=1 +59 
* 55208
* 4
cob=(2)
cfi=(2)
cfn=(4260)
calls=1 -18 
* 125
* 3
cfi=(48)
cfn=(5130)
calls=1 +59 
* 55208
* 4
cob=(2)
cfi=(2)
cfn=(4260)
calls=1 -18 
* 123
* 3
cfi=(48)
cfn=(5130)
calls=1 +59 
* 55208
* 4
cob=(2)
cfi=(2)
cfn=(4260)
calls=1 -18 
* 125
* 3
cfi=(48)
cfn=(5130)
calls=1 +59 
* 55208
* 4
cob=(2)
cfi=(2)
cfn=(4260)
calls=1 -18 
* 125
* 3
cfi=(48)
cfn=(5130)
calls=1 +59 
* 55208
* 4
cob=(2)
cfi=(2)
cfn=(4260)
calls=1 -18 
* 125
* 3
cfi=(48)
cfn=(5130)
calls=1 +59 
* 55208
* 4
cob=(2)
cfi=(2)
cfn=(4260)
calls=1 -18 
* 123
-18 1
18 3
cfi=(48)
cfn=(5130)
calls=1 +59 
* 55208
* 4
cob=(2)
cfi=(2)
cfn=(4260)
calls=1 -18 
* 125
* 3
cfi=(48)
cfn=(5130)
calls=1 +59 
* 55208
* 4
cob=(2)
cfi=(2)
cfn=(4260)
calls=1 -18 
* 125
* 3
cfi=(48)
cfn=(5130)
calls=1 +59 
* 55208
* 4
cob=(2)
cfi=(2)
cfn=(4260)
calls=1 -18 
* 125
* 3
cfi=(48)
cfn=(5130)
calls=1 +59 
* 55208
* 4
cob=(2)
cfi=(2)
cfn=(4260)
calls=1 -18 
* 123
* 3
cfi=(48)
cfn=(5130)
calls=1 +59 
* 55208
* 4
cob=(2)
cfi=(2)
cfn=(4260)
calls=1 -18 
* 125
* 3
cfi=(48)
cfn=(5130)
calls=1 +59 
* 55208
* 4
cob=(2)
cfi=(2)
cfn=(4260)
calls=1 -18 
* 125
* 2
fe=(69)
+29 1
cfi=(59) /home/rick/unl/king's/thesis/ml-dsa/ml-dsa/src/expand.rs
cfn=(5060) ml_dsa::expand::expand_a
calls=1 -31 
* 1741814
fi=(58)
-30 14
fi=(51) /home/rick/.cargo/registry/src/index.crates.io-1949cf8c6b5b557f/block-buffer-0.10.4/src/lib.rs
+59 9
fi=(49) /home/rick/unl/king's/thesis/ml-dsa/ml-dsa/src/hash.rs
-53 1
fe=(69)
+28 6
cfi=(49)
cfn=(4988) ml_dsa::hash::H::absorb
calls=1 -25 
* 44
+1 4
cfi=(49)
cfn=(4988)
calls=1 -26 
* 45
fi=(58)
-35 1
fe=(69)
+36 5
+1 4
cob=(2)
cfi=(2)
cfn=(4260)
calls=1 -54 
* 65
* 5
cfi=(49)
cfn=(5014) ml_dsa::hash::H::finalize
calls=1 -24 
* 6405
* 6
cfi=(49)
cfn=(5110) ml_dsa::hash::HReader::squeeze
calls=1 -17 
* 6288
fi=(58)
-37 14
fi=(51)
+59 9
fi=(49)
-53 3
fe=(69)
+35 3
cfi=(49)
cfn=(4988)
calls=1 -32 
* 44
+1 4
cfi=(49)
cfn=(4988)
calls=1 -33 
* 44
+1 4
cfi=(49)
cfn=(4988)
calls=1 -34 
* 44
fi=(58)
-43 1
fe=(69)
+44 5
+1 4
cob=(2)
cfi=(2)
cfn=(4260)
calls=1 -62 
* 65
* 4
cfi=(49)
cfn=(5014)
calls=1 -32 
* 6406
* 4
cfi=(49)
cfn=(5110)
calls=1 -25 
* 6288
* 3
-62 6
fi=(23)
128 20
cfi=(6)
cfn=(4970)
calls=5 0 
* 175
0 6
fe=(69)
69 30
cfi=(59)
cfn=(5370) ml_dsa::expand::expand_mask
calls=6 -13 
* 4243770
fi=(48)
+9 24
cob=(2)
cfi=(2)
cfn=(4260)
calls=6 -78 
* 750
* 6
-78 18
80 12
fi=(71) /rustc/ac68faa20c58cbccd01ee7208bf3b6e93a7d7f96/library/core/src/num/int_macros.rs
3228 264
+1 48
fi=(48)
80 384
fi=(71)
3228 8184
+1 1488
fi=(48)
80 372
fi=(55)
180 576
fe=(69)
67 6
-67 18
fi=(48)
86 18
-86 6
88 6
-1 6
+1 6
fe=(69)
-88 42
fi=(48)
86 126
-86 42
88 42
-1 42
+1 1524
-1 1482
+1 7602
-88 1530
91 30720
fi=(71)
3228 55296
0 6144
3229 18432
fi=(48)
92 18432
fi=(71)
3228 49152
0 6144
3229 6144
fi=(72) /home/rick/unl/king's/thesis/ml-dsa/ml-dsa/src/field.rs
20 6144
fi=(48)
+73 6144
fi=(71)
3228 49152
0 6144
3229 6144
fi=(72)
20 6144
fi=(48)
+72 6144
+1 6144
+1 6144
-4 12288
+6 1530
-10 4590
+12 48
-14 48
+16 18
0 6
100 18
cob=(2)
cfi=(2)
cfn=(4260)
calls=6 0 
* 750
fi=(64)
-82 24
cob=(2)
cfi=(2)
cfn=(4260)
calls=6 -18 
* 750
fi=(48)
+60 24
cob=(2)
cfi=(2)
cfn=(4260)
calls=6 -78 
* 750
* 18
+2 12
fi=(71)
3228 264
+1 48
fi=(48)
80 12
fi=(55)
180 6
fi=(48)
80 372
fi=(71)
3228 8184
+1 1488
fi=(48)
80 372
fi=(55)
180 570
0 24
fi=(48)
86 18
-86 6
88 6
-1 6
+1 6
fi=(55)
-88 42
fi=(48)
86 126
-86 42
88 42
-1 42
+1 1524
-1 1482
+1 7602
-88 1530
91 30720
fi=(71)
3228 55296
0 6144
3229 18432
fi=(48)
92 18432
fi=(71)
3228 49152
0 6144
3229 6144
fi=(72)
20 6144
fi=(48)
+73 6144
fi=(71)
3228 49152
0 6144
3229 6144
fi=(72)
20 6144
fi=(48)
+72 6144
+1 6144
+1 6144
-4 12288
+6 1530
-10 3060
+12 48
-14 48
+16 18
0 6
100 18
cob=(2)
cfi=(2)
cfn=(4260)
calls=6 0 
* 750
fi=(64)
-82 24
cob=(2)
cfi=(2)
cfn=(4260)
calls=6 -18 
* 750
fi=(48)
+60 24
cob=(2)
cfi=(2)
cfn=(4260)
calls=6 -78 
* 750
* 18
-78 6
80 12
fi=(71)
3228 264
+1 48
fi=(48)
80 384
fi=(71)
3228 8184
+1 1488
fi=(48)
80 372
fi=(55)
180 576
0 24
fi=(48)
86 18
-86 6
88 6
-1 6
+1 6
fi=(55)
-88 42
fi=(48)
86 126
-86 42
88 42
-1 42
+1 1524
-1 1482
+1 7602
-88 1530
91 30720
fi=(71)
3228 55296
0 6144
3229 18432
fi=(48)
92 18432
fi=(71)
3228 49152
0 6144
3229 6144
fi=(72)
20 6144
fi=(48)
+73 6144
fi=(71)
3228 49152
0 6144
3229 6144
fi=(72)
20 6144
fi=(48)
+72 6144
+1 6144
+1 6144
-4 12288
+6 1530
-10 3060
+12 48
-14 48
+16 18
0 6
100 18
cob=(2)
cfi=(2)
cfn=(4260)
calls=6 0 
* 750
fi=(64)
-82 24
cob=(2)
cfi=(2)
cfn=(4260)
calls=6 -18 
* 738
fi=(48)
+60 24
cob=(2)
cfi=(2)
cfn=(4260)
calls=6 -78 
* 750
* 18
-78 6
80 12
fi=(71)
3228 264
+1 48
fi=(48)
80 384
fi=(71)
3228 8184
+1 1488
fi=(48)
80 372
fi=(55)
180 576
0 24
fi=(48)
86 18
-86 6
88 6
-1 6
+1 6
fi=(55)
-88 42
fi=(48)
86 126
-86 42
88 42
-1 42
+1 1524
-1 1482
+1 7602
-88 1530
91 30720
fi=(71)
3228 55296
0 6144
3229 18432
fi=(48)
92 18432
fi=(71)
3228 49152
0 6144
3229 6144
fi=(72)
20 6144
fi=(48)
+73 6144
fi=(71)
3228 49152
0 6144
3229 6144
fi=(72)
20 6144
fi=(48)
+72 6144
+1 6144
+1 6144
-4 12288
+6 1530
-10 3060
+12 48
-14 48
+16 18
0 6
100 18
cob=(2)
cfi=(2)
cfn=(4260)
calls=6 0 
* 750
fi=(64)
-82 24
cob=(2)
cfi=(2)
cfn=(4260)
calls=6 -18 
* 750
fi=(48)
+60 24
cob=(2)
cfi=(2)
cfn=(4260)
calls=6 -78 
* 750
* 18
-78 6
80 12
fi=(71)
3228 264
+1 48
fi=(48)
80 384
fi=(71)
3228 8184
+1 1488
fi=(48)
80 372
fi=(55)
180 576
0 24
fi=(48)
86 18
-86 6
88 6
-1 6
+1 6
fi=(55)
-88 42
fi=(48)
86 126
-86 42
88 42
-1 42
+1 1524
-1 1482
+1 7602
-88 1530
91 30720
fi=(71)
3228 55296
0 6144
3229 18432
fi=(48)
92 18432
fi=(71)
3228 49152
0 6144
3229 6144
fi=(72)
20 6144
fi=(48)
+73 6144
fi=(71)
3228 49152
0 6144
3229 6144
fi=(72)
20 6144
fi=(48)
+72 6144
+1 6144
+1 6144
-4 12288
+6 1530
-10 3060
+12 48
-14 48
+16 18
0 6
100 18
cob=(2)
cfi=(2)
cfn=(4260)
calls=6 0 
* 750
fi=(64)
-82 24
cob=(2)
cfi=(2)
cfn=(4260)
calls=6 -18 
* 750
* 6
fe=(69)
+52 24
cfi=(65) /home/rick/unl/king's/thesis/ml-dsa/ml-dsa/src/ntt_arith.rs
cfn=(5142) ml_dsa::ntt_arith::matrix_vector_ntt
calls=6 -21 
* 1615188
fi=(64)
-43 24
cfi=(48)
cfn=(5150) ml_dsa::ntt::inv_ntt
calls=6 +77 
* 381150
* 30
cob=(2)
cfi=(2)
cfn=(4260)
calls=6 -27 
* 750
* 18
cfi=(48)
cfn=(5150)
calls=6 +77 
* 381150
* 24
cob=(2)
cfi=(2)
cfn=(4260)
calls=6 -27 
* 750
* 18
cfi=(48)
cfn=(5150)
calls=6 +77 
* 381150
* 24
cob=(2)
cfi=(2)
cfn=(4260)
calls=6 -27 
* 738
* 18
cfi=(48)
cfn=(5150)
calls=6 +77 
* 381150
* 24
cob=(2)
cfi=(2)
cfn=(4260)
calls=6 -27 
* 750
* 18
cfi=(48)
cfn=(5150)
calls=6 +77 
* 381150
* 24
cob=(2)
cfi=(2)
cfn=(4260)
calls=6 -27 
* 750
* 18
cfi=(48)
cfn=(5150)
calls=6 +77 
* 381150
* 24
cob=(2)
cfi=(2)
cfn=(4260)
calls=6 -27 
* 750
* 6
fe=(69)
+44 18
cfi=(64)
cfn=(5392) ml_dsa::vecops::high_bits_vec
calls=6 +36 
* 173946
fi=(58)
-54 90
fi=(51)
+59 54
fi=(49)
-53 6
fe=(69)
+52 36
cfi=(49)
cfn=(4988)
calls=6 -49 
* 264
+1 18
cfi=(67)
cfn=(5400) ml_dsa::serdes::w1_encode
calls=6 +92 
* 2010680
fi=(34)
614 6
fi=(35)
1840 6
fe=(69)
76 18
cfi=(49)
cfn=(4988)
calls=6 -50 
* 223626
fi=(34)
424 6
634 12
fi=(23)
128 18
cfi=(6)
cfn=(4970)
calls=6 0 
* 210
fi=(52) /home/rick/.cargo/registry/src/index.crates.io-1949cf8c6b5b557f/digest-0.10.7/src/core_api/wrapper.rs
+75 30
cob=(2)
cfi=(2)
cfn=(4260)
calls=6 0 
* 180
* 30
cob=(2)
cfi=(2)
cfn=(4260)
calls=6 0 
* 180
fi=(51)
-7 6
fi=(50)
-95 12
fi=(55)
+79 12
fi=(51)
+8 12
cob=(2)
cfi=(2)
cfn=(4642)
calls=6 0 
* 114
fi=(53) /home/rick/.cargo/registry/src/index.crates.io-1949cf8c6b5b557f/sha3-0.10.9/src/macros.rs
-49 6
+2 6
fi=(58)
-95 144
fi=(26)
1718 6
fi=(58)
46 6
+3 18
cfi=(54)
cfn=(5024)
calls=6 166 
* 36948
-41 30
cob=(2)
cfi=(2)
cfn=(4260)
calls=6 -8 
* 180
+9 6
fi=(51)
+59 54
fi=(49)
-45 30
cob=(2)
cfi=(2)
cfn=(4260)
calls=6 -31 
* 390
fi=(34)
-31 6
cfi=(6)
cfn=(4864)
calls=6 0 
0 6
fi=(23)
198 18
cfi=(6)
cfn=(5040)
calls=6 0 
* 618
0 6
fi=(34)
469 12
fi=(62)
41 6
fi=(51)
196 12
+62 6
fi=(18)
0 18
fi=(51)
271 24
cfi=(14)
cfn=(5444)
calls=6 1717 
* 18
+3 12
fi=(58)
17 6
fi=(18)
1721 54
fi=(51)
276 24
cfi=(14)
cfn=(5444)
calls=6 1717 
* 37572
fi=(18)
552 24
cob=(2)
cfi=(2)
cfn=(4260)
calls=6 0 
* 72
fe=(69)
78 24
cfi=(61) /home/rick/unl/king's/thesis/ml-dsa/ml-dsa/src/sample.rs
cfn=(5452) ml_dsa::sample::sample_in_ball
calls=6 -62 
* 102856
* 24
cob=(2)
cfi=(2)
cfn=(4260)
calls=6 -78 
* 750
* 6
fi=(48)
-78 18
80 12
fi=(71)
3228 264
+1 48
fi=(48)
80 384
fi=(71)
3228 8184
+1 1488
fi=(48)
80 372
fi=(55)
180 576
0 24
fi=(48)
86 18
-86 6
88 6
-1 6
+1 6
fi=(55)
-88 42
fi=(48)
86 126
-86 42
88 42
-1 42
+1 1524
-1 1482
+1 7602
-88 1530
91 30720
fi=(71)
3228 55296
0 6144
3229 18432
fi=(48)
92 18432
fi=(71)
3228 49152
0 6144
3229 6144
fi=(72)
20 6144
fi=(48)
+73 6144
fi=(71)
3228 49152
0 6144
3229 6144
fi=(72)
20 6144
fi=(48)
+72 6144
+1 6144
+1 6144
-4 12288
+6 1530
-10 3060
+12 48
-14 48
+16 36
cob=(2)
cfi=(2)
cfn=(4260)
calls=6 0 
* 750
fe=(69)
-18 30
cfi=(65)
cfn=(5464) ml_dsa::ntt_arith::scalar_vector_ntt
calls=6 -42 
* 151824
* 6
fi=(64)
-55 18
cfi=(48)
cfn=(5150)
calls=6 +77 
* 381150
* 24
cob=(2)
cfi=(2)
cfn=(4260)
calls=6 -27 
* 738
* 18
cfi=(48)
cfn=(5150)
calls=6 +77 
* 381150
* 24
cob=(2)
cfi=(2)
cfn=(4260)
calls=6 -27 
* 750
* 18
cfi=(48)
cfn=(5150)
calls=6 +77 
* 381150
* 24
cob=(2)
cfi=(2)
cfn=(4260)
calls=6 -27 
* 750
* 18
cfi=(48)
cfn=(5150)
calls=6 +77 
* 381150
* 24
cob=(2)
cfi=(2)
cfn=(4260)
calls=6 -27 
* 750
* 18
cfi=(48)
cfn=(5150)
calls=6 +77 
* 381150
* 24
cob=(2)
cfi=(2)
cfn=(4260)
calls=6 -27 
* 738
fe=(69)
+56 24
cfi=(65)
cfn=(5464)
calls=6 -43 
* 184596
fi=(64)
-56 18
cfi=(48)
cfn=(5150)
calls=6 +77 
* 381150
* 24
cob=(2)
cfi=(2)
cfn=(4260)
calls=6 -27 
* 738
* 18
cfi=(48)
cfn=(5150)
calls=6 +77 
* 381150
* 24
cob=(2)
cfi=(2)
cfn=(4260)
calls=6 -27 
* 750
* 18
cfi=(48)
cfn=(5150)
calls=6 +77 
* 381150
* 24
cob=(2)
cfi=(2)
cfn=(4260)
calls=6 -27 
* 750
* 18
cfi=(48)
cfn=(5150)
calls=6 +77 
* 381150
* 24
cob=(2)
cfi=(2)
cfn=(4260)
calls=6 -27 
* 750
* 18
cfi=(48)
cfn=(5150)
calls=6 +77 
* 381150
* 24
cob=(2)
cfi=(2)
cfn=(4260)
calls=6 -27 
* 738
* 18
cfi=(48)
cfn=(5150)
calls=6 +77 
* 381150
* 24
cob=(2)
cfi=(2)
cfn=(4260)
calls=6 -27 
* 750
fe=(69)
+57 24
cfi=(64)
cfn=(5154) ml_dsa::vecops::add_vec
calls=6 -33 
* 157728
+1 24
cfi=(64)
cfn=(5470) ml_dsa::vecops::sub_vec
calls=6 -23 
* 189228
* 18
cfi=(64)
cfn=(5476) ml_dsa::vecops::low_bits_vec
calls=6 +31 
* 134742
-85 54
fi=(64)
153 12
fi=(71)
3228 264
+1 30
fi=(64)
153 372
fi=(71)
3228 8184
+1 1488
fi=(72)
64 1116
fi=(71)
3229 18
fi=(72)
64 60
fi=(71)
3608 48
fi=(64)
154 108
fi=(36)
900 18
fi=(72)
64 744
fi=(71)
3608 1488
fi=(64)
154 3348
fi=(36)
900 732
0 6
fi=(64)
153 12
fi=(71)
3228 168
fi=(64)
153 372
fi=(71)
3228 8184
+1 1488
fi=(72)
64 1116
fi=(71)
3228 96
+1 48
fi=(72)
64 60
fi=(71)
3608 48
fi=(64)
154 108
fi=(72)
-90 744
fi=(71)
3608 1488
fi=(64)
154 3348
fi=(36)
900 750
0 6
fi=(64)
153 12
fi=(71)
3228 168
fi=(64)
153 372
fi=(71)
3228 8184
+1 1488
fi=(72)
64 1116
fi=(71)
3228 96
+1 48
fi=(72)
64 60
fi=(71)
3608 48
fi=(64)
154 108
fi=(72)
-90 744
fi=(71)
3608 1488
fi=(64)
154 3348
fi=(36)
900 750
0 6
fi=(64)
153 12
fi=(71)
3228 168
fi=(64)
153 372
fi=(71)
3228 8184
+1 1488
fi=(72)
64 1116
fi=(71)
3228 96
+1 48
fi=(72)
64 60
fi=(71)
3608 48
fi=(64)
154 108
fi=(72)
-90 744
fi=(71)
3608 1488
fi=(64)
154 3348
fi=(36)
900 750
0 6
fi=(64)
153 12
fi=(71)
3228 168
fi=(64)
153 372
fi=(71)
3228 8184
+1 1488
fi=(72)
64 1116
fi=(71)
3228 96
+1 48
fi=(72)
64 60
fi=(71)
3608 48
fi=(64)
154 108
fi=(72)
-90 744
fi=(71)
3608 1488
fi=(64)
154 3348
fi=(36)
900 738
fe=(69)
88 20
cfi=(64)
cfn=(5498) ml_dsa::vecops::inf_norm
calls=4 +61 
* 72168
* 8
+6 4
cfi=(65)
cfn=(5464)
calls=1 -54 
* 30766
fi=(64)
-67 3
cfi=(48)
cfn=(5150)
calls=1 +77 
* 63525
* 4
cob=(2)
cfi=(2)
cfn=(4260)
calls=1 -27 
* 125
* 3
cfi=(48)
cfn=(5150)
calls=1 +77 
* 63525
* 4
cob=(2)
cfi=(2)
cfn=(4260)
calls=1 -27 
* 125
* 3
cfi=(48)
cfn=(5150)
calls=1 +77 
* 63525
* 4
cob=(2)
cfi=(2)
cfn=(4260)
calls=1 -27 
* 123
* 3
cfi=(48)
cfn=(5150)
calls=1 +77 
* 63525
* 4
cob=(2)
cfi=(2)
cfn=(4260)
calls=1 -27 
* 125
* 3
cfi=(48)
cfn=(5150)
calls=1 +77 
* 63525
* 4
cob=(2)
cfi=(2)
cfn=(4260)
calls=1 -27 
* 125
* 3
cfi=(48)
cfn=(5150)
calls=1 +77 
* 63525
* 4
cob=(2)
cfi=(2)
cfn=(4260)
calls=1 -27 
* 125
fe=(69)
+68 4
cfi=(64)
cfn=(5470)
calls=1 -33 
* 31538
* 4
cfi=(64)
cfn=(5154)
calls=1 -44 
* 31538
fi=(60)
-32 4
cob=(2)
cfi=(2)
cfn=(4642)
calls=1 -63 
* 6163
* 1
fi=(58)
-46 3
fi=(64)
+60 2
fi=(71)
3228 44
+1 8
fi=(64)
77 64
fi=(71)
3228 1364
+1 248
fi=(64)
77 62
fi=(36)
900 96
0 2
fi=(64)
77 2
fi=(71)
3228 44
+1 8
fi=(64)
77 2
fi=(36)
900 2
fi=(64)
77 62
fi=(71)
3228 1364
+1 248
fi=(64)
77 62
fi=(36)
900 94
0 2
fi=(64)
77 2
fi=(71)
3228 44
+1 8
fi=(64)
77 2
fi=(36)
900 2
fi=(64)
77 62
fi=(71)
3228 1364
+1 248
fi=(64)
77 62
fi=(36)
900 94
0 2
fi=(64)
77 2
fi=(71)
3228 44
+1 8
fi=(64)
77 2
fi=(36)
900 2
fi=(64)
77 62
fi=(71)
3228 1364
+1 248
fi=(64)
77 62
fi=(36)
900 94
0 2
fi=(64)
77 2
fi=(71)
3228 44
+1 8
fi=(64)
77 2
fi=(36)
900 2
fi=(64)
77 62
fi=(71)
3228 1364
+1 248
fi=(64)
77 62
fi=(36)
900 94
0 2
fi=(64)
77 2
fi=(71)
3228 44
+1 8
fi=(64)
77 2
fi=(36)
900 2
fi=(64)
77 62
fi=(71)
3228 1364
+1 248
fi=(64)
77 62
fi=(36)
900 94
fe=(69)
96 4
cfi=(64)
cfn=(5510) ml_dsa::vecops::make_hint_vec
calls=1 +29 
* 56224
+3 2
cfi=(64)
cfn=(5498)
calls=1 +50 
* 18042
* 2
-99 3
fi=(58)
17 2
-17 1
fi=(64)
167 20
fi=(36)
900 3
fi=(64)
167 620
fi=(36)
900 99
0 1
fi=(64)
167 20
fi=(36)
900 3
fi=(64)
167 620
fi=(36)
900 99
0 1
fi=(64)
167 20
fi=(36)
900 3
fi=(64)
167 620
fi=(36)
900 99
0 1
fi=(64)
167 20
fi=(36)
900 3
fi=(64)
167 620
fi=(36)
900 99
0 1
fi=(64)
167 20
fi=(36)
900 3
fi=(64)
167 620
fi=(36)
900 99
0 1
fi=(64)
167 20
fi=(36)
900 3
fi=(64)
167 620
fi=(36)
900 97
fe=(69)
99 2
-99 2
105 2
cfi=(64)
cfn=(5520) ml_dsa::vecops::center_vec
calls=1 -21 
* 16687
* 7
cfi=(67)
cfn=(5526) ml_dsa::serdes::sig_encode
calls=1 +28 
* 634957
* 7
fi=(23)
+23 4
cfi=(6)
cfn=(4970)
calls=1 0 
* 35
fe=(69)
-21 9

fl=(8) /rustc/ac68faa20c58cbccd01ee7208bf3b6e93a7d7f96/library/std/src/rt.rs
fn=(3936) std::rt::lang_start_internal
fi=(87)
cfn=(4902) std::rt::lang_start::{{closure}}
calls=1 206 
287 22536219
fe=(8)

fn=(4902)
cfi=(30)
cfn=(4904)
calls=1 162 
206 22536219

fl=(25)
fn=(4972) __rustc::__rdl_dealloc
48 10704
cob=(2)
cfi=(2)
cfn=(4626) free
calls=18212 -48 
* 356553

fl=(54)
fn=(5026) keccak::keccak_p
236 2968
+1 848
0 424
fi=(14)
1717 424
fi=(55)
180 424
0 10600
180 1272
0 8904
fi=(56) /rustc/ac68faa20c58cbccd01ee7208bf3b6e93a7d7f96/library/core/src/ops/bit.rs
898 2968
0 848
898 848
fi=(55)
0 19504
fi=(56)
898 68264
0 19504
898 165784
0 9752
898 48760
0 9752
898 19504
0 9752
898 9752
fi=(57)
2030 19504
fi=(56)
386 9752
fi=(57)
2030 9752
fi=(56)
386 9752
898 58512
0 19504
898 9752
fi=(57)
2030 9752
fi=(56)
386 9752
fi=(57)
2030 9752
fi=(56)
386 9752
898 35616
0 424
898 2120
0 424
898 848
0 424
898 424
fi=(57)
2030 848
fi=(56)
386 424
fi=(57)
2030 424
fi=(56)
386 424
898 2544
0 848
898 424
fi=(57)
2030 424
fi=(56)
386 424
fi=(57)
2030 424
fi=(56)
386 424
898 4664
0 424
898 424
0 424
898 78864
0 9752
898 9752
0 9752
898 39008
0 9752
fi=(57)
2030 9752
fi=(56)
386 9752
898 19504
0 9752
898 29256
0 9752
fi=(57)
2030 19504
0 19504
2030 29256
fi=(56)
63 19504
178 9752
0 9752
63 19504
178 9752
386 9752
0 9752
63 9752
178 9752
386 9752
0 19504
63 19504
178 9752
fi=(57)
2030 68264
fi=(56)
63 19504
178 9752
386 9752
898 848
0 424
fi=(57)
2030 424
fi=(56)
386 424
898 848
0 424
898 1272
0 424
fi=(57)
2030 848
0 848
2030 1272
fi=(56)
63 848
178 424
0 424
63 848
178 424
386 424
0 424
63 424
178 424
386 424
0 848
63 848
178 424
fi=(57)
2030 2968
fi=(56)
63 848
178 424
386 424
0 424
63 848
-63 424
178 424
386 424
0 424
63 424
178 424
386 424
0 424
63 848
-63 9752
63 19504
-63 9752
178 9752
386 9752
0 9752
63 9752
178 9752
386 9752
0 9752
63 19504
178 9752
63 9752
178 9752
0 19504
fi=(57)
2030 9752
0 9752
2030 19504
0 19504
2030 9752
fi=(56)
63 19504
178 9752
386 9752
0 9752
63 19504
178 9752
386 9752
63 19504
178 9752
63 9752
178 9752
0 9752
63 19504
178 9752
386 9752
0 9752
386 9752
0 19504
63 19504
178 9752
386 19504
0 9752
386 19504
fi=(57)
2030 19504
0 9752
2030 9752
fi=(56)
178 424
63 424
178 424
0 848
fi=(57)
2030 424
0 424
2030 848
0 848
2030 424
fi=(56)
63 848
178 424
386 424
0 424
63 848
178 424
386 424
63 848
178 424
63 424
178 424
0 424
63 848
178 424
386 424
0 424
386 424
0 848
63 848
178 424
386 848
0 424
386 848
fi=(57)
2030 848
0 424
2030 424
0 424
2030 848
0 424
2030 424
0 848
2030 424
0 848
2030 424
0 424
2030 424
0 9752
2030 19504
0 9752
2030 9752
0 19504
2030 9752
0 19504
2030 9752
0 9752
2030 9752
fi=(56)
386 9752
0 19504
fi=(57)
2030 9752
fi=(56)
63 19504
178 9752
63 19504
178 9752
63 19504
178 9752
386 9752
63 9752
178 9752
386 9752
63 19504
178 9752
63 19504
178 9752
386 9752
63 9752
178 9752
0 9752
63 19504
-63 9752
178 9752
386 9752
0 9752
386 19504
0 9752
63 9752
178 9752
0 9752
386 9752
0 9752
386 19504
0 9752
63 9752
178 9752
0 9752
386 424
0 848
fi=(57)
2030 424
fi=(56)
63 848
178 424
63 848
178 424
63 848
178 424
386 424
63 424
178 424
386 424
63 848
178 424
63 848
178 424
386 424
63 424
178 424
0 424
63 848
-63 424
178 424
386 424
0 424
386 848
0 424
63 424
178 424
0 424
386 424
0 424
386 848
0 424
63 424
178 424
0 424
386 424
0 848
386 424
0 424
898 1696
0 424
fi=(14)
1717 424
fi=(55)
180 424
fi=(56)
386 9752
0 19504
386 9752
0 9752
898 39008
0 9752
fi=(14)
1717 9752
fi=(55)
180 9752
0 17808
fe=(54)
291 3392

fn=(5024)
166 424
cfn=(5026)
calls=863 +70 
* 2610568

fl=(59)
fn=(5370)
56 60
fi=(60)
+7 18
cob=(2)
cfi=(2)
cfn=(4642)
calls=6 -63 
* 30834
fi=(58)
-46 84
fi=(51)
+59 54
fi=(49)
-53 12
fe=(59)
+38 18
cfi=(49)
cfn=(4988)
calls=6 -35 
* 264
fi=(34)
-61 6
cfi=(6)
cfn=(4864)
calls=6 0 
0 6
fi=(23)
198 18
cfi=(6)
cfn=(5040)
calls=6 0 
* 662
fi=(34)
469 12
fi=(63)
0 6
44 6
-44 6
fe=(59)
62 18
cfi=(49)
cfn=(4988)
calls=6 -36 
* 300
fi=(23)
+66 24
cfi=(6)
cfn=(4970)
calls=6 0 
* 210
* 6
0 6
fe=(59)
63 18
cob=(2)
cfi=(2)
cfn=(4260)
calls=6 -63 
* 390
* 24
cfi=(49)
cfn=(5014)
calls=6 -33 
* 38472
* 24
cfi=(49)
cfn=(5036) ml_dsa::hash::HReader::squeeze_vec
calls=6 -21 
* 188393
fi=(34)
614 6
fi=(35)
1840 12
fe=(59)
64 24
cfi=(63)
cfn=(5320)
calls=6 +67 
* 612923
-64 12
64 18
cob=(2)
cfi=(2)
cfn=(4260)
calls=6 -64 
* 750
fi=(34)
424 6
634 12
fi=(23)
128 18
cfi=(6)
cfn=(4970)
calls=6 0 
* 210
fi=(58)
17 84
fi=(51)
+59 54
fi=(49)
-53 12
fe=(59)
+38 18
cfi=(49)
cfn=(4988)
calls=6 -35 
* 264
fi=(34)
-61 6
cfi=(6)
cfn=(4864)
calls=6 0 
0 6
fi=(23)
198 18
cfi=(6)
cfn=(5040)
calls=6 0 
* 378
fi=(34)
469 12
fi=(63)
0 6
44 12
-44 6
fe=(59)
62 18
cfi=(49)
cfn=(4988)
calls=6 -36 
* 300
fi=(23)
+66 24
cfi=(6)
cfn=(4970)
calls=6 0 
* 210
* 6
0 6
fe=(59)
63 18
cob=(2)
cfi=(2)
cfn=(4260)
calls=6 -63 
* 390
* 24
cfi=(49)
cfn=(5014)
calls=6 -33 
* 38472
* 24
cfi=(49)
cfn=(5036)
calls=6 -21 
* 188238
fi=(34)
614 6
fi=(35)
1840 12
fe=(59)
64 24
cfi=(63)
cfn=(5320)
calls=6 +67 
* 612774
* 24
cob=(2)
cfi=(2)
cfn=(4260)
calls=6 -64 
* 750
fi=(34)
424 6
634 12
fi=(23)
128 18
cfi=(6)
cfn=(4970)
calls=6 0 
* 210
fi=(58)
17 84
fi=(51)
+59 54
fi=(49)
-53 12
fe=(59)
+38 18
cfi=(49)
cfn=(4988)
calls=6 -35 
* 264
fi=(34)
-61 6
cfi=(6)
cfn=(4864)
calls=6 0 
0 6
fi=(23)
198 18
cfi=(6)
cfn=(5040)
calls=6 0 
* 378
fi=(34)
469 12
fi=(63)
0 6
44 12
-44 6
fe=(59)
62 18
cfi=(49)
cfn=(4988)
calls=6 -36 
* 300
fi=(23)
+66 24
cfi=(6)
cfn=(4970)
calls=6 0 
* 210
* 6
0 6
fe=(59)
63 18
cob=(2)
cfi=(2)
cfn=(4260)
calls=6 -63 
* 390
* 24
cfi=(49)
cfn=(5014)
calls=6 -33 
* 38472
* 24
cfi=(49)
cfn=(5036)
calls=6 -21 
* 188238
fi=(34)
614 6
fi=(35)
1840 12
fe=(59)
64 24
cfi=(63)
cfn=(5320)
calls=6 +67 
* 612774
* 24
cob=(2)
cfi=(2)
cfn=(4260)
calls=6 -64 
* 750
fi=(34)
424 6
634 12
fi=(23)
128 18
cfi=(6)
cfn=(4970)
calls=6 0 
* 210
fi=(58)
17 84
fi=(51)
+59 54
fi=(49)
-53 12
fe=(59)
+38 18
cfi=(49)
cfn=(4988)
calls=6 -35 
* 264
fi=(34)
-61 6
cfi=(6)
cfn=(4864)
calls=6 0 
0 6
fi=(23)
198 18
cfi=(6)
cfn=(5040)
calls=6 0 
* 378
fi=(34)
469 12
fi=(63)
0 6
44 12
-44 6
fe=(59)
62 18
cfi=(49)
cfn=(4988)
calls=6 -36 
* 300
fi=(23)
+66 24
cfi=(6)
cfn=(4970)
calls=6 0 
* 210
* 6
0 6
fe=(59)
63 18
cob=(2)
cfi=(2)
cfn=(4260)
calls=6 -63 
* 390
* 24
cfi=(49)
cfn=(5014)
calls=6 -33 
* 38472
* 24
cfi=(49)
cfn=(5036)
calls=6 -21 
* 188238
fi=(34)
614 6
fi=(35)
1840 12
fe=(59)
64 24
cfi=(63)
cfn=(5320)
calls=6 +67 
* 612774
* 24
cob=(2)
cfi=(2)
cfn=(4260)
calls=6 -64 
* 750
fi=(34)
424 6
634 12
fi=(23)
128 18
cfi=(6)
cfn=(4970)
calls=6 0 
* 210
fi=(58)
17 84
fi=(51)
+59 54
fi=(49)
-53 12
fe=(59)
+38 18
cfi=(49)
cfn=(4988)
calls=6 -35 
* 264
fi=(34)
-61 6
cfi=(6)
cfn=(4864)
calls=6 0 
0 6
fi=(23)
198 18
cfi=(6)
cfn=(5040)
calls=6 0 
* 378
fi=(34)
469 12
fi=(63)
0 6
44 12
-44 6
fe=(59)
62 18
cfi=(49)
cfn=(4988)
calls=6 -36 
* 300
fi=(23)
+66 24
cfi=(6)
cfn=(4970)
calls=6 0 
* 210
* 12
fe=(59)
-65 18
cob=(2)
cfi=(2)
cfn=(4260)
calls=6 -63 
* 390
* 24
cfi=(49)
cfn=(5014)
calls=6 -33 
* 38472
* 24
cfi=(49)
cfn=(5036)
calls=6 -21 
* 188238
fi=(34)
614 6
fi=(35)
1840 12
fe=(59)
64 24
cfi=(63)
cfn=(5320)
calls=6 +67 
* 612774
* 30
cob=(2)
cfi=(2)
cfn=(4260)
calls=6 -64 
* 750
fi=(34)
424 6
634 12
fi=(23)
128 18
cfi=(6)
cfn=(4970)
calls=6 0 
* 210
fe=(59)
-61 54

fn=(5060)
16 9
fi=(60)
+84 4
cob=(2)
cfi=(2)
cfn=(4642)
calls=3 0 
* 30739
* 6
0 6
fe=(59)
24 36
cob=(2)
cfi=(2)
cfn=(4260)
calls=18 -24 
* 750
* 6
fi=(10)
898 6
fi=(19)
1915 6
fi=(36)
900 6
0 6
fi=(18)
552 24
fe=(59)
22 12
+1 6
fi=(60)
+22 24
cob=(2)
cfi=(2)
cfn=(4642)
calls=18 -45 
* 468
* 6
fi=(58)
-28 84
fi=(51)
+59 66
fi=(49)
-15 6
fi=(61)
-14 24
cfi=(49)
cfn=(5074) ml_dsa::hash::G::absorb
calls=18 +17 
* 264
+1 24
cob=(2)
cfi=(2)
cfn=(4260)
calls=18 -48 
* 390
* 18
cfi=(49)
cfn=(5082) ml_dsa::hash::G::finalize
calls=18 +20 
* 38568
+3 24
+1 3074
fi=(62)
-11 1537
+1 7685
cfi=(51)
cfn=(5094) block_buffer::BlockBuffer<BlockSize,block_buffer::Eager>::set_data
calls=4611 250 
* 269063
fi=(61)
+12 3074
-54 1537
fi=(63)
76 1537
+1 6148
+1 3074
fi=(61)
-23 1536
+1 1536
-2 1536
-54 30
fe=(59)
24 36
cob=(2)
cfi=(2)
cfn=(4260)
calls=18 -24 
* 750
-24 6
fi=(18)
552 24
fe=(59)
22 6
+1 6
fi=(60)
+22 24
cob=(2)
cfi=(2)
cfn=(4642)
calls=18 -45 
* 468
* 6
fi=(58)
-28 84
fi=(51)
+59 66
fi=(49)
-15 6
fi=(61)
-14 24
cfi=(49)
cfn=(5074)
calls=18 +17 
* 264
+1 24
cob=(2)
cfi=(2)
cfn=(4260)
calls=18 -48 
* 390
* 18
cfi=(49)
cfn=(5082)
calls=18 +20 
* 38568
+3 24
+1 3076
fi=(62)
-11 1538
+1 7690
cfi=(51)
cfn=(5094)
calls=4614 250 
* 269116
fi=(61)
+12 3076
-54 1538
fi=(63)
76 1538
+1 6152
+1 3076
fi=(61)
-23 1536
+1 1536
-2 1536
-54 6
fe=(59)
24 36
cob=(2)
cfi=(2)
cfn=(4260)
calls=18 -24 
* 750
-24 6
fi=(18)
552 24
fe=(59)
22 12
+1 6
fi=(60)
+22 24
cob=(2)
cfi=(2)
cfn=(4642)
calls=18 -45 
* 468
* 6
fi=(58)
-28 84
fi=(51)
+59 66
fi=(49)
-15 6
fi=(61)
-14 24
cfi=(49)
cfn=(5074)
calls=18 +17 
* 264
+1 24
cob=(2)
cfi=(2)
cfn=(4260)
calls=18 -48 
* 390
* 18
cfi=(49)
cfn=(5082)
calls=18 +20 
* 38568
+3 24
+1 3074
fi=(62)
-11 1537
+1 7685
cfi=(51)
cfn=(5094)
calls=4611 250 
* 269063
fi=(61)
+12 3074
-54 1537
fi=(63)
76 1537
+1 6148
+1 3074
fi=(61)
-23 1536
+1 1536
-2 1536
-54 6
fe=(59)
24 36
cob=(2)
cfi=(2)
cfn=(4260)
calls=18 -24 
* 750
-24 6
fi=(18)
552 24
fe=(59)
22 12
+1 6
fi=(60)
+22 24
cob=(2)
cfi=(2)
cfn=(4642)
calls=18 -45 
* 468
* 6
fi=(58)
-28 84
fi=(51)
+59 66
fi=(49)
-15 6
fi=(61)
-14 24
cfi=(49)
cfn=(5074)
calls=18 +17 
* 264
+1 24
cob=(2)
cfi=(2)
cfn=(4260)
calls=18 -48 
* 390
* 18
cfi=(49)
cfn=(5082)
calls=18 +20 
* 38568
+3 24
+1 3076
fi=(62)
-11 1538
+1 7690
cfi=(51)
cfn=(5094)
calls=4614 250 
* 269116
fi=(61)
+12 3076
-54 1538
fi=(63)
76 1538
+1 6152
+1 3076
fi=(61)
-23 1536
+1 1536
-2 1536
-54 6
fe=(59)
24 36
cob=(2)
cfi=(2)
cfn=(4260)
calls=18 -24 
* 750
-24 6
fi=(18)
552 24
fe=(59)
22 12
+1 6
fi=(60)
+22 24
cob=(2)
cfi=(2)
cfn=(4642)
calls=18 -45 
* 468
* 6
fi=(58)
-28 84
fi=(51)
+59 66
fi=(49)
-15 6
fi=(61)
-14 24
cfi=(49)
cfn=(5074)
calls=18 +17 
* 264
+1 24
cob=(2)
cfi=(2)
cfn=(4260)
calls=18 -48 
* 390
* 18
cfi=(49)
cfn=(5082)
calls=18 +20 
* 38568
+3 30
+1 3078
fi=(62)
-11 1539
+1 7695
cfi=(51)
cfn=(5094)
calls=4617 250 
* 269169
fi=(61)
+12 3078
-54 1539
fi=(63)
76 1539
+1 6156
+1 3078
fi=(61)
-23 1536
+1 1536
-2 1536
-54 1
fe=(59)
28 8

fl=(64)
fn=(5498)
149 40
0 5
153 10
fi=(71)
3228 220
+1 25
fe=(64)
153 310
fi=(71)
3228 6820
+1 1240
fi=(72)
64 930
fi=(71)
3229 15
fi=(72)
64 50
fi=(71)
3608 40
fe=(64)
154 90
fi=(10)
898 5
fi=(36)
+2 10
fi=(72)
64 620
fi=(71)
3608 1240
fe=(64)
154 2790
fi=(10)
898 155
fi=(36)
+2 440
0 20
fe=(64)
153 10
fi=(71)
3228 140
fe=(64)
153 310
fi=(71)
3228 6820
+1 1240
fi=(72)
64 930
fi=(71)
3228 80
+1 40
fi=(72)
64 50
fi=(71)
3608 40
fe=(64)
154 90
fi=(72)
-90 620
fi=(71)
3608 1240
fe=(64)
154 2790
fi=(10)
898 155
fi=(36)
+2 310
fi=(10)
-2 5
fi=(36)
+2 140
0 20
fe=(64)
153 10
fi=(71)
3228 140
fe=(64)
153 310
fi=(71)
3228 6820
+1 1240
fi=(72)
64 930
fi=(71)
3228 80
+1 40
fi=(72)
64 50
fi=(71)
3608 40
fe=(64)
154 90
fi=(72)
-90 620
fi=(71)
3608 1240
fe=(64)
154 2790
fi=(10)
898 155
fi=(36)
+2 310
fi=(10)
-2 5
fi=(36)
+2 140
0 20
fe=(64)
153 10
fi=(71)
3228 140
fe=(64)
153 310
fi=(71)
3228 6820
+1 1240
fi=(72)
64 930
fi=(71)
3228 80
+1 40
fi=(72)
64 50
fi=(71)
3608 40
fe=(64)
154 90
fi=(72)
-90 620
fi=(71)
3608 1240
fe=(64)
154 2790
fi=(10)
898 155
fi=(36)
+2 310
fi=(10)
-2 5
fi=(36)
+2 140
0 20
fe=(64)
153 10
fi=(71)
3228 140
fe=(64)
153 310
fi=(71)
3228 6820
+1 1240
fi=(72)
64 930
fi=(71)
3228 80
+1 40
fi=(72)
64 50
fi=(71)
3608 40
fe=(64)
154 90
fi=(72)
-90 620
fi=(71)
3608 1240
fe=(64)
154 2790
fi=(10)
898 155
fi=(36)
+2 310
fi=(10)
-2 5
fi=(36)
+2 140
0 20
fe=(64)
153 10
fi=(71)
3228 140
fe=(64)
153 310
fi=(71)
3228 6820
+1 1240
fi=(72)
64 930
fi=(71)
3228 80
+1 40
fi=(72)
64 50
fi=(71)
3608 40
fe=(64)
154 90
fi=(72)
-90 620
fi=(71)
3608 1240
fe=(64)
154 2790
fi=(10)
898 155
fi=(36)
+2 310
fi=(10)
-2 5
fi=(36)
+2 140
fe=(64)
160 5

fn=(5510)
125 11
fi=(60)
-93 3
cob=(2)
cfi=(2)
cfn=(4642)
calls=1 -32 
* 71
-32 9
fi=(66) /home/rick/unl/king's/thesis/ml-dsa/ml-dsa/src/rounding.rs
157 2
fi=(71)
3228 4
fi=(66)
54 1
fi=(71)
3228 18
+1 4
-1 17
fi=(72)
64 4
fi=(66)
-32 1
157 126
fi=(71)
3228 252
fi=(66)
54 63
fi=(71)
3228 1134
+1 252
-1 1071
fi=(72)
64 252
fi=(66)
-32 649
fi=(71)
3228 22
+1 4
-1 15
fi=(66)
32 630
fi=(71)
3228 1386
+1 252
-1 1071
fi=(72)
64 252
fi=(66)
-32 189
fi=(71)
3228 2
fi=(72)
64 4
fi=(66)
-32 20
157 3
fi=(10)
898 1
fi=(36)
+2 2
fi=(66)
32 1071
157 189
fi=(10)
898 63
fi=(36)
+2 126
0 1
fe=(64)
131 4
cob=(2)
cfi=(2)
cfn=(4260)
calls=1 0 
* 125
0 1
fi=(60)
32 4
cob=(2)
cfi=(2)
cfn=(4642)
calls=1 -32 
* 71
* 9
-32 1
fi=(66)
157 2
fi=(71)
3228 4
fi=(66)
54 1
fi=(71)
3228 18
+1 4
-1 17
fi=(72)
64 4
fi=(66)
+93 126
fi=(71)
3228 252
fi=(66)
54 63
fi=(71)
3228 1134
+1 252
-1 1071
fi=(72)
64 252
fi=(66)
-32 650
fi=(71)
3228 22
+1 4
-1 14
fi=(66)
32 630
fi=(71)
3228 1386
+1 252
-1 1071
fi=(72)
64 252
fi=(66)
-32 189
fi=(71)
3228 3
fi=(72)
64 4
fi=(66)
-32 20
157 3
fi=(10)
898 1
fi=(36)
+2 2
fi=(66)
32 1071
157 189
fi=(10)
898 63
fi=(36)
+2 126
fe=(64)
131 5
cob=(2)
cfi=(2)
cfn=(4260)
calls=1 0 
* 125
0 1
fi=(60)
32 4
cob=(2)
cfi=(2)
cfn=(4642)
calls=1 -32 
* 71
* 9
-32 1
fi=(66)
157 2
fi=(71)
3228 4
fi=(66)
54 1
fi=(71)
3228 18
+1 4
-1 17
fi=(72)
64 4
fi=(66)
+93 126
fi=(71)
3228 252
fi=(66)
54 63
fi=(71)
3228 1134
+1 252
-1 1071
fi=(72)
64 252
fi=(66)
-32 650
fi=(71)
3228 22
+1 4
-1 14
fi=(66)
32 630
fi=(71)
3228 1386
+1 252
-1 1071
fi=(72)
64 252
fi=(66)
-32 189
fi=(71)
3228 3
fi=(72)
64 4
fi=(66)
-32 20
157 3
fi=(10)
898 1
fi=(36)
+2 2
fi=(66)
32 1071
157 189
fi=(10)
898 63
fi=(36)
+2 126
fe=(64)
131 5
cob=(2)
cfi=(2)
cfn=(4260)
calls=1 0 
* 125
0 1
fi=(60)
32 4
cob=(2)
cfi=(2)
cfn=(4642)
calls=1 -32 
* 71
* 9
-32 1
fi=(66)
157 2
fi=(71)
3228 4
fi=(66)
54 1
fi=(71)
3228 18
+1 4
-1 17
fi=(72)
64 4
fi=(66)
+93 126
fi=(71)
3228 252
fi=(66)
54 63
fi=(71)
3228 1134
+1 252
-1 1071
fi=(72)
64 252
fi=(66)
-32 650
fi=(71)
3228 22
+1 4
-1 14
fi=(66)
32 630
fi=(71)
3228 1386
+1 252
-1 1071
fi=(72)
64 252
fi=(66)
-32 189
fi=(71)
3228 3
fi=(72)
64 4
fi=(66)
-32 20
157 3
fi=(10)
898 1
fi=(36)
+2 2
fi=(66)
32 1071
157 189
fi=(10)
898 63
fi=(36)
+2 126
fe=(64)
131 5
cob=(2)
cfi=(2)
cfn=(4260)
calls=1 0 
* 125
0 1
fi=(60)
32 4
cob=(2)
cfi=(2)
cfn=(4642)
calls=1 -32 
* 71
* 9
-32 1
fi=(66)
157 2
fi=(71)
3228 4
fi=(66)
54 1
fi=(71)
3228 18
+1 4
-1 17
fi=(72)
64 4
fi=(66)
+93 126
fi=(71)
3228 252
fi=(66)
54 63
fi=(71)
3228 1134
+1 252
-1 1071
fi=(72)
64 252
fi=(66)
-32 650
fi=(71)
3228 22
+1 4
-1 14
fi=(66)
32 630
fi=(71)
3228 1386
+1 252
-1 1071
fi=(72)
64 252
fi=(66)
-32 189
fi=(71)
3228 3
fi=(72)
64 4
fi=(66)
-32 20
157 3
fi=(10)
898 1
fi=(36)
+2 2
fi=(66)
32 1071
157 189
fi=(10)
898 63
fi=(36)
+2 126
fe=(64)
131 5
cob=(2)
cfi=(2)
cfn=(4260)
calls=1 0 
* 125
0 1
fi=(60)
32 4
cob=(2)
cfi=(2)
cfn=(4642)
calls=1 -32 
* 71
* 9
-32 1
fi=(66)
157 2
fi=(71)
3228 4
fi=(66)
54 1
fi=(71)
3228 18
+1 4
-1 17
fi=(72)
64 4
fi=(66)
+93 126
fi=(71)
3228 252
fi=(66)
54 63
fi=(71)
3228 1134
+1 252
-1 1071
fi=(72)
64 252
fi=(66)
-32 650
fi=(71)
3228 22
+1 4
-1 14
fi=(66)
32 630
fi=(71)
3228 1386
+1 252
-1 1071
fi=(72)
64 252
fi=(66)
-32 189
fi=(71)
3228 3
fi=(72)
64 4
fi=(66)
-32 20
157 3
fi=(10)
898 1
fi=(36)
+2 2
fi=(66)
32 1071
157 189
fi=(10)
898 63
fi=(36)
+2 126
fe=(64)
131 5
cob=(2)
cfi=(2)
cfn=(4260)
calls=1 0 
* 125
+3 8

fn=(5154)
51 9
fi=(60)
+12 3
cob=(2)
cfi=(2)
cfn=(4642)
calls=2 -63 
* 6163
-63 2
fe=(64)
55 3
fi=(71)
3228 8
0 1
3229 1
fi=(72)
20 1
fe=(64)
+35 3
fi=(71)
3228 2
fe=(64)
55 1
fi=(71)
3228 6
0 1
3229 1
fi=(72)
20 1
fe=(64)
+35 1
fi=(10)
898 1
fi=(19)
1915 1
fi=(36)
900 1
fe=(64)
55 381
fi=(71)
3228 1016
0 127
3229 127
fi=(72)
20 127
fe=(64)
+35 381
fi=(71)
3228 254
fe=(64)
55 127
fi=(71)
3228 762
0 127
3229 127
fi=(72)
20 127
fe=(64)
+35 127
fi=(10)
898 127
fi=(19)
1915 127
fi=(36)
900 127
0 2
fe=(64)
55 3
fi=(71)
3228 8
0 1
3229 1
fi=(72)
20 1
fe=(64)
+35 3
fi=(71)
3228 2
fe=(64)
55 1
fi=(71)
3228 6
0 1
3229 1
fi=(72)
20 1
fe=(64)
+35 1
fi=(10)
898 1
fi=(19)
1915 1
fi=(36)
900 1
fe=(64)
55 381
fi=(71)
3228 1016
0 127
3229 127
fi=(72)
20 127
fe=(64)
+35 381
fi=(71)
3228 254
fe=(64)
55 127
fi=(71)
3228 762
0 127
3229 127
fi=(72)
20 127
fe=(64)
+35 127
fi=(10)
898 127
fi=(19)
1915 127
fi=(36)
900 127
0 2
fe=(64)
55 3
fi=(71)
3228 8
0 1
3229 1
fi=(72)
20 1
fe=(64)
+35 3
fi=(71)
3228 2
fe=(64)
55 1
fi=(71)
3228 6
0 1
3229 1
fi=(72)
20 1
fe=(64)
+35 1
fi=(10)
898 1
fi=(19)
1915 1
fi=(36)
900 1
fe=(64)
55 381
fi=(71)
3228 1016
0 127
3229 127
fi=(72)
20 127
fe=(64)
+35 381
fi=(71)
3228 254
fe=(64)
55 127
fi=(71)
3228 762
0 127
3229 127
fi=(72)
20 127
fe=(64)
+35 127
fi=(10)
898 127
fi=(19)
1915 127
fi=(36)
900 127
0 2
fe=(64)
55 3
fi=(71)
3228 8
0 1
3229 1
fi=(72)
20 1
fe=(64)
+35 3
fi=(71)
3228 2
fe=(64)
55 1
fi=(71)
3228 6
0 1
3229 1
fi=(72)
20 1
fe=(64)
+35 1
fi=(10)
898 1
fi=(19)
1915 1
fi=(36)
900 1
fe=(64)
55 381
fi=(71)
3228 1016
0 127
3229 127
fi=(72)
20 127
fe=(64)
+35 381
fi=(71)
3228 254
fe=(64)
55 127
fi=(71)
3228 762
0 127
3229 127
fi=(72)
20 127
fe=(64)
+35 127
fi=(10)
898 127
fi=(19)
1915 127
fi=(36)
900 127
0 2
fe=(64)
55 3
fi=(71)
3228 8
0 1
3229 1
fi=(72)
20 1
fe=(64)
+35 3
fi=(71)
3228 2
fe=(64)
55 1
fi=(71)
3228 6
0 1
3229 1
fi=(72)
20 1
fe=(64)
+35 1
fi=(10)
898 1
fi=(19)
1915 1
fi=(36)
900 1
fe=(64)
55 381
fi=(71)
3228 1016
0 127
3229 127
fi=(72)
20 127
fe=(64)
+35 381
fi=(71)
3228 254
fe=(64)
55 127
fi=(71)
3228 762
0 127
3229 127
fi=(72)
20 127
fe=(64)
+35 127
fi=(10)
898 127
fi=(19)
1915 127
fi=(36)
900 127
0 2
fe=(64)
55 3
fi=(71)
3228 8
0 1
3229 1
fi=(72)
20 1
fe=(64)
+35 3
fi=(71)
3228 2
fe=(64)
55 1
fi=(71)
3228 6
0 1
3229 1
fi=(72)
20 1
fe=(64)
+35 1
fi=(10)
898 1
fi=(19)
1915 1
fi=(36)
900 1
fe=(64)
55 381
fi=(71)
3228 1016
0 127
3229 127
fi=(72)
20 127
fe=(64)
+35 381
fi=(71)
3228 254
fe=(64)
55 127
fi=(71)
3228 762
0 127
3229 127
fi=(72)
20 127
fe=(64)
+35 127
fi=(10)
898 127
fi=(19)
1915 127
fi=(36)
900 127
fe=(64)
59 7
-8 54
fi=(60)
+12 18
cob=(2)
cfi=(2)
cfn=(4642)
calls=6 -63 
* 30834
-63 12
fe=(64)
55 18
fi=(71)
3228 48
0 6
3229 6
fi=(72)
20 6
fe=(64)
+35 18
fi=(71)
3228 12
fe=(64)
55 6
fi=(71)
3228 36
0 6
3229 6
fi=(72)
20 6
fe=(64)
+35 6
fi=(10)
898 6
fi=(19)
1915 6
fi=(36)
900 6
fe=(64)
55 2286
fi=(71)
3228 6096
0 762
3229 762
fi=(72)
20 762
fe=(64)
+35 2286
fi=(71)
3228 1524
fe=(64)
55 762
fi=(71)
3228 4572
0 762
3229 762
fi=(72)
20 762
fe=(64)
+35 762
fi=(10)
898 762
fi=(19)
1915 762
fi=(36)
900 762
0 12
fe=(64)
55 18
fi=(71)
3228 48
0 6
3229 6
fi=(72)
20 6
fe=(64)
+35 18
fi=(71)
3228 12
fe=(64)
55 6
fi=(71)
3228 36
0 6
3229 6
fi=(72)
20 6
fe=(64)
+35 6
fi=(10)
898 6
fi=(19)
1915 6
fi=(36)
900 6
fe=(64)
55 2286
fi=(71)
3228 6096
0 762
3229 762
fi=(72)
20 762
fe=(64)
+35 2286
fi=(71)
3228 1524
fe=(64)
55 762
fi=(71)
3228 4572
0 762
3229 762
fi=(72)
20 762
fe=(64)
+35 762
fi=(10)
898 762
fi=(19)
1915 762
fi=(36)
900 762
0 12
fe=(64)
55 18
fi=(71)
3228 48
0 6
3229 6
fi=(72)
20 6
fe=(64)
+35 18
fi=(71)
3228 12
fe=(64)
55 6
fi=(71)
3228 36
0 6
3229 6
fi=(72)
20 6
fe=(64)
+35 6
fi=(10)
898 6
fi=(19)
1915 6
fi=(36)
900 6
fe=(64)
55 2286
fi=(71)
3228 6096
0 762
3229 762
fi=(72)
20 762
fe=(64)
+35 2286
fi=(71)
3228 1524
fe=(64)
55 762
fi=(71)
3228 4572
0 762
3229 762
fi=(72)
20 762
fe=(64)
+35 762
fi=(10)
898 762
fi=(19)
1915 762
fi=(36)
900 762
0 12
fe=(64)
55 18
fi=(71)
3228 48
0 6
3229 6
fi=(72)
20 6
fe=(64)
+35 18
fi=(71)
3228 12
fe=(64)
55 6
fi=(71)
3228 36
0 6
3229 6
fi=(72)
20 6
fe=(64)
+35 6
fi=(10)
898 6
fi=(19)
1915 6
fi=(36)
900 6
fe=(64)
55 2286
fi=(71)
3228 6096
0 762
3229 762
fi=(72)
20 762
fe=(64)
+35 2286
fi=(71)
3228 1524
fe=(64)
55 762
fi=(71)
3228 4572
0 762
3229 762
fi=(72)
20 762
fe=(64)
+35 762
fi=(10)
898 762
fi=(19)
1915 762
fi=(36)
900 762
0 12
fe=(64)
55 18
fi=(71)
3228 48
0 6
3229 6
fi=(72)
20 6
fe=(64)
+35 18
fi=(71)
3228 12
fe=(64)
55 6
fi=(71)
3228 36
0 6
3229 6
fi=(72)
20 6
fe=(64)
+35 6
fi=(10)
898 6
fi=(19)
1915 6
fi=(36)
900 6
fe=(64)
55 2286
fi=(71)
3228 6096
0 762
3229 762
fi=(72)
20 762
fe=(64)
+35 2286
fi=(71)
3228 1524
fe=(64)
55 762
fi=(71)
3228 4572
0 762
3229 762
fi=(72)
20 762
fe=(64)
+35 762
fi=(10)
898 762
fi=(19)
1915 762
fi=(36)
900 762
fe=(64)
59 42

fn=(5520)
84 6
fi=(60)
-21 3
cob=(2)
cfi=(2)
cfn=(4642)
calls=1 -63 
* 5139
-63 6
fe=(64)
88 1
fi=(71)
3228 22
+1 4
fi=(72)
64 5
fe=(64)
+24 1
fi=(10)
898 1
fi=(36)
+2 2
fe=(64)
88 63
fi=(71)
3228 1386
+1 252
fi=(72)
64 315
fe=(64)
+24 63
fi=(10)
898 63
fi=(36)
+2 126
0 2
fe=(64)
88 1
fi=(71)
3228 22
+1 4
fi=(72)
64 5
fe=(64)
+24 1
fi=(10)
898 1
fi=(36)
+2 2
fe=(64)
88 63
fi=(71)
3228 1386
+1 252
fi=(72)
64 315
fe=(64)
+24 63
fi=(10)
898 63
fi=(36)
+2 126
0 2
fe=(64)
88 1
fi=(71)
3228 22
+1 4
fi=(72)
64 5
fe=(64)
+24 1
fi=(10)
898 1
fi=(36)
+2 2
fe=(64)
88 63
fi=(71)
3228 1386
+1 252
fi=(72)
64 315
fe=(64)
+24 63
fi=(10)
898 63
fi=(36)
+2 126
0 2
fe=(64)
88 1
fi=(71)
3228 22
+1 4
fi=(72)
64 5
fe=(64)
+24 1
fi=(10)
898 1
fi=(36)
+2 2
fe=(64)
88 63
fi=(71)
3228 1386
+1 252
fi=(72)
64 315
fe=(64)
+24 63
fi=(10)
898 63
fi=(36)
+2 126
0 2
fe=(64)
88 1
fi=(71)
3228 22
+1 4
fi=(72)
64 5
fe=(64)
+24 1
fi=(10)
898 1
fi=(36)
+2 2
fe=(64)
88 63
fi=(71)
3228 1386
+1 252
fi=(72)
64 315
fe=(64)
+24 63
fi=(10)
898 63
fi=(36)
+2 126
fe=(64)
92 5

fn=(5392)
107 54
fi=(60)
-75 18
cob=(2)
cfi=(2)
cfn=(4642)
calls=6 -32 
* 468
-32 36
fi=(66)
139 6
fi=(71)
3228 132
+1 24
-1 102
fi=(72)
64 24
fi=(66)
-32 36
139 378
fi=(71)
3228 8316
+1 1512
-1 6426
fi=(72)
64 1512
fi=(66)
-32 4620
139 6
fi=(10)
898 6
fi=(36)
+2 12
fi=(66)
32 3024
139 378
fi=(10)
898 378
fi=(36)
+2 756
0 6
fe=(64)
110 24
cob=(2)
cfi=(2)
cfn=(4260)
calls=6 0 
* 750
0 6
fi=(60)
32 24
cob=(2)
cfi=(2)
cfn=(4642)
calls=6 -32 
* 468
* 48
-32 6
fi=(66)
139 6
fi=(71)
3228 132
+1 24
-1 102
fi=(72)
64 24
fi=(66)
-32 18
139 378
fi=(71)
3228 8316
+1 1512
-1 6426
fi=(72)
64 1512
fi=(66)
-32 4638
139 6
fi=(10)
898 6
fi=(36)
+2 12
fi=(66)
32 3024
139 378
fi=(10)
898 378
fi=(36)
+2 756
fe=(64)
110 30
cob=(2)
cfi=(2)
cfn=(4260)
calls=6 0 
* 750
0 6
fi=(60)
32 24
cob=(2)
cfi=(2)
cfn=(4642)
calls=6 -32 
* 468
* 48
-32 6
fi=(66)
139 6
fi=(71)
3228 132
+1 24
-1 102
fi=(72)
64 24
fi=(66)
-32 18
139 378
fi=(71)
3228 8316
+1 1512
-1 6426
fi=(72)
64 1512
fi=(66)
-32 4638
139 6
fi=(10)
898 6
fi=(36)
+2 12
fi=(66)
32 3024
139 378
fi=(10)
898 378
fi=(36)
+2 756
fe=(64)
110 30
cob=(2)
cfi=(2)
cfn=(4260)
calls=6 0 
* 750
0 6
fi=(60)
32 24
cob=(2)
cfi=(2)
cfn=(4642)
calls=6 -32 
* 468
* 48
-32 6
fi=(66)
139 6
fi=(71)
3228 132
+1 24
-1 102
fi=(72)
64 24
fi=(66)
-32 18
139 378
fi=(71)
3228 8316
+1 1512
-1 6426
fi=(72)
64 1512
fi=(66)
-32 4638
139 6
fi=(10)
898 6
fi=(36)
+2 12
fi=(66)
32 3024
139 378
fi=(10)
898 378
fi=(36)
+2 756
fe=(64)
110 30
cob=(2)
cfi=(2)
cfn=(4260)
calls=6 0 
* 750
0 6
fi=(60)
32 24
cob=(2)
cfi=(2)
cfn=(4642)
calls=6 -32 
* 468
* 48
-32 6
fi=(66)
139 6
fi=(71)
3228 132
+1 24
-1 102
fi=(72)
64 24
fi=(66)
-32 18
139 378
fi=(71)
3228 8316
+1 1512
-1 6426
fi=(72)
64 1512
fi=(66)
-32 4638
139 6
fi=(10)
898 6
fi=(36)
+2 12
fi=(66)
32 3024
139 378
fi=(10)
898 378
fi=(36)
+2 756
fe=(64)
110 30
cob=(2)
cfi=(2)
cfn=(4260)
calls=6 0 
* 750
0 6
fi=(60)
32 24
cob=(2)
cfi=(2)
cfn=(4642)
calls=6 -32 
* 468
* 48
-32 6
fi=(66)
139 6
fi=(71)
3228 132
+1 24
-1 102
fi=(72)
64 24
fi=(66)
-32 18
139 378
fi=(71)
3228 8316
+1 1512
-1 6426
fi=(72)
64 1512
fi=(66)
-32 4638
139 6
fi=(10)
898 6
fi=(36)
+2 12
fi=(66)
32 3024
139 378
fi=(10)
898 378
fi=(36)
+2 756
fe=(64)
110 30
cob=(2)
cfi=(2)
cfn=(4260)
calls=6 0 
* 750
+3 42

fn=(5470)
62 63
fi=(60)
+1 21
cob=(2)
cfi=(2)
cfn=(4642)
calls=8 -63 
* 43141
-63 14
fe=(64)
66 21
fi=(71)
3228 56
0 7
3229 7
fi=(72)
20 7
fe=(64)
+46 21
fi=(71)
3228 14
fe=(64)
66 7
fi=(71)
3228 42
0 7
3229 7
fi=(72)
20 7
fe=(64)
+46 7
fi=(10)
898 7
fi=(19)
1915 7
fi=(36)
900 7
fe=(64)
66 2667
fi=(71)
3228 7112
0 889
3229 889
fi=(72)
20 889
fe=(64)
+46 2667
fi=(71)
3228 1778
fe=(64)
66 889
fi=(71)
3228 5334
0 889
3229 889
fi=(72)
20 889
fe=(64)
+46 889
fi=(10)
898 889
fi=(19)
1915 889
fi=(36)
900 889
0 14
fe=(64)
66 21
fi=(71)
3228 56
0 7
3229 7
fi=(72)
20 7
fe=(64)
+46 21
fi=(71)
3228 14
fe=(64)
66 7
fi=(71)
3228 42
0 7
3229 7
fi=(72)
20 7
fe=(64)
+46 7
fi=(10)
898 7
fi=(19)
1915 7
fi=(36)
900 7
fe=(64)
66 2667
fi=(71)
3228 7112
0 889
3229 889
fi=(72)
20 889
fe=(64)
+46 2667
fi=(71)
3228 1778
fe=(64)
66 889
fi=(71)
3228 5334
0 889
3229 889
fi=(72)
20 889
fe=(64)
+46 889
fi=(10)
898 889
fi=(19)
1915 889
fi=(36)
900 889
0 14
fe=(64)
66 21
fi=(71)
3228 56
0 7
3229 7
fi=(72)
20 7
fe=(64)
+46 21
fi=(71)
3228 14
fe=(64)
66 7
fi=(71)
3228 42
0 7
3229 7
fi=(72)
20 7
fe=(64)
+46 7
fi=(10)
898 7
fi=(19)
1915 7
fi=(36)
900 7
fe=(64)
66 2667
fi=(71)
3228 7112
0 889
3229 889
fi=(72)
20 889
fe=(64)
+46 2667
fi=(71)
3228 1778
fe=(64)
66 889
fi=(71)
3228 5334
0 889
3229 889
fi=(72)
20 889
fe=(64)
+46 889
fi=(10)
898 889
fi=(19)
1915 889
fi=(36)
900 889
0 14
fe=(64)
66 21
fi=(71)
3228 56
0 7
3229 7
fi=(72)
20 7
fe=(64)
+46 21
fi=(71)
3228 14
fe=(64)
66 7
fi=(71)
3228 42
0 7
3229 7
fi=(72)
20 7
fe=(64)
+46 7
fi=(10)
898 7
fi=(19)
1915 7
fi=(36)
900 7
fe=(64)
66 2667
fi=(71)
3228 7112
0 889
3229 889
fi=(72)
20 889
fe=(64)
+46 2667
fi=(71)
3228 1778
fe=(64)
66 889
fi=(71)
3228 5334
0 889
3229 889
fi=(72)
20 889
fe=(64)
+46 889
fi=(10)
898 889
fi=(19)
1915 889
fi=(36)
900 889
0 14
fe=(64)
66 21
fi=(71)
3228 56
0 7
3229 7
fi=(72)
20 7
fe=(64)
+46 21
fi=(71)
3228 14
fe=(64)
66 7
fi=(71)
3228 42
0 7
3229 7
fi=(72)
20 7
fe=(64)
+46 7
fi=(10)
898 7
fi=(19)
1915 7
fi=(36)
900 7
fe=(64)
66 2667
fi=(71)
3228 7112
0 889
3229 889
fi=(72)
20 889
fe=(64)
+46 2667
fi=(71)
3228 1778
fe=(64)
66 889
fi=(71)
3228 5334
0 889
3229 889
fi=(72)
20 889
fe=(64)
+46 889
fi=(10)
898 889
fi=(19)
1915 889
fi=(36)
900 889
0 14
fe=(64)
66 21
fi=(71)
3228 56
0 7
3229 7
fi=(72)
20 7
fe=(64)
+46 21
fi=(71)
3228 14
fe=(64)
66 7
fi=(71)
3228 42
0 7
3229 7
fi=(72)
20 7
fe=(64)
+46 7
fi=(10)
898 7
fi=(19)
1915 7
fi=(36)
900 7
fe=(64)
66 2667
fi=(71)
3228 7112
0 889
3229 889
fi=(72)
20 889
fe=(64)
+46 2667
fi=(71)
3228 1778
fe=(64)
66 889
fi=(71)
3228 5334
0 889
3229 889
fi=(72)
20 889
fe=(64)
+46 889
fi=(10)
898 889
fi=(19)
1915 889
fi=(36)
900 889
fe=(64)
70 49

fn=(5476)
116 54
fi=(60)
-84 18
cob=(2)
cfi=(2)
cfn=(4642)
calls=6 -32 
* 468
-32 30
fi=(66)
148 6
fi=(71)
3228 132
+1 24
-1 102
fi=(72)
64 24
fi=(66)
-32 18
148 6
fi=(10)
898 6
fi=(36)
+2 12
fi=(66)
148 378
fi=(71)
3228 8316
+1 1512
-1 6426
fi=(72)
64 1512
fi=(66)
-32 1134
148 378
fi=(10)
898 378
fi=(36)
+2 756
0 6
fe=(64)
119 24
cob=(2)
cfi=(2)
cfn=(4260)
calls=6 0 
* 750
0 6
fi=(60)
32 24
cob=(2)
cfi=(2)
cfn=(4642)
calls=6 -32 
* 468
* 42
-32 6
fi=(66)
148 6
fi=(71)
3228 132
+1 24
-1 102
fi=(72)
64 24
fi=(66)
-32 18
148 384
fi=(71)
3228 8316
+1 1512
-1 6426
fi=(72)
64 1512
fi=(66)
-32 1134
148 378
fi=(10)
898 378
fi=(36)
+2 756
fi=(10)
-2 6
fi=(36)
+2 12
fe=(64)
119 30
cob=(2)
cfi=(2)
cfn=(4260)
calls=6 0 
* 750
0 6
fi=(60)
32 24
cob=(2)
cfi=(2)
cfn=(4642)
calls=6 -32 
* 468
* 42
-32 6
fi=(66)
148 6
fi=(71)
3228 132
+1 24
-1 102
fi=(72)
64 24
fi=(66)
-32 18
148 384
fi=(71)
3228 8316
+1 1512
-1 6426
fi=(72)
64 1512
fi=(66)
-32 1134
148 378
fi=(10)
898 378
fi=(36)
+2 756
fi=(10)
-2 6
fi=(36)
+2 12
fe=(64)
119 30
cob=(2)
cfi=(2)
cfn=(4260)
calls=6 0 
* 750
0 6
fi=(60)
32 24
cob=(2)
cfi=(2)
cfn=(4642)
calls=6 -32 
* 468
* 42
-32 6
fi=(66)
148 6
fi=(71)
3228 132
+1 24
-1 102
fi=(72)
64 24
fi=(66)
-32 18
148 384
fi=(71)
3228 8316
+1 1512
-1 6426
fi=(72)
64 1512
fi=(66)
-32 1134
148 378
fi=(10)
898 378
fi=(36)
+2 756
fi=(10)
-2 6
fi=(36)
+2 12
fe=(64)
119 30
cob=(2)
cfi=(2)
cfn=(4260)
calls=6 0 
* 750
0 6
fi=(60)
32 24
cob=(2)
cfi=(2)
cfn=(4642)
calls=6 -32 
* 468
* 42
-32 6
fi=(66)
148 6
fi=(71)
3228 132
+1 24
-1 102
fi=(72)
64 24
fi=(66)
-32 18
148 384
fi=(71)
3228 8316
+1 1512
-1 6426
fi=(72)
64 1512
fi=(66)
-32 1134
148 378
fi=(10)
898 378
fi=(36)
+2 756
fi=(10)
-2 6
fi=(36)
+2 12
fe=(64)
119 30
cob=(2)
cfi=(2)
cfn=(4260)
calls=6 0 
* 750
0 6
fi=(60)
32 24
cob=(2)
cfi=(2)
cfn=(4642)
calls=6 -32 
* 468
* 42
-32 6
fi=(66)
148 6
fi=(71)
3228 132
+1 24
-1 102
fi=(72)
64 24
fi=(66)
-32 18
148 384
fi=(71)
3228 8316
+1 1512
-1 6426
fi=(72)
64 1512
fi=(66)
-32 1134
148 378
fi=(10)
898 378
fi=(36)
+2 756
fi=(10)
-2 6
fi=(36)
+2 12
fe=(64)
119 30
cob=(2)
cfi=(2)
cfn=(4260)
calls=6 0 
* 750
+3 42

fl=(6)
fn=(4864)
0 10705

fn=(5296) __rustc::__rust_realloc
0 18
cfi=(24)
cfn=(5298)
calls=22 467 
0 5084

fn=(4970)
0 10704
cfi=(25)
cfn=(4972)
calls=18212 48 
0 367257

fn=(5040)
0 10657
cfi=(24)
cfn=(5042)
calls=18124 482 
0 849704

fn=(3874)
cob=(2)
cfi=(2)
cfn=(3876) (below main)
calls=1 0 
0 22536219

fn=(3934) main
cfi=(8)
cfn=(3936)
calls=1 152 
0 22536219

fn=(4866)
0 48
cfi=(24)
cfn=(4868)
calls=89 450 
0 3414

fl=(61)
fn=(5452)
16 60
fi=(60)
+16 18
cob=(2)
cfi=(2)
cfn=(4642)
calls=7 -32 
* 468
fi=(58)
-15 84
fi=(51)
+59 54
fi=(49)
-53 12
fe=(61)
-2 24
cfi=(49)
cfn=(4988)
calls=7 +5 
* 264
* 6
+1 24
cob=(2)
cfi=(2)
cfn=(4260)
calls=7 -22 
* 390
* 24
cfi=(49)
cfn=(5014)
calls=7 +8 
* 38472
+2 12
+1 24
cfi=(49)
cfn=(5110)
calls=7 +12 
* 37734
* 6
+1 18
cfi=(63)
cfn=(5322)
calls=7 +35 
* 3066
+1 12
-27 18
fi=(36)
900 24
0 12
fe=(61)
29 24
cfi=(49)
cfn=(5110)
calls=7 +8 
* 306
* 1152
cfi=(49)
cfn=(5110)
calls=336 +8 
* 14688
-29 294
31 588
fi=(51)
196 68
fi=(18)
552 76
fi=(51)
239 76
fe=(61)
0 38
31 76
fi=(62)
+10 38
fi=(51)
196 38
+62 76
+1 76
0 294
fe=(61)
36 588
fi=(50)
272 588
fe=(61)
37 882
-37 294
37 882
fi=(19)
1915 294
fi=(36)
900 294
fe=(61)
40 6
fi=(34)
634 12
fi=(23)
128 18
cfi=(6)
cfn=(4970)
calls=7 0 
* 210
fe=(61)
-88 54

fl=(51)
fn=(5094)
250 84579
-54 15378
+62 7689
0 15078
259 22617
0 7419
fi=(50)
89 7419
fi=(18)
552 22257
cob=(2)
cfi=(2)
cfn=(4260)
calls=22257 0 
* 133542
fe=(51)
239 7419
0 7869
fi=(20)
961 120
0 120
fi=(50)
89 120
fi=(18)
552 240
cob=(2)
cfi=(2)
cfn=(4260)
calls=360 0 
* 2160
0 120
fe=(51)
344 840
0 120
fi=(14)
1717 120
fi=(55)
180 120
fe=(51)
344 900
0 150
fi=(14)
1717 150
fi=(55)
180 150
0 270
fe=(51)
274 810
0 750
fi=(18)
552 750
cob=(2)
cfi=(2)
cfn=(4260)
calls=450 0 
* 4500
fi=(58)
61 450
cfi=(54)
cfn=(5024)
calls=450 166 
* 923700
fi=(18)
552 600
cob=(2)
cfi=(2)
cfn=(4260)
calls=450 0 
* 2700
fe=(51)
278 600
cob=(2)
cfi=(2)
cfn=(4260)
calls=450 0 
* 4500
-39 7689
+42 61512

fl=(73) /home/rick/unl/king's/thesis/ml-dsa/ml-dsa/src/hint.rs
fn=(5536) ml_dsa::hint::hint_bit_pack
17 6
cfi=(6)
cfn=(4864)
calls=1 -17 
* 1
fi=(23)
198 3
cfi=(6)
cfn=(5040)
calls=1 0 
* 70
fi=(34)
469 2
0 7
fe=(73)
23 3
+1 3
-24 3
fi=(19)
1915 3
fi=(36)
900 3
fe=(73)
0 125
fi=(19)
1915 125
fi=(36)
900 125
fe=(73)
22 256
fi=(50)
278 12
fe=(73)
23 6
+1 6
-2 256
fi=(50)
278 6
fe=(73)
27 2
-27 5
23 4
+1 4
-24 4
fi=(19)
1915 4
fi=(36)
900 4
fe=(73)
0 124
fi=(19)
1915 124
fi=(36)
900 124
fe=(73)
22 256
fi=(50)
278 10
fe=(73)
23 5
+1 5
-2 256
fi=(50)
278 8
fe=(73)
27 2
-27 2
23 1
+1 1
-24 1
fi=(19)
1915 1
fi=(36)
900 1
fe=(73)
0 127
fi=(19)
1915 127
fi=(36)
900 127
fe=(73)
22 256
fi=(50)
278 10
fe=(73)
23 5
+1 5
-2 256
fi=(50)
278 2
fe=(73)
27 2
-27 3
23 2
+1 2
-24 2
fi=(19)
1915 2
fi=(36)
900 2
fe=(73)
0 126
fi=(19)
1915 126
fi=(36)
900 126
fe=(73)
22 256
fi=(50)
278 6
fe=(73)
23 3
+1 3
-2 256
fi=(50)
278 4
fe=(73)
27 2
-27 129
fi=(19)
1915 128
fi=(36)
900 128
fe=(73)
22 256
fi=(50)
278 2
fe=(73)
23 1
+1 1
-2 256
+5 2
-27 4
23 3
+1 3
-24 3
fi=(19)
1915 3
fi=(36)
900 3
fe=(73)
0 125
fi=(19)
1915 125
fi=(36)
900 125
fe=(73)
22 256
fi=(50)
278 6
fe=(73)
23 3
+1 3
-2 256
fi=(50)
278 6
fe=(73)
27 1
+2 3
+1 5

fl=(65)
fn=(5142)
49 120
cob=(2)
cfi=(2)
cfn=(4642)
calls=8 -49 
* 36978
* 6
-49 6
fi=(60)
45 24
cob=(2)
cfi=(2)
cfn=(4642)
calls=8 -45 
* 468
* 120
cob=(2)
cfi=(2)
cfn=(4642)
calls=40 -45 
* 2340
* 36
-45 36
fe=(65)
25 108
fi=(71)
3228 288
0 36
3229 36
fi=(72)
20 36
fe=(65)
+5 108
fi=(71)
3228 288
0 36
3229 36
fi=(72)
20 36
fe=(65)
+5 72
fi=(19)
1915 72
fi=(36)
900 36
fe=(65)
25 13716
fi=(71)
3228 36576
0 4572
3229 4572
fi=(72)
20 4572
fe=(65)
+5 13716
fi=(71)
3228 36576
0 4572
3229 4572
fi=(72)
20 4572
fe=(65)
+5 9144
fi=(19)
1915 9144
fi=(36)
900 4572
0 144
fi=(60)
45 144
cob=(2)
cfi=(2)
cfn=(4642)
calls=48 -45 
* 2808
* 36
-45 36
fe=(65)
16 108
fi=(71)
3228 288
0 36
3229 36
fi=(72)
20 36
fe=(65)
-4 108
fi=(71)
3228 288
0 36
3229 36
fi=(72)
20 36
fe=(65)
-4 72
fi=(19)
1915 72
fi=(36)
900 36
fe=(65)
16 13716
fi=(71)
3228 36576
0 4572
3229 4572
fi=(72)
20 4572
fe=(65)
-4 13716
fi=(71)
3228 36576
0 4572
3229 4572
fi=(72)
20 4572
fe=(65)
-4 9144
fi=(19)
1915 9144
fi=(36)
900 4572
fe=(65)
56 144
cob=(2)
cfi=(2)
cfn=(4260)
calls=48 -56 
* 4488
fi=(60)
-11 144
cob=(2)
cfi=(2)
cfn=(4642)
calls=48 -45 
* 2808
* 36
-45 36
fe=(65)
25 108
fi=(71)
3228 288
0 36
3229 36
fi=(72)
20 36
fe=(65)
+5 108
fi=(71)
3228 288
0 36
3229 36
fi=(72)
20 36
fe=(65)
+5 72
fi=(19)
1915 72
fi=(36)
900 36
fe=(65)
25 13716
fi=(71)
3228 36576
0 4572
3229 4572
fi=(72)
20 4572
fe=(65)
+5 13716
fi=(71)
3228 36576
0 4572
3229 4572
fi=(72)
20 4572
fe=(65)
+5 9144
fi=(19)
1915 9144
fi=(36)
900 4572
fi=(60)
45 144
cob=(2)
cfi=(2)
cfn=(4642)
calls=48 -45 
* 2808
* 36
-45 36
fe=(65)
16 108
fi=(71)
3228 288
0 36
3229 36
fi=(72)
20 36
fe=(65)
-4 108
fi=(71)
3228 288
0 36
3229 36
fi=(72)
20 36
fe=(65)
-4 72
fi=(19)
1915 72
fi=(36)
900 36
fe=(65)
16 13716
fi=(71)
3228 36576
0 4572
3229 4572
fi=(72)
20 4572
fe=(65)
-4 13716
fi=(71)
3228 36576
0 4572
3229 4572
fi=(72)
20 4572
fe=(65)
-4 9144
fi=(19)
1915 9144
fi=(36)
900 4572
fe=(65)
56 144
cob=(2)
cfi=(2)
cfn=(4260)
calls=48 -56 
* 4488
fi=(60)
-11 144
cob=(2)
cfi=(2)
cfn=(4642)
calls=48 -45 
* 2808
* 36
-45 36
fe=(65)
25 108
fi=(71)
3228 288
0 36
3229 36
fi=(72)
20 36
fe=(65)
+5 108
fi=(71)
3228 288
0 36
3229 36
fi=(72)
20 36
fe=(65)
+5 72
fi=(19)
1915 72
fi=(36)
900 36
fe=(65)
25 13716
fi=(71)
3228 36576
0 4572
3229 4572
fi=(72)
20 4572
fe=(65)
+5 13716
fi=(71)
3228 36576
0 4572
3229 4572
fi=(72)
20 4572
fe=(65)
+5 9144
fi=(19)
1915 9144
fi=(36)
900 4572
fi=(60)
45 144
cob=(2)
cfi=(2)
cfn=(4642)
calls=48 -45 
* 2808
* 36
-45 36
fe=(65)
16 108
fi=(71)
3228 288
0 36
3229 36
fi=(72)
20 36
fe=(65)
-4 108
fi=(71)
3228 288
0 36
3229 36
fi=(72)
20 36
fe=(65)
-4 72
fi=(19)
1915 72
fi=(36)
900 36
fe=(65)
16 13716
fi=(71)
3228 36576
0 4572
3229 4572
fi=(72)
20 4572
fe=(65)
-4 13716
fi=(71)
3228 36576
0 4572
3229 4572
fi=(72)
20 4572
fe=(65)
-4 9144
fi=(19)
1915 9144
fi=(36)
900 4572
fe=(65)
56 144
cob=(2)
cfi=(2)
cfn=(4260)
calls=48 -56 
* 4488
fi=(60)
-11 144
cob=(2)
cfi=(2)
cfn=(4642)
calls=48 -45 
* 2808
* 36
-45 36
fe=(65)
25 108
fi=(71)
3228 288
0 36
3229 36
fi=(72)
20 36
fe=(65)
+5 108
fi=(71)
3228 72
fe=(65)
25 36
fi=(71)
3228 216
0 36
3229 36
fi=(72)
20 36
fe=(65)
+5 36
fi=(10)
898 36
fi=(19)
1915 36
fi=(36)
900 36
fe=(65)
25 13716
fi=(71)
3228 36576
0 4572
3229 4572
fi=(72)
20 4572
fe=(65)
+5 13716
fi=(71)
3228 9144
fe=(65)
25 4572
fi=(71)
3228 27432
0 4572
3229 4572
fi=(72)
20 4572
fe=(65)
+5 4572
fi=(10)
898 4572
fi=(19)
1915 4572
fi=(36)
900 4572
fi=(60)
45 144
cob=(2)
cfi=(2)
cfn=(4642)
calls=48 -45 
* 2808
* 36
-45 36
fe=(65)
16 108
fi=(71)
3228 288
0 36
3229 36
fi=(72)
20 36
fe=(65)
-4 108
fi=(71)
3228 288
0 36
3229 36
fi=(72)
20 36
fe=(65)
-4 72
fi=(19)
1915 72
fi=(36)
900 36
fe=(65)
16 13716
fi=(71)
3228 36576
0 4572
3229 4572
fi=(72)
20 4572
fe=(65)
-4 13716
fi=(71)
3228 36576
0 4572
3229 4572
fi=(72)
20 4572
fe=(65)
-4 9144
fi=(19)
1915 9144
fi=(36)
900 4572
fe=(65)
56 144
cob=(2)
cfi=(2)
cfn=(4260)
calls=48 -56 
* 4488
fi=(60)
-11 144
cob=(2)
cfi=(2)
cfn=(4642)
calls=48 -45 
* 2808
* 36
-45 36
fe=(65)
25 108
fi=(71)
3228 288
0 36
3229 36
fi=(72)
20 36
fe=(65)
+5 108
fi=(71)
3228 72
fe=(65)
25 36
fi=(71)
3228 216
0 36
3229 36
fi=(72)
20 36
fe=(65)
+5 36
fi=(10)
898 36
fi=(19)
1915 36
fi=(36)
900 36
fe=(65)
25 13716
fi=(71)
3228 36576
0 4572
3229 4572
fi=(72)
20 4572
fe=(65)
+5 13716
fi=(71)
3228 9144
fe=(65)
25 4572
fi=(71)
3228 27432
0 4572
3229 4572
fi=(72)
20 4572
fe=(65)
+5 4572
fi=(10)
898 4572
fi=(19)
1915 4572
fi=(36)
900 4572
fi=(60)
45 144
cob=(2)
cfi=(2)
cfn=(4642)
calls=48 -45 
* 2808
* 36
-45 36
fe=(65)
16 108
fi=(71)
3228 288
0 36
3229 36
fi=(72)
20 36
fe=(65)
-4 108
fi=(71)
3228 288
0 36
3229 36
fi=(72)
20 36
fe=(65)
-4 72
fi=(19)
1915 72
fi=(36)
900 36
fe=(65)
16 13716
fi=(71)
3228 36576
0 4572
3229 4572
fi=(72)
20 4572
fe=(65)
-4 13716
fi=(71)
3228 36576
0 4572
3229 4572
fi=(72)
20 4572
fe=(65)
-4 9144
fi=(19)
1915 9144
fi=(36)
900 4572
fe=(65)
56 144
cob=(2)
cfi=(2)
cfn=(4260)
calls=48 -56 
* 4488
fi=(10)
898 36
fi=(36)
+2 72
fi=(19)
1915 36
fi=(36)
900 36
0 6
fe=(65)
59 24
cob=(2)
cfi=(2)
cfn=(4260)
calls=8 -59 
* 3630
+1 54

fn=(5464)
40 70
fi=(60)
+41 7
-81 7
81 21
cob=(2)
cfi=(2)
cfn=(4642)
calls=8 -81 
* 28805
-81 7
45 21
cob=(2)
cfi=(2)
cfn=(4642)
calls=8 -45 
* 546
* 14
fe=(65)
-20 21
fi=(71)
3228 56
0 7
3229 7
fi=(72)
20 7
fe=(65)
+5 21
fi=(71)
3228 56
0 7
3229 7
fi=(72)
20 7
fe=(65)
+5 14
fi=(19)
1915 14
fi=(36)
900 7
fe=(65)
25 2667
fi=(71)
3228 7112
0 889
3229 889
fi=(72)
20 889
fe=(65)
+5 2667
fi=(71)
3228 7112
0 889
3229 889
fi=(72)
20 889
fe=(65)
+5 1778
fi=(19)
1915 1778
fi=(36)
900 889
0 7
fe=(65)
43 28
cob=(2)
cfi=(2)
cfn=(4260)
calls=8 -43 
* 875
-43 7
fi=(60)
45 28
cob=(2)
cfi=(2)
cfn=(4642)
calls=8 -45 
* 546
fe=(65)
-20 2688
fi=(71)
3228 7168
0 896
3229 896
fi=(72)
20 896
fe=(65)
+5 2688
fi=(71)
3228 1792
fe=(65)
25 896
fi=(71)
3228 5376
0 896
3229 896
fi=(72)
20 896
fe=(65)
+5 896
fi=(10)
898 896
fi=(19)
1915 896
fi=(36)
900 896
fe=(65)
43 35
cob=(2)
cfi=(2)
cfn=(4260)
calls=8 -43 
* 875
-43 7
fi=(60)
45 28
cob=(2)
cfi=(2)
cfn=(4642)
calls=8 -45 
* 546
-45 7
fe=(65)
25 21
fi=(71)
3228 56
0 7
3229 7
fi=(72)
20 7
fe=(65)
+5 21
fi=(71)
3228 14
fe=(65)
25 7
fi=(71)
3228 42
0 7
3229 7
fi=(72)
20 7
fe=(65)
+5 7
fi=(10)
898 7
fi=(19)
1915 7
fi=(36)
900 7
fe=(65)
25 2667
fi=(71)
3228 7112
0 889
3229 889
fi=(72)
20 889
fe=(65)
+5 2667
fi=(71)
3228 1778
fe=(65)
25 889
fi=(71)
3228 5334
0 889
3229 889
fi=(72)
20 889
fe=(65)
+5 889
fi=(10)
898 889
fi=(19)
1915 889
fi=(36)
900 889
0 7
fe=(65)
43 28
cob=(2)
cfi=(2)
cfn=(4260)
calls=8 -43 
* 875
-43 7
fi=(60)
45 28
cob=(2)
cfi=(2)
cfn=(4642)
calls=8 -45 
* 546
-45 7
fe=(65)
25 21
fi=(71)
3228 56
0 7
3229 7
fi=(72)
20 7
fe=(65)
+5 21
fi=(71)
3228 14
fe=(65)
25 7
fi=(71)
3228 42
0 7
3229 7
fi=(72)
20 7
fe=(65)
+5 7
fi=(10)
898 7
fi=(19)
1915 7
fi=(36)
900 7
fe=(65)
25 2667
fi=(71)
3228 7112
0 889
3229 889
fi=(72)
20 889
fe=(65)
+5 2667
fi=(71)
3228 1778
fe=(65)
25 889
fi=(71)
3228 5334
0 889
3229 889
fi=(72)
20 889
fe=(65)
+5 889
fi=(10)
898 889
fi=(19)
1915 889
fi=(36)
900 889
fe=(65)
43 35
cob=(2)
cfi=(2)
cfn=(4260)
calls=8 -43 
* 875
-43 7
fi=(60)
45 28
cob=(2)
cfi=(2)
cfn=(4642)
calls=8 -45 
* 546
-45 7
fe=(65)
25 21
fi=(71)
3228 56
0 7
3229 7
fi=(72)
20 7
fe=(65)
+5 21
fi=(71)
3228 14
fe=(65)
25 7
fi=(71)
3228 42
0 7
3229 7
fi=(72)
20 7
fe=(65)
+5 7
fi=(10)
898 7
fi=(19)
1915 7
fi=(36)
900 7
fe=(65)
25 2667
fi=(71)
3228 7112
0 889
3229 889
fi=(72)
20 889
fe=(65)
+5 2667
fi=(71)
3228 1778
fe=(65)
25 889
fi=(71)
3228 5334
0 889
3229 889
fi=(72)
20 889
fe=(65)
+5 889
fi=(10)
898 889
fi=(19)
1915 889
fi=(36)
900 889
fe=(65)
43 35
cob=(2)
cfi=(2)
cfn=(4260)
calls=8 -43 
* 875
-43 7
fi=(60)
45 28
cob=(2)
cfi=(2)
cfn=(4642)
calls=8 -45 
* 546
-45 7
fe=(65)
25 21
fi=(71)
3228 56
0 7
3229 7
fi=(72)
20 7
fe=(65)
+5 21
fi=(71)
3228 14
fe=(65)
25 7
fi=(71)
3228 42
0 7
3229 7
fi=(72)
20 7
fe=(65)
+5 7
fi=(10)
898 7
fi=(19)
1915 7
fi=(36)
900 7
fe=(65)
25 2667
fi=(71)
3228 7112
0 889
3229 889
fi=(72)
20 889
fe=(65)
+5 2667
fi=(71)
3228 1778
fe=(65)
25 889
fi=(71)
3228 5334
0 889
3229 889
fi=(72)
20 889
fe=(65)
+5 889
fi=(10)
898 889
fi=(19)
1915 889
fi=(36)
900 889
fe=(65)
43 35
cob=(2)
cfi=(2)
cfn=(4260)
calls=8 -43 
* 875
+3 63
-6 60
fi=(60)
+41 6
-81 6
81 18
cob=(2)
cfi=(2)
cfn=(4642)
calls=6 -81 
* 18546
-81 6
45 18
cob=(2)
cfi=(2)
cfn=(4642)
calls=6 -45 
* 468
* 12
fe=(65)
-20 18
fi=(71)
3228 48
0 6
3229 6
fi=(72)
20 6
fe=(65)
+5 18
fi=(71)
3228 48
0 6
3229 6
fi=(72)
20 6
fe=(65)
+5 12
fi=(19)
1915 12
fi=(36)
900 6
fe=(65)
25 2286
fi=(71)
3228 6096
0 762
3229 762
fi=(72)
20 762
fe=(65)
+5 2286
fi=(71)
3228 6096
0 762
3229 762
fi=(72)
20 762
fe=(65)
+5 1524
fi=(19)
1915 1524
fi=(36)
900 762
0 6
fe=(65)
43 24
cob=(2)
cfi=(2)
cfn=(4260)
calls=6 -43 
* 750
-43 6
fi=(60)
45 24
cob=(2)
cfi=(2)
cfn=(4642)
calls=6 -45 
* 468
fe=(65)
-20 2304
fi=(71)
3228 6144
0 768
3229 768
fi=(72)
20 768
fe=(65)
+5 2304
fi=(71)
3228 1536
fe=(65)
25 768
fi=(71)
3228 4608
0 768
3229 768
fi=(72)
20 768
fe=(65)
+5 768
fi=(10)
898 768
fi=(19)
1915 768
fi=(36)
900 768
fe=(65)
43 30
cob=(2)
cfi=(2)
cfn=(4260)
calls=6 -43 
* 750
-43 6
fi=(60)
45 24
cob=(2)
cfi=(2)
cfn=(4642)
calls=6 -45 
* 468
-45 6
fe=(65)
25 18
fi=(71)
3228 48
0 6
3229 6
fi=(72)
20 6
fe=(65)
+5 18
fi=(71)
3228 12
fe=(65)
25 6
fi=(71)
3228 36
0 6
3229 6
fi=(72)
20 6
fe=(65)
+5 6
fi=(10)
898 6
fi=(19)
1915 6
fi=(36)
900 6
fe=(65)
25 2286
fi=(71)
3228 6096
0 762
3229 762
fi=(72)
20 762
fe=(65)
+5 2286
fi=(71)
3228 1524
fe=(65)
25 762
fi=(71)
3228 4572
0 762
3229 762
fi=(72)
20 762
fe=(65)
+5 762
fi=(10)
898 762
fi=(19)
1915 762
fi=(36)
900 762
0 6
fe=(65)
43 24
cob=(2)
cfi=(2)
cfn=(4260)
calls=6 -43 
* 750
-43 6
fi=(60)
45 24
cob=(2)
cfi=(2)
cfn=(4642)
calls=6 -45 
* 468
-45 6
fe=(65)
25 18
fi=(71)
3228 48
0 6
3229 6
fi=(72)
20 6
fe=(65)
+5 18
fi=(71)
3228 12
fe=(65)
25 6
fi=(71)
3228 36
0 6
3229 6
fi=(72)
20 6
fe=(65)
+5 6
fi=(10)
898 6
fi=(19)
1915 6
fi=(36)
900 6
fe=(65)
25 2286
fi=(71)
3228 6096
0 762
3229 762
fi=(72)
20 762
fe=(65)
+5 2286
fi=(71)
3228 1524
fe=(65)
25 762
fi=(71)
3228 4572
0 762
3229 762
fi=(72)
20 762
fe=(65)
+5 762
fi=(10)
898 762
fi=(19)
1915 762
fi=(36)
900 762
fe=(65)
43 30
cob=(2)
cfi=(2)
cfn=(4260)
calls=6 -43 
* 750
-43 6
fi=(60)
45 24
cob=(2)
cfi=(2)
cfn=(4642)
calls=6 -45 
* 468
-45 6
fe=(65)
25 18
fi=(71)
3228 48
0 6
3229 6
fi=(72)
20 6
fe=(65)
+5 18
fi=(71)
3228 12
fe=(65)
25 6
fi=(71)
3228 36
0 6
3229 6
fi=(72)
20 6
fe=(65)
+5 6
fi=(10)
898 6
fi=(19)
1915 6
fi=(36)
900 6
fe=(65)
25 2286
fi=(71)
3228 6096
0 762
3229 762
fi=(72)
20 762
fe=(65)
+5 2286
fi=(71)
3228 1524
fe=(65)
25 762
fi=(71)
3228 4572
0 762
3229 762
fi=(72)
20 762
fe=(65)
+5 762
fi=(10)
898 762
fi=(19)
1915 762
fi=(36)
900 762
fe=(65)
43 30
cob=(2)
cfi=(2)
cfn=(4260)
calls=6 -43 
* 750
+3 54

fl=(49)
fn=(5074)
64 300
fi=(52)
+85 30
fi=(51)
+47 30
0 30
146 30
fi=(68) /home/rick/.cargo/registry/src/index.crates.io-1949cf8c6b5b557f/block-buffer-0.10.4/src/sealed.rs
17 60
fi=(51)
155 30
fi=(50)
-54 30
fi=(18)
552 90
cob=(2)
cfi=(2)
cfn=(4260)
calls=90 0 
* 360
fi=(51)
158 30
0 30
239 30
fe=(49)
66 240

fn=(5082)
68 210
fi=(52)
203 30
0 60
203 60
cob=(2)
cfi=(2)
cfn=(4260)
calls=90 0 
* 900
* 150
cob=(2)
cfi=(2)
cfn=(4260)
calls=90 0 
* 900
fi=(51)
-7 30
fi=(50)
-95 60
0 30
fi=(55)
180 30
fi=(51)
+8 60
cob=(2)
cfi=(2)
cfn=(4642)
calls=90 0 
* 780
fi=(53)
-49 30
+2 30
fi=(58)
-95 900
fi=(26)
1718 30
fi=(58)
46 30
+3 90
cfi=(54)
cfn=(5024)
calls=90 166 
* 184740
-49 30
8 120
cob=(2)
cfi=(2)
cfn=(4260)
calls=90 -8 
* 900
fi=(51)
+68 360
fe=(49)
-7 120
cob=(2)
cfi=(2)
cfn=(4260)
calls=90 -69 
* 1950
+1 210

fn=(4988)
26 830
fi=(52)
149 83
fi=(51)
+47 83
0 83
146 83
fi=(68)
17 166
fi=(51)
155 83
fi=(50)
-54 77
fi=(18)
552 231
cob=(2)
cfi=(2)
cfn=(4260)
calls=94 0 
* 1105
fi=(51)
158 77
0 77
161 12
fi=(50)
-60 6
fi=(18)
552 24
cob=(2)
cfi=(2)
cfn=(4260)
calls=7 0 
* 132
fi=(26)
1718 6
fi=(58)
46 36
fi=(26)
1718 6
fi=(58)
46 12
fi=(26)
1718 6
fi=(58)
46 12
fi=(26)
1718 6
fi=(58)
46 12
fi=(26)
1718 6
fi=(58)
46 18
fi=(26)
1718 6
fi=(58)
46 24
fi=(26)
1718 6
fi=(58)
46 18
fi=(26)
1718 6
fi=(58)
46 12
fi=(26)
1718 6
fi=(58)
46 6
fi=(89) /rustc/ac68faa20c58cbccd01ee7208bf3b6e93a7d7f96/library/core/src/ptr/const_ptr.rs
863 6
fi=(58)
49 18
cfi=(54)
cfn=(5024)
calls=7 166 
* 36948
fi=(68)
-26 12
-23 6
23 42
fi=(89)
863 6
fi=(51)
169 12
0 12
fi=(26)
1718 6
fi=(58)
46 30
fi=(26)
1718 6
fi=(58)
46 12
fi=(26)
1718 6
fi=(58)
46 18
fi=(26)
1718 6
fi=(58)
46 12
fi=(26)
1718 6
fi=(58)
46 18
fi=(26)
1718 6
fi=(58)
46 18
fi=(26)
1718 6
fi=(58)
46 18
fi=(26)
1718 6
fi=(58)
46 18
fi=(26)
1718 6
fi=(58)
46 6
+3 6
fi=(14)
659 6
fi=(58)
49 12
cfi=(54)
cfn=(5024)
calls=9 166 
* 36948
fi=(26)
1718 24
fi=(58)
46 120
fi=(26)
1718 24
fi=(58)
46 48
fi=(26)
1718 24
fi=(58)
46 72
fi=(26)
1718 24
fi=(58)
46 48
fi=(26)
1718 24
fi=(58)
46 72
fi=(26)
1718 24
fi=(58)
46 72
fi=(26)
1718 24
fi=(58)
46 72
fi=(26)
1718 24
fi=(58)
46 72
fi=(26)
1718 24
fi=(58)
46 24
+3 24
fi=(14)
659 24
fi=(58)
49 48
cfi=(54)
cfn=(5024)
calls=54 166 
* 147792
fi=(14)
1717 30
fi=(55)
180 30
fi=(18)
552 24
cob=(2)
cfi=(2)
cfn=(4260)
calls=9 0 
* 66
fi=(51)
239 83
fe=(49)
28 664

fn=(5014)
30 266
fi=(52)
203 38
0 76
203 76
cob=(2)
cfi=(2)
cfn=(4260)
calls=55 0 
* 1140
* 190
cob=(2)
cfi=(2)
cfn=(4260)
calls=55 0 
* 1140
fi=(51)
-7 38
fi=(50)
-95 38
0 38
fi=(55)
180 38
fi=(51)
+8 76
cob=(2)
cfi=(2)
cfn=(4642)
calls=55 0 
* 709
fi=(53)
-49 38
+2 38
fi=(58)
-95 912
fi=(26)
1718 38
fi=(58)
46 38
+3 114
cfi=(54)
cfn=(5024)
calls=55 166 
* 234004
-49 38
8 152
cob=(2)
cfi=(2)
cfn=(4260)
calls=55 -8 
* 1140
fi=(51)
+68 380
fe=(49)
-45 152
cob=(2)
cfi=(2)
cfn=(4260)
calls=55 -31 
* 2470
+1 266

fn=(5036)
42 270
fi=(57)
457 30
fi=(34)
0 60
460 30
0 30
cfi=(6)
cfn=(4864)
calls=32 0 
0 30
0 30
fi=(23)
198 90
cfi=(6)
cfn=(5040)
calls=32 0 
* 3755
fi=(34)
469 60
0 30
fi=(62)
41 30
fi=(51)
196 60
+62 30
0 150
fi=(18)
0 30
fi=(51)
344 180
0 30
fi=(14)
1717 30
fi=(55)
180 30
0 120
fi=(18)
552 120
cob=(2)
cfi=(2)
cfn=(4260)
calls=30 0 
* 900
* 360
cob=(2)
cfi=(2)
cfn=(4260)
calls=90 0 
* 2700
fi=(58)
61 360
cfi=(54)
cfn=(5024)
calls=120 166 
* 738960
fi=(62)
-61 120
44 360
cob=(2)
cfi=(2)
cfn=(4260)
calls=120 -44 
* 3600
fi=(14)
1717 240
fi=(55)
180 120
0 90
fi=(51)
274 30
0 60
fi=(18)
552 90
cob=(2)
cfi=(2)
cfn=(4260)
calls=32 0 
* 900
fi=(58)
61 90
cfi=(54)
cfn=(5024)
calls=32 166 
* 184740
fi=(51)
-61 90
fi=(18)
552 150
cob=(2)
cfi=(2)
cfn=(4260)
calls=32 0 
* 660
fi=(51)
278 120
cob=(2)
cfi=(2)
cfn=(4260)
calls=32 0 
* 900
* 30
0 60
239 30
fe=(49)
45 90
+1 270

fn=(5110)
37 2718
fi=(62)
+4 302
-41 302
fi=(51)
196 604
+62 302
0 588
259 882
fi=(50)
89 294
fi=(18)
552 882
cob=(2)
cfi=(2)
cfn=(4260)
calls=2821 0 
* 4704
fi=(51)
239 294
0 612
344 56
0 8
fi=(14)
1717 16
fi=(55)
180 8
0 8
fi=(51)
274 16
0 24
fi=(18)
552 32
cob=(2)
cfi=(2)
cfn=(4260)
calls=34 0 
* 240
fi=(58)
61 24
cfi=(54)
cfn=(5024)
calls=34 166 
* 49264
fi=(18)
552 32
cob=(2)
cfi=(2)
cfn=(4260)
calls=34 0 
* 102
fi=(51)
278 32
cob=(2)
cfi=(2)
cfn=(4260)
calls=34 0 
* 240
-39 302
fe=(49)
39 2416

fl=(48)
fn=(5130)
77 153
+1 34
cob=(2)
cfi=(2)
cfn=(4260)
calls=34 -78 
* 2125
-78 68
80 34
fi=(71)
3228 748
+1 136
fe=(48)
80 1088
fi=(71)
3228 23188
+1 4216
fe=(48)
80 1054
fi=(55)
180 1632
0 85
fe=(48)
86 51
-86 17
88 17
-1 17
+1 17
fi=(55)
-88 119
fe=(48)
86 357
-86 119
88 119
-1 119
+1 4318
-1 4199
+1 21539
-88 4335
91 87040
fi=(71)
3228 156672
0 17408
3229 52224
fe=(48)
92 52224
fi=(71)
3228 139264
0 17408
3229 17408
fi=(72)
20 17408
fe=(48)
+73 17408
fi=(71)
3228 139264
0 17408
3229 17408
fi=(72)
20 17408
fe=(48)
+72 17408
+1 17408
+1 17408
-4 34816
+6 4335
-10 8670
+12 136
-14 136
-84 17
100 68
cob=(2)
cfi=(2)
cfn=(4260)
calls=34 0 
* 2125
+1 153

fn=(5150)
104 972
+1 216
cob=(2)
cfi=(2)
cfn=(4260)
calls=126 0 
* 13500
0 432
107 216
fi=(71)
3228 4752
+1 864
fe=(48)
107 6912
fi=(71)
3228 147312
+1 26784
fe=(48)
107 6696
fi=(55)
+73 10368
0 540
fe=(48)
113 324
0 108
114 108
+1 216
fi=(55)
0 756
fe=(48)
113 2268
0 756
114 756
+1 1512
-1 26676
+1 108432
fi=(71)
3228 220320
+1 192780
0 27540
fe=(48)
118 221184
+1 331776
-1 110592
+1 221184
fi=(71)
3228 884736
0 110592
3229 110592
fi=(72)
20 110592
fe=(48)
120 110592
fi=(71)
3228 995328
0 110592
3229 331776
fe=(48)
121 110592
fi=(71)
3228 884736
0 110592
3229 110592
fi=(72)
20 110592
fe=(48)
+99 110592
+2 110592
+1 110592
-5 221184
+7 27540
-11 55080
-2 2592
0 216
129 216
fi=(71)
3228 864
0 108
3229 108
fi=(72)
20 108
fe=(48)
129 324
fi=(71)
3228 864
0 108
3229 108
fi=(72)
20 108
fe=(48)
129 108
fi=(14)
1717 216
fi=(55)
180 108
fe=(48)
-51 27432
fi=(71)
3228 109728
0 13716
3229 13716
fi=(72)
20 13716
fe=(48)
129 41148
fi=(71)
3228 109728
0 13716
3229 13716
fi=(72)
20 13716
fe=(48)
129 13716
fi=(14)
1717 27432
fi=(55)
180 13716
0 108
fe=(48)
131 432
cob=(2)
cfi=(2)
cfn=(4260)
calls=126 0 
* 13500
+1 972

fl=(67)
fn=(5316)
99 8
-99 34
102 2
fi=(18)
552 16
fi=(50)
89 1
fe=(67)
+27 10
cfi=(63)
cfn=(5320)
calls=1 +15 
* 22098
* 5
cob=(2)
cfi=(2)
cfn=(4260)
calls=1 0 
* 125
fi=(50)
-27 1
fe=(67)
+27 5
cfi=(63)
cfn=(5320)
calls=1 +15 
* 22098
* 4
cob=(2)
cfi=(2)
cfn=(4260)
calls=1 0 
* 125
fi=(50)
-27 1
fe=(67)
+27 5
cfi=(63)
cfn=(5320)
calls=1 +15 
* 22098
* 4
cob=(2)
cfi=(2)
cfn=(4260)
calls=1 0 
* 125
fi=(50)
-27 1
fe=(67)
+27 5
cfi=(63)
cfn=(5320)
calls=1 +15 
* 22098
* 4
cob=(2)
cfi=(2)
cfn=(4260)
calls=1 0 
* 123
fi=(50)
-27 1
fe=(67)
+27 5
cfi=(63)
cfn=(5320)
calls=1 +15 
* 22098
* 4
cob=(2)
cfi=(2)
cfn=(4260)
calls=1 0 
* 125
fi=(50)
-27 2
fe=(67)
+32 5
cfi=(63)
cfn=(5320)
calls=1 +10 
* 22098
* 5
cob=(2)
cfi=(2)
cfn=(4260)
calls=1 0 
* 125
fi=(50)
-32 1
fe=(67)
+32 5
cfi=(63)
cfn=(5320)
calls=1 +10 
* 22098
* 4
cob=(2)
cfi=(2)
cfn=(4260)
calls=1 0 
* 125
fi=(50)
-32 1
fe=(67)
+32 5
cfi=(63)
cfn=(5320)
calls=1 +10 
* 22098
* 4
cob=(2)
cfi=(2)
cfn=(4260)
calls=1 0 
* 123
fi=(50)
-32 1
fe=(67)
+32 5
cfi=(63)
cfn=(5320)
calls=1 +10 
* 22098
* 4
cob=(2)
cfi=(2)
cfn=(4260)
calls=1 0 
* 125
fi=(50)
-32 1
fe=(67)
+32 5
cfi=(63)
cfn=(5320)
calls=1 +10 
* 22098
* 4
cob=(2)
cfi=(2)
cfn=(4260)
calls=1 0 
* 125
fi=(50)
-32 1
fe=(67)
+32 5
cfi=(63)
cfn=(5320)
calls=1 +10 
* 22098
* 4
cob=(2)
cfi=(2)
cfn=(4260)
calls=1 0 
* 125
fi=(50)
-32 2
fe=(67)
+37 5
cfi=(63)
cfn=(5320)
calls=1 +5 
* 67633
* 5
cob=(2)
cfi=(2)
cfn=(4260)
calls=1 0 
* 123
fi=(50)
-37 1
fe=(67)
+37 5
cfi=(63)
cfn=(5320)
calls=1 +5 
* 67633
* 4
cob=(2)
cfi=(2)
cfn=(4260)
calls=1 0 
* 125
fi=(50)
-37 1
fe=(67)
+37 5
cfi=(63)
cfn=(5320)
calls=1 +5 
* 67633
* 4
cob=(2)
cfi=(2)
cfn=(4260)
calls=1 0 
* 125
fi=(50)
-37 1
fe=(67)
+37 5
cfi=(63)
cfn=(5320)
calls=1 +5 
* 67633
* 4
cob=(2)
cfi=(2)
cfn=(4260)
calls=1 0 
* 125
fi=(50)
-37 1
fe=(67)
+37 5
cfi=(63)
cfn=(5320)
calls=1 +5 
* 67633
* 4
cob=(2)
cfi=(2)
cfn=(4260)
calls=1 0 
* 123
fi=(50)
-37 1
fe=(67)
+37 7
cfi=(63)
cfn=(5320)
calls=1 +5 
* 67633
* 4
cob=(2)
cfi=(2)
cfn=(4260)
calls=1 0 
* 125
+3 4
cob=(2)
cfi=(2)
cfn=(4260)
calls=1 0 
* 509
* 5
cob=(2)
cfi=(2)
cfn=(4260)
calls=1 0 
* 603
* 4
cob=(2)
cfi=(2)
cfn=(4260)
calls=1 0 
* 605
* 4
cob=(2)
cfi=(2)
cfn=(4260)
calls=1 0 
* 17564
* 1
+1 1
0 1
130 9

fn=(5400)
168 54
fi=(35)
464 18
0 6
fe=(67)
171 12
cfi=(63)
cfn=(5176)
calls=7 -72 
* 333324
fi=(34)
614 6
fi=(35)
1840 6
fi=(34)
767 6
-94 6
fi=(35)
2912 12
fi=(34)
424 6
634 12
fi=(23)
128 18
cfi=(6)
cfn=(4970)
calls=7 0 
* 210
fe=(67)
+43 24
cfi=(63)
cfn=(5176)
calls=7 -72 
* 333324
fi=(34)
614 6
fi=(35)
1840 6
fi=(34)
619 6
fi=(10)
2548 6
fi=(34)
767 6
-94 6
fi=(20)
961 6
fi=(18)
552 18
cob=(2)
cfi=(2)
cfn=(4260)
calls=7 0 
* 132
fi=(35)
2912 12
fi=(34)
424 6
634 12
fi=(23)
128 18
cfi=(6)
cfn=(4970)
calls=7 0 
* 210
fe=(67)
+43 24
cfi=(63)
cfn=(5176)
calls=7 -72 
* 333324
fi=(34)
614 6
fi=(35)
1840 6
fi=(34)
619 6
fi=(10)
2548 6
fi=(34)
767 6
-94 6
fi=(20)
961 6
fi=(18)
552 18
cob=(2)
cfi=(2)
cfn=(4260)
calls=7 0 
* 132
fi=(35)
2912 12
fi=(34)
424 6
634 12
fi=(23)
128 18
cfi=(6)
cfn=(4970)
calls=7 0 
* 210
fe=(67)
+43 24
cfi=(63)
cfn=(5176)
calls=7 -72 
* 333324
fi=(34)
614 6
fi=(35)
1840 6
fi=(34)
619 6
fi=(10)
2548 6
fi=(34)
767 6
-94 6
fi=(35)
2907 12
fi=(20)
961 6
fi=(18)
552 18
cob=(2)
cfi=(2)
cfn=(4260)
calls=7 0 
* 132
fi=(35)
2912 12
fi=(34)
424 6
634 12
fi=(23)
128 18
cfi=(6)
cfn=(4970)
calls=7 0 
* 210
fe=(67)
+43 24
cfi=(63)
cfn=(5176)
calls=7 -72 
* 333324
fi=(34)
614 6
fi=(35)
1840 6
fi=(34)
619 6
fi=(10)
2548 6
fi=(34)
767 6
-94 6
fi=(20)
961 6
fi=(18)
552 18
cob=(2)
cfi=(2)
cfn=(4260)
calls=7 0 
* 132
fi=(35)
2912 12
fi=(34)
424 6
634 12
fi=(23)
128 18
cfi=(6)
cfn=(4970)
calls=7 0 
* 210
fe=(67)
+43 6
0 6
171 18
cfi=(63)
cfn=(5176)
calls=7 -72 
* 333324
fi=(34)
614 6
fi=(35)
1840 6
fi=(34)
619 6
fi=(10)
2548 6
fi=(34)
767 6
-94 6
fi=(35)
2907 12
fi=(20)
961 6
fi=(18)
552 24
cob=(2)
cfi=(2)
cfn=(4260)
calls=7 0 
* 132
fi=(35)
2912 12
fi=(34)
424 6
634 12
fi=(23)
128 18
cfi=(6)
cfn=(4970)
calls=7 0 
* 210
fe=(67)
+45 24
+1 54
0 6
fi=(34)
675 18
cfn=(5288) alloc::raw_vec::RawVecInner<A>::reserve::do_reserve_and_handle
calls=7 -14 
* 1500
-61 6
fi=(35)
3023 6
fi=(20)
961 6
fi=(18)
552 18
cob=(2)
cfi=(2)
cfn=(4260)
calls=7 0 
* 132
0 12
fi=(34)
675 18
cfn=(5288)
calls=7 -14 
* 1681
-61 6
fi=(35)
3023 6
2907 6
0 6
fi=(34)
675 18
cfn=(5288)
calls=7 -14 
* 3046
-61 6
fi=(35)
3023 6
2907 6
0 6
fi=(34)
675 18
cfn=(5288)
calls=7 -14 
* 1329
-61 6
fi=(35)
3023 6
2907 6
fe=(67)

fn=(5526)
133 13
cfi=(6)
cfn=(4864)
calls=1 0 
* 1
fi=(23)
-32 3
cfi=(6)
cfn=(4866)
calls=1 0 
* 142
fi=(34)
469 2
fi=(35)
977 4
fi=(34)
767 2
-94 1
0 1
fi=(35)
2907 2
fi=(20)
961 1
fi=(18)
552 3
cob=(2)
cfi=(2)
cfn=(4260)
calls=1 0 
* 12
fi=(35)
2912 2
0 1
fe=(67)
141 4
cfi=(63)
cfn=(5242)
calls=1 -32 
* 125659
fi=(34)
614 1
fi=(35)
1840 1
fi=(34)
619 1
fi=(10)
2548 1
fi=(34)
767 1
-94 1
fi=(35)
2907 2
fi=(20)
961 1
fi=(18)
552 3
cob=(2)
cfi=(2)
cfn=(4260)
calls=1 0 
* 89
fi=(35)
2912 2
fi=(34)
424 1
634 2
fi=(23)
128 3
cfi=(6)
cfn=(4970)
calls=1 0 
* 35
fe=(67)
+13 5
cfi=(63)
cfn=(5242)
calls=1 -32 
* 125659
fi=(34)
614 1
fi=(35)
1840 1
fi=(34)
619 1
fi=(10)
2548 1
fi=(34)
767 1
-94 1
fi=(35)
2907 2
fi=(20)
961 1
fi=(18)
552 3
cob=(2)
cfi=(2)
cfn=(4260)
calls=1 0 
* 89
fi=(35)
2912 2
fi=(34)
424 1
634 2
fi=(23)
128 3
cfi=(6)
cfn=(4970)
calls=1 0 
* 35
fe=(67)
+13 5
cfi=(63)
cfn=(5242)
calls=1 -32 
* 125659
fi=(34)
614 1
fi=(35)
1840 1
fi=(34)
619 1
fi=(10)
2548 1
fi=(34)
767 1
-94 1
fi=(35)
2907 2
fi=(20)
961 1
fi=(18)
552 3
cob=(2)
cfi=(2)
cfn=(4260)
calls=1 0 
* 89
fi=(35)
2912 2
fi=(34)
424 1
634 2
fi=(23)
128 3
cfi=(6)
cfn=(4970)
calls=1 0 
* 35
fe=(67)
+13 5
cfi=(63)
cfn=(5242)
calls=1 -32 
* 125659
fi=(34)
614 1
fi=(35)
1840 1
fi=(34)
619 1
fi=(10)
2548 1
fi=(34)
767 1
-94 1
fi=(35)
2907 2
fi=(20)
961 1
fi=(18)
552 3
cob=(2)
cfi=(2)
cfn=(4260)
calls=1 0 
* 89
fi=(35)
2912 2
fi=(34)
424 1
634 2
fi=(23)
128 3
cfi=(6)
cfn=(4970)
calls=1 0 
* 35
fe=(67)
+13 1
0 1
141 4
cfi=(63)
cfn=(5242)
calls=1 -32 
* 125659
fi=(34)
614 1
fi=(35)
1840 1
fi=(34)
619 1
fi=(10)
2548 1
fi=(34)
767 1
-94 1
fi=(35)
2907 2
fi=(20)
961 1
fi=(18)
552 3
cob=(2)
cfi=(2)
cfn=(4260)
calls=1 0 
* 89
fi=(35)
2912 2
fi=(34)
424 1
634 2
fi=(23)
128 3
cfi=(6)
cfn=(4970)
calls=1 0 
* 35
0 2
fe=(67)
143 1
cfi=(73)
cfn=(5536)
calls=1 17 
* 5643
fi=(34)
614 1
fi=(35)
1840 1
fi=(34)
619 1
fi=(10)
2548 1
fi=(34)
767 1
-94 1
fi=(35)
2907 2
fi=(20)
961 1
fi=(18)
552 4
cob=(2)
cfi=(2)
cfn=(4260)
calls=1 0 
* 12
fi=(35)
2912 2
fi=(34)
424 1
634 2
fi=(23)
128 3
cfi=(6)
cfn=(4970)
calls=1 0 
* 35
fe=(67)
+16 4
+1 9

fl=(34)
fn=(5292) alloc::raw_vec::RawVecInner<A>::finish_grow
543 120
fi=(70) /rustc/ac68faa20c58cbccd01ee7208bf3b6e93a7d7f96/library/core/src/alloc/layout.rs
75 24
+38 24
0 24
fe=(34)
634 48
0 18
fi=(23)
155 72
cfi=(6)
cfn=(5296)
calls=21 0 
* 5102
fe=(34)
563 36
fi=(23)
206 12
+4 6
cfi=(6)
cfn=(4864)
calls=7 0 
* 6
101 18
cfi=(6)
cfn=(4866)
calls=7 0 
* 1170
fe=(34)
563 12
+1 48
0 72
567 96

fn=(5288)
661 72
fi=(10)
823 24
fi=(57)
457 24
0 24
fe=(34)
522 48
fi=(19)
1037 120
fe=(34)
528 24
0 24
528 72
cfn=(5292)
calls=28 +15 
* 6908
fi=(26)
2173 48
+1 24
fe=(34)
776 24
+1 24
671 96

ob=(2)
fl=(2)
fn=(4232)
0 990
cfn=(4234) 0x00000000000a80c0
calls=22 0 
0 3500
0 198

fn=(3994)
0 143
cfn=(4000) 0x00000000000a6dc0
calls=37 0 
0 1476
0 1363

fn=(4000)
0 6334
cfn=(4726) 0x00000000000a4e90
calls=14 0 
0 176
0 301

fn=(3876)
cfn=(3920) 0x00000000000276c0
calls=1 0 
0 22536219

fn=(4280) 0x00000000000a6140
0 2656
cfn=(4298) 0x00000000000a4f60
calls=77 0 
0 616
0 637

fn=(4274) 0x00000000000a6290
0 96
cfn=(4280)
calls=10 0 
0 752
0 40

fn=(4298)
0 616

fn=(4760)
0 663
cfn=(4000)
calls=57 0 
0 4304
0 642254

fn=(4234)
0 777
cfn=(4000)
calls=8 0 
0 1031
0 70
cfn=(4274)
calls=2 0 
0 222
0 58
cfn=(4726)
calls=8 0 
0 136
0 97
cfn=(4260)
calls=8 0 
0 295
0 36
cfn=(4274)
calls=8 0 
0 666
0 112

fn=(4642)
0 285157

fn=(4726)
0 312

fn=(3920)
cob=(6)
cfi=(6)
cfn=(3934)
calls=1 0 
0 22536219

fn=(4260)
0 486737

fn=(4626)
0 492
cfn=(4280)
calls=67 0 
0 3157
0 352904

totals: 22536219
