# callgrind format
version: 1
creator: callgrind-3.25.1
pid: 581237
cmd:  target/release/examples/profile baseline case-053
part: 1


desc: I1 cache: 
desc: D1 cache: 
desc: LL cache: 

desc: Timerange: Basic block 0 - 9193141
desc: Trigger: Program termination

positions: line
events: Ir
summary: 76115279


ob=(1) /usr/lib/ld-linux-x86-64.so.2
fl=(1) ???
fn=(0) 0x000000000001f300
cob=(6) /home/rick/unl/king's/thesis/ml-dsa/target/release/examples/profile
cfi=(6) ???
cfn=(3874) (below main)
calls=1 0 
0 76115279

ob=(6)
fl=(62) /home/rick/unl/king's/thesis/ml-dsa/ml-dsa/src/encoding.rs
fn=(5174) ml_dsa::encoding::simple_bit_pack
99 1296
fi=(10) /rustc/ac68faa20c58cbccd01ee7208bf3b6e93a7d7f96/library/core/src/num/uint_macros.rs
+55 432
fe=(62)
16 144
+85 288
fi=(34) /rustc/ac68faa20c58cbccd01ee7208bf3b6e93a7d7f96/library/alloc/src/raw_vec/mod.rs
460 432
0 144
cfi=(6)
cfn=(4864) __rustc::__rust_no_alloc_shim_is_unstable_v2
calls=156 0 
0 144
fi=(23) /rustc/ac68faa20c58cbccd01ee7208bf3b6e93a7d7f96/library/alloc/src/alloc.rs
101 432
cfi=(6)
cfn=(4866) __rustc::__rust_alloc
calls=156 0 
* 5760
fi=(34)
469 288
fi=(35) /rustc/ac68faa20c58cbccd01ee7208bf3b6e93a7d7f96/library/alloc/src/vec/mod.rs
977 1584
0 576
fe=(62)
103 144
fi=(34)
0 144
cfi=(6)
cfn=(4864)
calls=156 0 
0 144
fi=(35)
0 73440
fe=(62)
103 36720
fi=(34)
0 36720
cfi=(6)
cfn=(4864)
calls=39780 0 
0 36720
fi=(23)
198 110592
cfi=(6)
cfn=(5038) __rustc::__rust_alloc_zeroed
calls=39936 0 
* 2322432
fi=(34)
469 73728
0 73728
fi=(36) /rustc/ac68faa20c58cbccd01ee7208bf3b6e93a7d7f96/library/core/src/iter/range.rs
900 36864
0 73728
fe=(62)
24 552960
fi=(10)
898 36864
fe=(62)
25 36864
fi=(36)
900 73728
0 36864
900 36864
fi=(34)
619 36864
fi=(10)
2548 36864
0 36864
fi=(34)
767 73728
0 73728
fi=(20) /rustc/ac68faa20c58cbccd01ee7208bf3b6e93a7d7f96/library/core/src/ptr/mut_ptr.rs
961 36864
fi=(18) /rustc/ac68faa20c58cbccd01ee7208bf3b6e93a7d7f96/library/core/src/ptr/mod.rs
552 110592
cob=(2) /usr/lib/libc.so.6
cfi=(2) ???
cfn=(4260) 0x0000000000171fc0
calls=39936 0 
* 552960
fi=(35)
2912 73728
fi=(23)
128 147456
cfi=(6)
cfn=(4970) __rustc::__rust_dealloc
calls=39936 0 
* 1290240
fi=(19) /rustc/ac68faa20c58cbccd01ee7208bf3b6e93a7d7f96/library/core/src/cmp.rs
1915 36864
fi=(36)
900 37008
fi=(35)
0 144
fe=(62)
105 720
cfn=(5190) ml_dsa::encoding::bits_to_bytes
calls=156 -54 
* 1787040
fi=(34)
424 144
634 288
fi=(23)
128 432
cfi=(6)
cfn=(4970)
calls=156 0 
* 5040
fe=(62)
-22 1296

fn=(5190)
51 1192
fi=(10)
3714 298
fi=(34)
460 149
0 149
cfi=(6)
cfn=(4864)
calls=178 0 
0 149
fi=(23)
198 447
cfi=(6)
cfn=(5038)
calls=178 0 
* 13416
fi=(34)
469 298
0 149
fi=(19)
1915 149
fi=(36)
900 149
0 298
fe=(62)
55 298
fi=(49) /rustc/ac68faa20c58cbccd01ee7208bf3b6e93a7d7f96/library/core/src/slice/index.rs
278 298
fe=(62)
55 345814
fi=(49)
278 345814
fi=(10)
898 173056
fe=(62)
55 692224
-55 173056
fi=(19)
1915 173056
fi=(36)
900 173056
fe=(62)
57 447
+1 1043

fn=(5320) ml_dsa::encoding::bit_unpack
131 1370
+1 137
0 137
fi=(10)
154 411
fe=(62)
16 137
-16 137
133 137
cfn=(5322) ml_dsa::encoding::bytes_to_bits
calls=142 -72 
* 4704479
fi=(59) /home/rick/unl/king's/thesis/ml-dsa/ml-dsa/src/poly.rs
32 548
cob=(2)
cfi=(2)
cfn=(4642) 0x00000000001729c0
calls=142 -32 
* 10686
* 548
-32 274
fe=(62)
136 105216
0 35072
fi=(19)
1915 35072
fi=(36)
900 35072
fe=(62)
136 105216
fi=(49)
438 70144
fe=(62)
0 35072
fi=(49)
89 35072
-89 105216
fi=(19)
1915 175360
fe=(62)
34 70144
fi=(86) /rustc/ac68faa20c58cbccd01ee7208bf3b6e93a7d7f96/library/core/src/ops/range.rs
563 35072
fi=(19)
1915 3052800
fe=(62)
34 1221120
fi=(86)
563 610560
fi=(36)
0 1221120
fi=(86)
563 1221120
fi=(34)
424 137
634 274
fi=(23)
128 411
cfi=(6)
cfn=(4970)
calls=142 0 
* 15001
fe=(62)
+11 1233

fn=(5240) ml_dsa::encoding::bit_pack
109 40
+1 5
0 5
fi=(10)
154 15
fe=(62)
16 5
+95 10
fi=(34)
460 15
0 10
cfi=(6)
cfn=(4864)
calls=22 0 
0 5
fi=(23)
101 15
cfi=(6)
cfn=(4866)
calls=22 0 
* 710
fi=(34)
469 10
fi=(35)
977 65
0 25
fe=(62)
113 5
fi=(34)
0 5
cfi=(6)
cfn=(4864)
calls=22 0 
0 5
fi=(35)
0 3825
fe=(62)
113 1275
fi=(34)
0 1275
cfi=(6)
cfn=(4864)
calls=5610 0 
0 1275
fi=(23)
198 5120
cfi=(6)
cfn=(5038)
calls=5632 0 
* 85760
fi=(34)
469 2560
fe=(62)
0 2560
113 1280
0 1280
fi=(36)
900 1280
0 3840
fe=(62)
24 19200
fi=(10)
898 1280
fe=(62)
25 1280
fi=(36)
900 2560
fe=(62)
24 76800
fi=(10)
898 5120
fe=(62)
25 5120
fi=(36)
900 10240
0 2560
900 1280
fi=(34)
619 1280
fi=(10)
2548 1280
fi=(34)
767 2560
fe=(62)
0 2560
fi=(20)
961 1280
fi=(18)
552 3840
cob=(2)
cfi=(2)
cfn=(4260)
calls=5632 0 
* 14080
fi=(35)
2912 2560
fi=(23)
128 5120
cfi=(6)
cfn=(4970)
calls=5632 0 
* 44800
fi=(19)
1915 1280
fi=(36)
900 1285
fi=(35)
0 5
fe=(62)
116 25
cfn=(5190)
calls=22 -65 
* 307965
fi=(34)
424 5
634 10
fi=(23)
128 15
cfi=(6)
cfn=(4970)
calls=22 0 
* 580
fe=(62)
-11 45

fn=(5322)
61 805
+2 161
-63 161
fi=(56) /rustc/ac68faa20c58cbccd01ee7208bf3b6e93a7d7f96/library/core/src/intrinsics/mod.rs
457 161
fi=(34)
0 161
460 161
0 644
cfi=(6)
cfn=(4864)
calls=173 0 
0 161
0 161
fi=(23)
198 483
cfi=(6)
cfn=(5038)
calls=173 0 
* 665342
fi=(34)
469 322
0 483
fi=(19)
1915 161
fi=(36)
900 161
0 161
fi=(49)
278 483
0 161
278 161792
fe=(62)
65 80896
+2 242688
fi=(49)
278 161792
fe=(62)
68 161792
-1 161792
fi=(49)
278 161792
fe=(62)
68 161792
-1 161792
fi=(49)
278 161792
fe=(62)
68 161792
-1 161792
fi=(49)
278 161792
fe=(62)
68 161792
-1 161792
fi=(49)
278 161792
fe=(62)
68 161792
-1 161792
fi=(49)
278 161792
fe=(62)
68 161792
-1 161792
fi=(49)
278 161792
fe=(62)
0 80896
68 80896
-1 80896
fi=(19)
1915 161792
fi=(36)
900 80896
fe=(62)
71 483
+1 1127

fl=(8) /rustc/ac68faa20c58cbccd01ee7208bf3b6e93a7d7f96/library/std/src/rt.rs
fn=(3936) std::rt::lang_start_internal
fi=(87) /rustc/ac68faa20c58cbccd01ee7208bf3b6e93a7d7f96/library/core/src/ops/function.rs
cfn=(4902) std::rt::lang_start::{{closure}}
calls=1 206 
287 76115279
fe=(8)

fn=(4902)
cfi=(30) /rustc/ac68faa20c58cbccd01ee7208bf3b6e93a7d7f96/library/std/src/sys/backtrace.rs
cfn=(4904) std::sys::backtrace::__rust_begin_short_backtrace
calls=1 162 
206 76115279

fl=(25) /rustc/ac68faa20c58cbccd01ee7208bf3b6e93a7d7f96/library/std/src/sys/alloc/unix.rs
fn=(4972) __rustc::__rdl_dealloc
48 38892
cob=(2)
cfi=(2)
cfn=(4626) free
calls=46400 -48 
* 1294920

fl=(65) /home/rick/unl/king's/thesis/ml-dsa/ml-dsa/src/ntt_arith.rs
fn=(5462) ml_dsa::ntt_arith::scalar_vector_ntt
40 250
fi=(59)
+41 25
-81 25
81 75
cob=(2)
cfi=(2)
cfn=(4642)
calls=26 -81 
* 102875
-81 25
45 75
cob=(2)
cfi=(2)
cfn=(4642)
calls=26 -45 
* 1950
* 50
fe=(65)
-20 75
fi=(70) /rustc/ac68faa20c58cbccd01ee7208bf3b6e93a7d7f96/library/core/src/num/int_macros.rs
3228 200
0 25
3229 25
fi=(71) /home/rick/unl/king's/thesis/ml-dsa/ml-dsa/src/field.rs
20 25
fe=(65)
+5 75
fi=(70)
3228 200
0 25
3229 25
fi=(71)
20 25
fe=(65)
+5 50
fi=(19)
1915 50
fi=(36)
900 25
fe=(65)
25 9525
fi=(70)
3228 25400
0 3175
3229 3175
fi=(71)
20 3175
fe=(65)
+5 9525
fi=(70)
3228 25400
0 3175
3229 3175
fi=(71)
20 3175
fe=(65)
+5 6350
fi=(19)
1915 6350
fi=(36)
900 3175
0 25
fe=(65)
43 100
cob=(2)
cfi=(2)
cfn=(4260)
calls=26 -43 
* 3125
-43 25
fi=(59)
45 100
cob=(2)
cfi=(2)
cfn=(4642)
calls=26 -45 
* 1950
fe=(65)
-20 9600
fi=(70)
3228 25600
0 3200
3229 3200
fi=(71)
20 3200
fe=(65)
+5 9600
fi=(70)
3228 6400
fe=(65)
25 3200
fi=(70)
3228 19200
0 3200
3229 3200
fi=(71)
20 3200
fe=(65)
+5 3200
fi=(10)
898 3200
fi=(19)
1915 3200
fi=(36)
900 3200
fe=(65)
43 125
cob=(2)
cfi=(2)
cfn=(4260)
calls=26 -43 
* 3125
-43 25
fi=(59)
45 100
cob=(2)
cfi=(2)
cfn=(4642)
calls=26 -45 
* 1950
-45 25
fe=(65)
25 75
fi=(70)
3228 200
0 25
3229 25
fi=(71)
20 25
fe=(65)
+5 75
fi=(70)
3228 50
fe=(65)
25 25
fi=(70)
3228 150
0 25
3229 25
fi=(71)
20 25
fe=(65)
+5 25
fi=(10)
898 25
fi=(19)
1915 25
fi=(36)
900 25
fe=(65)
25 9525
fi=(70)
3228 25400
0 3175
3229 3175
fi=(71)
20 3175
fe=(65)
+5 9525
fi=(70)
3228 6350
fe=(65)
25 3175
fi=(70)
3228 19050
0 3175
3229 3175
fi=(71)
20 3175
fe=(65)
+5 3175
fi=(10)
898 3175
fi=(19)
1915 3175
fi=(36)
900 3175
0 25
fe=(65)
43 100
cob=(2)
cfi=(2)
cfn=(4260)
calls=26 -43 
* 3125
-43 25
fi=(59)
45 100
cob=(2)
cfi=(2)
cfn=(4642)
calls=26 -45 
* 1950
-45 25
fe=(65)
25 75
fi=(70)
3228 200
0 25
3229 25
fi=(71)
20 25
fe=(65)
+5 75
fi=(70)
3228 50
fe=(65)
25 25
fi=(70)
3228 150
0 25
3229 25
fi=(71)
20 25
fe=(65)
+5 25
fi=(10)
898 25
fi=(19)
1915 25
fi=(36)
900 25
fe=(65)
25 9525
fi=(70)
3228 25400
0 3175
3229 3175
fi=(71)
20 3175
fe=(65)
+5 9525
fi=(70)
3228 6350
fe=(65)
25 3175
fi=(70)
3228 19050
0 3175
3229 3175
fi=(71)
20 3175
fe=(65)
+5 3175
fi=(10)
898 3175
fi=(19)
1915 3175
fi=(36)
900 3175
fe=(65)
43 125
cob=(2)
cfi=(2)
cfn=(4260)
calls=26 -43 
* 3125
-43 25
fi=(59)
45 100
cob=(2)
cfi=(2)
cfn=(4642)
calls=26 -45 
* 1950
-45 25
fe=(65)
25 75
fi=(70)
3228 200
0 25
3229 25
fi=(71)
20 25
fe=(65)
+5 75
fi=(70)
3228 50
fe=(65)
25 25
fi=(70)
3228 150
0 25
3229 25
fi=(71)
20 25
fe=(65)
+5 25
fi=(10)
898 25
fi=(19)
1915 25
fi=(36)
900 25
fe=(65)
25 9525
fi=(70)
3228 25400
0 3175
3229 3175
fi=(71)
20 3175
fe=(65)
+5 9525
fi=(70)
3228 6350
fe=(65)
25 3175
fi=(70)
3228 19050
0 3175
3229 3175
fi=(71)
20 3175
fe=(65)
+5 3175
fi=(10)
898 3175
fi=(19)
1915 3175
fi=(36)
900 3175
fe=(65)
43 125
cob=(2)
cfi=(2)
cfn=(4260)
calls=26 -43 
* 3125
-43 25
fi=(59)
45 100
cob=(2)
cfi=(2)
cfn=(4642)
calls=26 -45 
* 1950
-45 25
fe=(65)
25 75
fi=(70)
3228 200
0 25
3229 25
fi=(71)
20 25
fe=(65)
+5 75
fi=(70)
3228 50
fe=(65)
25 25
fi=(70)
3228 150
0 25
3229 25
fi=(71)
20 25
fe=(65)
+5 25
fi=(10)
898 25
fi=(19)
1915 25
fi=(36)
900 25
fe=(65)
25 9525
fi=(70)
3228 25400
0 3175
3229 3175
fi=(71)
20 3175
fe=(65)
+5 9525
fi=(70)
3228 6350
fe=(65)
25 3175
fi=(70)
3228 19050
0 3175
3229 3175
fi=(71)
20 3175
fe=(65)
+5 3175
fi=(10)
898 3175
fi=(19)
1915 3175
fi=(36)
900 3175
fe=(65)
43 125
cob=(2)
cfi=(2)
cfn=(4260)
calls=26 -43 
* 3125
+3 225
-6 240
fi=(59)
+41 24
-81 24
81 72
cob=(2)
cfi=(2)
cfn=(4642)
calls=24 -81 
* 74184
-81 24
45 72
cob=(2)
cfi=(2)
cfn=(4642)
calls=24 -45 
* 1872
* 48
fe=(65)
-20 72
fi=(70)
3228 192
0 24
3229 24
fi=(71)
20 24
fe=(65)
+5 72
fi=(70)
3228 192
0 24
3229 24
fi=(71)
20 24
fe=(65)
+5 48
fi=(19)
1915 48
fi=(36)
900 24
fe=(65)
25 9144
fi=(70)
3228 24384
0 3048
3229 3048
fi=(71)
20 3048
fe=(65)
+5 9144
fi=(70)
3228 24384
0 3048
3229 3048
fi=(71)
20 3048
fe=(65)
+5 6096
fi=(19)
1915 6096
fi=(36)
900 3048
0 24
fe=(65)
43 96
cob=(2)
cfi=(2)
cfn=(4260)
calls=24 -43 
* 3000
-43 24
fi=(59)
45 96
cob=(2)
cfi=(2)
cfn=(4642)
calls=24 -45 
* 1872
fe=(65)
-20 9216
fi=(70)
3228 24576
0 3072
3229 3072
fi=(71)
20 3072
fe=(65)
+5 9216
fi=(70)
3228 6144
fe=(65)
25 3072
fi=(70)
3228 18432
0 3072
3229 3072
fi=(71)
20 3072
fe=(65)
+5 3072
fi=(10)
898 3072
fi=(19)
1915 3072
fi=(36)
900 3072
fe=(65)
43 120
cob=(2)
cfi=(2)
cfn=(4260)
calls=24 -43 
* 3000
-43 24
fi=(59)
45 96
cob=(2)
cfi=(2)
cfn=(4642)
calls=24 -45 
* 1872
-45 24
fe=(65)
25 72
fi=(70)
3228 192
0 24
3229 24
fi=(71)
20 24
fe=(65)
+5 72
fi=(70)
3228 48
fe=(65)
25 24
fi=(70)
3228 144
0 24
3229 24
fi=(71)
20 24
fe=(65)
+5 24
fi=(10)
898 24
fi=(19)
1915 24
fi=(36)
900 24
fe=(65)
25 9144
fi=(70)
3228 24384
0 3048
3229 3048
fi=(71)
20 3048
fe=(65)
+5 9144
fi=(70)
3228 6096
fe=(65)
25 3048
fi=(70)
3228 18288
0 3048
3229 3048
fi=(71)
20 3048
fe=(65)
+5 3048
fi=(10)
898 3048
fi=(19)
1915 3048
fi=(36)
900 3048
0 24
fe=(65)
43 96
cob=(2)
cfi=(2)
cfn=(4260)
calls=24 -43 
* 3000
-43 24
fi=(59)
45 96
cob=(2)
cfi=(2)
cfn=(4642)
calls=24 -45 
* 1872
-45 24
fe=(65)
25 72
fi=(70)
3228 192
0 24
3229 24
fi=(71)
20 24
fe=(65)
+5 72
fi=(70)
3228 48
fe=(65)
25 24
fi=(70)
3228 144
0 24
3229 24
fi=(71)
20 24
fe=(65)
+5 24
fi=(10)
898 24
fi=(19)
1915 24
fi=(36)
900 24
fe=(65)
25 9144
fi=(70)
3228 24384
0 3048
3229 3048
fi=(71)
20 3048
fe=(65)
+5 9144
fi=(70)
3228 6096
fe=(65)
25 3048
fi=(70)
3228 18288
0 3048
3229 3048
fi=(71)
20 3048
fe=(65)
+5 3048
fi=(10)
898 3048
fi=(19)
1915 3048
fi=(36)
900 3048
fe=(65)
43 120
cob=(2)
cfi=(2)
cfn=(4260)
calls=24 -43 
* 3000
-43 24
fi=(59)
45 96
cob=(2)
cfi=(2)
cfn=(4642)
calls=24 -45 
* 1872
-45 24
fe=(65)
25 72
fi=(70)
3228 192
0 24
3229 24
fi=(71)
20 24
fe=(65)
+5 72
fi=(70)
3228 48
fe=(65)
25 24
fi=(70)
3228 144
0 24
3229 24
fi=(71)
20 24
fe=(65)
+5 24
fi=(10)
898 24
fi=(19)
1915 24
fi=(36)
900 24
fe=(65)
25 9144
fi=(70)
3228 24384
0 3048
3229 3048
fi=(71)
20 3048
fe=(65)
+5 9144
fi=(70)
3228 6096
fe=(65)
25 3048
fi=(70)
3228 18288
0 3048
3229 3048
fi=(71)
20 3048
fe=(65)
+5 3048
fi=(10)
898 3048
fi=(19)
1915 3048
fi=(36)
900 3048
fe=(65)
43 120
cob=(2)
cfi=(2)
cfn=(4260)
calls=24 -43 
* 3000
+3 216

fn=(5140) ml_dsa::ntt_arith::matrix_vector_ntt
49 480
cob=(2)
cfi=(2)
cfn=(4642)
calls=26 -49 
* 147912
* 24
-49 24
fi=(59)
45 96
cob=(2)
cfi=(2)
cfn=(4642)
calls=26 -45 
* 1872
* 480
cob=(2)
cfi=(2)
cfn=(4642)
calls=130 -45 
* 9360
* 144
-45 144
fe=(65)
25 432
fi=(70)
3228 1152
0 144
3229 144
fi=(71)
20 144
fe=(65)
+5 432
fi=(70)
3228 1152
0 144
3229 144
fi=(71)
20 144
fe=(65)
+5 288
fi=(19)
1915 288
fi=(36)
900 144
fe=(65)
25 54864
fi=(70)
3228 146304
0 18288
3229 18288
fi=(71)
20 18288
fe=(65)
+5 54864
fi=(70)
3228 146304
0 18288
3229 18288
fi=(71)
20 18288
fe=(65)
+5 36576
fi=(19)
1915 36576
fi=(36)
900 18288
0 576
fi=(59)
45 576
cob=(2)
cfi=(2)
cfn=(4642)
calls=156 -45 
* 11232
* 144
-45 144
fe=(65)
16 432
fi=(70)
3228 1152
0 144
3229 144
fi=(71)
20 144
fe=(65)
-4 432
fi=(70)
3228 1152
0 144
3229 144
fi=(71)
20 144
fe=(65)
-4 288
fi=(19)
1915 288
fi=(36)
900 144
fe=(65)
16 54864
fi=(70)
3228 146304
0 18288
3229 18288
fi=(71)
20 18288
fe=(65)
-4 54864
fi=(70)
3228 146304
0 18288
3229 18288
fi=(71)
20 18288
fe=(65)
-4 36576
fi=(19)
1915 36576
fi=(36)
900 18288
fe=(65)
56 576
cob=(2)
cfi=(2)
cfn=(4260)
calls=156 -56 
* 17952
fi=(59)
-11 576
cob=(2)
cfi=(2)
cfn=(4642)
calls=156 -45 
* 11232
* 144
-45 144
fe=(65)
25 432
fi=(70)
3228 1152
0 144
3229 144
fi=(71)
20 144
fe=(65)
+5 432
fi=(70)
3228 1152
0 144
3229 144
fi=(71)
20 144
fe=(65)
+5 288
fi=(19)
1915 288
fi=(36)
900 144
fe=(65)
25 54864
fi=(70)
3228 146304
0 18288
3229 18288
fi=(71)
20 18288
fe=(65)
+5 54864
fi=(70)
3228 146304
0 18288
3229 18288
fi=(71)
20 18288
fe=(65)
+5 36576
fi=(19)
1915 36576
fi=(36)
900 18288
fi=(59)
45 576
cob=(2)
cfi=(2)
cfn=(4642)
calls=156 -45 
* 11232
* 144
-45 144
fe=(65)
16 432
fi=(70)
3228 1152
0 144
3229 144
fi=(71)
20 144
fe=(65)
-4 432
fi=(70)
3228 1152
0 144
3229 144
fi=(71)
20 144
fe=(65)
-4 288
fi=(19)
1915 288
fi=(36)
900 144
fe=(65)
16 54864
fi=(70)
3228 146304
0 18288
3229 18288
fi=(71)
20 18288
fe=(65)
-4 54864
fi=(70)
3228 146304
0 18288
3229 18288
fi=(71)
20 18288
fe=(65)
-4 36576
fi=(19)
1915 36576
fi=(36)
900 18288
fe=(65)
56 576
cob=(2)
cfi=(2)
cfn=(4260)
calls=156 -56 
* 17952
fi=(59)
-11 576
cob=(2)
cfi=(2)
cfn=(4642)
calls=156 -45 
* 11232
* 144
-45 144
fe=(65)
25 432
fi=(70)
3228 1152
0 144
3229 144
fi=(71)
20 144
fe=(65)
+5 432
fi=(70)
3228 1152
0 144
3229 144
fi=(71)
20 144
fe=(65)
+5 288
fi=(19)
1915 288
fi=(36)
900 144
fe=(65)
25 54864
fi=(70)
3228 146304
0 18288
3229 18288
fi=(71)
20 18288
fe=(65)
+5 54864
fi=(70)
3228 146304
0 18288
3229 18288
fi=(71)
20 18288
fe=(65)
+5 36576
fi=(19)
1915 36576
fi=(36)
900 18288
fi=(59)
45 576
cob=(2)
cfi=(2)
cfn=(4642)
calls=156 -45 
* 11232
* 144
-45 144
fe=(65)
16 432
fi=(70)
3228 1152
0 144
3229 144
fi=(71)
20 144
fe=(65)
-4 432
fi=(70)
3228 1152
0 144
3229 144
fi=(71)
20 144
fe=(65)
-4 288
fi=(19)
1915 288
fi=(36)
900 144
fe=(65)
16 54864
fi=(70)
3228 146304
0 18288
3229 18288
fi=(71)
20 18288
fe=(65)
-4 54864
fi=(70)
3228 146304
0 18288
3229 18288
fi=(71)
20 18288
fe=(65)
-4 36576
fi=(19)
1915 36576
fi=(36)
900 18288
fe=(65)
56 576
cob=(2)
cfi=(2)
cfn=(4260)
calls=156 -56 
* 17952
fi=(59)
-11 576
cob=(2)
cfi=(2)
cfn=(4642)
calls=156 -45 
* 11232
* 144
-45 144
fe=(65)
25 432
fi=(70)
3228 1152
0 144
3229 144
fi=(71)
20 144
fe=(65)
+5 432
fi=(70)
3228 288
fe=(65)
25 144
fi=(70)
3228 864
0 144
3229 144
fi=(71)
20 144
fe=(65)
+5 144
fi=(10)
898 144
fi=(19)
1915 144
fi=(36)
900 144
fe=(65)
25 54864
fi=(70)
3228 146304
0 18288
3229 18288
fi=(71)
20 18288
fe=(65)
+5 54864
fi=(70)
3228 36576
fe=(65)
25 18288
fi=(70)
3228 109728
0 18288
3229 18288
fi=(71)
20 18288
fe=(65)
+5 18288
fi=(10)
898 18288
fi=(19)
1915 18288
fi=(36)
900 18288
fi=(59)
45 576
cob=(2)
cfi=(2)
cfn=(4642)
calls=156 -45 
* 11232
* 144
-45 144
fe=(65)
16 432
fi=(70)
3228 1152
0 144
3229 144
fi=(71)
20 144
fe=(65)
-4 432
fi=(70)
3228 1152
0 144
3229 144
fi=(71)
20 144
fe=(65)
-4 288
fi=(19)
1915 288
fi=(36)
900 144
fe=(65)
16 54864
fi=(70)
3228 146304
0 18288
3229 18288
fi=(71)
20 18288
fe=(65)
-4 54864
fi=(70)
3228 146304
0 18288
3229 18288
fi=(71)
20 18288
fe=(65)
-4 36576
fi=(19)
1915 36576
fi=(36)
900 18288
fe=(65)
56 576
cob=(2)
cfi=(2)
cfn=(4260)
calls=156 -56 
* 17952
fi=(59)
-11 576
cob=(2)
cfi=(2)
cfn=(4642)
calls=156 -45 
* 11232
* 144
-45 144
fe=(65)
25 432
fi=(70)
3228 1152
0 144
3229 144
fi=(71)
20 144
fe=(65)
+5 432
fi=(70)
3228 288
fe=(65)
25 144
fi=(70)
3228 864
0 144
3229 144
fi=(71)
20 144
fe=(65)
+5 144
fi=(10)
898 144
fi=(19)
1915 144
fi=(36)
900 144
fe=(65)
25 54864
fi=(70)
3228 146304
0 18288
3229 18288
fi=(71)
20 18288
fe=(65)
+5 54864
fi=(70)
3228 36576
fe=(65)
25 18288
fi=(70)
3228 109728
0 18288
3229 18288
fi=(71)
20 18288
fe=(65)
+5 18288
fi=(10)
898 18288
fi=(19)
1915 18288
fi=(36)
900 18288
fi=(59)
45 576
cob=(2)
cfi=(2)
cfn=(4642)
calls=156 -45 
* 11232
* 144
-45 144
fe=(65)
16 432
fi=(70)
3228 1152
0 144
3229 144
fi=(71)
20 144
fe=(65)
-4 432
fi=(70)
3228 1152
0 144
3229 144
fi=(71)
20 144
fe=(65)
-4 288
fi=(19)
1915 288
fi=(36)
900 144
fe=(65)
16 54864
fi=(70)
3228 146304
0 18288
3229 18288
fi=(71)
20 18288
fe=(65)
-4 54864
fi=(70)
3228 146304
0 18288
3229 18288
fi=(71)
20 18288
fe=(65)
-4 36576
fi=(19)
1915 36576
fi=(36)
900 18288
fe=(65)
56 576
cob=(2)
cfi=(2)
cfn=(4260)
calls=156 -56 
* 17952
fi=(10)
898 144
fi=(36)
+2 288
fi=(19)
1915 144
fi=(36)
900 144
0 24
fe=(65)
59 96
cob=(2)
cfi=(2)
cfn=(4260)
calls=26 -59 
* 14520
+1 216

fl=(53) /home/rick/.cargo/registry/src/index.crates.io-1949cf8c6b5b557f/keccak-0.1.6/src/lib.rs
fn=(5024) keccak::keccak_p
236 8008
+1 2288
0 1144
fi=(14) /rustc/ac68faa20c58cbccd01ee7208bf3b6e93a7d7f96/library/core/src/ptr/non_null.rs
1717 1144
fi=(54) /rustc/ac68faa20c58cbccd01ee7208bf3b6e93a7d7f96/library/core/src/slice/iter/macros.rs
180 1144
0 28600
180 3432
0 24024
fi=(55) /rustc/ac68faa20c58cbccd01ee7208bf3b6e93a7d7f96/library/core/src/ops/bit.rs
898 8008
0 2288
898 2288
fi=(54)
0 52624
fi=(55)
898 184184
0 52624
898 447304
0 26312
898 131560
0 26312
898 52624
0 26312
898 26312
fi=(56)
2030 52624
fi=(55)
386 26312
fi=(56)
2030 26312
fi=(55)
386 26312
898 157872
0 52624
898 26312
fi=(56)
2030 26312
fi=(55)
386 26312
fi=(56)
2030 26312
fi=(55)
386 26312
898 96096
0 1144
898 5720
0 1144
898 2288
0 1144
898 1144
fi=(56)
2030 2288
fi=(55)
386 1144
fi=(56)
2030 1144
fi=(55)
386 1144
898 6864
0 2288
898 1144
fi=(56)
2030 1144
fi=(55)
386 1144
fi=(56)
2030 1144
fi=(55)
386 1144
898 12584
0 1144
898 1144
0 1144
898 212784
0 26312
898 26312
0 26312
898 105248
0 26312
fi=(56)
2030 26312
fi=(55)
386 26312
898 52624
0 26312
898 78936
0 26312
fi=(56)
2030 52624
0 52624
2030 78936
fi=(55)
63 52624
178 26312
0 26312
63 52624
178 26312
386 26312
0 26312
63 26312
178 26312
386 26312
0 52624
63 52624
178 26312
fi=(56)
2030 184184
fi=(55)
63 52624
178 26312
386 26312
898 2288
0 1144
fi=(56)
2030 1144
fi=(55)
386 1144
898 2288
0 1144
898 3432
0 1144
fi=(56)
2030 2288
0 2288
2030 3432
fi=(55)
63 2288
178 1144
0 1144
63 2288
178 1144
386 1144
0 1144
63 1144
178 1144
386 1144
0 2288
63 2288
178 1144
fi=(56)
2030 8008
fi=(55)
63 2288
178 1144
386 1144
0 1144
63 2288
-63 1144
178 1144
386 1144
0 1144
63 1144
178 1144
386 1144
0 1144
63 2288
-63 26312
63 52624
-63 26312
178 26312
386 26312
0 26312
63 26312
178 26312
386 26312
0 26312
63 52624
178 26312
63 26312
178 26312
0 52624
fi=(56)
2030 26312
0 26312
2030 52624
0 52624
2030 26312
fi=(55)
63 52624
178 26312
386 26312
0 26312
63 52624
178 26312
386 26312
63 52624
178 26312
63 26312
178 26312
0 26312
63 52624
178 26312
386 26312
0 26312
386 26312
0 52624
63 52624
178 26312
386 52624
0 26312
386 52624
fi=(56)
2030 52624
0 26312
2030 26312
fi=(55)
178 1144
63 1144
178 1144
0 2288
fi=(56)
2030 1144
0 1144
2030 2288
0 2288
2030 1144
fi=(55)
63 2288
178 1144
386 1144
0 1144
63 2288
178 1144
386 1144
63 2288
178 1144
63 1144
178 1144
0 1144
63 2288
178 1144
386 1144
0 1144
386 1144
0 2288
63 2288
178 1144
386 2288
0 1144
386 2288
fi=(56)
2030 2288
0 1144
2030 1144
0 1144
2030 2288
0 1144
2030 1144
0 2288
2030 1144
0 2288
2030 1144
0 1144
2030 1144
0 26312
2030 52624
0 26312
2030 26312
0 52624
2030 26312
0 52624
2030 26312
0 26312
2030 26312
fi=(55)
386 26312
0 52624
fi=(56)
2030 26312
fi=(55)
63 52624
178 26312
63 52624
178 26312
63 52624
178 26312
386 26312
63 26312
178 26312
386 26312
63 52624
178 26312
63 52624
178 26312
386 26312
63 26312
178 26312
0 26312
63 52624
-63 26312
178 26312
386 26312
0 26312
386 52624
0 26312
63 26312
178 26312
0 26312
386 26312
0 26312
386 52624
0 26312
63 26312
178 26312
0 26312
386 1144
0 2288
fi=(56)
2030 1144
fi=(55)
63 2288
178 1144
63 2288
178 1144
63 2288
178 1144
386 1144
63 1144
178 1144
386 1144
63 2288
178 1144
63 2288
178 1144
386 1144
63 1144
178 1144
0 1144
63 2288
-63 1144
178 1144
386 1144
0 1144
386 2288
0 1144
63 1144
178 1144
0 1144
386 1144
0 1144
386 2288
0 1144
63 1144
178 1144
0 1144
386 1144
0 2288
386 1144
0 1144
898 4576
0 1144
fi=(14)
1717 1144
fi=(54)
180 1144
fi=(55)
386 26312
0 52624
386 26312
0 26312
898 105248
0 26312
fi=(14)
1717 26312
fi=(54)
180 26312
0 48048
fe=(53)
291 9152

fn=(5022) keccak::p1600
166 1144
cfn=(5024)
calls=1583 +70 
* 7043608

fl=(58) /home/rick/unl/king's/thesis/ml-dsa/ml-dsa/src/expand.rs
fn=(5370) ml_dsa::expand::expand_mask
56 240
fi=(59)
+7 72
cob=(2)
cfi=(2)
cfn=(4642)
calls=24 -63 
* 123336
fi=(57) /home/rick/.cargo/registry/src/index.crates.io-1949cf8c6b5b557f/sha3-0.10.9/src/state.rs
-46 336
fi=(50) /home/rick/.cargo/registry/src/index.crates.io-1949cf8c6b5b557f/block-buffer-0.10.4/src/lib.rs
+59 216
fi=(48) /home/rick/unl/king's/thesis/ml-dsa/ml-dsa/src/hash.rs
-53 48
fe=(58)
+38 72
cfi=(48)
cfn=(4986) ml_dsa::hash::H::absorb
calls=24 -35 
* 1056
fi=(34)
-61 24
cfi=(6)
cfn=(4864)
calls=24 0 
0 24
fi=(23)
198 72
cfi=(6)
cfn=(5038)
calls=24 0 
* 1796
fi=(34)
469 48
fi=(62)
0 24
44 24
-44 24
fe=(58)
62 72
cfi=(48)
cfn=(4986)
calls=24 -36 
* 1200
fi=(23)
+66 96
cfi=(6)
cfn=(4970)
calls=24 0 
* 840
* 24
0 24
fe=(58)
63 72
cob=(2)
cfi=(2)
cfn=(4260)
calls=24 -63 
* 1560
* 96
cfi=(48)
cfn=(5012) ml_dsa::hash::H::finalize
calls=24 -33 
* 153888
* 96
cfi=(48)
cfn=(5034) ml_dsa::hash::HReader::squeeze_vec
calls=24 -21 
* 753107
fi=(34)
614 24
fi=(35)
1840 48
fe=(58)
64 96
cfi=(62)
cfn=(5320)
calls=24 +67 
* 2451245
-64 48
64 72
cob=(2)
cfi=(2)
cfn=(4260)
calls=24 -64 
* 3000
fi=(34)
424 24
634 48
fi=(23)
128 72
cfi=(6)
cfn=(4970)
calls=24 0 
* 840
fi=(57)
17 336
fi=(50)
+59 216
fi=(48)
-53 48
fe=(58)
+38 72
cfi=(48)
cfn=(4986)
calls=24 -35 
* 1056
fi=(34)
-61 24
cfi=(6)
cfn=(4864)
calls=24 0 
0 24
fi=(23)
198 72
cfi=(6)
cfn=(5038)
calls=24 0 
* 1512
fi=(34)
469 48
fi=(62)
0 24
44 48
-44 24
fe=(58)
62 72
cfi=(48)
cfn=(4986)
calls=24 -36 
* 1200
fi=(23)
+66 96
cfi=(6)
cfn=(4970)
calls=24 0 
* 840
* 24
0 24
fe=(58)
63 72
cob=(2)
cfi=(2)
cfn=(4260)
calls=24 -63 
* 1560
* 96
cfi=(48)
cfn=(5012)
calls=24 -33 
* 153888
* 96
cfi=(48)
cfn=(5034)
calls=24 -21 
* 752952
fi=(34)
614 24
fi=(35)
1840 48
fe=(58)
64 96
cfi=(62)
cfn=(5320)
calls=24 +67 
* 2451096
* 96
cob=(2)
cfi=(2)
cfn=(4260)
calls=24 -64 
* 3000
fi=(34)
424 24
634 48
fi=(23)
128 72
cfi=(6)
cfn=(4970)
calls=24 0 
* 840
fi=(57)
17 336
fi=(50)
+59 216
fi=(48)
-53 48
fe=(58)
+38 72
cfi=(48)
cfn=(4986)
calls=24 -35 
* 1056
fi=(34)
-61 24
cfi=(6)
cfn=(4864)
calls=24 0 
0 24
fi=(23)
198 72
cfi=(6)
cfn=(5038)
calls=24 0 
* 1512
fi=(34)
469 48
fi=(62)
0 24
44 48
-44 24
fe=(58)
62 72
cfi=(48)
cfn=(4986)
calls=24 -36 
* 1200
fi=(23)
+66 96
cfi=(6)
cfn=(4970)
calls=24 0 
* 840
* 24
0 24
fe=(58)
63 72
cob=(2)
cfi=(2)
cfn=(4260)
calls=24 -63 
* 1560
* 96
cfi=(48)
cfn=(5012)
calls=24 -33 
* 153888
* 96
cfi=(48)
cfn=(5034)
calls=24 -21 
* 752952
fi=(34)
614 24
fi=(35)
1840 48
fe=(58)
64 96
cfi=(62)
cfn=(5320)
calls=24 +67 
* 2451096
* 96
cob=(2)
cfi=(2)
cfn=(4260)
calls=24 -64 
* 3000
fi=(34)
424 24
634 48
fi=(23)
128 72
cfi=(6)
cfn=(4970)
calls=24 0 
* 840
fi=(57)
17 336
fi=(50)
+59 216
fi=(48)
-53 48
fe=(58)
+38 72
cfi=(48)
cfn=(4986)
calls=24 -35 
* 1056
fi=(34)
-61 24
cfi=(6)
cfn=(4864)
calls=24 0 
0 24
fi=(23)
198 72
cfi=(6)
cfn=(5038)
calls=24 0 
* 1512
fi=(34)
469 48
fi=(62)
0 24
44 48
-44 24
fe=(58)
62 72
cfi=(48)
cfn=(4986)
calls=24 -36 
* 1200
fi=(23)
+66 96
cfi=(6)
cfn=(4970)
calls=24 0 
* 840
* 24
0 24
fe=(58)
63 72
cob=(2)
cfi=(2)
cfn=(4260)
calls=24 -63 
* 1560
* 96
cfi=(48)
cfn=(5012)
calls=24 -33 
* 153888
* 96
cfi=(48)
cfn=(5034)
calls=24 -21 
* 752952
fi=(34)
614 24
fi=(35)
1840 48
fe=(58)
64 96
cfi=(62)
cfn=(5320)
calls=24 +67 
* 2451096
* 96
cob=(2)
cfi=(2)
cfn=(4260)
calls=24 -64 
* 3000
fi=(34)
424 24
634 48
fi=(23)
128 72
cfi=(6)
cfn=(4970)
calls=24 0 
* 840
fi=(57)
17 336
fi=(50)
+59 216
fi=(48)
-53 48
fe=(58)
+38 72
cfi=(48)
cfn=(4986)
calls=24 -35 
* 1056
fi=(34)
-61 24
cfi=(6)
cfn=(4864)
calls=24 0 
0 24
fi=(23)
198 72
cfi=(6)
cfn=(5038)
calls=24 0 
* 1512
fi=(34)
469 48
fi=(62)
0 24
44 48
-44 24
fe=(58)
62 72
cfi=(48)
cfn=(4986)
calls=24 -36 
* 1200
fi=(23)
+66 96
cfi=(6)
cfn=(4970)
calls=24 0 
* 840
* 48
fe=(58)
-65 72
cob=(2)
cfi=(2)
cfn=(4260)
calls=24 -63 
* 1560
* 96
cfi=(48)
cfn=(5012)
calls=24 -33 
* 153888
* 96
cfi=(48)
cfn=(5034)
calls=24 -21 
* 752952
fi=(34)
614 24
fi=(35)
1840 48
fe=(58)
64 96
cfi=(62)
cfn=(5320)
calls=24 +67 
* 2451096
* 120
cob=(2)
cfi=(2)
cfn=(4260)
calls=24 -64 
* 3000
fi=(34)
424 24
634 48
fi=(23)
128 72
cfi=(6)
cfn=(4970)
calls=24 0 
* 840
fe=(58)
-61 216

fn=(5058) ml_dsa::expand::expand_a
16 9
fi=(59)
+84 4
cob=(2)
cfi=(2)
cfn=(4642)
calls=3 0 
* 30739
* 6
0 6
fe=(58)
24 36
cob=(2)
cfi=(2)
cfn=(4260)
calls=18 -24 
* 750
* 6
fi=(10)
898 6
fi=(19)
1915 6
fi=(36)
900 6
0 6
fi=(18)
552 24
fe=(58)
22 12
+1 6
fi=(59)
+22 24
cob=(2)
cfi=(2)
cfn=(4642)
calls=18 -45 
* 468
* 6
fi=(57)
-28 84
fi=(50)
+59 66
fi=(48)
-15 6
fi=(60) /home/rick/unl/king's/thesis/ml-dsa/ml-dsa/src/sample.rs
-14 24
cfi=(48)
cfn=(5072) ml_dsa::hash::G::absorb
calls=18 +17 
* 264
+1 24
cob=(2)
cfi=(2)
cfn=(4260)
calls=18 -48 
* 390
* 18
cfi=(48)
cfn=(5080) ml_dsa::hash::G::finalize
calls=18 +20 
* 38568
+3 24
+1 3074
fi=(61) /home/rick/.cargo/registry/src/index.crates.io-1949cf8c6b5b557f/digest-0.10.7/src/core_api/xof_reader.rs
-11 1537
+1 7685
cfi=(50)
cfn=(5092) block_buffer::BlockBuffer<BlockSize,block_buffer::Eager>::set_data
calls=4611 250 
* 269063
fi=(60)
+12 3074
-54 1537
fi=(62)
76 1537
+1 6148
+1 3074
fi=(60)
-23 1536
+1 1536
-2 1536
-54 30
fe=(58)
24 36
cob=(2)
cfi=(2)
cfn=(4260)
calls=18 -24 
* 750
-24 6
fi=(18)
552 24
fe=(58)
22 6
+1 6
fi=(59)
+22 24
cob=(2)
cfi=(2)
cfn=(4642)
calls=18 -45 
* 468
* 6
fi=(57)
-28 84
fi=(50)
+59 66
fi=(48)
-15 6
fi=(60)
-14 24
cfi=(48)
cfn=(5072)
calls=18 +17 
* 264
+1 24
cob=(2)
cfi=(2)
cfn=(4260)
calls=18 -48 
* 390
* 18
cfi=(48)
cfn=(5080)
calls=18 +20 
* 38568
+3 24
+1 3076
fi=(61)
-11 1538
+1 7690
cfi=(50)
cfn=(5092)
calls=4614 250 
* 269116
fi=(60)
+12 3076
-54 1538
fi=(62)
76 1538
+1 6152
+1 3076
fi=(60)
-23 1536
+1 1536
-2 1536
-54 6
fe=(58)
24 36
cob=(2)
cfi=(2)
cfn=(4260)
calls=18 -24 
* 750
-24 6
fi=(18)
552 24
fe=(58)
22 12
+1 6
fi=(59)
+22 24
cob=(2)
cfi=(2)
cfn=(4642)
calls=18 -45 
* 468
* 6
fi=(57)
-28 84
fi=(50)
+59 66
fi=(48)
-15 6
fi=(60)
-14 24
cfi=(48)
cfn=(5072)
calls=18 +17 
* 264
+1 24
cob=(2)
cfi=(2)
cfn=(4260)
calls=18 -48 
* 390
* 18
cfi=(48)
cfn=(5080)
calls=18 +20 
* 38568
+3 24
+1 3074
fi=(61)
-11 1537
+1 7685
cfi=(50)
cfn=(5092)
calls=4611 250 
* 269063
fi=(60)
+12 3074
-54 1537
fi=(62)
76 1537
+1 6148
+1 3074
fi=(60)
-23 1536
+1 1536
-2 1536
-54 6
fe=(58)
24 36
cob=(2)
cfi=(2)
cfn=(4260)
calls=18 -24 
* 750
-24 6
fi=(18)
552 24
fe=(58)
22 12
+1 6
fi=(59)
+22 24
cob=(2)
cfi=(2)
cfn=(4642)
calls=18 -45 
* 468
* 6
fi=(57)
-28 84
fi=(50)
+59 66
fi=(48)
-15 6
fi=(60)
-14 24
cfi=(48)
cfn=(5072)
calls=18 +17 
* 264
+1 24
cob=(2)
cfi=(2)
cfn=(4260)
calls=18 -48 
* 390
* 18
cfi=(48)
cfn=(5080)
calls=18 +20 
* 38568
+3 24
+1 3076
fi=(61)
-11 1538
+1 7690
cfi=(50)
cfn=(5092)
calls=4614 250 
* 269116
fi=(60)
+12 3076
-54 1538
fi=(62)
76 1538
+1 6152
+1 3076
fi=(60)
-23 1536
+1 1536
-2 1536
-54 6
fe=(58)
24 36
cob=(2)
cfi=(2)
cfn=(4260)
calls=18 -24 
* 750
-24 6
fi=(18)
552 24
fe=(58)
22 12
+1 6
fi=(59)
+22 24
cob=(2)
cfi=(2)
cfn=(4642)
calls=18 -45 
* 468
* 6
fi=(57)
-28 84
fi=(50)
+59 66
fi=(48)
-15 6
fi=(60)
-14 24
cfi=(48)
cfn=(5072)
calls=18 +17 
* 264
+1 24
cob=(2)
cfi=(2)
cfn=(4260)
calls=18 -48 
* 390
* 18
cfi=(48)
cfn=(5080)
calls=18 +20 
* 38568
+3 30
+1 3078
fi=(61)
-11 1539
+1 7695
cfi=(50)
cfn=(5092)
calls=4617 250 
* 269169
fi=(60)
+12 3078
-54 1539
fi=(62)
76 1539
+1 6156
+1 3078
fi=(60)
-23 1536
+1 1536
-2 1536
-54 1
fe=(58)
28 8

fl=(46) /home/rick/unl/king's/thesis/ml-dsa/ml-dsa/src/lib.rs
fn=(5310) ml_dsa::ml_dsa_65::sign_internal
95 4
fi=(69) /home/rick/unl/king's/thesis/ml-dsa/ml-dsa/src/sign.rs
-65 1
cfn=(5312) ml_dsa::sign::sign_internal_traced
calls=1 +6 
* 76115249
* 4
fe=(46)
+67 4

fl=(64) /home/rick/unl/king's/thesis/ml-dsa/ml-dsa/src/vecops.rs
fn=(5392) ml_dsa::vecops::high_bits_vec
107 216
fi=(59)
-75 72
cob=(2)
cfi=(2)
cfn=(4642)
calls=24 -32 
* 1872
-32 144
fi=(66) /home/rick/unl/king's/thesis/ml-dsa/ml-dsa/src/rounding.rs
139 24
fi=(70)
3228 528
+1 96
-1 408
fi=(71)
64 96
fi=(66)
-32 144
139 1512
fi=(70)
3228 33264
+1 6048
-1 25704
fi=(71)
64 6048
fi=(66)
-32 18480
139 24
fi=(10)
898 24
fi=(36)
+2 48
fi=(66)
32 12096
139 1512
fi=(10)
898 1512
fi=(36)
+2 3024
0 24
fe=(64)
110 96
cob=(2)
cfi=(2)
cfn=(4260)
calls=24 0 
* 3000
0 24
fi=(59)
32 96
cob=(2)
cfi=(2)
cfn=(4642)
calls=24 -32 
* 1872
* 192
-32 24
fi=(66)
139 24
fi=(70)
3228 528
+1 96
-1 408
fi=(71)
64 96
fi=(66)
-32 72
139 1512
fi=(70)
3228 33264
+1 6048
-1 25704
fi=(71)
64 6048
fi=(66)
-32 18552
139 24
fi=(10)
898 24
fi=(36)
+2 48
fi=(66)
32 12096
139 1512
fi=(10)
898 1512
fi=(36)
+2 3024
fe=(64)
110 120
cob=(2)
cfi=(2)
cfn=(4260)
calls=24 0 
* 3000
0 24
fi=(59)
32 96
cob=(2)
cfi=(2)
cfn=(4642)
calls=24 -32 
* 1872
* 192
-32 24
fi=(66)
139 24
fi=(70)
3228 528
+1 96
-1 408
fi=(71)
64 96
fi=(66)
-32 72
139 1512
fi=(70)
3228 33264
+1 6048
-1 25704
fi=(71)
64 6048
fi=(66)
-32 18552
139 24
fi=(10)
898 24
fi=(36)
+2 48
fi=(66)
32 12096
139 1512
fi=(10)
898 1512
fi=(36)
+2 3024
fe=(64)
110 120
cob=(2)
cfi=(2)
cfn=(4260)
calls=24 0 
* 3000
0 24
fi=(59)
32 96
cob=(2)
cfi=(2)
cfn=(4642)
calls=24 -32 
* 1872
* 192
-32 24
fi=(66)
139 24
fi=(70)
3228 528
+1 96
-1 408
fi=(71)
64 96
fi=(66)
-32 72
139 1512
fi=(70)
3228 33264
+1 6048
-1 25704
fi=(71)
64 6048
fi=(66)
-32 18552
139 24
fi=(10)
898 24
fi=(36)
+2 48
fi=(66)
32 12096
139 1512
fi=(10)
898 1512
fi=(36)
+2 3024
fe=(64)
110 120
cob=(2)
cfi=(2)
cfn=(4260)
calls=24 0 
* 3000
0 24
fi=(59)
32 96
cob=(2)
cfi=(2)
cfn=(4642)
calls=24 -32 
* 1872
* 192
-32 24
fi=(66)
139 24
fi=(70)
3228 528
+1 96
-1 408
fi=(71)
64 96
fi=(66)
-32 72
139 1512
fi=(70)
3228 33264
+1 6048
-1 25704
fi=(71)
64 6048
fi=(66)
-32 18552
139 24
fi=(10)
898 24
fi=(36)
+2 48
fi=(66)
32 12096
139 1512
fi=(10)
898 1512
fi=(36)
+2 3024
fe=(64)
110 120
cob=(2)
cfi=(2)
cfn=(4260)
calls=24 0 
* 3000
0 24
fi=(59)
32 96
cob=(2)
cfi=(2)
cfn=(4642)
calls=24 -32 
* 1872
* 192
-32 24
fi=(66)
139 24
fi=(70)
3228 528
+1 96
-1 408
fi=(71)
64 96
fi=(66)
-32 72
139 1512
fi=(70)
3228 33264
+1 6048
-1 25704
fi=(71)
64 6048
fi=(66)
-32 18552
139 24
fi=(10)
898 24
fi=(36)
+2 48
fi=(66)
32 12096
139 1512
fi=(10)
898 1512
fi=(36)
+2 3024
fe=(64)
110 120
cob=(2)
cfi=(2)
cfn=(4260)
calls=24 0 
* 3000
+3 168

fn=(5496) ml_dsa::vecops::inf_norm
149 64
0 8
153 16
fi=(70)
3228 352
+1 40
fe=(64)
153 496
fi=(70)
3228 10912
+1 1984
fi=(71)
64 1488
fi=(70)
3229 24
fi=(71)
64 80
fi=(70)
3608 64
fe=(64)
154 144
fi=(10)
898 8
fi=(36)
+2 16
fi=(71)
64 992
fi=(70)
3608 1984
fe=(64)
154 4464
fi=(10)
898 248
fi=(36)
+2 704
0 32
fe=(64)
153 16
fi=(70)
3228 224
fe=(64)
153 496
fi=(70)
3228 10912
+1 1984
fi=(71)
64 1488
fi=(70)
3228 128
+1 64
fi=(71)
64 80
fi=(70)
3608 64
fe=(64)
154 144
fi=(71)
-90 992
fi=(70)
3608 1984
fe=(64)
154 4464
fi=(10)
898 248
fi=(36)
+2 496
fi=(10)
-2 8
fi=(36)
+2 224
0 32
fe=(64)
153 16
fi=(70)
3228 224
fe=(64)
153 496
fi=(70)
3228 10912
+1 1984
fi=(71)
64 1488
fi=(70)
3228 128
+1 64
fi=(71)
64 80
fi=(70)
3608 64
fe=(64)
154 144
fi=(71)
-90 992
fi=(70)
3608 1984
fe=(64)
154 4464
fi=(10)
898 248
fi=(36)
+2 496
fi=(10)
-2 8
fi=(36)
+2 224
0 32
fe=(64)
153 16
fi=(70)
3228 224
fe=(64)
153 496
fi=(70)
3228 10912
+1 1984
fi=(71)
64 1488
fi=(70)
3228 128
+1 64
fi=(71)
64 80
fi=(70)
3608 64
fe=(64)
154 144
fi=(71)
-90 992
fi=(70)
3608 1984
fe=(64)
154 4464
fi=(10)
898 248
fi=(36)
+2 496
fi=(10)
-2 8
fi=(36)
+2 224
0 32
fe=(64)
153 16
fi=(70)
3228 224
fe=(64)
153 496
fi=(70)
3228 10912
+1 1984
fi=(71)
64 1488
fi=(70)
3228 128
+1 64
fi=(71)
64 80
fi=(70)
3608 64
fe=(64)
154 144
fi=(71)
-90 992
fi=(70)
3608 1984
fe=(64)
154 4464
fi=(10)
898 248
fi=(36)
+2 496
fi=(10)
-2 8
fi=(36)
+2 224
0 32
fe=(64)
153 16
fi=(70)
3228 224
fe=(64)
153 496
fi=(70)
3228 10912
+1 1984
fi=(71)
64 1488
fi=(70)
3228 128
+1 64
fi=(71)
64 80
fi=(70)
3608 64
fe=(64)
154 144
fi=(71)
-90 992
fi=(70)
3608 1984
fe=(64)
154 4464
fi=(10)
898 248
fi=(36)
+2 496
fi=(10)
-2 8
fi=(36)
+2 224
fe=(64)
160 8

fn=(5508) ml_dsa::vecops::make_hint_vec
125 11
fi=(59)
-93 3
cob=(2)
cfi=(2)
cfn=(4642)
calls=1 -32 
* 78
-32 9
fi=(66)
157 2
fi=(70)
3228 4
fi=(66)
54 1
fi=(70)
3228 18
+1 4
-1 17
fi=(71)
64 4
fi=(66)
-32 1
157 126
fi=(70)
3228 252
fi=(66)
54 63
fi=(70)
3228 1134
+1 252
-1 1071
fi=(71)
64 252
fi=(66)
-32 649
fi=(70)
3228 22
+1 4
-1 15
fi=(66)
32 630
fi=(70)
3228 1386
+1 252
-1 1071
fi=(71)
64 252
fi=(66)
-32 189
fi=(70)
3228 2
fi=(71)
64 4
fi=(66)
-32 20
157 3
fi=(10)
898 1
fi=(36)
+2 2
fi=(66)
32 1071
157 189
fi=(10)
898 63
fi=(36)
+2 126
0 1
fe=(64)
131 4
cob=(2)
cfi=(2)
cfn=(4260)
calls=1 0 
* 125
0 1
fi=(59)
32 4
cob=(2)
cfi=(2)
cfn=(4642)
calls=1 -32 
* 78
* 9
-32 1
fi=(66)
157 2
fi=(70)
3228 4
fi=(66)
54 1
fi=(70)
3228 18
+1 4
-1 17
fi=(71)
64 4
fi=(66)
+93 126
fi=(70)
3228 252
fi=(66)
54 63
fi=(70)
3228 1134
+1 252
-1 1071
fi=(71)
64 252
fi=(66)
-32 650
fi=(70)
3228 22
+1 4
-1 14
fi=(66)
32 630
fi=(70)
3228 1386
+1 252
-1 1071
fi=(71)
64 252
fi=(66)
-32 189
fi=(70)
3228 3
fi=(71)
64 4
fi=(66)
-32 20
157 3
fi=(10)
898 1
fi=(36)
+2 2
fi=(66)
32 1071
157 189
fi=(10)
898 63
fi=(36)
+2 126
fe=(64)
131 5
cob=(2)
cfi=(2)
cfn=(4260)
calls=1 0 
* 125
0 1
fi=(59)
32 4
cob=(2)
cfi=(2)
cfn=(4642)
calls=1 -32 
* 78
* 9
-32 1
fi=(66)
157 2
fi=(70)
3228 4
fi=(66)
54 1
fi=(70)
3228 18
+1 4
-1 17
fi=(71)
64 4
fi=(66)
+93 126
fi=(70)
3228 252
fi=(66)
54 63
fi=(70)
3228 1134
+1 252
-1 1071
fi=(71)
64 252
fi=(66)
-32 650
fi=(70)
3228 22
+1 4
-1 14
fi=(66)
32 630
fi=(70)
3228 1386
+1 252
-1 1071
fi=(71)
64 252
fi=(66)
-32 189
fi=(70)
3228 3
fi=(71)
64 4
fi=(66)
-32 20
157 3
fi=(10)
898 1
fi=(36)
+2 2
fi=(66)
32 1071
157 189
fi=(10)
898 63
fi=(36)
+2 126
fe=(64)
131 5
cob=(2)
cfi=(2)
cfn=(4260)
calls=1 0 
* 125
0 1
fi=(59)
32 4
cob=(2)
cfi=(2)
cfn=(4642)
calls=1 -32 
* 78
* 9
-32 1
fi=(66)
157 2
fi=(70)
3228 4
fi=(66)
54 1
fi=(70)
3228 18
+1 4
-1 17
fi=(71)
64 4
fi=(66)
+93 126
fi=(70)
3228 252
fi=(66)
54 63
fi=(70)
3228 1134
+1 252
-1 1071
fi=(71)
64 252
fi=(66)
-32 650
fi=(70)
3228 22
+1 4
-1 14
fi=(66)
32 630
fi=(70)
3228 1386
+1 252
-1 1071
fi=(71)
64 252
fi=(66)
-32 189
fi=(70)
3228 3
fi=(71)
64 4
fi=(66)
-32 20
157 3
fi=(10)
898 1
fi=(36)
+2 2
fi=(66)
32 1071
157 189
fi=(10)
898 63
fi=(36)
+2 126
fe=(64)
131 5
cob=(2)
cfi=(2)
cfn=(4260)
calls=1 0 
* 125
0 1
fi=(59)
32 4
cob=(2)
cfi=(2)
cfn=(4642)
calls=1 -32 
* 78
* 9
-32 1
fi=(66)
157 2
fi=(70)
3228 4
fi=(66)
54 1
fi=(70)
3228 18
+1 4
-1 17
fi=(71)
64 4
fi=(66)
+93 126
fi=(70)
3228 252
fi=(66)
54 63
fi=(70)
3228 1134
+1 252
-1 1071
fi=(71)
64 252
fi=(66)
-32 650
fi=(70)
3228 22
+1 4
-1 14
fi=(66)
32 630
fi=(70)
3228 1386
+1 252
-1 1071
fi=(71)
64 252
fi=(66)
-32 189
fi=(70)
3228 3
fi=(71)
64 4
fi=(66)
-32 20
157 3
fi=(10)
898 1
fi=(36)
+2 2
fi=(66)
32 1071
157 189
fi=(10)
898 63
fi=(36)
+2 126
fe=(64)
131 5
cob=(2)
cfi=(2)
cfn=(4260)
calls=1 0 
* 125
0 1
fi=(59)
32 4
cob=(2)
cfi=(2)
cfn=(4642)
calls=1 -32 
* 78
* 9
-32 1
fi=(66)
157 2
fi=(70)
3228 4
fi=(66)
54 1
fi=(70)
3228 18
+1 4
-1 17
fi=(71)
64 4
fi=(66)
+93 126
fi=(70)
3228 252
fi=(66)
54 63
fi=(70)
3228 1134
+1 252
-1 1071
fi=(71)
64 252
fi=(66)
-32 650
fi=(70)
3228 22
+1 4
-1 14
fi=(66)
32 630
fi=(70)
3228 1386
+1 252
-1 1071
fi=(71)
64 252
fi=(66)
-32 189
fi=(70)
3228 3
fi=(71)
64 4
fi=(66)
-32 20
157 3
fi=(10)
898 1
fi=(36)
+2 2
fi=(66)
32 1071
157 189
fi=(10)
898 63
fi=(36)
+2 126
fe=(64)
131 5
cob=(2)
cfi=(2)
cfn=(4260)
calls=1 0 
* 125
+3 8

fn=(5518) ml_dsa::vecops::center_vec
84 6
fi=(59)
-21 3
cob=(2)
cfi=(2)
cfn=(4642)
calls=1 -63 
* 5139
-63 6
fe=(64)
88 1
fi=(70)
3228 22
+1 4
fi=(71)
64 5
fe=(64)
+24 1
fi=(10)
898 1
fi=(36)
+2 2
fe=(64)
88 63
fi=(70)
3228 1386
+1 252
fi=(71)
64 315
fe=(64)
+24 63
fi=(10)
898 63
fi=(36)
+2 126
0 2
fe=(64)
88 1
fi=(70)
3228 22
+1 4
fi=(71)
64 5
fe=(64)
+24 1
fi=(10)
898 1
fi=(36)
+2 2
fe=(64)
88 63
fi=(70)
3228 1386
+1 252
fi=(71)
64 315
fe=(64)
+24 63
fi=(10)
898 63
fi=(36)
+2 126
0 2
fe=(64)
88 1
fi=(70)
3228 22
+1 4
fi=(71)
64 5
fe=(64)
+24 1
fi=(10)
898 1
fi=(36)
+2 2
fe=(64)
88 63
fi=(70)
3228 1386
+1 252
fi=(71)
64 315
fe=(64)
+24 63
fi=(10)
898 63
fi=(36)
+2 126
0 2
fe=(64)
88 1
fi=(70)
3228 22
+1 4
fi=(71)
64 5
fe=(64)
+24 1
fi=(10)
898 1
fi=(36)
+2 2
fe=(64)
88 63
fi=(70)
3228 1386
+1 252
fi=(71)
64 315
fe=(64)
+24 63
fi=(10)
898 63
fi=(36)
+2 126
0 2
fe=(64)
88 1
fi=(70)
3228 22
+1 4
fi=(71)
64 5
fe=(64)
+24 1
fi=(10)
898 1
fi=(36)
+2 2
fe=(64)
88 63
fi=(70)
3228 1386
+1 252
fi=(71)
64 315
fe=(64)
+24 63
fi=(10)
898 63
fi=(36)
+2 126
fe=(64)
92 5

fn=(5468) ml_dsa::vecops::sub_vec
62 225
fi=(59)
+1 75
cob=(2)
cfi=(2)
cfn=(4642)
calls=26 -63 
* 154075
-63 50
fe=(64)
66 75
fi=(70)
3228 200
0 25
3229 25
fi=(71)
20 25
fe=(64)
+46 75
fi=(70)
3228 50
fe=(64)
66 25
fi=(70)
3228 150
0 25
3229 25
fi=(71)
20 25
fe=(64)
+46 25
fi=(10)
898 25
fi=(19)
1915 25
fi=(36)
900 25
fe=(64)
66 9525
fi=(70)
3228 25400
0 3175
3229 3175
fi=(71)
20 3175
fe=(64)
+46 9525
fi=(70)
3228 6350
fe=(64)
66 3175
fi=(70)
3228 19050
0 3175
3229 3175
fi=(71)
20 3175
fe=(64)
+46 3175
fi=(10)
898 3175
fi=(19)
1915 3175
fi=(36)
900 3175
0 50
fe=(64)
66 75
fi=(70)
3228 200
0 25
3229 25
fi=(71)
20 25
fe=(64)
+46 75
fi=(70)
3228 50
fe=(64)
66 25
fi=(70)
3228 150
0 25
3229 25
fi=(71)
20 25
fe=(64)
+46 25
fi=(10)
898 25
fi=(19)
1915 25
fi=(36)
900 25
fe=(64)
66 9525
fi=(70)
3228 25400
0 3175
3229 3175
fi=(71)
20 3175
fe=(64)
+46 9525
fi=(70)
3228 6350
fe=(64)
66 3175
fi=(70)
3228 19050
0 3175
3229 3175
fi=(71)
20 3175
fe=(64)
+46 3175
fi=(10)
898 3175
fi=(19)
1915 3175
fi=(36)
900 3175
0 50
fe=(64)
66 75
fi=(70)
3228 200
0 25
3229 25
fi=(71)
20 25
fe=(64)
+46 75
fi=(70)
3228 50
fe=(64)
66 25
fi=(70)
3228 150
0 25
3229 25
fi=(71)
20 25
fe=(64)
+46 25
fi=(10)
898 25
fi=(19)
1915 25
fi=(36)
900 25
fe=(64)
66 9525
fi=(70)
3228 25400
0 3175
3229 3175
fi=(71)
20 3175
fe=(64)
+46 9525
fi=(70)
3228 6350
fe=(64)
66 3175
fi=(70)
3228 19050
0 3175
3229 3175
fi=(71)
20 3175
fe=(64)
+46 3175
fi=(10)
898 3175
fi=(19)
1915 3175
fi=(36)
900 3175
0 50
fe=(64)
66 75
fi=(70)
3228 200
0 25
3229 25
fi=(71)
20 25
fe=(64)
+46 75
fi=(70)
3228 50
fe=(64)
66 25
fi=(70)
3228 150
0 25
3229 25
fi=(71)
20 25
fe=(64)
+46 25
fi=(10)
898 25
fi=(19)
1915 25
fi=(36)
900 25
fe=(64)
66 9525
fi=(70)
3228 25400
0 3175
3229 3175
fi=(71)
20 3175
fe=(64)
+46 9525
fi=(70)
3228 6350
fe=(64)
66 3175
fi=(70)
3228 19050
0 3175
3229 3175
fi=(71)
20 3175
fe=(64)
+46 3175
fi=(10)
898 3175
fi=(19)
1915 3175
fi=(36)
900 3175
0 50
fe=(64)
66 75
fi=(70)
3228 200
0 25
3229 25
fi=(71)
20 25
fe=(64)
+46 75
fi=(70)
3228 50
fe=(64)
66 25
fi=(70)
3228 150
0 25
3229 25
fi=(71)
20 25
fe=(64)
+46 25
fi=(10)
898 25
fi=(19)
1915 25
fi=(36)
900 25
fe=(64)
66 9525
fi=(70)
3228 25400
0 3175
3229 3175
fi=(71)
20 3175
fe=(64)
+46 9525
fi=(70)
3228 6350
fe=(64)
66 3175
fi=(70)
3228 19050
0 3175
3229 3175
fi=(71)
20 3175
fe=(64)
+46 3175
fi=(10)
898 3175
fi=(19)
1915 3175
fi=(36)
900 3175
0 50
fe=(64)
66 75
fi=(70)
3228 200
0 25
3229 25
fi=(71)
20 25
fe=(64)
+46 75
fi=(70)
3228 50
fe=(64)
66 25
fi=(70)
3228 150
0 25
3229 25
fi=(71)
20 25
fe=(64)
+46 25
fi=(10)
898 25
fi=(19)
1915 25
fi=(36)
900 25
fe=(64)
66 9525
fi=(70)
3228 25400
0 3175
3229 3175
fi=(71)
20 3175
fe=(64)
+46 9525
fi=(70)
3228 6350
fe=(64)
66 3175
fi=(70)
3228 19050
0 3175
3229 3175
fi=(71)
20 3175
fe=(64)
+46 3175
fi=(10)
898 3175
fi=(19)
1915 3175
fi=(36)
900 3175
fe=(64)
70 175

fn=(5152) ml_dsa::vecops::add_vec
51 9
fi=(59)
+12 3
cob=(2)
cfi=(2)
cfn=(4642)
calls=2 -63 
* 6163
-63 2
fe=(64)
55 3
fi=(70)
3228 8
0 1
3229 1
fi=(71)
20 1
fe=(64)
+35 3
fi=(70)
3228 2
fe=(64)
55 1
fi=(70)
3228 6
0 1
3229 1
fi=(71)
20 1
fe=(64)
+35 1
fi=(10)
898 1
fi=(19)
1915 1
fi=(36)
900 1
fe=(64)
55 381
fi=(70)
3228 1016
0 127
3229 127
fi=(71)
20 127
fe=(64)
+35 381
fi=(70)
3228 254
fe=(64)
55 127
fi=(70)
3228 762
0 127
3229 127
fi=(71)
20 127
fe=(64)
+35 127
fi=(10)
898 127
fi=(19)
1915 127
fi=(36)
900 127
0 2
fe=(64)
55 3
fi=(70)
3228 8
0 1
3229 1
fi=(71)
20 1
fe=(64)
+35 3
fi=(70)
3228 2
fe=(64)
55 1
fi=(70)
3228 6
0 1
3229 1
fi=(71)
20 1
fe=(64)
+35 1
fi=(10)
898 1
fi=(19)
1915 1
fi=(36)
900 1
fe=(64)
55 381
fi=(70)
3228 1016
0 127
3229 127
fi=(71)
20 127
fe=(64)
+35 381
fi=(70)
3228 254
fe=(64)
55 127
fi=(70)
3228 762
0 127
3229 127
fi=(71)
20 127
fe=(64)
+35 127
fi=(10)
898 127
fi=(19)
1915 127
fi=(36)
900 127
0 2
fe=(64)
55 3
fi=(70)
3228 8
0 1
3229 1
fi=(71)
20 1
fe=(64)
+35 3
fi=(70)
3228 2
fe=(64)
55 1
fi=(70)
3228 6
0 1
3229 1
fi=(71)
20 1
fe=(64)
+35 1
fi=(10)
898 1
fi=(19)
1915 1
fi=(36)
900 1
fe=(64)
55 381
fi=(70)
3228 1016
0 127
3229 127
fi=(71)
20 127
fe=(64)
+35 381
fi=(70)
3228 254
fe=(64)
55 127
fi=(70)
3228 762
0 127
3229 127
fi=(71)
20 127
fe=(64)
+35 127
fi=(10)
898 127
fi=(19)
1915 127
fi=(36)
900 127
0 2
fe=(64)
55 3
fi=(70)
3228 8
0 1
3229 1
fi=(71)
20 1
fe=(64)
+35 3
fi=(70)
3228 2
fe=(64)
55 1
fi=(70)
3228 6
0 1
3229 1
fi=(71)
20 1
fe=(64)
+35 1
fi=(10)
898 1
fi=(19)
1915 1
fi=(36)
900 1
fe=(64)
55 381
fi=(70)
3228 1016
0 127
3229 127
fi=(71)
20 127
fe=(64)
+35 381
fi=(70)
3228 254
fe=(64)
55 127
fi=(70)
3228 762
0 127
3229 127
fi=(71)
20 127
fe=(64)
+35 127
fi=(10)
898 127
fi=(19)
1915 127
fi=(36)
900 127
0 2
fe=(64)
55 3
fi=(70)
3228 8
0 1
3229 1
fi=(71)
20 1
fe=(64)
+35 3
fi=(70)
3228 2
fe=(64)
55 1
fi=(70)
3228 6
0 1
3229 1
fi=(71)
20 1
fe=(64)
+35 1
fi=(10)
898 1
fi=(19)
1915 1
fi=(36)
900 1
fe=(64)
55 381
fi=(70)
3228 1016
0 127
3229 127
fi=(71)
20 127
fe=(64)
+35 381
fi=(70)
3228 254
fe=(64)
55 127
fi=(70)
3228 762
0 127
3229 127
fi=(71)
20 127
fe=(64)
+35 127
fi=(10)
898 127
fi=(19)
1915 127
fi=(36)
900 127
0 2
fe=(64)
55 3
fi=(70)
3228 8
0 1
3229 1
fi=(71)
20 1
fe=(64)
+35 3
fi=(70)
3228 2
fe=(64)
55 1
fi=(70)
3228 6
0 1
3229 1
fi=(71)
20 1
fe=(64)
+35 1
fi=(10)
898 1
fi=(19)
1915 1
fi=(36)
900 1
fe=(64)
55 381
fi=(70)
3228 1016
0 127
3229 127
fi=(71)
20 127
fe=(64)
+35 381
fi=(70)
3228 254
fe=(64)
55 127
fi=(70)
3228 762
0 127
3229 127
fi=(71)
20 127
fe=(64)
+35 127
fi=(10)
898 127
fi=(19)
1915 127
fi=(36)
900 127
fe=(64)
59 7
-8 216
fi=(59)
+12 72
cob=(2)
cfi=(2)
cfn=(4642)
calls=24 -63 
* 123336
-63 48
fe=(64)
55 72
fi=(70)
3228 192
0 24
3229 24
fi=(71)
20 24
fe=(64)
+35 72
fi=(70)
3228 48
fe=(64)
55 24
fi=(70)
3228 144
0 24
3229 24
fi=(71)
20 24
fe=(64)
+35 24
fi=(10)
898 24
fi=(19)
1915 24
fi=(36)
900 24
fe=(64)
55 9144
fi=(70)
3228 24384
0 3048
3229 3048
fi=(71)
20 3048
fe=(64)
+35 9144
fi=(70)
3228 6096
fe=(64)
55 3048
fi=(70)
3228 18288
0 3048
3229 3048
fi=(71)
20 3048
fe=(64)
+35 3048
fi=(10)
898 3048
fi=(19)
1915 3048
fi=(36)
900 3048
0 48
fe=(64)
55 72
fi=(70)
3228 192
0 24
3229 24
fi=(71)
20 24
fe=(64)
+35 72
fi=(70)
3228 48
fe=(64)
55 24
fi=(70)
3228 144
0 24
3229 24
fi=(71)
20 24
fe=(64)
+35 24
fi=(10)
898 24
fi=(19)
1915 24
fi=(36)
900 24
fe=(64)
55 9144
fi=(70)
3228 24384
0 3048
3229 3048
fi=(71)
20 3048
fe=(64)
+35 9144
fi=(70)
3228 6096
fe=(64)
55 3048
fi=(70)
3228 18288
0 3048
3229 3048
fi=(71)
20 3048
fe=(64)
+35 3048
fi=(10)
898 3048
fi=(19)
1915 3048
fi=(36)
900 3048
0 48
fe=(64)
55 72
fi=(70)
3228 192
0 24
3229 24
fi=(71)
20 24
fe=(64)
+35 72
fi=(70)
3228 48
fe=(64)
55 24
fi=(70)
3228 144
0 24
3229 24
fi=(71)
20 24
fe=(64)
+35 24
fi=(10)
898 24
fi=(19)
1915 24
fi=(36)
900 24
fe=(64)
55 9144
fi=(70)
3228 24384
0 3048
3229 3048
fi=(71)
20 3048
fe=(64)
+35 9144
fi=(70)
3228 6096
fe=(64)
55 3048
fi=(70)
3228 18288
0 3048
3229 3048
fi=(71)
20 3048
fe=(64)
+35 3048
fi=(10)
898 3048
fi=(19)
1915 3048
fi=(36)
900 3048
0 48
fe=(64)
55 72
fi=(70)
3228 192
0 24
3229 24
fi=(71)
20 24
fe=(64)
+35 72
fi=(70)
3228 48
fe=(64)
55 24
fi=(70)
3228 144
0 24
3229 24
fi=(71)
20 24
fe=(64)
+35 24
fi=(10)
898 24
fi=(19)
1915 24
fi=(36)
900 24
fe=(64)
55 9144
fi=(70)
3228 24384
0 3048
3229 3048
fi=(71)
20 3048
fe=(64)
+35 9144
fi=(70)
3228 6096
fe=(64)
55 3048
fi=(70)
3228 18288
0 3048
3229 3048
fi=(71)
20 3048
fe=(64)
+35 3048
fi=(10)
898 3048
fi=(19)
1915 3048
fi=(36)
900 3048
0 48
fe=(64)
55 72
fi=(70)
3228 192
0 24
3229 24
fi=(71)
20 24
fe=(64)
+35 72
fi=(70)
3228 48
fe=(64)
55 24
fi=(70)
3228 144
0 24
3229 24
fi=(71)
20 24
fe=(64)
+35 24
fi=(10)
898 24
fi=(19)
1915 24
fi=(36)
900 24
fe=(64)
55 9144
fi=(70)
3228 24384
0 3048
3229 3048
fi=(71)
20 3048
fe=(64)
+35 9144
fi=(70)
3228 6096
fe=(64)
55 3048
fi=(70)
3228 18288
0 3048
3229 3048
fi=(71)
20 3048
fe=(64)
+35 3048
fi=(10)
898 3048
fi=(19)
1915 3048
fi=(36)
900 3048
fe=(64)
59 168

fn=(5474) ml_dsa::vecops::low_bits_vec
116 216
fi=(59)
-84 72
cob=(2)
cfi=(2)
cfn=(4642)
calls=24 -32 
* 1872
-32 120
fi=(66)
148 24
fi=(70)
3228 528
+1 96
-1 408
fi=(71)
64 96
fi=(66)
-32 72
148 24
fi=(10)
898 24
fi=(36)
+2 48
fi=(66)
148 1512
fi=(70)
3228 33264
+1 6048
-1 25704
fi=(71)
64 6048
fi=(66)
-32 4536
148 1512
fi=(10)
898 1512
fi=(36)
+2 3024
0 24
fe=(64)
119 96
cob=(2)
cfi=(2)
cfn=(4260)
calls=24 0 
* 3000
0 24
fi=(59)
32 96
cob=(2)
cfi=(2)
cfn=(4642)
calls=24 -32 
* 1872
* 168
-32 24
fi=(66)
148 24
fi=(70)
3228 528
+1 96
-1 408
fi=(71)
64 96
fi=(66)
-32 72
148 1536
fi=(70)
3228 33264
+1 6048
-1 25704
fi=(71)
64 6048
fi=(66)
-32 4536
148 1512
fi=(10)
898 1512
fi=(36)
+2 3024
fi=(10)
-2 24
fi=(36)
+2 48
fe=(64)
119 120
cob=(2)
cfi=(2)
cfn=(4260)
calls=24 0 
* 3000
0 24
fi=(59)
32 96
cob=(2)
cfi=(2)
cfn=(4642)
calls=24 -32 
* 1872
* 168
-32 24
fi=(66)
148 24
fi=(70)
3228 528
+1 96
-1 408
fi=(71)
64 96
fi=(66)
-32 72
148 1536
fi=(70)
3228 33264
+1 6048
-1 25704
fi=(71)
64 6048
fi=(66)
-32 4536
148 1512
fi=(10)
898 1512
fi=(36)
+2 3024
fi=(10)
-2 24
fi=(36)
+2 48
fe=(64)
119 120
cob=(2)
cfi=(2)
cfn=(4260)
calls=24 0 
* 3000
0 24
fi=(59)
32 96
cob=(2)
cfi=(2)
cfn=(4642)
calls=24 -32 
* 1872
* 168
-32 24
fi=(66)
148 24
fi=(70)
3228 528
+1 96
-1 408
fi=(71)
64 96
fi=(66)
-32 72
148 1536
fi=(70)
3228 33264
+1 6048
-1 25704
fi=(71)
64 6048
fi=(66)
-32 4536
148 1512
fi=(10)
898 1512
fi=(36)
+2 3024
fi=(10)
-2 24
fi=(36)
+2 48
fe=(64)
119 120
cob=(2)
cfi=(2)
cfn=(4260)
calls=24 0 
* 3000
0 24
fi=(59)
32 96
cob=(2)
cfi=(2)
cfn=(4642)
calls=24 -32 
* 1872
* 168
-32 24
fi=(66)
148 24
fi=(70)
3228 528
+1 96
-1 408
fi=(71)
64 96
fi=(66)
-32 72
148 1536
fi=(70)
3228 33264
+1 6048
-1 25704
fi=(71)
64 6048
fi=(66)
-32 4536
148 1512
fi=(10)
898 1512
fi=(36)
+2 3024
fi=(10)
-2 24
fi=(36)
+2 48
fe=(64)
119 120
cob=(2)
cfi=(2)
cfn=(4260)
calls=24 0 
* 3000
0 24
fi=(59)
32 96
cob=(2)
cfi=(2)
cfn=(4642)
calls=24 -32 
* 1872
* 168
-32 24
fi=(66)
148 24
fi=(70)
3228 528
+1 96
-1 408
fi=(71)
64 96
fi=(66)
-32 72
148 1536
fi=(70)
3228 33264
+1 6048
-1 25704
fi=(71)
64 6048
fi=(66)
-32 4536
148 1512
fi=(10)
898 1512
fi=(36)
+2 3024
fi=(10)
-2 24
fi=(36)
+2 48
fe=(64)
119 120
cob=(2)
cfi=(2)
cfn=(4260)
calls=24 0 
* 3000
+3 168

fl=(69)
fn=(5312)
36 8
fi=(32) /rustc/ac68faa20c58cbccd01ee7208bf3b6e93a7d7f96/library/core/src/fmt/mod.rs
-36 146
fe=(69)
42 1
cfi=(67) /home/rick/unl/king's/thesis/ml-dsa/ml-dsa/src/serdes.rs
cfn=(5316) ml_dsa::serdes::sk_decode
calls=1 +57 
* 670497
fi=(26) /rustc/ac68faa20c58cbccd01ee7208bf3b6e93a7d7f96/library/core/src/result.rs
1183 2
0 1
1184 3
0 1
1184 3
cob=(2)
cfi=(2)
cfn=(4260)
calls=1 0 
* 17568
fe=(69)
41 18
-41 1
41 3
cob=(2)
cfi=(2)
cfn=(4260)
calls=1 -41 
* 509
* 5
cob=(2)
cfi=(2)
cfn=(4260)
calls=1 -41 
* 603
* 5
cob=(2)
cfi=(2)
cfn=(4260)
calls=1 -41 
* 605
fi=(64)
-23 2
-18 1
18 3
cfi=(63) /home/rick/unl/king's/thesis/ml-dsa/ml-dsa/src/ntt.rs
cfn=(5128) ml_dsa::ntt::ntt
calls=1 +59 
* 55208
* 4
cob=(2)
cfi=(2)
cfn=(4260)
calls=1 -18 
* 123
* 3
cfi=(63)
cfn=(5128)
calls=1 +59 
* 55208
* 4
cob=(2)
cfi=(2)
cfn=(4260)
calls=1 -18 
* 125
* 3
cfi=(63)
cfn=(5128)
calls=1 +59 
* 55208
* 4
cob=(2)
cfi=(2)
cfn=(4260)
calls=1 -18 
* 125
* 3
cfi=(63)
cfn=(5128)
calls=1 +59 
* 55208
* 4
cob=(2)
cfi=(2)
cfn=(4260)
calls=1 -18 
* 125
* 3
cfi=(63)
cfn=(5128)
calls=1 +59 
* 55208
* 4
cob=(2)
cfi=(2)
cfn=(4260)
calls=1 -18 
* 123
-18 1
18 3
cfi=(63)
cfn=(5128)
calls=1 +59 
* 55208
* 4
cob=(2)
cfi=(2)
cfn=(4260)
calls=1 -18 
* 125
* 3
cfi=(63)
cfn=(5128)
calls=1 +59 
* 55208
* 4
cob=(2)
cfi=(2)
cfn=(4260)
calls=1 -18 
* 123
* 3
cfi=(63)
cfn=(5128)
calls=1 +59 
* 55208
* 4
cob=(2)
cfi=(2)
cfn=(4260)
calls=1 -18 
* 125
* 3
cfi=(63)
cfn=(5128)
calls=1 +59 
* 55208
* 4
cob=(2)
cfi=(2)
cfn=(4260)
calls=1 -18 
* 125
* 3
cfi=(63)
cfn=(5128)
calls=1 +59 
* 55208
* 4
cob=(2)
cfi=(2)
cfn=(4260)
calls=1 -18 
* 125
* 3
cfi=(63)
cfn=(5128)
calls=1 +59 
* 55208
* 4
cob=(2)
cfi=(2)
cfn=(4260)
calls=1 -18 
* 123
-18 1
18 3
cfi=(63)
cfn=(5128)
calls=1 +59 
* 55208
* 4
cob=(2)
cfi=(2)
cfn=(4260)
calls=1 -18 
* 125
* 3
cfi=(63)
cfn=(5128)
calls=1 +59 
* 55208
* 4
cob=(2)
cfi=(2)
cfn=(4260)
calls=1 -18 
* 125
* 3
cfi=(63)
cfn=(5128)
calls=1 +59 
* 55208
* 4
cob=(2)
cfi=(2)
cfn=(4260)
calls=1 -18 
* 125
* 3
cfi=(63)
cfn=(5128)
calls=1 +59 
* 55208
* 4
cob=(2)
cfi=(2)
cfn=(4260)
calls=1 -18 
* 123
* 3
cfi=(63)
cfn=(5128)
calls=1 +59 
* 55208
* 4
cob=(2)
cfi=(2)
cfn=(4260)
calls=1 -18 
* 125
* 3
cfi=(63)
cfn=(5128)
calls=1 +59 
* 55208
* 4
cob=(2)
cfi=(2)
cfn=(4260)
calls=1 -18 
* 125
* 2
fe=(69)
+28 1
cfi=(58)
cfn=(5058)
calls=1 -30 
* 1741814
fi=(57)
-29 14
fi=(50)
+59 9
fi=(48)
-53 1
fe=(69)
+27 6
cfi=(48)
cfn=(4986)
calls=1 -24 
* 44
+1 4
cfi=(48)
cfn=(4986)
calls=1 -25 
* 45
fi=(57)
-34 1
fe=(69)
+35 5
+1 4
cob=(2)
cfi=(2)
cfn=(4260)
calls=1 -53 
* 65
* 5
cfi=(48)
cfn=(5012)
calls=1 -23 
* 6405
* 6
cfi=(48)
cfn=(5108) ml_dsa::hash::HReader::squeeze
calls=1 -16 
* 6288
fi=(57)
-36 14
fi=(50)
+59 9
fi=(48)
-53 3
fe=(69)
+34 3
cfi=(48)
cfn=(4986)
calls=1 -31 
* 44
+1 4
cfi=(48)
cfn=(4986)
calls=1 -32 
* 44
+1 4
cfi=(48)
cfn=(4986)
calls=1 -33 
* 44
fi=(57)
-42 1
fe=(69)
+43 5
+1 4
cob=(2)
cfi=(2)
cfn=(4260)
calls=1 -61 
* 65
* 4
cfi=(48)
cfn=(5012)
calls=1 -31 
* 6406
* 4
cfi=(48)
cfn=(5108)
calls=1 -24 
* 6288
* 3
-61 24
fi=(23)
128 92
cfi=(6)
cfn=(4970)
calls=23 0 
* 805
0 24
fe=(69)
68 120
cfi=(58)
cfn=(5370)
calls=24 -12 
* 16973316
fi=(63)
+10 96
cob=(2)
cfi=(2)
cfn=(4260)
calls=24 -78 
* 3000
* 24
-78 72
80 48
fi=(70)
3228 1056
+1 192
fi=(63)
80 1536
fi=(70)
3228 32736
+1 5952
fi=(63)
80 1488
fi=(54)
180 2304
fe=(69)
66 24
-66 96
fi=(63)
86 72
-86 24
88 24
-1 24
+1 24
fe=(69)
-88 168
fi=(63)
86 504
-86 168
88 168
-1 168
+1 6096
-1 5928
+1 30408
-88 6120
91 122880
fi=(70)
3228 221184
0 24576
3229 73728
fi=(63)
92 73728
fi=(70)
3228 196608
0 24576
3229 24576
fi=(71)
20 24576
fi=(63)
+73 24576
fi=(70)
3228 196608
0 24576
3229 24576
fi=(71)
20 24576
fi=(63)
+72 24576
+1 24576
+1 24576
-4 49152
+6 6120
-10 18360
+12 192
-14 192
+16 72
0 24
100 72
cob=(2)
cfi=(2)
cfn=(4260)
calls=24 0 
* 3000
fi=(64)
-82 96
cob=(2)
cfi=(2)
cfn=(4260)
calls=24 -18 
* 3000
fi=(63)
+60 96
cob=(2)
cfi=(2)
cfn=(4260)
calls=24 -78 
* 3000
* 72
+2 48
fi=(70)
3228 1056
+1 192
fi=(63)
80 48
fi=(54)
180 24
fi=(63)
80 1488
fi=(70)
3228 32736
+1 5952
fi=(63)
80 1488
fi=(54)
180 2280
0 96
fi=(63)
86 72
-86 24
88 24
-1 24
+1 24
fi=(54)
-88 168
fi=(63)
86 504
-86 168
88 168
-1 168
+1 6096
-1 5928
+1 30408
-88 6120
91 122880
fi=(70)
3228 221184
0 24576
3229 73728
fi=(63)
92 73728
fi=(70)
3228 196608
0 24576
3229 24576
fi=(71)
20 24576
fi=(63)
+73 24576
fi=(70)
3228 196608
0 24576
3229 24576
fi=(71)
20 24576
fi=(63)
+72 24576
+1 24576
+1 24576
-4 49152
+6 6120
-10 12240
+12 192
-14 192
+16 72
0 24
100 72
cob=(2)
cfi=(2)
cfn=(4260)
calls=24 0 
* 3000
fi=(64)
-82 96
cob=(2)
cfi=(2)
cfn=(4260)
calls=24 -18 
* 3000
fi=(63)
+60 96
cob=(2)
cfi=(2)
cfn=(4260)
calls=24 -78 
* 3000
* 72
-78 24
80 48
fi=(70)
3228 1056
+1 192
fi=(63)
80 1536
fi=(70)
3228 32736
+1 5952
fi=(63)
80 1488
fi=(54)
180 2304
0 96
fi=(63)
86 72
-86 24
88 24
-1 24
+1 24
fi=(54)
-88 168
fi=(63)
86 504
-86 168
88 168
-1 168
+1 6096
-1 5928
+1 30408
-88 6120
91 122880
fi=(70)
3228 221184
0 24576
3229 73728
fi=(63)
92 73728
fi=(70)
3228 196608
0 24576
3229 24576
fi=(71)
20 24576
fi=(63)
+73 24576
fi=(70)
3228 196608
0 24576
3229 24576
fi=(71)
20 24576
fi=(63)
+72 24576
+1 24576
+1 24576
-4 49152
+6 6120
-10 12240
+12 192
-14 192
+16 72
0 24
100 72
cob=(2)
cfi=(2)
cfn=(4260)
calls=24 0 
* 3000
fi=(64)
-82 96
cob=(2)
cfi=(2)
cfn=(4260)
calls=24 -18 
* 2952
fi=(63)
+60 96
cob=(2)
cfi=(2)
cfn=(4260)
calls=24 -78 
* 3000
* 72
-78 24
80 48
fi=(70)
3228 1056
+1 192
fi=(63)
80 1536
fi=(70)
3228 32736
+1 5952
fi=(63)
80 1488
fi=(54)
180 2304
0 96
fi=(63)
86 72
-86 24
88 24
-1 24
+1 24
fi=(54)
-88 168
fi=(63)
86 504
-86 168
88 168
-1 168
+1 6096
-1 5928
+1 30408
-88 6120
91 122880
fi=(70)
3228 221184
0 24576
3229 73728
fi=(63)
92 73728
fi=(70)
3228 196608
0 24576
3229 24576
fi=(71)
20 24576
fi=(63)
+73 24576
fi=(70)
3228 196608
0 24576
3229 24576
fi=(71)
20 24576
fi=(63)
+72 24576
+1 24576
+1 24576
-4 49152
+6 6120
-10 12240
+12 192
-14 192
+16 72
0 24
100 72
cob=(2)
cfi=(2)
cfn=(4260)
calls=24 0 
* 3000
fi=(64)
-82 96
cob=(2)
cfi=(2)
cfn=(4260)
calls=24 -18 
* 3000
fi=(63)
+60 96
cob=(2)
cfi=(2)
cfn=(4260)
calls=24 -78 
* 3000
* 72
-78 24
80 48
fi=(70)
3228 1056
+1 192
fi=(63)
80 1536
fi=(70)
3228 32736
+1 5952
fi=(63)
80 1488
fi=(54)
180 2304
0 96
fi=(63)
86 72
-86 24
88 24
-1 24
+1 24
fi=(54)
-88 168
fi=(63)
86 504
-86 168
88 168
-1 168
+1 6096
-1 5928
+1 30408
-88 6120
91 122880
fi=(70)
3228 221184
0 24576
3229 73728
fi=(63)
92 73728
fi=(70)
3228 196608
0 24576
3229 24576
fi=(71)
20 24576
fi=(63)
+73 24576
fi=(70)
3228 196608
0 24576
3229 24576
fi=(71)
20 24576
fi=(63)
+72 24576
+1 24576
+1 24576
-4 49152
+6 6120
-10 12240
+12 192
-14 192
+16 72
0 24
100 72
cob=(2)
cfi=(2)
cfn=(4260)
calls=24 0 
* 3000
fi=(64)
-82 96
cob=(2)
cfi=(2)
cfn=(4260)
calls=24 -18 
* 3000
* 24
fe=(69)
+51 96
cfi=(65)
cfn=(5140)
calls=24 -20 
* 6460752
fi=(64)
-42 96
cfi=(63)
cfn=(5148) ml_dsa::ntt::inv_ntt
calls=24 +77 
* 1524600
* 120
cob=(2)
cfi=(2)
cfn=(4260)
calls=24 -27 
* 3000
* 72
cfi=(63)
cfn=(5148)
calls=24 +77 
* 1524600
* 96
cob=(2)
cfi=(2)
cfn=(4260)
calls=24 -27 
* 3000
* 72
cfi=(63)
cfn=(5148)
calls=24 +77 
* 1524600
* 96
cob=(2)
cfi=(2)
cfn=(4260)
calls=24 -27 
* 2952
* 72
cfi=(63)
cfn=(5148)
calls=24 +77 
* 1524600
* 96
cob=(2)
cfi=(2)
cfn=(4260)
calls=24 -27 
* 3000
* 72
cfi=(63)
cfn=(5148)
calls=24 +77 
* 1524600
* 96
cob=(2)
cfi=(2)
cfn=(4260)
calls=24 -27 
* 3000
* 72
cfi=(63)
cfn=(5148)
calls=24 +77 
* 1524600
* 96
cob=(2)
cfi=(2)
cfn=(4260)
calls=24 -27 
* 3000
* 24
fe=(69)
+43 72
cfi=(64)
cfn=(5392)
calls=24 +37 
* 695784
fi=(57)
-53 360
fi=(50)
+59 216
fi=(48)
-53 24
fe=(69)
+51 144
cfi=(48)
cfn=(4986)
calls=24 -48 
* 1056
+1 72
cfi=(67)
cfn=(5400) ml_dsa::serdes::w1_encode
calls=24 +93 
* 8043686
fi=(34)
614 24
fi=(35)
1840 24
fe=(69)
75 72
cfi=(48)
cfn=(4986)
calls=24 -49 
* 894504
fi=(34)
424 24
634 48
fi=(23)
128 72
cfi=(6)
cfn=(4970)
calls=24 0 
* 1713
fi=(51) /home/rick/.cargo/registry/src/index.crates.io-1949cf8c6b5b557f/digest-0.10.7/src/core_api/wrapper.rs
+75 120
cob=(2)
cfi=(2)
cfn=(4260)
calls=24 0 
* 720
* 120
cob=(2)
cfi=(2)
cfn=(4260)
calls=24 0 
* 720
fi=(50)
-7 24
fi=(49)
-95 48
fi=(54)
+79 48
fi=(50)
+8 48
cob=(2)
cfi=(2)
cfn=(4642)
calls=24 0 
* 456
fi=(52) /home/rick/.cargo/registry/src/index.crates.io-1949cf8c6b5b557f/sha3-0.10.9/src/macros.rs
-49 24
+2 24
fi=(57)
-95 576
fi=(26)
1718 24
fi=(57)
46 24
+3 72
cfi=(53)
cfn=(5022)
calls=24 166 
* 147792
-41 120
cob=(2)
cfi=(2)
cfn=(4260)
calls=24 -8 
* 720
+9 24
fi=(50)
+59 216
fi=(48)
-45 120
cob=(2)
cfi=(2)
cfn=(4260)
calls=24 -31 
* 1560
fi=(34)
-31 24
cfi=(6)
cfn=(4864)
calls=24 0 
0 24
fi=(23)
198 72
cfi=(6)
cfn=(5038)
calls=24 0 
* 1878
0 24
fi=(34)
469 48
fi=(61)
41 24
fi=(50)
196 48
+62 24
fi=(18)
0 72
fi=(50)
271 96
cfi=(14)
cfn=(5442) <digest::core_api::xof_reader::XofReaderCoreWrapper<T> as digest::XofReader>::read::{{closure}}
calls=24 1717 
* 72
+3 48
fi=(57)
17 24
fi=(18)
1721 216
fi=(50)
276 96
cfi=(14)
cfn=(5442)
calls=24 1717 
* 150288
fi=(18)
552 96
cob=(2)
cfi=(2)
cfn=(4260)
calls=24 0 
* 288
fe=(69)
77 96
cfi=(60)
cfn=(5450) ml_dsa::sample::sample_in_ball
calls=24 -61 
* 411278
fi=(63)
+1 96
cob=(2)
cfi=(2)
cfn=(4260)
calls=24 -78 
* 3000
* 24
-78 72
80 48
fi=(70)
3228 1056
+1 192
fi=(63)
80 1536
fi=(70)
3228 32736
+1 5952
fi=(63)
80 1488
fi=(54)
180 2304
0 96
fi=(63)
86 72
-86 24
88 24
-1 24
+1 24
fi=(54)
-88 168
fi=(63)
86 504
-86 168
88 168
-1 168
+1 6096
-1 5928
+1 30408
-88 6120
91 122880
fi=(70)
3228 221184
0 24576
3229 73728
fi=(63)
92 73728
fi=(70)
3228 196608
0 24576
3229 24576
fi=(71)
20 24576
fi=(63)
+73 24576
fi=(70)
3228 196608
0 24576
3229 24576
fi=(71)
20 24576
fi=(63)
+72 24576
+1 24576
+1 24576
-4 49152
+6 6120
-10 12240
+12 192
-14 192
+16 144
cob=(2)
cfi=(2)
cfn=(4260)
calls=24 0 
* 3000
fe=(69)
-19 120
cfi=(65)
cfn=(5462)
calls=24 -41 
* 607296
* 24
fi=(64)
-54 72
cfi=(63)
cfn=(5148)
calls=24 +77 
* 1524600
* 96
cob=(2)
cfi=(2)
cfn=(4260)
calls=24 -27 
* 2952
* 72
cfi=(63)
cfn=(5148)
calls=24 +77 
* 1524600
* 96
cob=(2)
cfi=(2)
cfn=(4260)
calls=24 -27 
* 3000
* 72
cfi=(63)
cfn=(5148)
calls=24 +77 
* 1524600
* 96
cob=(2)
cfi=(2)
cfn=(4260)
calls=24 -27 
* 3000
* 72
cfi=(63)
cfn=(5148)
calls=24 +77 
* 1524600
* 96
cob=(2)
cfi=(2)
cfn=(4260)
calls=24 -27 
* 3000
* 72
cfi=(63)
cfn=(5148)
calls=24 +77 
* 1524600
* 96
cob=(2)
cfi=(2)
cfn=(4260)
calls=24 -27 
* 2952
fe=(69)
+55 96
cfi=(65)
cfn=(5462)
calls=24 -42 
* 738384
fi=(64)
-55 72
cfi=(63)
cfn=(5148)
calls=24 +77 
* 1524600
* 96
cob=(2)
cfi=(2)
cfn=(4260)
calls=24 -27 
* 2952
* 72
cfi=(63)
cfn=(5148)
calls=24 +77 
* 1524600
* 96
cob=(2)
cfi=(2)
cfn=(4260)
calls=24 -27 
* 3000
* 72
cfi=(63)
cfn=(5148)
calls=24 +77 
* 1524600
* 96
cob=(2)
cfi=(2)
cfn=(4260)
calls=24 -27 
* 3000
* 72
cfi=(63)
cfn=(5148)
calls=24 +77 
* 1524600
* 96
cob=(2)
cfi=(2)
cfn=(4260)
calls=24 -27 
* 3000
* 72
cfi=(63)
cfn=(5148)
calls=24 +77 
* 1524600
* 96
cob=(2)
cfi=(2)
cfn=(4260)
calls=24 -27 
* 2952
* 72
cfi=(63)
cfn=(5148)
calls=24 +77 
* 1524600
* 96
cob=(2)
cfi=(2)
cfn=(4260)
calls=24 -27 
* 3000
fe=(69)
+56 96
cfi=(64)
cfn=(5152)
calls=24 -32 
* 630912
+1 96
cfi=(64)
cfn=(5468)
calls=24 -22 
* 756912
* 72
cfi=(64)
cfn=(5474)
calls=24 +32 
* 538968
-84 216
fi=(64)
153 48
fi=(70)
3228 1056
+1 120
fi=(64)
153 1488
fi=(70)
3228 32736
+1 5952
fi=(71)
64 4464
fi=(70)
3229 72
fi=(71)
64 240
fi=(70)
3608 192
fi=(64)
154 432
fi=(36)
900 72
fi=(71)
64 2976
fi=(70)
3608 5952
fi=(64)
154 13392
fi=(36)
900 2928
0 24
fi=(64)
153 48
fi=(70)
3228 672
fi=(64)
153 1488
fi=(70)
3228 32736
+1 5952
fi=(71)
64 4464
fi=(70)
3228 384
+1 192
fi=(71)
64 240
fi=(70)
3608 192
fi=(64)
154 432
fi=(71)
-90 2976
fi=(70)
3608 5952
fi=(64)
154 13392
fi=(36)
900 3000
0 24
fi=(64)
153 48
fi=(70)
3228 672
fi=(64)
153 1488
fi=(70)
3228 32736
+1 5952
fi=(71)
64 4464
fi=(70)
3228 384
+1 192
fi=(71)
64 240
fi=(70)
3608 192
fi=(64)
154 432
fi=(71)
-90 2976
fi=(70)
3608 5952
fi=(64)
154 13392
fi=(36)
900 3000
0 24
fi=(64)
153 48
fi=(70)
3228 672
fi=(64)
153 1488
fi=(70)
3228 32736
+1 5952
fi=(71)
64 4464
fi=(70)
3228 384
+1 192
fi=(71)
64 240
fi=(70)
3608 192
fi=(64)
154 432
fi=(71)
-90 2976
fi=(70)
3608 5952
fi=(64)
154 13392
fi=(36)
900 3000
0 24
fi=(64)
153 48
fi=(70)
3228 672
fi=(64)
153 1488
fi=(70)
3228 32736
+1 5952
fi=(71)
64 4464
fi=(70)
3228 384
+1 192
fi=(71)
64 240
fi=(70)
3608 192
fi=(64)
154 432
fi=(71)
-90 2976
fi=(70)
3608 5952
fi=(64)
154 13392
fi=(36)
900 2952
fe=(69)
87 62
cfi=(64)
cfn=(5496)
calls=7 +62 
* 126294
* 14
+6 4
cfi=(65)
cfn=(5462)
calls=1 -53 
* 30766
fi=(64)
-66 3
cfi=(63)
cfn=(5148)
calls=1 +77 
* 63525
* 4
cob=(2)
cfi=(2)
cfn=(4260)
calls=1 -27 
* 125
* 3
cfi=(63)
cfn=(5148)
calls=1 +77 
* 63525
* 4
cob=(2)
cfi=(2)
cfn=(4260)
calls=1 -27 
* 125
* 3
cfi=(63)
cfn=(5148)
calls=1 +77 
* 63525
* 4
cob=(2)
cfi=(2)
cfn=(4260)
calls=1 -27 
* 123
* 3
cfi=(63)
cfn=(5148)
calls=1 +77 
* 63525
* 4
cob=(2)
cfi=(2)
cfn=(4260)
calls=1 -27 
* 125
* 3
cfi=(63)
cfn=(5148)
calls=1 +77 
* 63525
* 4
cob=(2)
cfi=(2)
cfn=(4260)
calls=1 -27 
* 125
* 3
cfi=(63)
cfn=(5148)
calls=1 +77 
* 63525
* 4
cob=(2)
cfi=(2)
cfn=(4260)
calls=1 -27 
* 125
fe=(69)
+67 4
cfi=(64)
cfn=(5468)
calls=1 -32 
* 31538
* 4
cfi=(64)
cfn=(5152)
calls=1 -43 
* 31538
fi=(59)
-31 4
cob=(2)
cfi=(2)
cfn=(4642)
calls=1 -63 
* 6163
* 1
fi=(57)
-46 3
fi=(64)
+60 2
fi=(70)
3228 44
+1 8
fi=(64)
77 64
fi=(70)
3228 1364
+1 248
fi=(64)
77 62
fi=(36)
900 96
0 2
fi=(64)
77 2
fi=(70)
3228 44
+1 8
fi=(64)
77 2
fi=(36)
900 2
fi=(64)
77 62
fi=(70)
3228 1364
+1 248
fi=(64)
77 62
fi=(36)
900 94
0 2
fi=(64)
77 2
fi=(70)
3228 44
+1 8
fi=(64)
77 2
fi=(36)
900 2
fi=(64)
77 62
fi=(70)
3228 1364
+1 248
fi=(64)
77 62
fi=(36)
900 94
0 2
fi=(64)
77 2
fi=(70)
3228 44
+1 8
fi=(64)
77 2
fi=(36)
900 2
fi=(64)
77 62
fi=(70)
3228 1364
+1 248
fi=(64)
77 62
fi=(36)
900 94
0 2
fi=(64)
77 2
fi=(70)
3228 44
+1 8
fi=(64)
77 2
fi=(36)
900 2
fi=(64)
77 62
fi=(70)
3228 1364
+1 248
fi=(64)
77 62
fi=(36)
900 94
0 2
fi=(64)
77 2
fi=(70)
3228 44
+1 8
fi=(64)
77 2
fi=(36)
900 2
fi=(64)
77 62
fi=(70)
3228 1364
+1 248
fi=(64)
77 62
fi=(36)
900 94
fe=(69)
95 4
cfi=(64)
cfn=(5508)
calls=1 +30 
* 56266
+3 2
cfi=(64)
cfn=(5496)
calls=1 +51 
* 18042
* 2
-98 3
fi=(57)
17 2
-17 1
fi=(64)
167 20
fi=(36)
900 3
fi=(64)
167 620
fi=(36)
900 99
0 1
fi=(64)
167 20
fi=(36)
900 3
fi=(64)
167 620
fi=(36)
900 99
0 1
fi=(64)
167 20
fi=(36)
900 3
fi=(64)
167 620
fi=(36)
900 99
0 1
fi=(64)
167 20
fi=(36)
900 3
fi=(64)
167 620
fi=(36)
900 99
0 1
fi=(64)
167 20
fi=(36)
900 3
fi=(64)
167 620
fi=(36)
900 99
0 1
fi=(64)
167 20
fi=(36)
900 3
fi=(64)
167 620
fi=(36)
900 97
fe=(69)
98 2
-98 2
104 2
cfi=(64)
cfn=(5518)
calls=1 -20 
* 16687
* 7
cfi=(67)
cfn=(5524) ml_dsa::serdes::sig_encode
calls=1 +29 
* 634990
* 7
fi=(23)
+24 4
cfi=(6)
cfn=(4970)
calls=1 0 
* 35
fe=(69)
-22 9

fl=(6)
fn=(4864)
0 38893

fn=(5296) __rustc::__rust_realloc
0 72
cfi=(24) /rustc/ac68faa20c58cbccd01ee7208bf3b6e93a7d7f96/library/std/src/alloc.rs
cfn=(5298) __rustc::__rdl_realloc
calls=76 467 
0 18512

fn=(5038)
0 38719
cfi=(24)
cfn=(5040) __rustc::__rdl_alloc_zeroed
calls=46186 482 
0 3072578

fn=(3874)
cob=(2)
cfi=(2)
cfn=(3876) (below main)
calls=1 0 
0 76115279

fn=(4970)
0 38892
cfi=(25)
cfn=(4972)
calls=46400 48 
0 1333812

fn=(3934) main
cfi=(8)
cfn=(3936)
calls=1 152 
0 76115279

fn=(4866)
0 174
cfi=(24)
cfn=(4868) __rustc::__rdl_alloc
calls=215 450 
0 11676

fl=(72) /home/rick/unl/king's/thesis/ml-dsa/ml-dsa/src/hint.rs
fn=(5534) ml_dsa::hint::hint_bit_pack
17 6
cfi=(6)
cfn=(4864)
calls=1 -17 
* 1
fi=(23)
198 3
cfi=(6)
cfn=(5038)
calls=1 0 
* 70
fi=(34)
469 2
0 6
fe=(72)
23 2
+1 2
-24 2
fi=(19)
1915 2
fi=(36)
900 2
fe=(72)
0 126
fi=(19)
1915 126
fi=(36)
900 126
fe=(72)
22 256
fi=(49)
278 6
fe=(72)
23 3
+1 3
-2 256
fi=(49)
278 4
fe=(72)
27 2
-27 8
23 7
+1 7
-24 7
fi=(19)
1915 7
fi=(36)
900 7
fe=(72)
0 121
fi=(19)
1915 121
fi=(36)
900 121
fe=(72)
22 256
fi=(49)
278 6
fe=(72)
23 3
+1 3
-2 256
fi=(49)
278 14
fe=(72)
27 2
-27 5
23 4
+1 4
-24 4
fi=(19)
1915 4
fi=(36)
900 4
fe=(72)
0 124
fi=(19)
1915 124
fi=(36)
900 124
fe=(72)
22 256
fi=(49)
278 4
fe=(72)
23 2
+1 2
-2 256
fi=(49)
278 8
fe=(72)
27 2
-27 5
23 4
+1 4
-24 4
fi=(19)
1915 4
fi=(36)
900 4
fe=(72)
0 124
fi=(19)
1915 124
fi=(36)
900 124
fe=(72)
22 256
fi=(49)
278 4
fe=(72)
23 2
+1 2
-2 256
fi=(49)
278 8
fe=(72)
27 2
-27 129
fi=(19)
1915 128
fi=(36)
900 128
fe=(72)
22 256
fi=(49)
278 12
fe=(72)
23 6
+1 6
-2 256
fi=(49)
278 6
0 3
fe=(72)
23 3
+1 3
-24 3
27 2
-27 4
23 3
+1 3
-24 3
fi=(19)
1915 3
fi=(36)
900 3
fe=(72)
0 125
fi=(19)
1915 125
fi=(36)
900 125
fe=(72)
22 256
fi=(49)
278 4
fe=(72)
23 2
+1 2
-2 256
fi=(49)
278 6
fe=(72)
27 1
+2 3
+1 5

fl=(67)
fn=(5316)
99 8
-99 34
102 2
fi=(18)
552 16
fi=(49)
89 1
fe=(67)
+27 10
cfi=(62)
cfn=(5320)
calls=1 +15 
* 22098
* 5
cob=(2)
cfi=(2)
cfn=(4260)
calls=1 0 
* 125
fi=(49)
-27 1
fe=(67)
+27 5
cfi=(62)
cfn=(5320)
calls=1 +15 
* 22098
* 4
cob=(2)
cfi=(2)
cfn=(4260)
calls=1 0 
* 125
fi=(49)
-27 1
fe=(67)
+27 5
cfi=(62)
cfn=(5320)
calls=1 +15 
* 22098
* 4
cob=(2)
cfi=(2)
cfn=(4260)
calls=1 0 
* 125
fi=(49)
-27 1
fe=(67)
+27 5
cfi=(62)
cfn=(5320)
calls=1 +15 
* 22098
* 4
cob=(2)
cfi=(2)
cfn=(4260)
calls=1 0 
* 123
fi=(49)
-27 1
fe=(67)
+27 5
cfi=(62)
cfn=(5320)
calls=1 +15 
* 22098
* 4
cob=(2)
cfi=(2)
cfn=(4260)
calls=1 0 
* 125
fi=(49)
-27 2
fe=(67)
+32 5
cfi=(62)
cfn=(5320)
calls=1 +10 
* 22098
* 5
cob=(2)
cfi=(2)
cfn=(4260)
calls=1 0 
* 125
fi=(49)
-32 1
fe=(67)
+32 5
cfi=(62)
cfn=(5320)
calls=1 +10 
* 22098
* 4
cob=(2)
cfi=(2)
cfn=(4260)
calls=1 0 
* 125
fi=(49)
-32 1
fe=(67)
+32 5
cfi=(62)
cfn=(5320)
calls=1 +10 
* 22098
* 4
cob=(2)
cfi=(2)
cfn=(4260)
calls=1 0 
* 123
fi=(49)
-32 1
fe=(67)
+32 5
cfi=(62)
cfn=(5320)
calls=1 +10 
* 22098
* 4
cob=(2)
cfi=(2)
cfn=(4260)
calls=1 0 
* 125
fi=(49)
-32 1
fe=(67)
+32 5
cfi=(62)
cfn=(5320)
calls=1 +10 
* 22098
* 4
cob=(2)
cfi=(2)
cfn=(4260)
calls=1 0 
* 125
fi=(49)
-32 1
fe=(67)
+32 5
cfi=(62)
cfn=(5320)
calls=1 +10 
* 22098
* 4
cob=(2)
cfi=(2)
cfn=(4260)
calls=1 0 
* 125
fi=(49)
-32 2
fe=(67)
+37 5
cfi=(62)
cfn=(5320)
calls=1 +5 
* 67633
* 5
cob=(2)
cfi=(2)
cfn=(4260)
calls=1 0 
* 123
fi=(49)
-37 1
fe=(67)
+37 5
cfi=(62)
cfn=(5320)
calls=1 +5 
* 67633
* 4
cob=(2)
cfi=(2)
cfn=(4260)
calls=1 0 
* 125
fi=(49)
-37 1
fe=(67)
+37 5
cfi=(62)
cfn=(5320)
calls=1 +5 
* 67633
* 4
cob=(2)
cfi=(2)
cfn=(4260)
calls=1 0 
* 125
fi=(49)
-37 1
fe=(67)
+37 5
cfi=(62)
cfn=(5320)
calls=1 +5 
* 67633
* 4
cob=(2)
cfi=(2)
cfn=(4260)
calls=1 0 
* 125
fi=(49)
-37 1
fe=(67)
+37 5
cfi=(62)
cfn=(5320)
calls=1 +5 
* 67633
* 4
cob=(2)
cfi=(2)
cfn=(4260)
calls=1 0 
* 123
fi=(49)
-37 1
fe=(67)
+37 7
cfi=(62)
cfn=(5320)
calls=1 +5 
* 67633
* 4
cob=(2)
cfi=(2)
cfn=(4260)
calls=1 0 
* 125
+3 4
cob=(2)
cfi=(2)
cfn=(4260)
calls=1 0 
* 509
* 5
cob=(2)
cfi=(2)
cfn=(4260)
calls=1 0 
* 603
* 4
cob=(2)
cfi=(2)
cfn=(4260)
calls=1 0 
* 605
* 4
cob=(2)
cfi=(2)
cfn=(4260)
calls=1 0 
* 17516
* 1
+1 1
0 1
130 9

fn=(5524)
133 13
cfi=(6)
cfn=(4864)
calls=1 0 
* 1
fi=(23)
-32 3
cfi=(6)
cfn=(4866)
calls=1 0 
* 142
fi=(34)
469 2
fi=(35)
977 4
fi=(34)
767 2
-94 1
0 1
fi=(35)
2907 2
fi=(20)
961 1
fi=(18)
552 3
cob=(2)
cfi=(2)
cfn=(4260)
calls=1 0 
* 12
fi=(35)
2912 2
0 1
fe=(67)
141 4
cfi=(62)
cfn=(5240)
calls=1 -32 
* 125659
fi=(34)
614 1
fi=(35)
1840 1
fi=(34)
619 1
fi=(10)
2548 1
fi=(34)
767 1
-94 1
fi=(35)
2907 2
fi=(20)
961 1
fi=(18)
552 3
cob=(2)
cfi=(2)
cfn=(4260)
calls=1 0 
* 89
fi=(35)
2912 2
fi=(34)
424 1
634 2
fi=(23)
128 3
cfi=(6)
cfn=(4970)
calls=1 0 
* 35
fe=(67)
+13 5
cfi=(62)
cfn=(5240)
calls=1 -32 
* 125659
fi=(34)
614 1
fi=(35)
1840 1
fi=(34)
619 1
fi=(10)
2548 1
fi=(34)
767 1
-94 1
fi=(35)
2907 2
fi=(20)
961 1
fi=(18)
552 3
cob=(2)
cfi=(2)
cfn=(4260)
calls=1 0 
* 89
fi=(35)
2912 2
fi=(34)
424 1
634 2
fi=(23)
128 3
cfi=(6)
cfn=(4970)
calls=1 0 
* 35
fe=(67)
+13 5
cfi=(62)
cfn=(5240)
calls=1 -32 
* 125659
fi=(34)
614 1
fi=(35)
1840 1
fi=(34)
619 1
fi=(10)
2548 1
fi=(34)
767 1
-94 1
fi=(35)
2907 2
fi=(20)
961 1
fi=(18)
552 3
cob=(2)
cfi=(2)
cfn=(4260)
calls=1 0 
* 89
fi=(35)
2912 2
fi=(34)
424 1
634 2
fi=(23)
128 3
cfi=(6)
cfn=(4970)
calls=1 0 
* 35
fe=(67)
+13 5
cfi=(62)
cfn=(5240)
calls=1 -32 
* 125659
fi=(34)
614 1
fi=(35)
1840 1
fi=(34)
619 1
fi=(10)
2548 1
fi=(34)
767 1
-94 1
fi=(35)
2907 2
fi=(20)
961 1
fi=(18)
552 3
cob=(2)
cfi=(2)
cfn=(4260)
calls=1 0 
* 89
fi=(35)
2912 2
fi=(34)
424 1
634 2
fi=(23)
128 3
cfi=(6)
cfn=(4970)
calls=1 0 
* 35
fe=(67)
+13 1
0 1
141 4
cfi=(62)
cfn=(5240)
calls=1 -32 
* 125659
fi=(34)
614 1
fi=(35)
1840 1
fi=(34)
619 1
fi=(10)
2548 1
fi=(34)
767 1
-94 1
fi=(35)
2907 2
fi=(20)
961 1
fi=(18)
552 3
cob=(2)
cfi=(2)
cfn=(4260)
calls=1 0 
* 89
fi=(35)
2912 2
fi=(34)
424 1
634 2
fi=(23)
128 3
cfi=(6)
cfn=(4970)
calls=1 0 
* 35
0 2
fe=(67)
143 1
cfi=(72)
cfn=(5534)
calls=1 17 
* 5676
fi=(34)
614 1
fi=(35)
1840 1
fi=(34)
619 1
fi=(10)
2548 1
fi=(34)
767 1
-94 1
fi=(35)
2907 2
fi=(20)
961 1
fi=(18)
552 4
cob=(2)
cfi=(2)
cfn=(4260)
calls=1 0 
* 12
fi=(35)
2912 2
fi=(34)
424 1
634 2
fi=(23)
128 3
cfi=(6)
cfn=(4970)
calls=1 0 
* 35
fe=(67)
+16 4
+1 9

fn=(5400)
168 216
fi=(35)
464 72
0 24
fe=(67)
171 48
cfi=(62)
cfn=(5174)
calls=25 -72 
* 1333272
fi=(34)
614 24
fi=(35)
1840 24
fi=(34)
767 24
-94 24
fi=(35)
2912 48
fi=(34)
424 24
634 48
fi=(23)
128 72
cfi=(6)
cfn=(4970)
calls=25 0 
* 840
fe=(67)
+43 96
cfi=(62)
cfn=(5174)
calls=25 -72 
* 1333272
fi=(34)
614 24
fi=(35)
1840 24
fi=(34)
619 24
fi=(10)
2548 24
fi=(34)
767 24
-94 24
fi=(20)
961 24
fi=(18)
552 72
cob=(2)
cfi=(2)
cfn=(4260)
calls=25 0 
* 528
fi=(35)
2912 48
fi=(34)
424 24
634 48
fi=(23)
128 72
cfi=(6)
cfn=(4970)
calls=25 0 
* 840
fe=(67)
+43 96
cfi=(62)
cfn=(5174)
calls=25 -72 
* 1333272
fi=(34)
614 24
fi=(35)
1840 24
fi=(34)
619 24
fi=(10)
2548 24
fi=(34)
767 24
-94 24
fi=(20)
961 24
fi=(18)
552 72
cob=(2)
cfi=(2)
cfn=(4260)
calls=25 0 
* 528
fi=(35)
2912 48
fi=(34)
424 24
634 48
fi=(23)
128 72
cfi=(6)
cfn=(4970)
calls=25 0 
* 840
fe=(67)
+43 96
cfi=(62)
cfn=(5174)
calls=25 -72 
* 1333272
fi=(34)
614 24
fi=(35)
1840 24
fi=(34)
619 24
fi=(10)
2548 24
fi=(34)
767 24
-94 24
fi=(35)
2907 48
fi=(20)
961 24
fi=(18)
552 72
cob=(2)
cfi=(2)
cfn=(4260)
calls=25 0 
* 528
fi=(35)
2912 48
fi=(34)
424 24
634 48
fi=(23)
128 72
cfi=(6)
cfn=(4970)
calls=25 0 
* 840
fe=(67)
+43 96
cfi=(62)
cfn=(5174)
calls=25 -72 
* 1333272
fi=(34)
614 24
fi=(35)
1840 24
fi=(34)
619 24
fi=(10)
2548 24
fi=(34)
767 24
-94 24
fi=(20)
961 24
fi=(18)
552 72
cob=(2)
cfi=(2)
cfn=(4260)
calls=25 0 
* 528
fi=(35)
2912 48
fi=(34)
424 24
634 48
fi=(23)
128 72
cfi=(6)
cfn=(4970)
calls=25 0 
* 840
fe=(67)
+43 24
0 24
171 72
cfi=(62)
cfn=(5174)
calls=25 -72 
* 1333272
fi=(34)
614 24
fi=(35)
1840 24
fi=(34)
619 24
fi=(10)
2548 24
fi=(34)
767 24
-94 24
fi=(35)
2907 48
fi=(20)
961 24
fi=(18)
552 96
cob=(2)
cfi=(2)
cfn=(4260)
calls=25 0 
* 528
fi=(35)
2912 48
fi=(34)
424 24
634 48
fi=(23)
128 72
cfi=(6)
cfn=(4970)
calls=25 0 
* 840
fe=(67)
+45 96
+1 216
0 24
fi=(34)
675 120
cfn=(5286) alloc::raw_vec::RawVecInner<A>::reserve::do_reserve_and_handle
calls=25 -14 
* 7086
-61 24
fi=(35)
3023 24
fi=(20)
961 24
fi=(18)
552 72
cob=(2)
cfi=(2)
cfn=(4260)
calls=25 0 
* 528
0 48
fi=(34)
675 120
cfn=(5286)
calls=25 -14 
* 6319
-61 24
fi=(35)
3023 24
2907 24
0 24
fi=(34)
675 120
cfn=(5286)
calls=25 -14 
* 12328
-61 24
fi=(35)
3023 24
2907 24
0 24
fi=(34)
675 120
cfn=(5286)
calls=25 -14 
* 5409
-61 24
fi=(35)
3023 24
2907 24
fe=(67)

fl=(60)
fn=(5450)
16 240
fi=(59)
+16 72
cob=(2)
cfi=(2)
cfn=(4642)
calls=25 -32 
* 1872
fi=(57)
-15 336
fi=(50)
+59 216
fi=(48)
-53 48
fe=(60)
-2 96
cfi=(48)
cfn=(4986)
calls=25 +5 
* 1056
* 24
+1 96
cob=(2)
cfi=(2)
cfn=(4260)
calls=25 -22 
* 1560
* 96
cfi=(48)
cfn=(5012)
calls=25 +8 
* 153888
+2 48
+1 96
cfi=(48)
cfn=(5108)
calls=25 +12 
* 150936
* 24
+1 72
cfi=(62)
cfn=(5322)
calls=25 +35 
* 12264
+1 24
-27 96
fi=(36)
900 96
0 48
fe=(60)
29 96
cfi=(48)
cfn=(5108)
calls=25 +8 
* 1224
* 4608
cfi=(48)
cfn=(5108)
calls=1200 +8 
* 58752
-29 1176
31 2352
fi=(50)
196 256
fi=(18)
552 284
fi=(50)
239 284
fe=(60)
0 142
31 284
fi=(61)
+10 142
fi=(50)
196 142
+62 284
+1 284
0 1176
fe=(60)
36 2352
fi=(49)
272 2352
fe=(60)
37 3528
-37 1176
37 3528
fi=(19)
1915 1176
fi=(36)
900 1176
fi=(18)
-90 24
fi=(34)
634 48
fi=(23)
128 72
cfi=(6)
cfn=(4970)
calls=25 0 
* 840
fe=(60)
-88 216

fl=(50)
fn=(5092)
250 84579
-54 15378
+62 7689
0 15078
259 22617
0 7419
fi=(49)
89 7419
fi=(18)
552 22257
cob=(2)
cfi=(2)
cfn=(4260)
calls=22257 0 
* 133542
fe=(50)
239 7419
0 7869
fi=(20)
961 120
0 120
fi=(49)
89 120
fi=(18)
552 240
cob=(2)
cfi=(2)
cfn=(4260)
calls=360 0 
* 2160
0 120
fe=(50)
344 840
0 120
fi=(14)
1717 120
fi=(54)
180 120
fe=(50)
344 900
0 150
fi=(14)
1717 150
fi=(54)
180 150
0 270
fe=(50)
274 810
0 750
fi=(18)
552 750
cob=(2)
cfi=(2)
cfn=(4260)
calls=450 0 
* 4500
fi=(57)
61 450
cfi=(53)
cfn=(5022)
calls=450 166 
* 923700
fi=(18)
552 600
cob=(2)
cfi=(2)
cfn=(4260)
calls=450 0 
* 2700
fe=(50)
278 600
cob=(2)
cfi=(2)
cfn=(4260)
calls=450 0 
* 4500
-39 7689
+42 61512

fl=(48)
fn=(5072)
64 300
fi=(51)
+85 30
fi=(50)
+47 30
0 30
146 30
fi=(68) /home/rick/.cargo/registry/src/index.crates.io-1949cf8c6b5b557f/block-buffer-0.10.4/src/sealed.rs
17 60
fi=(50)
155 30
fi=(49)
-54 30
fi=(18)
552 90
cob=(2)
cfi=(2)
cfn=(4260)
calls=90 0 
* 360
fi=(50)
158 30
0 30
239 30
fe=(48)
66 240

fn=(5080)
68 210
fi=(51)
203 30
0 60
203 60
cob=(2)
cfi=(2)
cfn=(4260)
calls=90 0 
* 900
* 150
cob=(2)
cfi=(2)
cfn=(4260)
calls=90 0 
* 900
fi=(50)
-7 30
fi=(49)
-95 60
0 30
fi=(54)
180 30
fi=(50)
+8 60
cob=(2)
cfi=(2)
cfn=(4642)
calls=90 0 
* 780
fi=(52)
-49 30
+2 30
fi=(57)
-95 900
fi=(26)
1718 30
fi=(57)
46 30
+3 90
cfi=(53)
cfn=(5022)
calls=90 166 
* 184740
-49 30
8 120
cob=(2)
cfi=(2)
cfn=(4260)
calls=90 -8 
* 900
fi=(50)
+68 360
fe=(48)
-7 120
cob=(2)
cfi=(2)
cfn=(4260)
calls=90 -69 
* 1950
+1 210

fn=(4986)
26 3170
fi=(51)
149 317
fi=(50)
+47 317
0 317
146 317
fi=(68)
17 634
fi=(50)
155 317
fi=(49)
-54 293
fi=(18)
552 879
cob=(2)
cfi=(2)
cfn=(4260)
calls=310 0 
* 4237
fi=(50)
158 293
0 293
161 48
fi=(49)
-60 24
fi=(18)
552 96
cob=(2)
cfi=(2)
cfn=(4260)
calls=25 0 
* 528
fi=(26)
1718 24
fi=(57)
46 144
fi=(26)
1718 24
fi=(57)
46 48
fi=(26)
1718 24
fi=(57)
46 48
fi=(26)
1718 24
fi=(57)
46 48
fi=(26)
1718 24
fi=(57)
46 72
fi=(26)
1718 24
fi=(57)
46 96
fi=(26)
1718 24
fi=(57)
46 72
fi=(26)
1718 24
fi=(57)
46 48
fi=(26)
1718 24
fi=(57)
46 24
fi=(88) /rustc/ac68faa20c58cbccd01ee7208bf3b6e93a7d7f96/library/core/src/ptr/const_ptr.rs
863 24
fi=(57)
49 72
cfi=(53)
cfn=(5022)
calls=25 166 
* 147792
fi=(68)
-26 48
-23 24
23 168
fi=(88)
863 24
fi=(50)
169 48
0 48
fi=(26)
1718 24
fi=(57)
46 120
fi=(26)
1718 24
fi=(57)
46 48
fi=(26)
1718 24
fi=(57)
46 72
fi=(26)
1718 24
fi=(57)
46 48
fi=(26)
1718 24
fi=(57)
46 72
fi=(26)
1718 24
fi=(57)
46 72
fi=(26)
1718 24
fi=(57)
46 72
fi=(26)
1718 24
fi=(57)
46 72
fi=(26)
1718 24
fi=(57)
46 24
+3 24
fi=(14)
659 24
fi=(57)
49 48
cfi=(53)
cfn=(5022)
calls=27 166 
* 147792
fi=(26)
1718 96
fi=(57)
46 480
fi=(26)
1718 96
fi=(57)
46 192
fi=(26)
1718 96
fi=(57)
46 288
fi=(26)
1718 96
fi=(57)
46 192
fi=(26)
1718 96
fi=(57)
46 288
fi=(26)
1718 96
fi=(57)
46 288
fi=(26)
1718 96
fi=(57)
46 288
fi=(26)
1718 96
fi=(57)
46 288
fi=(26)
1718 96
fi=(57)
46 96
+3 96
fi=(14)
659 96
fi=(57)
49 192
cfi=(53)
cfn=(5022)
calls=126 166 
* 591168
fi=(14)
1717 120
fi=(54)
180 120
fi=(18)
552 96
cob=(2)
cfi=(2)
cfn=(4260)
calls=27 0 
* 264
fi=(50)
239 317
fe=(48)
28 2536

fn=(5012)
30 1022
fi=(51)
203 146
0 292
203 292
cob=(2)
cfi=(2)
cfn=(4260)
calls=163 0 
* 4380
* 730
cob=(2)
cfi=(2)
cfn=(4260)
calls=163 0 
* 4380
fi=(50)
-7 146
fi=(49)
-95 146
0 146
fi=(54)
180 146
fi=(50)
+8 292
cob=(2)
cfi=(2)
cfn=(4642)
calls=163 0 
* 2761
fi=(52)
-49 146
+2 146
fi=(57)
-95 3504
fi=(26)
1718 146
fi=(57)
46 146
+3 438
cfi=(53)
cfn=(5022)
calls=163 166 
* 899068
-49 146
8 584
cob=(2)
cfi=(2)
cfn=(4260)
calls=163 -8 
* 4380
fi=(50)
+68 1460
fe=(48)
-45 584
cob=(2)
cfi=(2)
cfn=(4260)
calls=163 -31 
* 9490
+1 1022

fn=(5034)
42 1080
fi=(56)
457 120
fi=(34)
0 240
460 120
0 120
cfi=(6)
cfn=(4864)
calls=122 0 
0 120
0 120
fi=(23)
198 360
cfi=(6)
cfn=(5038)
calls=122 0 
* 14555
fi=(34)
469 240
0 120
fi=(61)
41 120
fi=(50)
196 240
+62 120
0 600
fi=(18)
0 120
fi=(50)
344 720
0 120
fi=(14)
1717 120
fi=(54)
180 120
0 480
fi=(18)
552 480
cob=(2)
cfi=(2)
cfn=(4260)
calls=120 0 
* 3600
* 1440
cob=(2)
cfi=(2)
cfn=(4260)
calls=360 0 
* 10800
fi=(57)
61 1440
cfi=(53)
cfn=(5022)
calls=480 166 
* 2955840
fi=(61)
-61 480
44 1440
cob=(2)
cfi=(2)
cfn=(4260)
calls=480 -44 
* 14400
fi=(14)
1717 960
fi=(54)
180 480
0 360
fi=(50)
274 120
0 240
fi=(18)
552 360
cob=(2)
cfi=(2)
cfn=(4260)
calls=122 0 
* 3600
fi=(57)
61 360
cfi=(53)
cfn=(5022)
calls=122 166 
* 738960
fi=(50)
-61 360
fi=(18)
552 600
cob=(2)
cfi=(2)
cfn=(4260)
calls=122 0 
* 2640
fi=(50)
278 480
cob=(2)
cfi=(2)
cfn=(4260)
calls=122 0 
* 3600
* 120
0 240
239 120
fe=(48)
45 360
+1 1080

fn=(5108)
37 10818
fi=(61)
+4 1202
-41 1202
fi=(50)
196 2404
+62 1202
0 2352
259 3528
fi=(49)
89 1176
fi=(18)
552 3528
cob=(2)
cfi=(2)
cfn=(4260)
calls=3703 0 
* 18816
fi=(50)
239 1176
0 2430
344 182
0 26
fi=(14)
1717 52
fi=(54)
180 26
0 26
fi=(50)
274 52
0 78
fi=(18)
552 104
cob=(2)
cfi=(2)
cfn=(4260)
calls=52 0 
* 780
fi=(57)
61 78
cfi=(53)
cfn=(5022)
calls=52 166 
* 160108
fi=(18)
552 104
cob=(2)
cfi=(2)
cfn=(4260)
calls=52 0 
* 336
fi=(50)
278 104
cob=(2)
cfi=(2)
cfn=(4260)
calls=52 0 
* 780
-39 1202
fe=(48)
39 9616

fl=(63)
fn=(5148)
104 3726
+1 828
cob=(2)
cfi=(2)
cfn=(4260)
calls=432 0 
* 51750
0 1656
107 828
fi=(70)
3228 18216
+1 3312
fe=(63)
107 26496
fi=(70)
3228 564696
+1 102672
fe=(63)
107 25668
fi=(54)
+73 39744
0 2070
fe=(63)
113 1242
0 414
114 414
+1 828
fi=(54)
0 2898
fe=(63)
113 8694
0 2898
114 2898
+1 5796
-1 102258
+1 415656
fi=(70)
3228 844560
+1 738990
0 105570
fe=(63)
118 847872
+1 1271808
-1 423936
+1 847872
fi=(70)
3228 3391488
0 423936
3229 423936
fi=(71)
20 423936
fe=(63)
120 423936
fi=(70)
3228 3815424
0 423936
3229 1271808
fe=(63)
121 423936
fi=(70)
3228 3391488
0 423936
3229 423936
fi=(71)
20 423936
fe=(63)
+99 423936
+2 423936
+1 423936
-5 847872
+7 105570
-11 211140
-2 9936
0 828
129 828
fi=(70)
3228 3312
0 414
3229 414
fi=(71)
20 414
fe=(63)
129 1242
fi=(70)
3228 3312
0 414
3229 414
fi=(71)
20 414
fe=(63)
129 414
fi=(14)
1717 828
fi=(54)
180 414
fe=(63)
-51 105156
fi=(70)
3228 420624
0 52578
3229 52578
fi=(71)
20 52578
fe=(63)
129 157734
fi=(70)
3228 420624
0 52578
3229 52578
fi=(71)
20 52578
fe=(63)
129 52578
fi=(14)
1717 105156
fi=(54)
180 52578
0 414
fe=(63)
131 1656
cob=(2)
cfi=(2)
cfn=(4260)
calls=432 0 
* 51750
+1 3726

fn=(5128)
77 153
+1 34
cob=(2)
cfi=(2)
cfn=(4260)
calls=34 -78 
* 2125
-78 68
80 34
fi=(70)
3228 748
+1 136
fe=(63)
80 1088
fi=(70)
3228 23188
+1 4216
fe=(63)
80 1054
fi=(54)
180 1632
0 85
fe=(63)
86 51
-86 17
88 17
-1 17
+1 17
fi=(54)
-88 119
fe=(63)
86 357
-86 119
88 119
-1 119
+1 4318
-1 4199
+1 21539
-88 4335
91 87040
fi=(70)
3228 156672
0 17408
3229 52224
fe=(63)
92 52224
fi=(70)
3228 139264
0 17408
3229 17408
fi=(71)
20 17408
fe=(63)
+73 17408
fi=(70)
3228 139264
0 17408
3229 17408
fi=(71)
20 17408
fe=(63)
+72 17408
+1 17408
+1 17408
-4 34816
+6 4335
-10 8670
+12 136
-14 136
-84 17
100 68
cob=(2)
cfi=(2)
cfn=(4260)
calls=34 0 
* 2125
+1 153

fl=(34)
fn=(5286)
661 384
511 192
fi=(10)
823 96
fi=(56)
457 96
0 96
fe=(34)
522 192
fi=(19)
1037 192
fe=(34)
159 672
fi=(19)
1037 192
0 96
fe=(34)
528 96
0 96
528 192
cfn=(5292) alloc::raw_vec::RawVecInner<A>::finish_grow
calls=100 +15 
* 27686
fi=(26)
2173 192
+1 96
fe=(34)
776 96
+1 96
671 384

fn=(5292)
543 768
fi=(10)
3105 384
0 384
fi=(56)
457 288
fe=(34)
634 192
fi=(10)
1286 72
fi=(23)
155 360
cfi=(6)
cfn=(5296)
calls=75 0 
* 18584
fe=(34)
563 144
fi=(23)
206 48
+4 24
cfi=(6)
cfn=(4864)
calls=25 0 
* 24
101 72
cfi=(6)
cfn=(4866)
calls=25 0 
* 5238
fe=(34)
563 48
+1 192
0 288
567 576

fl=(30)
fn=(4904)
fi=(87)
cfi=(31) /home/rick/unl/king's/thesis/ml-dsa/ml-dsa/examples/profile.rs
cfn=(4906) profile::main
calls=1 128 
250 76115279
fe=(30)

fl=(14)
fn=(5442)
1717 48
fi=(54)
180 48
0 360
fi=(61)
44 72
fi=(18)
552 144
cob=(2)
cfi=(2)
cfn=(4260)
calls=24 0 
* 720
fi=(57)
61 72
cfi=(53)
cfn=(5022)
calls=24 166 
* 147792
fi=(61)
-17 96
cob=(2)
cfi=(2)
cfn=(4260)
calls=24 -44 
* 720
fe=(14)
1717 48
fi=(54)
180 24
0 168
fi=(61)
46 48
fe=(14)

fl=(31)
fn=(5308) profile::bench_sign
79 1
fi=(74) /rustc/ac68faa20c58cbccd01ee7208bf3b6e93a7d7f96/library/core/src/hint.rs
491 13
fe=(31)
80 1
cfi=(46)
cfn=(5310)
calls=1 +15 
* 76115262
+1 2

fn=(4906)
cfn=(5308)
calls=1 79 
92 76115279

fl=(24)
fn=(4868)
450 174
fi=(25)
13 1044
+1 348
cob=(2)
cfi=(2)
cfn=(3994) malloc
calls=215 -14 
* 10110
fe=(24)

fn=(5040)
482 232314
fi=(25)
35 232314
+1 271033
cob=(2)
cfi=(2)
cfn=(4760) calloc
calls=46186 -36 
* 2336917
fe=(24)

fn=(5298)
467 576
fi=(25)
53 432
+1 576
cob=(2)
cfi=(2)
cfn=(4232) realloc
calls=76 -54 
* 16928
fe=(24)

ob=(2)
fl=(2)
fn=(3876)
cfn=(3920) 0x00000000000276c0
calls=1 0 
0 76115279

fn=(4280) 0x00000000000a6140
0 9010
cfn=(4298) 0x00000000000a4f60
calls=195 0 
0 2056
0 2158

fn=(4274) 0x00000000000a6290
0 312
cfn=(4280)
calls=28 0 
0 2444
0 130

fn=(4298)
0 2056

fn=(4760)
0 2193
cfn=(4000) 0x00000000000a6dc0
calls=147 0 
0 13394
0 2321330

fn=(4234) 0x00000000000a80c0
0 3081
cfn=(4000)
calls=26 0 
0 3065
0 196
cfn=(4274)
calls=2 0 
0 222
0 202
cfn=(4726) 0x00000000000a4e90
calls=26 0 
0 478
0 367
cfn=(4260)
calls=26 0 
0 1249
0 144
cfn=(4274)
calls=26 0 
0 2664
0 508

fn=(4642)
0 949129

fn=(4726)
0 996

fn=(3920)
cob=(6)
cfi=(6)
cfn=(3934)
calls=1 0 
0 76115279

fn=(4260)
0 1274727

fn=(4626)
0 1680
cfn=(4280)
calls=167 0 
0 10780
0 1282460

fn=(4232)
0 3960
cfn=(4234)
calls=76 0 
0 12176
0 792

fn=(3994)
0 377
cfn=(4000)
calls=55 0 
0 4608
0 5125

fn=(4000)
0 19636
cfn=(4726)
calls=32 0 
0 518
0 913

totals: 76115279
