# callgrind format
version: 1
creator: callgrind-3.25.1
pid: 581216
cmd:  target/release/examples/profile baseline case-000
part: 1


desc: I1 cache: 
desc: D1 cache: 
desc: LL cache: 

desc: Timerange: Basic block 0 - 2086261
desc: Trigger: Program termination

positions: line
events: Ir
summary: 7614693


ob=(6) /home/rick/unl/king's/thesis/ml-dsa/target/release/examples/profile
fl=(14) /rustc/ac68faa20c58cbccd01ee7208bf3b6e93a7d7f96/library/core/src/ptr/non_null.rs
fn=(5442) <digest::core_api::xof_reader::XofReaderCoreWrapper<T> as digest::XofReader>::read::{{closure}}
1717 2
fi=(54) /rustc/ac68faa20c58cbccd01ee7208bf3b6e93a7d7f96/library/core/src/slice/iter/macros.rs
180 2
0 15
fi=(61) /home/rick/.cargo/registry/src/index.crates.io-1949cf8c6b5b557f/digest-0.10.7/src/core_api/xof_reader.rs
44 3
fi=(18) /rustc/ac68faa20c58cbccd01ee7208bf3b6e93a7d7f96/library/core/src/ptr/mod.rs
552 6
cob=(2) /usr/lib/libc.so.6
cfi=(2) ???
cfn=(4260) 0x0000000000171fc0
calls=1 0 
* 30
fi=(57) /home/rick/.cargo/registry/src/index.crates.io-1949cf8c6b5b557f/sha3-0.10.9/src/state.rs
61 3
cfi=(53) /home/rick/.cargo/registry/src/index.crates.io-1949cf8c6b5b557f/keccak-0.1.6/src/lib.rs
cfn=(5022) keccak::p1600
calls=1 166 
* 6158
fi=(61)
-17 4
cob=(2)
cfi=(2)
cfn=(4260)
calls=1 -44 
* 30
fe=(14)
1717 2
fi=(54)
180 1
0 7
fi=(61)
46 2
fe=(14)

fl=(31) /home/rick/unl/king's/thesis/ml-dsa/ml-dsa/examples/profile.rs
fn=(5308) profile::bench_sign
79 1
fi=(74) /rustc/ac68faa20c58cbccd01ee7208bf3b6e93a7d7f96/library/core/src/hint.rs
491 13
fe=(31)
80 1
cfi=(46) /home/rick/unl/king's/thesis/ml-dsa/ml-dsa/src/lib.rs
cfn=(5310) ml_dsa::ml_dsa_65::sign_internal
calls=1 +15 
* 7614676
+1 2

fn=(4906) profile::main
cfn=(5308)
calls=1 79 
92 7614693

fl=(24) /rustc/ac68faa20c58cbccd01ee7208bf3b6e93a7d7f96/library/std/src/alloc.rs
fn=(5298) __rustc::__rdl_realloc
467 24
fi=(25) /rustc/ac68faa20c58cbccd01ee7208bf3b6e93a7d7f96/library/std/src/sys/alloc/unix.rs
53 18
+1 24
cob=(2)
cfi=(2)
cfn=(4232) realloc
calls=7 -54 
* 1019
fe=(24)

fn=(4868) __rustc::__rdl_alloc
450 13
fi=(25)
13 78
+1 26
cob=(2)
cfi=(2)
cfn=(3994) malloc
calls=54 -14 
* 1072
fe=(24)

fn=(5040) __rustc::__rdl_alloc_zeroed
482 17172
fi=(25)
35 17172
+1 20034
cob=(2)
cfi=(2)
cfn=(4760) calloc
calls=10329 -36 
* 177791
fe=(24)

fl=(62) /home/rick/unl/king's/thesis/ml-dsa/ml-dsa/src/encoding.rs
fn=(5190) ml_dsa::encoding::bits_to_bytes
51 88
fi=(10) /rustc/ac68faa20c58cbccd01ee7208bf3b6e93a7d7f96/library/core/src/num/uint_macros.rs
3714 22
fi=(34) /rustc/ac68faa20c58cbccd01ee7208bf3b6e93a7d7f96/library/alloc/src/raw_vec/mod.rs
460 11
0 11
cfi=(6) ???
cfn=(4864) __rustc::__rust_no_alloc_shim_is_unstable_v2
calls=40 0 
0 11
fi=(23) /rustc/ac68faa20c58cbccd01ee7208bf3b6e93a7d7f96/library/alloc/src/alloc.rs
198 33
cfi=(6)
cfn=(5038) __rustc::__rust_alloc_zeroed
calls=40 0 
* 1134
fi=(34)
469 22
0 11
fi=(19) /rustc/ac68faa20c58cbccd01ee7208bf3b6e93a7d7f96/library/core/src/cmp.rs
1915 11
fi=(36) /rustc/ac68faa20c58cbccd01ee7208bf3b6e93a7d7f96/library/core/src/iter/range.rs
900 11
0 22
fe=(62)
55 22
fi=(49) /rustc/ac68faa20c58cbccd01ee7208bf3b6e93a7d7f96/library/core/src/slice/index.rs
278 22
fe=(62)
55 63466
fi=(49)
278 63466
fi=(10)
898 31744
fe=(62)
55 126976
-55 31744
fi=(19)
1915 31744
fi=(36)
900 31744
fe=(62)
57 33
+1 77

fn=(5320) ml_dsa::encoding::bit_unpack
131 220
+1 22
0 22
fi=(10)
154 66
fe=(62)
16 22
-16 22
133 22
cfn=(5322) ml_dsa::encoding::bytes_to_bits
calls=27 -72 
* 405709
fi=(59) /home/rick/unl/king's/thesis/ml-dsa/ml-dsa/src/poly.rs
32 88
cob=(2)
cfi=(2)
cfn=(4642) 0x00000000001729c0
calls=27 -32 
* 1716
* 88
-32 44
fe=(62)
136 16896
0 5632
fi=(19)
1915 5632
fi=(36)
900 5632
fe=(62)
136 16896
fi=(49)
438 11264
fe=(62)
0 5632
fi=(49)
89 5632
-89 16896
fi=(19)
1915 28160
fe=(62)
34 11264
fi=(86) /rustc/ac68faa20c58cbccd01ee7208bf3b6e93a7d7f96/library/core/src/ops/range.rs
563 5632
fi=(19)
1915 256000
fe=(62)
34 102400
fi=(86)
563 51200
fi=(36)
0 102400
fi=(86)
563 102400
fi=(34)
424 22
634 44
fi=(23)
128 66
cfi=(6)
cfn=(4970) __rustc::__rust_dealloc
calls=27 0 
* 1661
fe=(62)
+11 198

fn=(5240) ml_dsa::encoding::bit_pack
109 40
+1 5
0 5
fi=(10)
154 15
fe=(62)
16 5
+95 10
fi=(34)
460 15
0 10
cfi=(6)
cfn=(4864)
calls=22 0 
0 5
fi=(23)
101 15
cfi=(6)
cfn=(4866) __rustc::__rust_alloc
calls=22 0 
* 710
fi=(34)
469 10
fi=(35) /rustc/ac68faa20c58cbccd01ee7208bf3b6e93a7d7f96/library/alloc/src/vec/mod.rs
977 65
0 25
fe=(62)
113 5
fi=(34)
0 5
cfi=(6)
cfn=(4864)
calls=22 0 
0 5
fi=(35)
0 3825
fe=(62)
113 1275
fi=(34)
0 1275
cfi=(6)
cfn=(4864)
calls=5610 0 
0 1275
fi=(23)
198 5120
cfi=(6)
cfn=(5038)
calls=5632 0 
* 85760
fi=(34)
469 2560
fe=(62)
0 2560
113 1280
0 1280
fi=(36)
900 1280
0 3840
fe=(62)
24 19200
fi=(10)
898 1280
fe=(62)
25 1280
fi=(36)
900 2560
fe=(62)
24 76800
fi=(10)
898 5120
fe=(62)
25 5120
fi=(36)
900 10240
0 2560
900 1280
fi=(34)
619 1280
fi=(10)
2548 1280
fi=(34)
767 2560
fe=(62)
0 2560
fi=(20) /rustc/ac68faa20c58cbccd01ee7208bf3b6e93a7d7f96/library/core/src/ptr/mut_ptr.rs
961 1280
fi=(18)
552 3840
cob=(2)
cfi=(2)
cfn=(4260)
calls=5632 0 
* 14080
fi=(35)
2912 2560
fi=(23)
128 5120
cfi=(6)
cfn=(4970)
calls=5632 0 
* 44800
fi=(19)
1915 1280
fi=(36)
900 1285
fi=(35)
0 5
fe=(62)
116 25
cfn=(5190)
calls=22 -65 
* 307965
fi=(34)
424 5
634 10
fi=(23)
128 15
cfi=(6)
cfn=(4970)
calls=22 0 
* 580
fe=(62)
-11 45

fn=(5322)
61 115
+2 23
-63 23
fi=(56) /rustc/ac68faa20c58cbccd01ee7208bf3b6e93a7d7f96/library/core/src/intrinsics/mod.rs
457 23
fi=(34)
0 23
460 23
0 92
cfi=(6)
cfn=(4864)
calls=35 0 
0 23
0 23
fi=(23)
198 69
cfi=(6)
cfn=(5038)
calls=35 0 
* 49677
fi=(34)
469 46
0 69
fi=(19)
1915 23
fi=(36)
900 23
0 23
fi=(49)
278 69
0 23
278 14224
fe=(62)
65 7112
+2 21336
fi=(49)
278 14224
fe=(62)
68 14224
-1 14224
fi=(49)
278 14224
fe=(62)
68 14224
-1 14224
fi=(49)
278 14224
fe=(62)
68 14224
-1 14224
fi=(49)
278 14224
fe=(62)
68 14224
-1 14224
fi=(49)
278 14224
fe=(62)
68 14224
-1 14224
fi=(49)
278 14224
fe=(62)
68 14224
-1 14224
fi=(49)
278 14224
fe=(62)
0 7112
68 7112
-1 7112
fi=(19)
1915 14224
fi=(36)
900 7112
fe=(62)
71 69
+1 161

fn=(5174) ml_dsa::encoding::simple_bit_pack
99 54
fi=(10)
+55 18
fe=(62)
16 6
+85 12
fi=(34)
460 18
0 6
cfi=(6)
cfn=(4864)
calls=18 0 
0 6
fi=(23)
101 18
cfi=(6)
cfn=(4866)
calls=18 0 
* 240
fi=(34)
469 12
fi=(35)
977 66
0 24
fe=(62)
103 6
fi=(34)
0 6
cfi=(6)
cfn=(4864)
calls=18 0 
0 6
fi=(35)
0 3060
fe=(62)
103 1530
fi=(34)
0 1530
cfi=(6)
cfn=(4864)
calls=4590 0 
0 1530
fi=(23)
198 4608
cfi=(6)
cfn=(5038)
calls=4608 0 
* 96768
fi=(34)
469 3072
0 3072
fi=(36)
900 1536
0 3072
fe=(62)
24 23040
fi=(10)
898 1536
fe=(62)
25 1536
fi=(36)
900 3072
0 1536
900 1536
fi=(34)
619 1536
fi=(10)
2548 1536
0 1536
fi=(34)
767 3072
0 3072
fi=(20)
961 1536
fi=(18)
552 4608
cob=(2)
cfi=(2)
cfn=(4260)
calls=4608 0 
* 23040
fi=(35)
2912 3072
fi=(23)
128 6144
cfi=(6)
cfn=(4970)
calls=4608 0 
* 53760
fi=(19)
1915 1536
fi=(36)
900 1542
fi=(35)
0 6
fe=(62)
105 30
cfn=(5190)
calls=18 -54 
* 74460
fi=(34)
424 6
634 12
fi=(23)
128 18
cfi=(6)
cfn=(4970)
calls=18 0 
* 210
fe=(62)
-22 54

fl=(8) /rustc/ac68faa20c58cbccd01ee7208bf3b6e93a7d7f96/library/std/src/rt.rs
fn=(3936) std::rt::lang_start_internal
fi=(87) /rustc/ac68faa20c58cbccd01ee7208bf3b6e93a7d7f96/library/core/src/ops/function.rs
cfn=(4902) std::rt::lang_start::{{closure}}
calls=1 206 
287 7614693
fe=(8)

fn=(4902)
cfi=(30) /rustc/ac68faa20c58cbccd01ee7208bf3b6e93a7d7f96/library/std/src/sys/backtrace.rs
cfn=(4904) std::sys::backtrace::__rust_begin_short_backtrace
calls=1 162 
206 7614693

fl=(25)
fn=(4972) __rustc::__rdl_dealloc
48 2874
cob=(2)
cfi=(2)
cfn=(4626) free
calls=10382 -48 
* 96138

fl=(65) /home/rick/unl/king's/thesis/ml-dsa/ml-dsa/src/ntt_arith.rs
fn=(5462) ml_dsa::ntt_arith::scalar_vector_ntt
40 20
fi=(59)
+41 2
-81 2
81 6
cob=(2)
cfi=(2)
cfn=(4642)
calls=3 -81 
* 8230
-81 2
45 6
cob=(2)
cfi=(2)
cfn=(4642)
calls=3 -45 
* 156
* 4
fe=(65)
-20 6
fi=(70) /rustc/ac68faa20c58cbccd01ee7208bf3b6e93a7d7f96/library/core/src/num/int_macros.rs
3228 16
0 2
3229 2
fi=(71) /home/rick/unl/king's/thesis/ml-dsa/ml-dsa/src/field.rs
20 2
fe=(65)
+5 6
fi=(70)
3228 16
0 2
3229 2
fi=(71)
20 2
fe=(65)
+5 4
fi=(19)
1915 4
fi=(36)
900 2
fe=(65)
25 762
fi=(70)
3228 2032
0 254
3229 254
fi=(71)
20 254
fe=(65)
+5 762
fi=(70)
3228 2032
0 254
3229 254
fi=(71)
20 254
fe=(65)
+5 508
fi=(19)
1915 508
fi=(36)
900 254
0 2
fe=(65)
43 8
cob=(2)
cfi=(2)
cfn=(4260)
calls=3 -43 
* 250
-43 2
fi=(59)
45 8
cob=(2)
cfi=(2)
cfn=(4642)
calls=3 -45 
* 156
fe=(65)
-20 768
fi=(70)
3228 2048
0 256
3229 256
fi=(71)
20 256
fe=(65)
+5 768
fi=(70)
3228 512
fe=(65)
25 256
fi=(70)
3228 1536
0 256
3229 256
fi=(71)
20 256
fe=(65)
+5 256
fi=(10)
898 256
fi=(19)
1915 256
fi=(36)
900 256
fe=(65)
43 10
cob=(2)
cfi=(2)
cfn=(4260)
calls=3 -43 
* 250
-43 2
fi=(59)
45 8
cob=(2)
cfi=(2)
cfn=(4642)
calls=3 -45 
* 156
-45 2
fe=(65)
25 6
fi=(70)
3228 16
0 2
3229 2
fi=(71)
20 2
fe=(65)
+5 6
fi=(70)
3228 4
fe=(65)
25 2
fi=(70)
3228 12
0 2
3229 2
fi=(71)
20 2
fe=(65)
+5 2
fi=(10)
898 2
fi=(19)
1915 2
fi=(36)
900 2
fe=(65)
25 762
fi=(70)
3228 2032
0 254
3229 254
fi=(71)
20 254
fe=(65)
+5 762
fi=(70)
3228 508
fe=(65)
25 254
fi=(70)
3228 1524
0 254
3229 254
fi=(71)
20 254
fe=(65)
+5 254
fi=(10)
898 254
fi=(19)
1915 254
fi=(36)
900 254
0 2
fe=(65)
43 8
cob=(2)
cfi=(2)
cfn=(4260)
calls=3 -43 
* 250
-43 2
fi=(59)
45 8
cob=(2)
cfi=(2)
cfn=(4642)
calls=3 -45 
* 156
-45 2
fe=(65)
25 6
fi=(70)
3228 16
0 2
3229 2
fi=(71)
20 2
fe=(65)
+5 6
fi=(70)
3228 4
fe=(65)
25 2
fi=(70)
3228 12
0 2
3229 2
fi=(71)
20 2
fe=(65)
+5 2
fi=(10)
898 2
fi=(19)
1915 2
fi=(36)
900 2
fe=(65)
25 762
fi=(70)
3228 2032
0 254
3229 254
fi=(71)
20 254
fe=(65)
+5 762
fi=(70)
3228 508
fe=(65)
25 254
fi=(70)
3228 1524
0 254
3229 254
fi=(71)
20 254
fe=(65)
+5 254
fi=(10)
898 254
fi=(19)
1915 254
fi=(36)
900 254
fe=(65)
43 10
cob=(2)
cfi=(2)
cfn=(4260)
calls=3 -43 
* 250
-43 2
fi=(59)
45 8
cob=(2)
cfi=(2)
cfn=(4642)
calls=3 -45 
* 156
-45 2
fe=(65)
25 6
fi=(70)
3228 16
0 2
3229 2
fi=(71)
20 2
fe=(65)
+5 6
fi=(70)
3228 4
fe=(65)
25 2
fi=(70)
3228 12
0 2
3229 2
fi=(71)
20 2
fe=(65)
+5 2
fi=(10)
898 2
fi=(19)
1915 2
fi=(36)
900 2
fe=(65)
25 762
fi=(70)
3228 2032
0 254
3229 254
fi=(71)
20 254
fe=(65)
+5 762
fi=(70)
3228 508
fe=(65)
25 254
fi=(70)
3228 1524
0 254
3229 254
fi=(71)
20 254
fe=(65)
+5 254
fi=(10)
898 254
fi=(19)
1915 254
fi=(36)
900 254
fe=(65)
43 10
cob=(2)
cfi=(2)
cfn=(4260)
calls=3 -43 
* 250
-43 2
fi=(59)
45 8
cob=(2)
cfi=(2)
cfn=(4642)
calls=3 -45 
* 156
-45 2
fe=(65)
25 6
fi=(70)
3228 16
0 2
3229 2
fi=(71)
20 2
fe=(65)
+5 6
fi=(70)
3228 4
fe=(65)
25 2
fi=(70)
3228 12
0 2
3229 2
fi=(71)
20 2
fe=(65)
+5 2
fi=(10)
898 2
fi=(19)
1915 2
fi=(36)
900 2
fe=(65)
25 762
fi=(70)
3228 2032
0 254
3229 254
fi=(71)
20 254
fe=(65)
+5 762
fi=(70)
3228 508
fe=(65)
25 254
fi=(70)
3228 1524
0 254
3229 254
fi=(71)
20 254
fe=(65)
+5 254
fi=(10)
898 254
fi=(19)
1915 254
fi=(36)
900 254
fe=(65)
43 10
cob=(2)
cfi=(2)
cfn=(4260)
calls=3 -43 
* 250
+3 18
-6 10
fi=(59)
+41 1
-81 1
81 3
cob=(2)
cfi=(2)
cfn=(4642)
calls=1 -81 
* 3091
-81 1
45 3
cob=(2)
cfi=(2)
cfn=(4642)
calls=1 -45 
* 78
* 2
fe=(65)
-20 3
fi=(70)
3228 8
0 1
3229 1
fi=(71)
20 1
fe=(65)
+5 3
fi=(70)
3228 8
0 1
3229 1
fi=(71)
20 1
fe=(65)
+5 2
fi=(19)
1915 2
fi=(36)
900 1
fe=(65)
25 381
fi=(70)
3228 1016
0 127
3229 127
fi=(71)
20 127
fe=(65)
+5 381
fi=(70)
3228 1016
0 127
3229 127
fi=(71)
20 127
fe=(65)
+5 254
fi=(19)
1915 254
fi=(36)
900 127
0 1
fe=(65)
43 4
cob=(2)
cfi=(2)
cfn=(4260)
calls=1 -43 
* 125
-43 1
fi=(59)
45 4
cob=(2)
cfi=(2)
cfn=(4642)
calls=1 -45 
* 78
fe=(65)
-20 384
fi=(70)
3228 1024
0 128
3229 128
fi=(71)
20 128
fe=(65)
+5 384
fi=(70)
3228 256
fe=(65)
25 128
fi=(70)
3228 768
0 128
3229 128
fi=(71)
20 128
fe=(65)
+5 128
fi=(10)
898 128
fi=(19)
1915 128
fi=(36)
900 128
fe=(65)
43 5
cob=(2)
cfi=(2)
cfn=(4260)
calls=1 -43 
* 125
-43 1
fi=(59)
45 4
cob=(2)
cfi=(2)
cfn=(4642)
calls=1 -45 
* 78
-45 1
fe=(65)
25 3
fi=(70)
3228 8
0 1
3229 1
fi=(71)
20 1
fe=(65)
+5 3
fi=(70)
3228 2
fe=(65)
25 1
fi=(70)
3228 6
0 1
3229 1
fi=(71)
20 1
fe=(65)
+5 1
fi=(10)
898 1
fi=(19)
1915 1
fi=(36)
900 1
fe=(65)
25 381
fi=(70)
3228 1016
0 127
3229 127
fi=(71)
20 127
fe=(65)
+5 381
fi=(70)
3228 254
fe=(65)
25 127
fi=(70)
3228 762
0 127
3229 127
fi=(71)
20 127
fe=(65)
+5 127
fi=(10)
898 127
fi=(19)
1915 127
fi=(36)
900 127
0 1
fe=(65)
43 4
cob=(2)
cfi=(2)
cfn=(4260)
calls=1 -43 
* 125
-43 1
fi=(59)
45 4
cob=(2)
cfi=(2)
cfn=(4642)
calls=1 -45 
* 78
-45 1
fe=(65)
25 3
fi=(70)
3228 8
0 1
3229 1
fi=(71)
20 1
fe=(65)
+5 3
fi=(70)
3228 2
fe=(65)
25 1
fi=(70)
3228 6
0 1
3229 1
fi=(71)
20 1
fe=(65)
+5 1
fi=(10)
898 1
fi=(19)
1915 1
fi=(36)
900 1
fe=(65)
25 381
fi=(70)
3228 1016
0 127
3229 127
fi=(71)
20 127
fe=(65)
+5 381
fi=(70)
3228 254
fe=(65)
25 127
fi=(70)
3228 762
0 127
3229 127
fi=(71)
20 127
fe=(65)
+5 127
fi=(10)
898 127
fi=(19)
1915 127
fi=(36)
900 127
fe=(65)
43 5
cob=(2)
cfi=(2)
cfn=(4260)
calls=1 -43 
* 125
-43 1
fi=(59)
45 4
cob=(2)
cfi=(2)
cfn=(4642)
calls=1 -45 
* 78
-45 1
fe=(65)
25 3
fi=(70)
3228 8
0 1
3229 1
fi=(71)
20 1
fe=(65)
+5 3
fi=(70)
3228 2
fe=(65)
25 1
fi=(70)
3228 6
0 1
3229 1
fi=(71)
20 1
fe=(65)
+5 1
fi=(10)
898 1
fi=(19)
1915 1
fi=(36)
900 1
fe=(65)
25 381
fi=(70)
3228 1016
0 127
3229 127
fi=(71)
20 127
fe=(65)
+5 381
fi=(70)
3228 254
fe=(65)
25 127
fi=(70)
3228 762
0 127
3229 127
fi=(71)
20 127
fe=(65)
+5 127
fi=(10)
898 127
fi=(19)
1915 127
fi=(36)
900 127
fe=(65)
43 5
cob=(2)
cfi=(2)
cfn=(4260)
calls=1 -43 
* 125
+3 9

fn=(5140) ml_dsa::ntt_arith::matrix_vector_ntt
49 20
cob=(2)
cfi=(2)
cfn=(4642)
calls=3 -49 
* 6163
* 1
-49 1
fi=(59)
45 4
cob=(2)
cfi=(2)
cfn=(4642)
calls=3 -45 
* 78
* 20
cob=(2)
cfi=(2)
cfn=(4642)
calls=15 -45 
* 390
* 6
-45 6
fe=(65)
25 18
fi=(70)
3228 48
0 6
3229 6
fi=(71)
20 6
fe=(65)
+5 18
fi=(70)
3228 48
0 6
3229 6
fi=(71)
20 6
fe=(65)
+5 12
fi=(19)
1915 12
fi=(36)
900 6
fe=(65)
25 2286
fi=(70)
3228 6096
0 762
3229 762
fi=(71)
20 762
fe=(65)
+5 2286
fi=(70)
3228 6096
0 762
3229 762
fi=(71)
20 762
fe=(65)
+5 1524
fi=(19)
1915 1524
fi=(36)
900 762
0 24
fi=(59)
45 24
cob=(2)
cfi=(2)
cfn=(4642)
calls=18 -45 
* 468
* 6
-45 6
fe=(65)
16 18
fi=(70)
3228 48
0 6
3229 6
fi=(71)
20 6
fe=(65)
-4 18
fi=(70)
3228 48
0 6
3229 6
fi=(71)
20 6
fe=(65)
-4 12
fi=(19)
1915 12
fi=(36)
900 6
fe=(65)
16 2286
fi=(70)
3228 6096
0 762
3229 762
fi=(71)
20 762
fe=(65)
-4 2286
fi=(70)
3228 6096
0 762
3229 762
fi=(71)
20 762
fe=(65)
-4 1524
fi=(19)
1915 1524
fi=(36)
900 762
fe=(65)
56 24
cob=(2)
cfi=(2)
cfn=(4260)
calls=18 -56 
* 748
fi=(59)
-11 24
cob=(2)
cfi=(2)
cfn=(4642)
calls=18 -45 
* 468
* 6
-45 6
fe=(65)
25 18
fi=(70)
3228 48
0 6
3229 6
fi=(71)
20 6
fe=(65)
+5 18
fi=(70)
3228 48
0 6
3229 6
fi=(71)
20 6
fe=(65)
+5 12
fi=(19)
1915 12
fi=(36)
900 6
fe=(65)
25 2286
fi=(70)
3228 6096
0 762
3229 762
fi=(71)
20 762
fe=(65)
+5 2286
fi=(70)
3228 6096
0 762
3229 762
fi=(71)
20 762
fe=(65)
+5 1524
fi=(19)
1915 1524
fi=(36)
900 762
fi=(59)
45 24
cob=(2)
cfi=(2)
cfn=(4642)
calls=18 -45 
* 468
* 6
-45 6
fe=(65)
16 18
fi=(70)
3228 48
0 6
3229 6
fi=(71)
20 6
fe=(65)
-4 18
fi=(70)
3228 48
0 6
3229 6
fi=(71)
20 6
fe=(65)
-4 12
fi=(19)
1915 12
fi=(36)
900 6
fe=(65)
16 2286
fi=(70)
3228 6096
0 762
3229 762
fi=(71)
20 762
fe=(65)
-4 2286
fi=(70)
3228 6096
0 762
3229 762
fi=(71)
20 762
fe=(65)
-4 1524
fi=(19)
1915 1524
fi=(36)
900 762
fe=(65)
56 24
cob=(2)
cfi=(2)
cfn=(4260)
calls=18 -56 
* 748
fi=(59)
-11 24
cob=(2)
cfi=(2)
cfn=(4642)
calls=18 -45 
* 468
* 6
-45 6
fe=(65)
25 18
fi=(70)
3228 48
0 6
3229 6
fi=(71)
20 6
fe=(65)
+5 18
fi=(70)
3228 48
0 6
3229 6
fi=(71)
20 6
fe=(65)
+5 12
fi=(19)
1915 12
fi=(36)
900 6
fe=(65)
25 2286
fi=(70)
3228 6096
0 762
3229 762
fi=(71)
20 762
fe=(65)
+5 2286
fi=(70)
3228 6096
0 762
3229 762
fi=(71)
20 762
fe=(65)
+5 1524
fi=(19)
1915 1524
fi=(36)
900 762
fi=(59)
45 24
cob=(2)
cfi=(2)
cfn=(4642)
calls=18 -45 
* 468
* 6
-45 6
fe=(65)
16 18
fi=(70)
3228 48
0 6
3229 6
fi=(71)
20 6
fe=(65)
-4 18
fi=(70)
3228 48
0 6
3229 6
fi=(71)
20 6
fe=(65)
-4 12
fi=(19)
1915 12
fi=(36)
900 6
fe=(65)
16 2286
fi=(70)
3228 6096
0 762
3229 762
fi=(71)
20 762
fe=(65)
-4 2286
fi=(70)
3228 6096
0 762
3229 762
fi=(71)
20 762
fe=(65)
-4 1524
fi=(19)
1915 1524
fi=(36)
900 762
fe=(65)
56 24
cob=(2)
cfi=(2)
cfn=(4260)
calls=18 -56 
* 748
fi=(59)
-11 24
cob=(2)
cfi=(2)
cfn=(4642)
calls=18 -45 
* 468
* 6
-45 6
fe=(65)
25 18
fi=(70)
3228 48
0 6
3229 6
fi=(71)
20 6
fe=(65)
+5 18
fi=(70)
3228 12
fe=(65)
25 6
fi=(70)
3228 36
0 6
3229 6
fi=(71)
20 6
fe=(65)
+5 6
fi=(10)
898 6
fi=(19)
1915 6
fi=(36)
900 6
fe=(65)
25 2286
fi=(70)
3228 6096
0 762
3229 762
fi=(71)
20 762
fe=(65)
+5 2286
fi=(70)
3228 1524
fe=(65)
25 762
fi=(70)
3228 4572
0 762
3229 762
fi=(71)
20 762
fe=(65)
+5 762
fi=(10)
898 762
fi=(19)
1915 762
fi=(36)
900 762
fi=(59)
45 24
cob=(2)
cfi=(2)
cfn=(4642)
calls=18 -45 
* 468
* 6
-45 6
fe=(65)
16 18
fi=(70)
3228 48
0 6
3229 6
fi=(71)
20 6
fe=(65)
-4 18
fi=(70)
3228 48
0 6
3229 6
fi=(71)
20 6
fe=(65)
-4 12
fi=(19)
1915 12
fi=(36)
900 6
fe=(65)
16 2286
fi=(70)
3228 6096
0 762
3229 762
fi=(71)
20 762
fe=(65)
-4 2286
fi=(70)
3228 6096
0 762
3229 762
fi=(71)
20 762
fe=(65)
-4 1524
fi=(19)
1915 1524
fi=(36)
900 762
fe=(65)
56 24
cob=(2)
cfi=(2)
cfn=(4260)
calls=18 -56 
* 748
fi=(59)
-11 24
cob=(2)
cfi=(2)
cfn=(4642)
calls=18 -45 
* 468
* 6
-45 6
fe=(65)
25 18
fi=(70)
3228 48
0 6
3229 6
fi=(71)
20 6
fe=(65)
+5 18
fi=(70)
3228 12
fe=(65)
25 6
fi=(70)
3228 36
0 6
3229 6
fi=(71)
20 6
fe=(65)
+5 6
fi=(10)
898 6
fi=(19)
1915 6
fi=(36)
900 6
fe=(65)
25 2286
fi=(70)
3228 6096
0 762
3229 762
fi=(71)
20 762
fe=(65)
+5 2286
fi=(70)
3228 1524
fe=(65)
25 762
fi=(70)
3228 4572
0 762
3229 762
fi=(71)
20 762
fe=(65)
+5 762
fi=(10)
898 762
fi=(19)
1915 762
fi=(36)
900 762
fi=(59)
45 24
cob=(2)
cfi=(2)
cfn=(4642)
calls=18 -45 
* 468
* 6
-45 6
fe=(65)
16 18
fi=(70)
3228 48
0 6
3229 6
fi=(71)
20 6
fe=(65)
-4 18
fi=(70)
3228 48
0 6
3229 6
fi=(71)
20 6
fe=(65)
-4 12
fi=(19)
1915 12
fi=(36)
900 6
fe=(65)
16 2286
fi=(70)
3228 6096
0 762
3229 762
fi=(71)
20 762
fe=(65)
-4 2286
fi=(70)
3228 6096
0 762
3229 762
fi=(71)
20 762
fe=(65)
-4 1524
fi=(19)
1915 1524
fi=(36)
900 762
fe=(65)
56 24
cob=(2)
cfi=(2)
cfn=(4260)
calls=18 -56 
* 748
fi=(10)
898 6
fi=(36)
+2 12
fi=(19)
1915 6
fi=(36)
900 6
0 1
fe=(65)
59 4
cob=(2)
cfi=(2)
cfn=(4260)
calls=3 -59 
* 605
+1 9

fl=(53)
fn=(5024) keccak::keccak_p
236 1568
+1 448
0 224
fi=(14)
1717 224
fi=(54)
180 224
0 5600
180 672
0 4704
fi=(55) /rustc/ac68faa20c58cbccd01ee7208bf3b6e93a7d7f96/library/core/src/ops/bit.rs
898 1568
0 448
898 448
fi=(54)
0 10304
fi=(55)
898 36064
0 10304
898 87584
0 5152
898 25760
0 5152
898 10304
0 5152
898 5152
fi=(56)
2030 10304
fi=(55)
386 5152
fi=(56)
2030 5152
fi=(55)
386 5152
898 30912
0 10304
898 5152
fi=(56)
2030 5152
fi=(55)
386 5152
fi=(56)
2030 5152
fi=(55)
386 5152
898 18816
0 224
898 1120
0 224
898 448
0 224
898 224
fi=(56)
2030 448
fi=(55)
386 224
fi=(56)
2030 224
fi=(55)
386 224
898 1344
0 448
898 224
fi=(56)
2030 224
fi=(55)
386 224
fi=(56)
2030 224
fi=(55)
386 224
898 2464
0 224
898 224
0 224
898 41664
0 5152
898 5152
0 5152
898 20608
0 5152
fi=(56)
2030 5152
fi=(55)
386 5152
898 10304
0 5152
898 15456
0 5152
fi=(56)
2030 10304
0 10304
2030 15456
fi=(55)
63 10304
178 5152
0 5152
63 10304
178 5152
386 5152
0 5152
63 5152
178 5152
386 5152
0 10304
63 10304
178 5152
fi=(56)
2030 36064
fi=(55)
63 10304
178 5152
386 5152
898 448
0 224
fi=(56)
2030 224
fi=(55)
386 224
898 448
0 224
898 672
0 224
fi=(56)
2030 448
0 448
2030 672
fi=(55)
63 448
178 224
0 224
63 448
178 224
386 224
0 224
63 224
178 224
386 224
0 448
63 448
178 224
fi=(56)
2030 1568
fi=(55)
63 448
178 224
386 224
0 224
63 448
-63 224
178 224
386 224
0 224
63 224
178 224
386 224
0 224
63 448
-63 5152
63 10304
-63 5152
178 5152
386 5152
0 5152
63 5152
178 5152
386 5152
0 5152
63 10304
178 5152
63 5152
178 5152
0 10304
fi=(56)
2030 5152
0 5152
2030 10304
0 10304
2030 5152
fi=(55)
63 10304
178 5152
386 5152
0 5152
63 10304
178 5152
386 5152
63 10304
178 5152
63 5152
178 5152
0 5152
63 10304
178 5152
386 5152
0 5152
386 5152
0 10304
63 10304
178 5152
386 10304
0 5152
386 10304
fi=(56)
2030 10304
0 5152
2030 5152
fi=(55)
178 224
63 224
178 224
0 448
fi=(56)
2030 224
0 224
2030 448
0 448
2030 224
fi=(55)
63 448
178 224
386 224
0 224
63 448
178 224
386 224
63 448
178 224
63 224
178 224
0 224
63 448
178 224
386 224
0 224
386 224
0 448
63 448
178 224
386 448
0 224
386 448
fi=(56)
2030 448
0 224
2030 224
0 224
2030 448
0 224
2030 224
0 448
2030 224
0 448
2030 224
0 224
2030 224
0 5152
2030 10304
0 5152
2030 5152
0 10304
2030 5152
0 10304
2030 5152
0 5152
2030 5152
fi=(55)
386 5152
0 10304
fi=(56)
2030 5152
fi=(55)
63 10304
178 5152
63 10304
178 5152
63 10304
178 5152
386 5152
63 5152
178 5152
386 5152
63 10304
178 5152
63 10304
178 5152
386 5152
63 5152
178 5152
0 5152
63 10304
-63 5152
178 5152
386 5152
0 5152
386 10304
0 5152
63 5152
178 5152
0 5152
386 5152
0 5152
386 10304
0 5152
63 5152
178 5152
0 5152
386 224
0 448
fi=(56)
2030 224
fi=(55)
63 448
178 224
63 448
178 224
63 448
178 224
386 224
63 224
178 224
386 224
63 448
178 224
63 448
178 224
386 224
63 224
178 224
0 224
63 448
-63 224
178 224
386 224
0 224
386 448
0 224
63 224
178 224
0 224
386 224
0 224
386 448
0 224
63 224
178 224
0 224
386 224
0 448
386 224
0 224
898 896
0 224
fi=(14)
1717 224
fi=(54)
180 224
fi=(55)
386 5152
0 10304
386 5152
0 5152
898 20608
0 5152
fi=(14)
1717 5152
fi=(54)
180 5152
0 9408
fe=(53)
291 1792

fn=(5022)
166 224
cfn=(5024)
calls=663 +70 
* 1379168

fl=(58) /home/rick/unl/king's/thesis/ml-dsa/ml-dsa/src/expand.rs
fn=(5370) ml_dsa::expand::expand_mask
56 10
fi=(59)
+7 3
cob=(2)
cfi=(2)
cfn=(4642)
calls=1 -63 
* 5139
fi=(57)
-46 14
fi=(50) /home/rick/.cargo/registry/src/index.crates.io-1949cf8c6b5b557f/block-buffer-0.10.4/src/lib.rs
+59 9
fi=(48) /home/rick/unl/king's/thesis/ml-dsa/ml-dsa/src/hash.rs
-53 2
fe=(58)
+38 3
cfi=(48)
cfn=(4986) ml_dsa::hash::H::absorb
calls=1 -35 
* 44
fi=(34)
-61 1
cfi=(6)
cfn=(4864)
calls=1 0 
0 1
fi=(23)
198 3
cfi=(6)
cfn=(5038)
calls=1 0 
* 347
fi=(34)
469 2
fi=(62)
0 1
44 1
-44 1
fe=(58)
62 3
cfi=(48)
cfn=(4986)
calls=1 -36 
* 50
fi=(23)
+66 4
cfi=(6)
cfn=(4970)
calls=1 0 
* 35
* 1
0 1
fe=(58)
63 3
cob=(2)
cfi=(2)
cfn=(4260)
calls=1 -63 
* 65
* 4
cfi=(48)
cfn=(5012) ml_dsa::hash::H::finalize
calls=1 -33 
* 6412
* 4
cfi=(48)
cfn=(5034) ml_dsa::hash::HReader::squeeze_vec
calls=1 -21 
* 31528
fi=(34)
614 1
fi=(35)
1840 2
fe=(58)
64 4
cfi=(62)
cfn=(5320)
calls=1 +67 
* 102208
-64 2
64 3
cob=(2)
cfi=(2)
cfn=(4260)
calls=1 -64 
* 125
fi=(34)
424 1
634 2
fi=(23)
128 3
cfi=(6)
cfn=(4970)
calls=1 0 
* 35
fi=(57)
17 14
fi=(50)
+59 9
fi=(48)
-53 2
fe=(58)
+38 3
cfi=(48)
cfn=(4986)
calls=1 -35 
* 44
fi=(34)
-61 1
cfi=(6)
cfn=(4864)
calls=1 0 
0 1
fi=(23)
198 3
cfi=(6)
cfn=(5038)
calls=1 0 
* 63
fi=(34)
469 2
fi=(62)
0 1
44 2
-44 1
fe=(58)
62 3
cfi=(48)
cfn=(4986)
calls=1 -36 
* 50
fi=(23)
+66 4
cfi=(6)
cfn=(4970)
calls=1 0 
* 35
* 1
0 1
fe=(58)
63 3
cob=(2)
cfi=(2)
cfn=(4260)
calls=1 -63 
* 65
* 4
cfi=(48)
cfn=(5012)
calls=1 -33 
* 6412
* 4
cfi=(48)
cfn=(5034)
calls=1 -21 
* 31373
fi=(34)
614 1
fi=(35)
1840 2
fe=(58)
64 4
cfi=(62)
cfn=(5320)
calls=1 +67 
* 102129
* 4
cob=(2)
cfi=(2)
cfn=(4260)
calls=1 -64 
* 125
fi=(34)
424 1
634 2
fi=(23)
128 3
cfi=(6)
cfn=(4970)
calls=1 0 
* 35
fi=(57)
17 14
fi=(50)
+59 9
fi=(48)
-53 2
fe=(58)
+38 3
cfi=(48)
cfn=(4986)
calls=1 -35 
* 44
fi=(34)
-61 1
cfi=(6)
cfn=(4864)
calls=1 0 
0 1
fi=(23)
198 3
cfi=(6)
cfn=(5038)
calls=1 0 
* 63
fi=(34)
469 2
fi=(62)
0 1
44 2
-44 1
fe=(58)
62 3
cfi=(48)
cfn=(4986)
calls=1 -36 
* 50
fi=(23)
+66 4
cfi=(6)
cfn=(4970)
calls=1 0 
* 35
* 1
0 1
fe=(58)
63 3
cob=(2)
cfi=(2)
cfn=(4260)
calls=1 -63 
* 65
* 4
cfi=(48)
cfn=(5012)
calls=1 -33 
* 6412
* 4
cfi=(48)
cfn=(5034)
calls=1 -21 
* 31373
fi=(34)
614 1
fi=(35)
1840 2
fe=(58)
64 4
cfi=(62)
cfn=(5320)
calls=1 +67 
* 102129
* 4
cob=(2)
cfi=(2)
cfn=(4260)
calls=1 -64 
* 125
fi=(34)
424 1
634 2
fi=(23)
128 3
cfi=(6)
cfn=(4970)
calls=1 0 
* 35
fi=(57)
17 14
fi=(50)
+59 9
fi=(48)
-53 2
fe=(58)
+38 3
cfi=(48)
cfn=(4986)
calls=1 -35 
* 44
fi=(34)
-61 1
cfi=(6)
cfn=(4864)
calls=1 0 
0 1
fi=(23)
198 3
cfi=(6)
cfn=(5038)
calls=1 0 
* 63
fi=(34)
469 2
fi=(62)
0 1
44 2
-44 1
fe=(58)
62 3
cfi=(48)
cfn=(4986)
calls=1 -36 
* 50
fi=(23)
+66 4
cfi=(6)
cfn=(4970)
calls=1 0 
* 35
* 1
0 1
fe=(58)
63 3
cob=(2)
cfi=(2)
cfn=(4260)
calls=1 -63 
* 65
* 4
cfi=(48)
cfn=(5012)
calls=1 -33 
* 6412
* 4
cfi=(48)
cfn=(5034)
calls=1 -21 
* 31373
fi=(34)
614 1
fi=(35)
1840 2
fe=(58)
64 4
cfi=(62)
cfn=(5320)
calls=1 +67 
* 102129
* 4
cob=(2)
cfi=(2)
cfn=(4260)
calls=1 -64 
* 125
fi=(34)
424 1
634 2
fi=(23)
128 3
cfi=(6)
cfn=(4970)
calls=1 0 
* 35
fi=(57)
17 14
fi=(50)
+59 9
fi=(48)
-53 2
fe=(58)
+38 3
cfi=(48)
cfn=(4986)
calls=1 -35 
* 44
fi=(34)
-61 1
cfi=(6)
cfn=(4864)
calls=1 0 
0 1
fi=(23)
198 3
cfi=(6)
cfn=(5038)
calls=1 0 
* 63
fi=(34)
469 2
fi=(62)
0 1
44 2
-44 1
fe=(58)
62 3
cfi=(48)
cfn=(4986)
calls=1 -36 
* 50
fi=(23)
+66 4
cfi=(6)
cfn=(4970)
calls=1 0 
* 35
* 2
fe=(58)
-65 3
cob=(2)
cfi=(2)
cfn=(4260)
calls=1 -63 
* 65
* 4
cfi=(48)
cfn=(5012)
calls=1 -33 
* 6412
* 4
cfi=(48)
cfn=(5034)
calls=1 -21 
* 31373
fi=(34)
614 1
fi=(35)
1840 2
fe=(58)
64 4
cfi=(62)
cfn=(5320)
calls=1 +67 
* 102129
* 5
cob=(2)
cfi=(2)
cfn=(4260)
calls=1 -64 
* 125
fi=(34)
424 1
634 2
fi=(23)
128 3
cfi=(6)
cfn=(4970)
calls=1 0 
* 35
fe=(58)
-61 9

fn=(5058) ml_dsa::expand::expand_a
16 9
fi=(59)
+84 4
cob=(2)
cfi=(2)
cfn=(4642)
calls=3 0 
* 30739
* 6
0 6
fe=(58)
24 36
cob=(2)
cfi=(2)
cfn=(4260)
calls=18 -24 
* 750
* 6
fi=(10)
898 6
fi=(19)
1915 6
fi=(36)
900 6
0 6
fi=(18)
552 24
fe=(58)
22 12
+1 6
fi=(59)
+22 24
cob=(2)
cfi=(2)
cfn=(4642)
calls=18 -45 
* 468
* 6
fi=(57)
-28 84
fi=(50)
+59 66
fi=(48)
-15 6
fi=(60) /home/rick/unl/king's/thesis/ml-dsa/ml-dsa/src/sample.rs
-14 24
cfi=(48)
cfn=(5072) ml_dsa::hash::G::absorb
calls=18 +17 
* 264
+1 24
cob=(2)
cfi=(2)
cfn=(4260)
calls=18 -48 
* 390
* 18
cfi=(48)
cfn=(5080) ml_dsa::hash::G::finalize
calls=18 +20 
* 38568
+3 24
+1 3074
fi=(61)
-11 1537
+1 7685
cfi=(50)
cfn=(5092) block_buffer::BlockBuffer<BlockSize,block_buffer::Eager>::set_data
calls=4611 250 
* 269063
fi=(60)
+12 3074
-54 1537
fi=(62)
76 1537
+1 6148
+1 3074
fi=(60)
-23 1536
+1 1536
-2 1536
-54 30
fe=(58)
24 36
cob=(2)
cfi=(2)
cfn=(4260)
calls=18 -24 
* 750
-24 6
fi=(18)
552 24
fe=(58)
22 6
+1 6
fi=(59)
+22 24
cob=(2)
cfi=(2)
cfn=(4642)
calls=18 -45 
* 468
* 6
fi=(57)
-28 84
fi=(50)
+59 66
fi=(48)
-15 6
fi=(60)
-14 24
cfi=(48)
cfn=(5072)
calls=18 +17 
* 264
+1 24
cob=(2)
cfi=(2)
cfn=(4260)
calls=18 -48 
* 390
* 18
cfi=(48)
cfn=(5080)
calls=18 +20 
* 38568
+3 24
+1 3076
fi=(61)
-11 1538
+1 7690
cfi=(50)
cfn=(5092)
calls=4614 250 
* 269116
fi=(60)
+12 3076
-54 1538
fi=(62)
76 1538
+1 6152
+1 3076
fi=(60)
-23 1536
+1 1536
-2 1536
-54 6
fe=(58)
24 36
cob=(2)
cfi=(2)
cfn=(4260)
calls=18 -24 
* 750
-24 6
fi=(18)
552 24
fe=(58)
22 12
+1 6
fi=(59)
+22 24
cob=(2)
cfi=(2)
cfn=(4642)
calls=18 -45 
* 468
* 6
fi=(57)
-28 84
fi=(50)
+59 66
fi=(48)
-15 6
fi=(60)
-14 24
cfi=(48)
cfn=(5072)
calls=18 +17 
* 264
+1 24
cob=(2)
cfi=(2)
cfn=(4260)
calls=18 -48 
* 390
* 18
cfi=(48)
cfn=(5080)
calls=18 +20 
* 38568
+3 24
+1 3074
fi=(61)
-11 1537
+1 7685
cfi=(50)
cfn=(5092)
calls=4611 250 
* 269063
fi=(60)
+12 3074
-54 1537
fi=(62)
76 1537
+1 6148
+1 3074
fi=(60)
-23 1536
+1 1536
-2 1536
-54 6
fe=(58)
24 36
cob=(2)
cfi=(2)
cfn=(4260)
calls=18 -24 
* 750
-24 6
fi=(18)
552 24
fe=(58)
22 12
+1 6
fi=(59)
+22 24
cob=(2)
cfi=(2)
cfn=(4642)
calls=18 -45 
* 468
* 6
fi=(57)
-28 84
fi=(50)
+59 66
fi=(48)
-15 6
fi=(60)
-14 24
cfi=(48)
cfn=(5072)
calls=18 +17 
* 264
+1 24
cob=(2)
cfi=(2)
cfn=(4260)
calls=18 -48 
* 390
* 18
cfi=(48)
cfn=(5080)
calls=18 +20 
* 38568
+3 24
+1 3076
fi=(61)
-11 1538
+1 7690
cfi=(50)
cfn=(5092)
calls=4614 250 
* 269116
fi=(60)
+12 3076
-54 1538
fi=(62)
76 1538
+1 6152
+1 3076
fi=(60)
-23 1536
+1 1536
-2 1536
-54 6
fe=(58)
24 36
cob=(2)
cfi=(2)
cfn=(4260)
calls=18 -24 
* 750
-24 6
fi=(18)
552 24
fe=(58)
22 12
+1 6
fi=(59)
+22 24
cob=(2)
cfi=(2)
cfn=(4642)
calls=18 -45 
* 468
* 6
fi=(57)
-28 84
fi=(50)
+59 66
fi=(48)
-15 6
fi=(60)
-14 24
cfi=(48)
cfn=(5072)
calls=18 +17 
* 264
+1 24
cob=(2)
cfi=(2)
cfn=(4260)
calls=18 -48 
* 390
* 18
cfi=(48)
cfn=(5080)
calls=18 +20 
* 38568
+3 30
+1 3078
fi=(61)
-11 1539
+1 7695
cfi=(50)
cfn=(5092)
calls=4617 250 
* 269169
fi=(60)
+12 3078
-54 1539
fi=(62)
76 1539
+1 6156
+1 3078
fi=(60)
-23 1536
+1 1536
-2 1536
-54 1
fe=(58)
28 8

fl=(46)
fn=(5310)
95 4
fi=(69) /home/rick/unl/king's/thesis/ml-dsa/ml-dsa/src/sign.rs
-65 1
cfn=(5312) ml_dsa::sign::sign_internal_traced
calls=1 +6 
* 7614663
* 4
fe=(46)
+67 4

fl=(64) /home/rick/unl/king's/thesis/ml-dsa/ml-dsa/src/vecops.rs
fn=(5468) ml_dsa::vecops::sub_vec
62 18
fi=(59)
+1 6
cob=(2)
cfi=(2)
cfn=(4642)
calls=3 -63 
* 12326
-63 4
fe=(64)
66 6
fi=(70)
3228 16
0 2
3229 2
fi=(71)
20 2
fe=(64)
+46 6
fi=(70)
3228 4
fe=(64)
66 2
fi=(70)
3228 12
0 2
3229 2
fi=(71)
20 2
fe=(64)
+46 2
fi=(10)
898 2
fi=(19)
1915 2
fi=(36)
900 2
fe=(64)
66 762
fi=(70)
3228 2032
0 254
3229 254
fi=(71)
20 254
fe=(64)
+46 762
fi=(70)
3228 508
fe=(64)
66 254
fi=(70)
3228 1524
0 254
3229 254
fi=(71)
20 254
fe=(64)
+46 254
fi=(10)
898 254
fi=(19)
1915 254
fi=(36)
900 254
0 4
fe=(64)
66 6
fi=(70)
3228 16
0 2
3229 2
fi=(71)
20 2
fe=(64)
+46 6
fi=(70)
3228 4
fe=(64)
66 2
fi=(70)
3228 12
0 2
3229 2
fi=(71)
20 2
fe=(64)
+46 2
fi=(10)
898 2
fi=(19)
1915 2
fi=(36)
900 2
fe=(64)
66 762
fi=(70)
3228 2032
0 254
3229 254
fi=(71)
20 254
fe=(64)
+46 762
fi=(70)
3228 508
fe=(64)
66 254
fi=(70)
3228 1524
0 254
3229 254
fi=(71)
20 254
fe=(64)
+46 254
fi=(10)
898 254
fi=(19)
1915 254
fi=(36)
900 254
0 4
fe=(64)
66 6
fi=(70)
3228 16
0 2
3229 2
fi=(71)
20 2
fe=(64)
+46 6
fi=(70)
3228 4
fe=(64)
66 2
fi=(70)
3228 12
0 2
3229 2
fi=(71)
20 2
fe=(64)
+46 2
fi=(10)
898 2
fi=(19)
1915 2
fi=(36)
900 2
fe=(64)
66 762
fi=(70)
3228 2032
0 254
3229 254
fi=(71)
20 254
fe=(64)
+46 762
fi=(70)
3228 508
fe=(64)
66 254
fi=(70)
3228 1524
0 254
3229 254
fi=(71)
20 254
fe=(64)
+46 254
fi=(10)
898 254
fi=(19)
1915 254
fi=(36)
900 254
0 4
fe=(64)
66 6
fi=(70)
3228 16
0 2
3229 2
fi=(71)
20 2
fe=(64)
+46 6
fi=(70)
3228 4
fe=(64)
66 2
fi=(70)
3228 12
0 2
3229 2
fi=(71)
20 2
fe=(64)
+46 2
fi=(10)
898 2
fi=(19)
1915 2
fi=(36)
900 2
fe=(64)
66 762
fi=(70)
3228 2032
0 254
3229 254
fi=(71)
20 254
fe=(64)
+46 762
fi=(70)
3228 508
fe=(64)
66 254
fi=(70)
3228 1524
0 254
3229 254
fi=(71)
20 254
fe=(64)
+46 254
fi=(10)
898 254
fi=(19)
1915 254
fi=(36)
900 254
0 4
fe=(64)
66 6
fi=(70)
3228 16
0 2
3229 2
fi=(71)
20 2
fe=(64)
+46 6
fi=(70)
3228 4
fe=(64)
66 2
fi=(70)
3228 12
0 2
3229 2
fi=(71)
20 2
fe=(64)
+46 2
fi=(10)
898 2
fi=(19)
1915 2
fi=(36)
900 2
fe=(64)
66 762
fi=(70)
3228 2032
0 254
3229 254
fi=(71)
20 254
fe=(64)
+46 762
fi=(70)
3228 508
fe=(64)
66 254
fi=(70)
3228 1524
0 254
3229 254
fi=(71)
20 254
fe=(64)
+46 254
fi=(10)
898 254
fi=(19)
1915 254
fi=(36)
900 254
0 4
fe=(64)
66 6
fi=(70)
3228 16
0 2
3229 2
fi=(71)
20 2
fe=(64)
+46 6
fi=(70)
3228 4
fe=(64)
66 2
fi=(70)
3228 12
0 2
3229 2
fi=(71)
20 2
fe=(64)
+46 2
fi=(10)
898 2
fi=(19)
1915 2
fi=(36)
900 2
fe=(64)
66 762
fi=(70)
3228 2032
0 254
3229 254
fi=(71)
20 254
fe=(64)
+46 762
fi=(70)
3228 508
fe=(64)
66 254
fi=(70)
3228 1524
0 254
3229 254
fi=(71)
20 254
fe=(64)
+46 254
fi=(10)
898 254
fi=(19)
1915 254
fi=(36)
900 254
fe=(64)
70 14

fn=(5152) ml_dsa::vecops::add_vec
51 9
fi=(59)
+12 3
cob=(2)
cfi=(2)
cfn=(4642)
calls=2 -63 
* 6163
-63 2
fe=(64)
55 3
fi=(70)
3228 8
0 1
3229 1
fi=(71)
20 1
fe=(64)
+35 3
fi=(70)
3228 2
fe=(64)
55 1
fi=(70)
3228 6
0 1
3229 1
fi=(71)
20 1
fe=(64)
+35 1
fi=(10)
898 1
fi=(19)
1915 1
fi=(36)
900 1
fe=(64)
55 381
fi=(70)
3228 1016
0 127
3229 127
fi=(71)
20 127
fe=(64)
+35 381
fi=(70)
3228 254
fe=(64)
55 127
fi=(70)
3228 762
0 127
3229 127
fi=(71)
20 127
fe=(64)
+35 127
fi=(10)
898 127
fi=(19)
1915 127
fi=(36)
900 127
0 2
fe=(64)
55 3
fi=(70)
3228 8
0 1
3229 1
fi=(71)
20 1
fe=(64)
+35 3
fi=(70)
3228 2
fe=(64)
55 1
fi=(70)
3228 6
0 1
3229 1
fi=(71)
20 1
fe=(64)
+35 1
fi=(10)
898 1
fi=(19)
1915 1
fi=(36)
900 1
fe=(64)
55 381
fi=(70)
3228 1016
0 127
3229 127
fi=(71)
20 127
fe=(64)
+35 381
fi=(70)
3228 254
fe=(64)
55 127
fi=(70)
3228 762
0 127
3229 127
fi=(71)
20 127
fe=(64)
+35 127
fi=(10)
898 127
fi=(19)
1915 127
fi=(36)
900 127
0 2
fe=(64)
55 3
fi=(70)
3228 8
0 1
3229 1
fi=(71)
20 1
fe=(64)
+35 3
fi=(70)
3228 2
fe=(64)
55 1
fi=(70)
3228 6
0 1
3229 1
fi=(71)
20 1
fe=(64)
+35 1
fi=(10)
898 1
fi=(19)
1915 1
fi=(36)
900 1
fe=(64)
55 381
fi=(70)
3228 1016
0 127
3229 127
fi=(71)
20 127
fe=(64)
+35 381
fi=(70)
3228 254
fe=(64)
55 127
fi=(70)
3228 762
0 127
3229 127
fi=(71)
20 127
fe=(64)
+35 127
fi=(10)
898 127
fi=(19)
1915 127
fi=(36)
900 127
0 2
fe=(64)
55 3
fi=(70)
3228 8
0 1
3229 1
fi=(71)
20 1
fe=(64)
+35 3
fi=(70)
3228 2
fe=(64)
55 1
fi=(70)
3228 6
0 1
3229 1
fi=(71)
20 1
fe=(64)
+35 1
fi=(10)
898 1
fi=(19)
1915 1
fi=(36)
900 1
fe=(64)
55 381
fi=(70)
3228 1016
0 127
3229 127
fi=(71)
20 127
fe=(64)
+35 381
fi=(70)
3228 254
fe=(64)
55 127
fi=(70)
3228 762
0 127
3229 127
fi=(71)
20 127
fe=(64)
+35 127
fi=(10)
898 127
fi=(19)
1915 127
fi=(36)
900 127
0 2
fe=(64)
55 3
fi=(70)
3228 8
0 1
3229 1
fi=(71)
20 1
fe=(64)
+35 3
fi=(70)
3228 2
fe=(64)
55 1
fi=(70)
3228 6
0 1
3229 1
fi=(71)
20 1
fe=(64)
+35 1
fi=(10)
898 1
fi=(19)
1915 1
fi=(36)
900 1
fe=(64)
55 381
fi=(70)
3228 1016
0 127
3229 127
fi=(71)
20 127
fe=(64)
+35 381
fi=(70)
3228 254
fe=(64)
55 127
fi=(70)
3228 762
0 127
3229 127
fi=(71)
20 127
fe=(64)
+35 127
fi=(10)
898 127
fi=(19)
1915 127
fi=(36)
900 127
0 2
fe=(64)
55 3
fi=(70)
3228 8
0 1
3229 1
fi=(71)
20 1
fe=(64)
+35 3
fi=(70)
3228 2
fe=(64)
55 1
fi=(70)
3228 6
0 1
3229 1
fi=(71)
20 1
fe=(64)
+35 1
fi=(10)
898 1
fi=(19)
1915 1
fi=(36)
900 1
fe=(64)
55 381
fi=(70)
3228 1016
0 127
3229 127
fi=(71)
20 127
fe=(64)
+35 381
fi=(70)
3228 254
fe=(64)
55 127
fi=(70)
3228 762
0 127
3229 127
fi=(71)
20 127
fe=(64)
+35 127
fi=(10)
898 127
fi=(19)
1915 127
fi=(36)
900 127
fe=(64)
59 7
-8 9
fi=(59)
+12 3
cob=(2)
cfi=(2)
cfn=(4642)
calls=1 -63 
* 5139
-63 2
fe=(64)
55 3
fi=(70)
3228 8
0 1
3229 1
fi=(71)
20 1
fe=(64)
+35 3
fi=(70)
3228 2
fe=(64)
55 1
fi=(70)
3228 6
0 1
3229 1
fi=(71)
20 1
fe=(64)
+35 1
fi=(10)
898 1
fi=(19)
1915 1
fi=(36)
900 1
fe=(64)
55 381
fi=(70)
3228 1016
0 127
3229 127
fi=(71)
20 127
fe=(64)
+35 381
fi=(70)
3228 254
fe=(64)
55 127
fi=(70)
3228 762
0 127
3229 127
fi=(71)
20 127
fe=(64)
+35 127
fi=(10)
898 127
fi=(19)
1915 127
fi=(36)
900 127
0 2
fe=(64)
55 3
fi=(70)
3228 8
0 1
3229 1
fi=(71)
20 1
fe=(64)
+35 3
fi=(70)
3228 2
fe=(64)
55 1
fi=(70)
3228 6
0 1
3229 1
fi=(71)
20 1
fe=(64)
+35 1
fi=(10)
898 1
fi=(19)
1915 1
fi=(36)
900 1
fe=(64)
55 381
fi=(70)
3228 1016
0 127
3229 127
fi=(71)
20 127
fe=(64)
+35 381
fi=(70)
3228 254
fe=(64)
55 127
fi=(70)
3228 762
0 127
3229 127
fi=(71)
20 127
fe=(64)
+35 127
fi=(10)
898 127
fi=(19)
1915 127
fi=(36)
900 127
0 2
fe=(64)
55 3
fi=(70)
3228 8
0 1
3229 1
fi=(71)
20 1
fe=(64)
+35 3
fi=(70)
3228 2
fe=(64)
55 1
fi=(70)
3228 6
0 1
3229 1
fi=(71)
20 1
fe=(64)
+35 1
fi=(10)
898 1
fi=(19)
1915 1
fi=(36)
900 1
fe=(64)
55 381
fi=(70)
3228 1016
0 127
3229 127
fi=(71)
20 127
fe=(64)
+35 381
fi=(70)
3228 254
fe=(64)
55 127
fi=(70)
3228 762
0 127
3229 127
fi=(71)
20 127
fe=(64)
+35 127
fi=(10)
898 127
fi=(19)
1915 127
fi=(36)
900 127
0 2
fe=(64)
55 3
fi=(70)
3228 8
0 1
3229 1
fi=(71)
20 1
fe=(64)
+35 3
fi=(70)
3228 2
fe=(64)
55 1
fi=(70)
3228 6
0 1
3229 1
fi=(71)
20 1
fe=(64)
+35 1
fi=(10)
898 1
fi=(19)
1915 1
fi=(36)
900 1
fe=(64)
55 381
fi=(70)
3228 1016
0 127
3229 127
fi=(71)
20 127
fe=(64)
+35 381
fi=(70)
3228 254
fe=(64)
55 127
fi=(70)
3228 762
0 127
3229 127
fi=(71)
20 127
fe=(64)
+35 127
fi=(10)
898 127
fi=(19)
1915 127
fi=(36)
900 127
0 2
fe=(64)
55 3
fi=(70)
3228 8
0 1
3229 1
fi=(71)
20 1
fe=(64)
+35 3
fi=(70)
3228 2
fe=(64)
55 1
fi=(70)
3228 6
0 1
3229 1
fi=(71)
20 1
fe=(64)
+35 1
fi=(10)
898 1
fi=(19)
1915 1
fi=(36)
900 1
fe=(64)
55 381
fi=(70)
3228 1016
0 127
3229 127
fi=(71)
20 127
fe=(64)
+35 381
fi=(70)
3228 254
fe=(64)
55 127
fi=(70)
3228 762
0 127
3229 127
fi=(71)
20 127
fe=(64)
+35 127
fi=(10)
898 127
fi=(19)
1915 127
fi=(36)
900 127
fe=(64)
59 7

fn=(5474) ml_dsa::vecops::low_bits_vec
116 9
fi=(59)
-84 3
cob=(2)
cfi=(2)
cfn=(4642)
calls=1 -32 
* 78
-32 5
fi=(66) /home/rick/unl/king's/thesis/ml-dsa/ml-dsa/src/rounding.rs
148 1
fi=(70)
3228 22
+1 4
-1 17
fi=(71)
64 4
fi=(66)
-32 3
148 1
fi=(10)
898 1
fi=(36)
+2 2
fi=(66)
148 63
fi=(70)
3228 1386
+1 252
-1 1071
fi=(71)
64 252
fi=(66)
-32 189
148 63
fi=(10)
898 63
fi=(36)
+2 126
0 1
fe=(64)
119 4
cob=(2)
cfi=(2)
cfn=(4260)
calls=1 0 
* 125
0 1
fi=(59)
32 4
cob=(2)
cfi=(2)
cfn=(4642)
calls=1 -32 
* 78
* 7
-32 1
fi=(66)
148 1
fi=(70)
3228 22
+1 4
-1 17
fi=(71)
64 4
fi=(66)
-32 3
148 64
fi=(70)
3228 1386
+1 252
-1 1071
fi=(71)
64 252
fi=(66)
-32 189
148 63
fi=(10)
898 63
fi=(36)
+2 126
fi=(10)
-2 1
fi=(36)
+2 2
fe=(64)
119 5
cob=(2)
cfi=(2)
cfn=(4260)
calls=1 0 
* 125
0 1
fi=(59)
32 4
cob=(2)
cfi=(2)
cfn=(4642)
calls=1 -32 
* 78
* 7
-32 1
fi=(66)
148 1
fi=(70)
3228 22
+1 4
-1 17
fi=(71)
64 4
fi=(66)
-32 3
148 64
fi=(70)
3228 1386
+1 252
-1 1071
fi=(71)
64 252
fi=(66)
-32 189
148 63
fi=(10)
898 63
fi=(36)
+2 126
fi=(10)
-2 1
fi=(36)
+2 2
fe=(64)
119 5
cob=(2)
cfi=(2)
cfn=(4260)
calls=1 0 
* 125
0 1
fi=(59)
32 4
cob=(2)
cfi=(2)
cfn=(4642)
calls=1 -32 
* 78
* 7
-32 1
fi=(66)
148 1
fi=(70)
3228 22
+1 4
-1 17
fi=(71)
64 4
fi=(66)
-32 3
148 64
fi=(70)
3228 1386
+1 252
-1 1071
fi=(71)
64 252
fi=(66)
-32 189
148 63
fi=(10)
898 63
fi=(36)
+2 126
fi=(10)
-2 1
fi=(36)
+2 2
fe=(64)
119 5
cob=(2)
cfi=(2)
cfn=(4260)
calls=1 0 
* 125
0 1
fi=(59)
32 4
cob=(2)
cfi=(2)
cfn=(4642)
calls=1 -32 
* 78
* 7
-32 1
fi=(66)
148 1
fi=(70)
3228 22
+1 4
-1 17
fi=(71)
64 4
fi=(66)
-32 3
148 64
fi=(70)
3228 1386
+1 252
-1 1071
fi=(71)
64 252
fi=(66)
-32 189
148 63
fi=(10)
898 63
fi=(36)
+2 126
fi=(10)
-2 1
fi=(36)
+2 2
fe=(64)
119 5
cob=(2)
cfi=(2)
cfn=(4260)
calls=1 0 
* 125
0 1
fi=(59)
32 4
cob=(2)
cfi=(2)
cfn=(4642)
calls=1 -32 
* 78
* 7
-32 1
fi=(66)
148 1
fi=(70)
3228 22
+1 4
-1 17
fi=(71)
64 4
fi=(66)
-32 3
148 64
fi=(70)
3228 1386
+1 252
-1 1071
fi=(71)
64 252
fi=(66)
-32 189
148 63
fi=(10)
898 63
fi=(36)
+2 126
fi=(10)
-2 1
fi=(36)
+2 2
fe=(64)
119 5
cob=(2)
cfi=(2)
cfn=(4260)
calls=1 0 
* 125
+3 7

fn=(5490) ml_dsa::vecops::inf_norm
149 16
0 2
153 4
fi=(70)
3228 88
+1 10
fe=(64)
153 124
fi=(70)
3228 2728
+1 496
fi=(71)
64 372
fi=(70)
3229 6
fi=(71)
64 20
fi=(70)
3608 16
fe=(64)
154 36
fi=(10)
898 2
fi=(36)
+2 4
fi=(71)
64 248
fi=(70)
3608 496
fe=(64)
154 1116
fi=(10)
898 62
fi=(36)
+2 176
0 8
fe=(64)
153 4
fi=(70)
3228 56
fe=(64)
153 124
fi=(70)
3228 2728
+1 496
fi=(71)
64 372
fi=(70)
3228 32
+1 16
fi=(71)
64 20
fi=(70)
3608 16
fe=(64)
154 36
fi=(71)
-90 248
fi=(70)
3608 496
fe=(64)
154 1116
fi=(10)
898 62
fi=(36)
+2 124
fi=(10)
-2 2
fi=(36)
+2 56
0 8
fe=(64)
153 4
fi=(70)
3228 56
fe=(64)
153 124
fi=(70)
3228 2728
+1 496
fi=(71)
64 372
fi=(70)
3228 32
+1 16
fi=(71)
64 20
fi=(70)
3608 16
fe=(64)
154 36
fi=(71)
-90 248
fi=(70)
3608 496
fe=(64)
154 1116
fi=(10)
898 62
fi=(36)
+2 124
fi=(10)
-2 2
fi=(36)
+2 56
0 8
fe=(64)
153 4
fi=(70)
3228 56
fe=(64)
153 124
fi=(70)
3228 2728
+1 496
fi=(71)
64 372
fi=(70)
3228 32
+1 16
fi=(71)
64 20
fi=(70)
3608 16
fe=(64)
154 36
fi=(71)
-90 248
fi=(70)
3608 496
fe=(64)
154 1116
fi=(10)
898 62
fi=(36)
+2 124
fi=(10)
-2 2
fi=(36)
+2 56
0 8
fe=(64)
153 4
fi=(70)
3228 56
fe=(64)
153 124
fi=(70)
3228 2728
+1 496
fi=(71)
64 372
fi=(70)
3228 32
+1 16
fi=(71)
64 20
fi=(70)
3608 16
fe=(64)
154 36
fi=(71)
-90 248
fi=(70)
3608 496
fe=(64)
154 1116
fi=(10)
898 62
fi=(36)
+2 124
fi=(10)
-2 2
fi=(36)
+2 56
0 8
fe=(64)
153 4
fi=(70)
3228 56
fe=(64)
153 124
fi=(70)
3228 2728
+1 496
fi=(71)
64 372
fi=(70)
3228 32
+1 16
fi=(71)
64 20
fi=(70)
3608 16
fe=(64)
154 36
fi=(71)
-90 248
fi=(70)
3608 496
fe=(64)
154 1116
fi=(10)
898 62
fi=(36)
+2 124
fi=(10)
-2 2
fi=(36)
+2 56
fe=(64)
160 2

fn=(5392) ml_dsa::vecops::high_bits_vec
107 9
fi=(59)
-75 3
cob=(2)
cfi=(2)
cfn=(4642)
calls=1 -32 
* 78
-32 6
fi=(66)
139 1
fi=(70)
3228 22
+1 4
-1 17
fi=(71)
64 4
fi=(66)
-32 6
139 63
fi=(70)
3228 1386
+1 252
-1 1071
fi=(71)
64 252
fi=(66)
-32 770
139 1
fi=(10)
898 1
fi=(36)
+2 2
fi=(66)
32 504
139 63
fi=(10)
898 63
fi=(36)
+2 126
0 1
fe=(64)
110 4
cob=(2)
cfi=(2)
cfn=(4260)
calls=1 0 
* 125
0 1
fi=(59)
32 4
cob=(2)
cfi=(2)
cfn=(4642)
calls=1 -32 
* 78
* 8
-32 1
fi=(66)
139 1
fi=(70)
3228 22
+1 4
-1 17
fi=(71)
64 4
fi=(66)
-32 3
139 63
fi=(70)
3228 1386
+1 252
-1 1071
fi=(71)
64 252
fi=(66)
-32 773
139 1
fi=(10)
898 1
fi=(36)
+2 2
fi=(66)
32 504
139 63
fi=(10)
898 63
fi=(36)
+2 126
fe=(64)
110 5
cob=(2)
cfi=(2)
cfn=(4260)
calls=1 0 
* 125
0 1
fi=(59)
32 4
cob=(2)
cfi=(2)
cfn=(4642)
calls=1 -32 
* 78
* 8
-32 1
fi=(66)
139 1
fi=(70)
3228 22
+1 4
-1 17
fi=(71)
64 4
fi=(66)
-32 3
139 63
fi=(70)
3228 1386
+1 252
-1 1071
fi=(71)
64 252
fi=(66)
-32 773
139 1
fi=(10)
898 1
fi=(36)
+2 2
fi=(66)
32 504
139 63
fi=(10)
898 63
fi=(36)
+2 126
fe=(64)
110 5
cob=(2)
cfi=(2)
cfn=(4260)
calls=1 0 
* 125
0 1
fi=(59)
32 4
cob=(2)
cfi=(2)
cfn=(4642)
calls=1 -32 
* 78
* 8
-32 1
fi=(66)
139 1
fi=(70)
3228 22
+1 4
-1 17
fi=(71)
64 4
fi=(66)
-32 3
139 63
fi=(70)
3228 1386
+1 252
-1 1071
fi=(71)
64 252
fi=(66)
-32 773
139 1
fi=(10)
898 1
fi=(36)
+2 2
fi=(66)
32 504
139 63
fi=(10)
898 63
fi=(36)
+2 126
fe=(64)
110 5
cob=(2)
cfi=(2)
cfn=(4260)
calls=1 0 
* 125
0 1
fi=(59)
32 4
cob=(2)
cfi=(2)
cfn=(4642)
calls=1 -32 
* 78
* 8
-32 1
fi=(66)
139 1
fi=(70)
3228 22
+1 4
-1 17
fi=(71)
64 4
fi=(66)
-32 3
139 63
fi=(70)
3228 1386
+1 252
-1 1071
fi=(71)
64 252
fi=(66)
-32 773
139 1
fi=(10)
898 1
fi=(36)
+2 2
fi=(66)
32 504
139 63
fi=(10)
898 63
fi=(36)
+2 126
fe=(64)
110 5
cob=(2)
cfi=(2)
cfn=(4260)
calls=1 0 
* 125
0 1
fi=(59)
32 4
cob=(2)
cfi=(2)
cfn=(4642)
calls=1 -32 
* 78
* 8
-32 1
fi=(66)
139 1
fi=(70)
3228 22
+1 4
-1 17
fi=(71)
64 4
fi=(66)
-32 3
139 63
fi=(70)
3228 1386
+1 252
-1 1071
fi=(71)
64 252
fi=(66)
-32 773
139 1
fi=(10)
898 1
fi=(36)
+2 2
fi=(66)
32 504
139 63
fi=(10)
898 63
fi=(36)
+2 126
fe=(64)
110 5
cob=(2)
cfi=(2)
cfn=(4260)
calls=1 0 
* 125
+3 7

fn=(5502) ml_dsa::vecops::make_hint_vec
125 11
fi=(59)
-93 3
cob=(2)
cfi=(2)
cfn=(4642)
calls=1 -32 
* 78
-32 9
fi=(66)
157 2
fi=(70)
3228 4
fi=(66)
54 1
fi=(70)
3228 18
+1 4
-1 17
fi=(71)
64 4
fi=(66)
-32 1
157 126
fi=(70)
3228 252
fi=(66)
54 63
fi=(70)
3228 1134
+1 252
-1 1071
fi=(71)
64 252
fi=(66)
-32 649
fi=(70)
3228 22
+1 4
-1 15
fi=(66)
32 630
fi=(70)
3228 1386
+1 252
-1 1071
fi=(71)
64 252
fi=(66)
-32 189
fi=(70)
3228 2
fi=(71)
64 4
fi=(66)
-32 20
157 3
fi=(10)
898 1
fi=(36)
+2 2
fi=(66)
32 1071
157 189
fi=(10)
898 63
fi=(36)
+2 126
0 1
fe=(64)
131 4
cob=(2)
cfi=(2)
cfn=(4260)
calls=1 0 
* 125
0 1
fi=(59)
32 4
cob=(2)
cfi=(2)
cfn=(4642)
calls=1 -32 
* 78
* 9
-32 1
fi=(66)
157 2
fi=(70)
3228 4
fi=(66)
54 1
fi=(70)
3228 18
+1 4
-1 17
fi=(71)
64 4
fi=(66)
+93 126
fi=(70)
3228 252
fi=(66)
54 63
fi=(70)
3228 1134
+1 252
-1 1071
fi=(71)
64 252
fi=(66)
-32 650
fi=(70)
3228 22
+1 4
-1 14
fi=(66)
32 630
fi=(70)
3228 1386
+1 252
-1 1071
fi=(71)
64 252
fi=(66)
-32 189
fi=(70)
3228 3
fi=(71)
64 4
fi=(66)
-32 20
157 3
fi=(10)
898 1
fi=(36)
+2 2
fi=(66)
32 1071
157 189
fi=(10)
898 63
fi=(36)
+2 126
fe=(64)
131 5
cob=(2)
cfi=(2)
cfn=(4260)
calls=1 0 
* 125
0 1
fi=(59)
32 4
cob=(2)
cfi=(2)
cfn=(4642)
calls=1 -32 
* 78
* 9
-32 1
fi=(66)
157 2
fi=(70)
3228 4
fi=(66)
54 1
fi=(70)
3228 18
+1 4
-1 17
fi=(71)
64 4
fi=(66)
+93 126
fi=(70)
3228 252
fi=(66)
54 63
fi=(70)
3228 1134
+1 252
-1 1071
fi=(71)
64 252
fi=(66)
-32 650
fi=(70)
3228 22
+1 4
-1 14
fi=(66)
32 630
fi=(70)
3228 1386
+1 252
-1 1071
fi=(71)
64 252
fi=(66)
-32 189
fi=(70)
3228 3
fi=(71)
64 4
fi=(66)
-32 20
157 3
fi=(10)
898 1
fi=(36)
+2 2
fi=(66)
32 1071
157 189
fi=(10)
898 63
fi=(36)
+2 126
fe=(64)
131 5
cob=(2)
cfi=(2)
cfn=(4260)
calls=1 0 
* 125
0 1
fi=(59)
32 4
cob=(2)
cfi=(2)
cfn=(4642)
calls=1 -32 
* 78
* 9
-32 1
fi=(66)
157 2
fi=(70)
3228 4
fi=(66)
54 1
fi=(70)
3228 18
+1 4
-1 17
fi=(71)
64 4
fi=(66)
+93 126
fi=(70)
3228 252
fi=(66)
54 63
fi=(70)
3228 1134
+1 252
-1 1071
fi=(71)
64 252
fi=(66)
-32 650
fi=(70)
3228 22
+1 4
-1 14
fi=(66)
32 630
fi=(70)
3228 1386
+1 252
-1 1071
fi=(71)
64 252
fi=(66)
-32 189
fi=(70)
3228 3
fi=(71)
64 4
fi=(66)
-32 20
157 3
fi=(10)
898 1
fi=(36)
+2 2
fi=(66)
32 1071
157 189
fi=(10)
898 63
fi=(36)
+2 126
fe=(64)
131 5
cob=(2)
cfi=(2)
cfn=(4260)
calls=1 0 
* 125
0 1
fi=(59)
32 4
cob=(2)
cfi=(2)
cfn=(4642)
calls=1 -32 
* 78
* 9
-32 1
fi=(66)
157 2
fi=(70)
3228 4
fi=(66)
54 1
fi=(70)
3228 18
+1 4
-1 17
fi=(71)
64 4
fi=(66)
+93 126
fi=(70)
3228 252
fi=(66)
54 63
fi=(70)
3228 1134
+1 252
-1 1071
fi=(71)
64 252
fi=(66)
-32 650
fi=(70)
3228 22
+1 4
-1 14
fi=(66)
32 630
fi=(70)
3228 1386
+1 252
-1 1071
fi=(71)
64 252
fi=(66)
-32 189
fi=(70)
3228 3
fi=(71)
64 4
fi=(66)
-32 20
157 3
fi=(10)
898 1
fi=(36)
+2 2
fi=(66)
32 1071
157 189
fi=(10)
898 63
fi=(36)
+2 126
fe=(64)
131 5
cob=(2)
cfi=(2)
cfn=(4260)
calls=1 0 
* 125
0 1
fi=(59)
32 4
cob=(2)
cfi=(2)
cfn=(4642)
calls=1 -32 
* 78
* 9
-32 1
fi=(66)
157 2
fi=(70)
3228 4
fi=(66)
54 1
fi=(70)
3228 18
+1 4
-1 17
fi=(71)
64 4
fi=(66)
+93 126
fi=(70)
3228 252
fi=(66)
54 63
fi=(70)
3228 1134
+1 252
-1 1071
fi=(71)
64 252
fi=(66)
-32 650
fi=(70)
3228 22
+1 4
-1 14
fi=(66)
32 630
fi=(70)
3228 1386
+1 252
-1 1071
fi=(71)
64 252
fi=(66)
-32 189
fi=(70)
3228 3
fi=(71)
64 4
fi=(66)
-32 20
157 3
fi=(10)
898 1
fi=(36)
+2 2
fi=(66)
32 1071
157 189
fi=(10)
898 63
fi=(36)
+2 126
fe=(64)
131 5
cob=(2)
cfi=(2)
cfn=(4260)
calls=1 0 
* 125
+3 8

fn=(5512) ml_dsa::vecops::center_vec
84 6
fi=(59)
-21 3
cob=(2)
cfi=(2)
cfn=(4642)
calls=1 -63 
* 5139
-63 6
fe=(64)
88 1
fi=(70)
3228 22
+1 4
fi=(71)
64 5
fe=(64)
+24 1
fi=(10)
898 1
fi=(36)
+2 2
fe=(64)
88 63
fi=(70)
3228 1386
+1 252
fi=(71)
64 315
fe=(64)
+24 63
fi=(10)
898 63
fi=(36)
+2 126
0 2
fe=(64)
88 1
fi=(70)
3228 22
+1 4
fi=(71)
64 5
fe=(64)
+24 1
fi=(10)
898 1
fi=(36)
+2 2
fe=(64)
88 63
fi=(70)
3228 1386
+1 252
fi=(71)
64 315
fe=(64)
+24 63
fi=(10)
898 63
fi=(36)
+2 126
0 2
fe=(64)
88 1
fi=(70)
3228 22
+1 4
fi=(71)
64 5
fe=(64)
+24 1
fi=(10)
898 1
fi=(36)
+2 2
fe=(64)
88 63
fi=(70)
3228 1386
+1 252
fi=(71)
64 315
fe=(64)
+24 63
fi=(10)
898 63
fi=(36)
+2 126
0 2
fe=(64)
88 1
fi=(70)
3228 22
+1 4
fi=(71)
64 5
fe=(64)
+24 1
fi=(10)
898 1
fi=(36)
+2 2
fe=(64)
88 63
fi=(70)
3228 1386
+1 252
fi=(71)
64 315
fe=(64)
+24 63
fi=(10)
898 63
fi=(36)
+2 126
0 2
fe=(64)
88 1
fi=(70)
3228 22
+1 4
fi=(71)
64 5
fe=(64)
+24 1
fi=(10)
898 1
fi=(36)
+2 2
fe=(64)
88 63
fi=(70)
3228 1386
+1 252
fi=(71)
64 315
fe=(64)
+24 63
fi=(10)
898 63
fi=(36)
+2 126
fe=(64)
92 5

fl=(69)
fn=(5312)
36 8
fi=(32) /rustc/ac68faa20c58cbccd01ee7208bf3b6e93a7d7f96/library/core/src/fmt/mod.rs
-36 146
fe=(69)
42 1
cfi=(67) /home/rick/unl/king's/thesis/ml-dsa/ml-dsa/src/serdes.rs
cfn=(5316) ml_dsa::serdes::sk_decode
calls=1 +57 
* 670497
fi=(26) /rustc/ac68faa20c58cbccd01ee7208bf3b6e93a7d7f96/library/core/src/result.rs
1183 2
0 1
1184 3
0 1
1184 3
cob=(2)
cfi=(2)
cfn=(4260)
calls=1 0 
* 17568
fe=(69)
41 18
-41 1
41 3
cob=(2)
cfi=(2)
cfn=(4260)
calls=1 -41 
* 509
* 5
cob=(2)
cfi=(2)
cfn=(4260)
calls=1 -41 
* 603
* 5
cob=(2)
cfi=(2)
cfn=(4260)
calls=1 -41 
* 605
fi=(64)
-23 2
-18 1
18 3
cfi=(63) /home/rick/unl/king's/thesis/ml-dsa/ml-dsa/src/ntt.rs
cfn=(5128) ml_dsa::ntt::ntt
calls=1 +59 
* 55208
* 4
cob=(2)
cfi=(2)
cfn=(4260)
calls=1 -18 
* 123
* 3
cfi=(63)
cfn=(5128)
calls=1 +59 
* 55208
* 4
cob=(2)
cfi=(2)
cfn=(4260)
calls=1 -18 
* 125
* 3
cfi=(63)
cfn=(5128)
calls=1 +59 
* 55208
* 4
cob=(2)
cfi=(2)
cfn=(4260)
calls=1 -18 
* 125
* 3
cfi=(63)
cfn=(5128)
calls=1 +59 
* 55208
* 4
cob=(2)
cfi=(2)
cfn=(4260)
calls=1 -18 
* 125
* 3
cfi=(63)
cfn=(5128)
calls=1 +59 
* 55208
* 4
cob=(2)
cfi=(2)
cfn=(4260)
calls=1 -18 
* 123
-18 1
18 3
cfi=(63)
cfn=(5128)
calls=1 +59 
* 55208
* 4
cob=(2)
cfi=(2)
cfn=(4260)
calls=1 -18 
* 125
* 3
cfi=(63)
cfn=(5128)
calls=1 +59 
* 55208
* 4
cob=(2)
cfi=(2)
cfn=(4260)
calls=1 -18 
* 123
* 3
cfi=(63)
cfn=(5128)
calls=1 +59 
* 55208
* 4
cob=(2)
cfi=(2)
cfn=(4260)
calls=1 -18 
* 125
* 3
cfi=(63)
cfn=(5128)
calls=1 +59 
* 55208
* 4
cob=(2)
cfi=(2)
cfn=(4260)
calls=1 -18 
* 125
* 3
cfi=(63)
cfn=(5128)
calls=1 +59 
* 55208
* 4
cob=(2)
cfi=(2)
cfn=(4260)
calls=1 -18 
* 125
* 3
cfi=(63)
cfn=(5128)
calls=1 +59 
* 55208
* 4
cob=(2)
cfi=(2)
cfn=(4260)
calls=1 -18 
* 123
-18 1
18 3
cfi=(63)
cfn=(5128)
calls=1 +59 
* 55208
* 4
cob=(2)
cfi=(2)
cfn=(4260)
calls=1 -18 
* 125
* 3
cfi=(63)
cfn=(5128)
calls=1 +59 
* 55208
* 4
cob=(2)
cfi=(2)
cfn=(4260)
calls=1 -18 
* 125
* 3
cfi=(63)
cfn=(5128)
calls=1 +59 
* 55208
* 4
cob=(2)
cfi=(2)
cfn=(4260)
calls=1 -18 
* 125
* 3
cfi=(63)
cfn=(5128)
calls=1 +59 
* 55208
* 4
cob=(2)
cfi=(2)
cfn=(4260)
calls=1 -18 
* 123
* 3
cfi=(63)
cfn=(5128)
calls=1 +59 
* 55208
* 4
cob=(2)
cfi=(2)
cfn=(4260)
calls=1 -18 
* 125
* 3
cfi=(63)
cfn=(5128)
calls=1 +59 
* 55208
* 4
cob=(2)
cfi=(2)
cfn=(4260)
calls=1 -18 
* 125
* 2
fe=(69)
+28 1
cfi=(58)
cfn=(5058)
calls=1 -30 
* 1741814
fi=(57)
-29 14
fi=(50)
+59 9
fi=(48)
-53 1
fe=(69)
+27 6
cfi=(48)
cfn=(4986)
calls=1 -24 
* 44
+1 4
cfi=(48)
cfn=(4986)
calls=1 -25 
* 45
fi=(57)
-34 1
fe=(69)
+35 5
+1 4
cob=(2)
cfi=(2)
cfn=(4260)
calls=1 -53 
* 65
* 5
cfi=(48)
cfn=(5012)
calls=1 -23 
* 6405
* 6
cfi=(48)
cfn=(5108) ml_dsa::hash::HReader::squeeze
calls=1 -16 
* 6288
fi=(57)
-36 14
fi=(50)
+59 9
fi=(48)
-53 3
fe=(69)
+34 3
cfi=(48)
cfn=(4986)
calls=1 -31 
* 44
+1 4
cfi=(48)
cfn=(4986)
calls=1 -32 
* 44
+1 4
cfi=(48)
cfn=(4986)
calls=1 -33 
* 44
fi=(57)
-42 1
fe=(69)
+43 5
+1 4
cob=(2)
cfi=(2)
cfn=(4260)
calls=1 -61 
* 65
* 4
cfi=(48)
cfn=(5012)
calls=1 -31 
* 6406
* 4
cfi=(48)
cfn=(5108)
calls=1 -24 
* 6288
* 3
-61 1
fi=(23)
0 1
fe=(69)
68 5
cfi=(58)
cfn=(5370)
calls=1 -12 
* 707715
fi=(63)
+10 4
cob=(2)
cfi=(2)
cfn=(4260)
calls=1 -78 
* 125
* 1
-78 3
80 2
fi=(70)
3228 44
+1 8
fi=(63)
80 64
fi=(70)
3228 1364
+1 248
fi=(63)
80 62
fi=(54)
180 96
fe=(69)
66 1
-66 4
fi=(63)
86 3
-86 1
88 1
-1 1
+1 1
fe=(69)
-88 7
fi=(63)
86 21
-86 7
88 7
-1 7
+1 254
-1 247
+1 1267
-88 255
91 5120
fi=(70)
3228 9216
0 1024
3229 3072
fi=(63)
92 3072
fi=(70)
3228 8192
0 1024
3229 1024
fi=(71)
20 1024
fi=(63)
+73 1024
fi=(70)
3228 8192
0 1024
3229 1024
fi=(71)
20 1024
fi=(63)
+72 1024
+1 1024
+1 1024
-4 2048
+6 255
-10 765
+12 8
-14 8
+16 3
0 1
100 3
cob=(2)
cfi=(2)
cfn=(4260)
calls=1 0 
* 125
fi=(64)
-82 4
cob=(2)
cfi=(2)
cfn=(4260)
calls=1 -18 
* 125
fi=(63)
+60 4
cob=(2)
cfi=(2)
cfn=(4260)
calls=1 -78 
* 125
* 3
+2 2
fi=(70)
3228 44
+1 8
fi=(63)
80 2
fi=(54)
180 1
fi=(63)
80 62
fi=(70)
3228 1364
+1 248
fi=(63)
80 62
fi=(54)
180 95
0 4
fi=(63)
86 3
-86 1
88 1
-1 1
+1 1
fi=(54)
-88 7
fi=(63)
86 21
-86 7
88 7
-1 7
+1 254
-1 247
+1 1267
-88 255
91 5120
fi=(70)
3228 9216
0 1024
3229 3072
fi=(63)
92 3072
fi=(70)
3228 8192
0 1024
3229 1024
fi=(71)
20 1024
fi=(63)
+73 1024
fi=(70)
3228 8192
0 1024
3229 1024
fi=(71)
20 1024
fi=(63)
+72 1024
+1 1024
+1 1024
-4 2048
+6 255
-10 510
+12 8
-14 8
+16 3
0 1
100 3
cob=(2)
cfi=(2)
cfn=(4260)
calls=1 0 
* 125
fi=(64)
-82 4
cob=(2)
cfi=(2)
cfn=(4260)
calls=1 -18 
* 125
fi=(63)
+60 4
cob=(2)
cfi=(2)
cfn=(4260)
calls=1 -78 
* 125
* 3
-78 1
80 2
fi=(70)
3228 44
+1 8
fi=(63)
80 64
fi=(70)
3228 1364
+1 248
fi=(63)
80 62
fi=(54)
180 96
0 4
fi=(63)
86 3
-86 1
88 1
-1 1
+1 1
fi=(54)
-88 7
fi=(63)
86 21
-86 7
88 7
-1 7
+1 254
-1 247
+1 1267
-88 255
91 5120
fi=(70)
3228 9216
0 1024
3229 3072
fi=(63)
92 3072
fi=(70)
3228 8192
0 1024
3229 1024
fi=(71)
20 1024
fi=(63)
+73 1024
fi=(70)
3228 8192
0 1024
3229 1024
fi=(71)
20 1024
fi=(63)
+72 1024
+1 1024
+1 1024
-4 2048
+6 255
-10 510
+12 8
-14 8
+16 3
0 1
100 3
cob=(2)
cfi=(2)
cfn=(4260)
calls=1 0 
* 125
fi=(64)
-82 4
cob=(2)
cfi=(2)
cfn=(4260)
calls=1 -18 
* 123
fi=(63)
+60 4
cob=(2)
cfi=(2)
cfn=(4260)
calls=1 -78 
* 125
* 3
-78 1
80 2
fi=(70)
3228 44
+1 8
fi=(63)
80 64
fi=(70)
3228 1364
+1 248
fi=(63)
80 62
fi=(54)
180 96
0 4
fi=(63)
86 3
-86 1
88 1
-1 1
+1 1
fi=(54)
-88 7
fi=(63)
86 21
-86 7
88 7
-1 7
+1 254
-1 247
+1 1267
-88 255
91 5120
fi=(70)
3228 9216
0 1024
3229 3072
fi=(63)
92 3072
fi=(70)
3228 8192
0 1024
3229 1024
fi=(71)
20 1024
fi=(63)
+73 1024
fi=(70)
3228 8192
0 1024
3229 1024
fi=(71)
20 1024
fi=(63)
+72 1024
+1 1024
+1 1024
-4 2048
+6 255
-10 510
+12 8
-14 8
+16 3
0 1
100 3
cob=(2)
cfi=(2)
cfn=(4260)
calls=1 0 
* 125
fi=(64)
-82 4
cob=(2)
cfi=(2)
cfn=(4260)
calls=1 -18 
* 125
fi=(63)
+60 4
cob=(2)
cfi=(2)
cfn=(4260)
calls=1 -78 
* 125
* 3
-78 1
80 2
fi=(70)
3228 44
+1 8
fi=(63)
80 64
fi=(70)
3228 1364
+1 248
fi=(63)
80 62
fi=(54)
180 96
0 4
fi=(63)
86 3
-86 1
88 1
-1 1
+1 1
fi=(54)
-88 7
fi=(63)
86 21
-86 7
88 7
-1 7
+1 254
-1 247
+1 1267
-88 255
91 5120
fi=(70)
3228 9216
0 1024
3229 3072
fi=(63)
92 3072
fi=(70)
3228 8192
0 1024
3229 1024
fi=(71)
20 1024
fi=(63)
+73 1024
fi=(70)
3228 8192
0 1024
3229 1024
fi=(71)
20 1024
fi=(63)
+72 1024
+1 1024
+1 1024
-4 2048
+6 255
-10 510
+12 8
-14 8
+16 3
0 1
100 3
cob=(2)
cfi=(2)
cfn=(4260)
calls=1 0 
* 125
fi=(64)
-82 4
cob=(2)
cfi=(2)
cfn=(4260)
calls=1 -18 
* 125
* 1
fe=(69)
+51 4
cfi=(65)
cfn=(5140)
calls=1 -20 
* 269198
fi=(64)
-42 4
cfi=(63)
cfn=(5148) ml_dsa::ntt::inv_ntt
calls=1 +77 
* 63525
* 5
cob=(2)
cfi=(2)
cfn=(4260)
calls=1 -27 
* 125
* 3
cfi=(63)
cfn=(5148)
calls=1 +77 
* 63525
* 4
cob=(2)
cfi=(2)
cfn=(4260)
calls=1 -27 
* 125
* 3
cfi=(63)
cfn=(5148)
calls=1 +77 
* 63525
* 4
cob=(2)
cfi=(2)
cfn=(4260)
calls=1 -27 
* 123
* 3
cfi=(63)
cfn=(5148)
calls=1 +77 
* 63525
* 4
cob=(2)
cfi=(2)
cfn=(4260)
calls=1 -27 
* 125
* 3
cfi=(63)
cfn=(5148)
calls=1 +77 
* 63525
* 4
cob=(2)
cfi=(2)
cfn=(4260)
calls=1 -27 
* 125
* 3
cfi=(63)
cfn=(5148)
calls=1 +77 
* 63525
* 4
cob=(2)
cfi=(2)
cfn=(4260)
calls=1 -27 
* 125
* 1
fe=(69)
+43 3
cfi=(64)
cfn=(5392)
calls=1 +37 
* 28991
fi=(57)
-53 15
fi=(50)
+59 9
fi=(48)
-53 1
fe=(69)
+51 6
cfi=(48)
cfn=(4986)
calls=1 -48 
* 44
+1 3
cfi=(67)
cfn=(5400) ml_dsa::serdes::w1_encode
calls=1 +93 
* 335289
fi=(34)
614 1
fi=(35)
1840 1
fe=(69)
75 3
cfi=(48)
cfn=(4986)
calls=1 -49 
* 37271
fi=(34)
424 1
634 2
fi=(23)
128 3
cfi=(6)
cfn=(4970)
calls=1 0 
* 35
fi=(51) /home/rick/.cargo/registry/src/index.crates.io-1949cf8c6b5b557f/digest-0.10.7/src/core_api/wrapper.rs
+75 5
cob=(2)
cfi=(2)
cfn=(4260)
calls=1 0 
* 30
* 5
cob=(2)
cfi=(2)
cfn=(4260)
calls=1 0 
* 30
fi=(50)
-7 1
fi=(49)
-95 2
fi=(54)
+79 2
fi=(50)
+8 2
cob=(2)
cfi=(2)
cfn=(4642)
calls=1 0 
* 19
fi=(52) /home/rick/.cargo/registry/src/index.crates.io-1949cf8c6b5b557f/sha3-0.10.9/src/macros.rs
-49 1
+2 1
fi=(57)
-95 24
fi=(26)
1718 1
fi=(57)
46 1
+3 3
cfi=(53)
cfn=(5022)
calls=1 166 
* 6158
-41 5
cob=(2)
cfi=(2)
cfn=(4260)
calls=1 -8 
* 30
+9 1
fi=(50)
+59 9
fi=(48)
-45 5
cob=(2)
cfi=(2)
cfn=(4260)
calls=1 -31 
* 65
fi=(34)
-31 1
cfi=(6)
cfn=(4864)
calls=1 0 
0 1
fi=(23)
198 3
cfi=(6)
cfn=(5038)
calls=1 0 
* 268
0 1
fi=(34)
469 2
fi=(61)
41 1
fi=(50)
196 2
+62 1
fi=(18)
0 3
fi=(50)
271 4
cfi=(14)
cfn=(5442)
calls=1 1717 
* 3
+3 2
fi=(57)
17 1
fi=(18)
1721 9
fi=(50)
276 4
cfi=(14)
cfn=(5442)
calls=1 1717 
* 6262
fi=(18)
552 4
cob=(2)
cfi=(2)
cfn=(4260)
calls=1 0 
* 12
fe=(69)
77 4
cfi=(60)
cfn=(5450) ml_dsa::sample::sample_in_ball
calls=1 -61 
* 17139
fi=(63)
+1 4
cob=(2)
cfi=(2)
cfn=(4260)
calls=1 -78 
* 125
* 1
-78 3
80 2
fi=(70)
3228 44
+1 8
fi=(63)
80 64
fi=(70)
3228 1364
+1 248
fi=(63)
80 62
fi=(54)
180 96
0 4
fi=(63)
86 3
-86 1
88 1
-1 1
+1 1
fi=(54)
-88 7
fi=(63)
86 21
-86 7
88 7
-1 7
+1 254
-1 247
+1 1267
-88 255
91 5120
fi=(70)
3228 9216
0 1024
3229 3072
fi=(63)
92 3072
fi=(70)
3228 8192
0 1024
3229 1024
fi=(71)
20 1024
fi=(63)
+73 1024
fi=(70)
3228 8192
0 1024
3229 1024
fi=(71)
20 1024
fi=(63)
+72 1024
+1 1024
+1 1024
-4 2048
+6 255
-10 510
+12 8
-14 8
+16 6
cob=(2)
cfi=(2)
cfn=(4260)
calls=1 0 
* 125
fe=(69)
-19 5
cfi=(65)
cfn=(5462)
calls=1 -41 
* 25304
* 1
fi=(64)
-54 3
cfi=(63)
cfn=(5148)
calls=1 +77 
* 63525
* 4
cob=(2)
cfi=(2)
cfn=(4260)
calls=1 -27 
* 123
* 3
cfi=(63)
cfn=(5148)
calls=1 +77 
* 63525
* 4
cob=(2)
cfi=(2)
cfn=(4260)
calls=1 -27 
* 125
* 3
cfi=(63)
cfn=(5148)
calls=1 +77 
* 63525
* 4
cob=(2)
cfi=(2)
cfn=(4260)
calls=1 -27 
* 125
* 3
cfi=(63)
cfn=(5148)
calls=1 +77 
* 63525
* 4
cob=(2)
cfi=(2)
cfn=(4260)
calls=1 -27 
* 125
* 3
cfi=(63)
cfn=(5148)
calls=1 +77 
* 63525
* 4
cob=(2)
cfi=(2)
cfn=(4260)
calls=1 -27 
* 123
fe=(69)
+55 4
cfi=(65)
cfn=(5462)
calls=1 -42 
* 30766
fi=(64)
-55 3
cfi=(63)
cfn=(5148)
calls=1 +77 
* 63525
* 4
cob=(2)
cfi=(2)
cfn=(4260)
calls=1 -27 
* 123
* 3
cfi=(63)
cfn=(5148)
calls=1 +77 
* 63525
* 4
cob=(2)
cfi=(2)
cfn=(4260)
calls=1 -27 
* 125
* 3
cfi=(63)
cfn=(5148)
calls=1 +77 
* 63525
* 4
cob=(2)
cfi=(2)
cfn=(4260)
calls=1 -27 
* 125
* 3
cfi=(63)
cfn=(5148)
calls=1 +77 
* 63525
* 4
cob=(2)
cfi=(2)
cfn=(4260)
calls=1 -27 
* 125
* 3
cfi=(63)
cfn=(5148)
calls=1 +77 
* 63525
* 4
cob=(2)
cfi=(2)
cfn=(4260)
calls=1 -27 
* 123
* 3
cfi=(63)
cfn=(5148)
calls=1 +77 
* 63525
* 4
cob=(2)
cfi=(2)
cfn=(4260)
calls=1 -27 
* 125
fe=(69)
+56 4
cfi=(64)
cfn=(5152)
calls=1 -32 
* 26288
+1 4
cfi=(64)
cfn=(5468)
calls=1 -22 
* 31538
* 3
cfi=(64)
cfn=(5474)
calls=1 +32 
* 22457
-84 9
fi=(64)
153 2
fi=(70)
3228 44
+1 5
fi=(64)
153 62
fi=(70)
3228 1364
+1 248
fi=(71)
64 186
fi=(70)
3229 3
fi=(71)
64 10
fi=(70)
3608 8
fi=(64)
154 18
fi=(36)
900 3
fi=(71)
64 124
fi=(70)
3608 248
fi=(64)
154 558
fi=(36)
900 122
0 1
fi=(64)
153 2
fi=(70)
3228 28
fi=(64)
153 62
fi=(70)
3228 1364
+1 248
fi=(71)
64 186
fi=(70)
3228 16
+1 8
fi=(71)
64 10
fi=(70)
3608 8
fi=(64)
154 18
fi=(71)
-90 124
fi=(70)
3608 248
fi=(64)
154 558
fi=(36)
900 125
0 1
fi=(64)
153 2
fi=(70)
3228 28
fi=(64)
153 62
fi=(70)
3228 1364
+1 248
fi=(71)
64 186
fi=(70)
3228 16
+1 8
fi=(71)
64 10
fi=(70)
3608 8
fi=(64)
154 18
fi=(71)
-90 124
fi=(70)
3608 248
fi=(64)
154 558
fi=(36)
900 125
0 1
fi=(64)
153 2
fi=(70)
3228 28
fi=(64)
153 62
fi=(70)
3228 1364
+1 248
fi=(71)
64 186
fi=(70)
3228 16
+1 8
fi=(71)
64 10
fi=(70)
3608 8
fi=(64)
154 18
fi=(71)
-90 124
fi=(70)
3608 248
fi=(64)
154 558
fi=(36)
900 125
0 1
fi=(64)
153 2
fi=(70)
3228 28
fi=(64)
153 62
fi=(70)
3228 1364
+1 248
fi=(71)
64 186
fi=(70)
3228 16
+1 8
fi=(71)
64 10
fi=(70)
3608 8
fi=(64)
154 18
fi=(71)
-90 124
fi=(70)
3608 248
fi=(64)
154 558
fi=(36)
900 123
fe=(69)
87 4
cfi=(64)
cfn=(5490)
calls=1 +62 
* 18042
* 2
+6 4
cfi=(65)
cfn=(5462)
calls=1 -53 
* 30766
fi=(64)
-66 3
cfi=(63)
cfn=(5148)
calls=1 +77 
* 63525
* 4
cob=(2)
cfi=(2)
cfn=(4260)
calls=1 -27 
* 125
* 3
cfi=(63)
cfn=(5148)
calls=1 +77 
* 63525
* 4
cob=(2)
cfi=(2)
cfn=(4260)
calls=1 -27 
* 125
* 3
cfi=(63)
cfn=(5148)
calls=1 +77 
* 63525
* 4
cob=(2)
cfi=(2)
cfn=(4260)
calls=1 -27 
* 123
* 3
cfi=(63)
cfn=(5148)
calls=1 +77 
* 63525
* 4
cob=(2)
cfi=(2)
cfn=(4260)
calls=1 -27 
* 125
* 3
cfi=(63)
cfn=(5148)
calls=1 +77 
* 63525
* 4
cob=(2)
cfi=(2)
cfn=(4260)
calls=1 -27 
* 125
* 3
cfi=(63)
cfn=(5148)
calls=1 +77 
* 63525
* 4
cob=(2)
cfi=(2)
cfn=(4260)
calls=1 -27 
* 125
fe=(69)
+67 4
cfi=(64)
cfn=(5468)
calls=1 -32 
* 31538
* 4
cfi=(64)
cfn=(5152)
calls=1 -43 
* 31538
fi=(59)
-31 4
cob=(2)
cfi=(2)
cfn=(4642)
calls=1 -63 
* 6163
* 1
fi=(57)
-46 3
fi=(64)
+60 2
fi=(70)
3228 44
+1 8
fi=(64)
77 64
fi=(70)
3228 1364
+1 248
fi=(64)
77 62
fi=(36)
900 96
0 2
fi=(64)
77 2
fi=(70)
3228 44
+1 8
fi=(64)
77 2
fi=(36)
900 2
fi=(64)
77 62
fi=(70)
3228 1364
+1 248
fi=(64)
77 62
fi=(36)
900 94
0 2
fi=(64)
77 2
fi=(70)
3228 44
+1 8
fi=(64)
77 2
fi=(36)
900 2
fi=(64)
77 62
fi=(70)
3228 1364
+1 248
fi=(64)
77 62
fi=(36)
900 94
0 2
fi=(64)
77 2
fi=(70)
3228 44
+1 8
fi=(64)
77 2
fi=(36)
900 2
fi=(64)
77 62
fi=(70)
3228 1364
+1 248
fi=(64)
77 62
fi=(36)
900 94
0 2
fi=(64)
77 2
fi=(70)
3228 44
+1 8
fi=(64)
77 2
fi=(36)
900 2
fi=(64)
77 62
fi=(70)
3228 1364
+1 248
fi=(64)
77 62
fi=(36)
900 94
0 2
fi=(64)
77 2
fi=(70)
3228 44
+1 8
fi=(64)
77 2
fi=(36)
900 2
fi=(64)
77 62
fi=(70)
3228 1364
+1 248
fi=(64)
77 62
fi=(36)
900 94
fe=(69)
95 4
cfi=(64)
cfn=(5502)
calls=1 +30 
* 56266
+3 2
cfi=(64)
cfn=(5490)
calls=1 +51 
* 18042
* 2
-98 3
fi=(57)
17 2
-17 1
fi=(64)
167 20
fi=(36)
900 3
fi=(64)
167 620
fi=(36)
900 99
0 1
fi=(64)
167 20
fi=(36)
900 3
fi=(64)
167 620
fi=(36)
900 99
0 1
fi=(64)
167 20
fi=(36)
900 3
fi=(64)
167 620
fi=(36)
900 99
0 1
fi=(64)
167 20
fi=(36)
900 3
fi=(64)
167 620
fi=(36)
900 99
0 1
fi=(64)
167 20
fi=(36)
900 3
fi=(64)
167 620
fi=(36)
900 99
0 1
fi=(64)
167 20
fi=(36)
900 3
fi=(64)
167 620
fi=(36)
900 97
fe=(69)
98 2
-98 2
104 2
cfi=(64)
cfn=(5512)
calls=1 -20 
* 16687
* 7
cfi=(67)
cfn=(5518) ml_dsa::serdes::sig_encode
calls=1 +29 
* 635001
* 7
fi=(23)
+24 4
cfi=(6)
cfn=(4970)
calls=1 0 
* 35
fe=(69)
-22 9

fl=(6)
fn=(4864)
0 2875

fn=(5296) __rustc::__rust_realloc
0 3
cfi=(24)
cfn=(5298)
calls=7 467 
0 1085

fn=(5038)
0 2862
cfi=(24)
cfn=(5040)
calls=10329 482 
0 232169

fn=(3874) (below main)
cob=(2)
cfi=(2)
cfn=(3876) (below main)
calls=1 0 
0 7614693

fn=(4970)
0 2874
cfi=(25)
cfn=(4972)
calls=10382 48 
0 99012

fn=(3934) main
cfi=(8)
cfn=(3936)
calls=1 152 
0 7614693

fn=(4866)
0 13
cfi=(24)
cfn=(4868)
calls=54 450 
0 1189

fl=(67)
fn=(5316)
99 8
-99 34
102 2
fi=(18)
552 16
fi=(49)
89 1
fe=(67)
+27 10
cfi=(62)
cfn=(5320)
calls=1 +15 
* 22098
* 5
cob=(2)
cfi=(2)
cfn=(4260)
calls=1 0 
* 125
fi=(49)
-27 1
fe=(67)
+27 5
cfi=(62)
cfn=(5320)
calls=1 +15 
* 22098
* 4
cob=(2)
cfi=(2)
cfn=(4260)
calls=1 0 
* 125
fi=(49)
-27 1
fe=(67)
+27 5
cfi=(62)
cfn=(5320)
calls=1 +15 
* 22098
* 4
cob=(2)
cfi=(2)
cfn=(4260)
calls=1 0 
* 125
fi=(49)
-27 1
fe=(67)
+27 5
cfi=(62)
cfn=(5320)
calls=1 +15 
* 22098
* 4
cob=(2)
cfi=(2)
cfn=(4260)
calls=1 0 
* 123
fi=(49)
-27 1
fe=(67)
+27 5
cfi=(62)
cfn=(5320)
calls=1 +15 
* 22098
* 4
cob=(2)
cfi=(2)
cfn=(4260)
calls=1 0 
* 125
fi=(49)
-27 2
fe=(67)
+32 5
cfi=(62)
cfn=(5320)
calls=1 +10 
* 22098
* 5
cob=(2)
cfi=(2)
cfn=(4260)
calls=1 0 
* 125
fi=(49)
-32 1
fe=(67)
+32 5
cfi=(62)
cfn=(5320)
calls=1 +10 
* 22098
* 4
cob=(2)
cfi=(2)
cfn=(4260)
calls=1 0 
* 125
fi=(49)
-32 1
fe=(67)
+32 5
cfi=(62)
cfn=(5320)
calls=1 +10 
* 22098
* 4
cob=(2)
cfi=(2)
cfn=(4260)
calls=1 0 
* 123
fi=(49)
-32 1
fe=(67)
+32 5
cfi=(62)
cfn=(5320)
calls=1 +10 
* 22098
* 4
cob=(2)
cfi=(2)
cfn=(4260)
calls=1 0 
* 125
fi=(49)
-32 1
fe=(67)
+32 5
cfi=(62)
cfn=(5320)
calls=1 +10 
* 22098
* 4
cob=(2)
cfi=(2)
cfn=(4260)
calls=1 0 
* 125
fi=(49)
-32 1
fe=(67)
+32 5
cfi=(62)
cfn=(5320)
calls=1 +10 
* 22098
* 4
cob=(2)
cfi=(2)
cfn=(4260)
calls=1 0 
* 125
fi=(49)
-32 2
fe=(67)
+37 5
cfi=(62)
cfn=(5320)
calls=1 +5 
* 67633
* 5
cob=(2)
cfi=(2)
cfn=(4260)
calls=1 0 
* 123
fi=(49)
-37 1
fe=(67)
+37 5
cfi=(62)
cfn=(5320)
calls=1 +5 
* 67633
* 4
cob=(2)
cfi=(2)
cfn=(4260)
calls=1 0 
* 125
fi=(49)
-37 1
fe=(67)
+37 5
cfi=(62)
cfn=(5320)
calls=1 +5 
* 67633
* 4
cob=(2)
cfi=(2)
cfn=(4260)
calls=1 0 
* 125
fi=(49)
-37 1
fe=(67)
+37 5
cfi=(62)
cfn=(5320)
calls=1 +5 
* 67633
* 4
cob=(2)
cfi=(2)
cfn=(4260)
calls=1 0 
* 125
fi=(49)
-37 1
fe=(67)
+37 5
cfi=(62)
cfn=(5320)
calls=1 +5 
* 67633
* 4
cob=(2)
cfi=(2)
cfn=(4260)
calls=1 0 
* 123
fi=(49)
-37 1
fe=(67)
+37 7
cfi=(62)
cfn=(5320)
calls=1 +5 
* 67633
* 4
cob=(2)
cfi=(2)
cfn=(4260)
calls=1 0 
* 125
+3 4
cob=(2)
cfi=(2)
cfn=(4260)
calls=1 0 
* 509
* 5
cob=(2)
cfi=(2)
cfn=(4260)
calls=1 0 
* 603
* 4
cob=(2)
cfi=(2)
cfn=(4260)
calls=1 0 
* 605
* 4
cob=(2)
cfi=(2)
cfn=(4260)
calls=1 0 
* 17516
* 1
+1 1
0 1
130 9

fn=(5518)
133 13
cfi=(6)
cfn=(4864)
calls=1 0 
* 1
fi=(23)
-32 3
cfi=(6)
cfn=(4866)
calls=1 0 
* 212
fi=(34)
469 2
fi=(35)
977 4
fi=(34)
767 2
-94 1
0 1
fi=(35)
2907 2
fi=(20)
961 1
fi=(18)
552 3
cob=(2)
cfi=(2)
cfn=(4260)
calls=1 0 
* 12
fi=(35)
2912 2
0 1
fe=(67)
141 4
cfi=(62)
cfn=(5240)
calls=1 -32 
* 125659
fi=(34)
614 1
fi=(35)
1840 1
fi=(34)
619 1
fi=(10)
2548 1
fi=(34)
767 1
-94 1
fi=(35)
2907 2
fi=(20)
961 1
fi=(18)
552 3
cob=(2)
cfi=(2)
cfn=(4260)
calls=1 0 
* 89
fi=(35)
2912 2
fi=(34)
424 1
634 2
fi=(23)
128 3
cfi=(6)
cfn=(4970)
calls=1 0 
* 35
fe=(67)
+13 5
cfi=(62)
cfn=(5240)
calls=1 -32 
* 125659
fi=(34)
614 1
fi=(35)
1840 1
fi=(34)
619 1
fi=(10)
2548 1
fi=(34)
767 1
-94 1
fi=(35)
2907 2
fi=(20)
961 1
fi=(18)
552 3
cob=(2)
cfi=(2)
cfn=(4260)
calls=1 0 
* 89
fi=(35)
2912 2
fi=(34)
424 1
634 2
fi=(23)
128 3
cfi=(6)
cfn=(4970)
calls=1 0 
* 35
fe=(67)
+13 5
cfi=(62)
cfn=(5240)
calls=1 -32 
* 125659
fi=(34)
614 1
fi=(35)
1840 1
fi=(34)
619 1
fi=(10)
2548 1
fi=(34)
767 1
-94 1
fi=(35)
2907 2
fi=(20)
961 1
fi=(18)
552 3
cob=(2)
cfi=(2)
cfn=(4260)
calls=1 0 
* 89
fi=(35)
2912 2
fi=(34)
424 1
634 2
fi=(23)
128 3
cfi=(6)
cfn=(4970)
calls=1 0 
* 35
fe=(67)
+13 5
cfi=(62)
cfn=(5240)
calls=1 -32 
* 125659
fi=(34)
614 1
fi=(35)
1840 1
fi=(34)
619 1
fi=(10)
2548 1
fi=(34)
767 1
-94 1
fi=(35)
2907 2
fi=(20)
961 1
fi=(18)
552 3
cob=(2)
cfi=(2)
cfn=(4260)
calls=1 0 
* 87
fi=(35)
2912 2
fi=(34)
424 1
634 2
fi=(23)
128 3
cfi=(6)
cfn=(4970)
calls=1 0 
* 35
fe=(67)
+13 1
0 1
141 4
cfi=(62)
cfn=(5240)
calls=1 -32 
* 125659
fi=(34)
614 1
fi=(35)
1840 1
fi=(34)
619 1
fi=(10)
2548 1
fi=(34)
767 1
-94 1
fi=(35)
2907 2
fi=(20)
961 1
fi=(18)
552 3
cob=(2)
cfi=(2)
cfn=(4260)
calls=1 0 
* 89
fi=(35)
2912 2
fi=(34)
424 1
634 2
fi=(23)
128 3
cfi=(6)
cfn=(4970)
calls=1 0 
* 35
0 2
fe=(67)
143 1
cfi=(72) /home/rick/unl/king's/thesis/ml-dsa/ml-dsa/src/hint.rs
cfn=(5528) ml_dsa::hint::hint_bit_pack
calls=1 17 
* 5619
fi=(34)
614 1
fi=(35)
1840 1
fi=(34)
619 1
fi=(10)
2548 1
fi=(34)
767 1
-94 1
fi=(35)
2907 2
fi=(20)
961 1
fi=(18)
552 4
cob=(2)
cfi=(2)
cfn=(4260)
calls=1 0 
* 12
fi=(35)
2912 2
fi=(34)
424 1
634 2
fi=(23)
128 3
cfi=(6)
cfn=(4970)
calls=1 0 
* 35
fe=(67)
+16 4
+1 9

fn=(5400)
168 9
fi=(35)
464 3
0 1
fe=(67)
171 2
cfi=(62)
cfn=(5174)
calls=2 -72 
* 55553
fi=(34)
614 1
fi=(35)
1840 1
fi=(34)
767 1
-94 1
fi=(35)
2912 2
fi=(34)
424 1
634 2
fi=(23)
128 3
cfi=(6)
cfn=(4970)
calls=2 0 
* 35
fe=(67)
+43 4
cfi=(62)
cfn=(5174)
calls=2 -72 
* 55553
fi=(34)
614 1
fi=(35)
1840 1
fi=(34)
619 1
fi=(10)
2548 1
fi=(34)
767 1
-94 1
fi=(20)
961 1
fi=(18)
552 3
cob=(2)
cfi=(2)
cfn=(4260)
calls=2 0 
* 22
fi=(35)
2912 2
fi=(34)
424 1
634 2
fi=(23)
128 3
cfi=(6)
cfn=(4970)
calls=2 0 
* 35
fe=(67)
+43 4
cfi=(62)
cfn=(5174)
calls=2 -72 
* 55553
fi=(34)
614 1
fi=(35)
1840 1
fi=(34)
619 1
fi=(10)
2548 1
fi=(34)
767 1
-94 1
fi=(20)
961 1
fi=(18)
552 3
cob=(2)
cfi=(2)
cfn=(4260)
calls=2 0 
* 22
fi=(35)
2912 2
fi=(34)
424 1
634 2
fi=(23)
128 3
cfi=(6)
cfn=(4970)
calls=2 0 
* 35
fe=(67)
+43 4
cfi=(62)
cfn=(5174)
calls=2 -72 
* 55553
fi=(34)
614 1
fi=(35)
1840 1
fi=(34)
619 1
fi=(10)
2548 1
fi=(34)
767 1
-94 1
fi=(35)
2907 2
fi=(20)
961 1
fi=(18)
552 3
cob=(2)
cfi=(2)
cfn=(4260)
calls=2 0 
* 22
fi=(35)
2912 2
fi=(34)
424 1
634 2
fi=(23)
128 3
cfi=(6)
cfn=(4970)
calls=2 0 
* 35
fe=(67)
+43 4
cfi=(62)
cfn=(5174)
calls=2 -72 
* 55553
fi=(34)
614 1
fi=(35)
1840 1
fi=(34)
619 1
fi=(10)
2548 1
fi=(34)
767 1
-94 1
fi=(20)
961 1
fi=(18)
552 3
cob=(2)
cfi=(2)
cfn=(4260)
calls=2 0 
* 22
fi=(35)
2912 2
fi=(34)
424 1
634 2
fi=(23)
128 3
cfi=(6)
cfn=(4970)
calls=2 0 
* 35
fe=(67)
+43 1
0 1
171 3
cfi=(62)
cfn=(5174)
calls=2 -72 
* 55553
fi=(34)
614 1
fi=(35)
1840 1
fi=(34)
619 1
fi=(10)
2548 1
fi=(34)
767 1
-94 1
fi=(35)
2907 2
fi=(20)
961 1
fi=(18)
552 4
cob=(2)
cfi=(2)
cfn=(4260)
calls=2 0 
* 22
fi=(35)
2912 2
fi=(34)
424 1
634 2
fi=(23)
128 3
cfi=(6)
cfn=(4970)
calls=2 0 
* 35
fe=(67)
+45 4
+1 9
0 1
fi=(34)
675 5
cfn=(5286) alloc::raw_vec::RawVecInner<A>::reserve::do_reserve_and_handle
calls=2 -14 
* 117
-61 1
fi=(35)
3023 1
fi=(20)
961 1
fi=(18)
552 3
cob=(2)
cfi=(2)
cfn=(4260)
calls=2 0 
* 22
0 2
fi=(34)
675 5
cfn=(5286)
calls=2 -14 
* 569
-61 1
fi=(35)
3023 1
2907 1
0 1
fi=(34)
675 5
cfn=(5286)
calls=2 -14 
* 375
-61 1
fi=(35)
3023 1
2907 1
0 1
fi=(34)
675 5
cfn=(5286)
calls=2 -14 
* 372
-61 1
fi=(35)
3023 1
2907 1
fe=(67)

fl=(60)
fn=(5450)
16 10
fi=(59)
+16 3
cob=(2)
cfi=(2)
cfn=(4642)
calls=2 -32 
* 78
fi=(57)
-15 14
fi=(50)
+59 9
fi=(48)
-53 2
fe=(60)
-2 4
cfi=(48)
cfn=(4986)
calls=2 +5 
* 44
* 1
+1 4
cob=(2)
cfi=(2)
cfn=(4260)
calls=2 -22 
* 65
* 4
cfi=(48)
cfn=(5012)
calls=2 +8 
* 6412
+2 2
+1 4
cfi=(48)
cfn=(5108)
calls=2 +12 
* 6289
* 1
+1 3
cfi=(62)
cfn=(5322)
calls=2 +35 
* 511
+1 1
-27 4
fi=(36)
900 4
0 2
fe=(60)
29 4
cfi=(48)
cfn=(5108)
calls=2 +8 
* 51
* 192
cfi=(48)
cfn=(5108)
calls=96 +8 
* 2448
-29 49
31 98
fi=(50)
196 12
fi=(18)
552 12
fi=(50)
239 12
fe=(60)
0 6
31 12
fi=(61)
+10 6
fi=(50)
196 6
+62 12
+1 12
0 49
fe=(60)
36 98
fi=(49)
272 98
fe=(60)
37 147
-37 49
37 147
fi=(19)
1915 49
fi=(36)
900 49
fi=(18)
-90 1
fi=(34)
634 2
fi=(23)
128 3
cfi=(6)
cfn=(4970)
calls=2 0 
* 35
fe=(60)
-88 9

fl=(50)
fn=(5092)
250 84579
-54 15378
+62 7689
0 15078
259 22617
0 7419
fi=(49)
89 7419
fi=(18)
552 22257
cob=(2)
cfi=(2)
cfn=(4260)
calls=22257 0 
* 133542
fe=(50)
239 7419
0 7869
fi=(20)
961 120
0 120
fi=(49)
89 120
fi=(18)
552 240
cob=(2)
cfi=(2)
cfn=(4260)
calls=360 0 
* 2160
0 120
fe=(50)
344 840
0 120
fi=(14)
1717 120
fi=(54)
180 120
fe=(50)
344 900
0 150
fi=(14)
1717 150
fi=(54)
180 150
0 270
fe=(50)
274 810
0 750
fi=(18)
552 750
cob=(2)
cfi=(2)
cfn=(4260)
calls=450 0 
* 4500
fi=(57)
61 450
cfi=(53)
cfn=(5022)
calls=450 166 
* 923700
fi=(18)
552 600
cob=(2)
cfi=(2)
cfn=(4260)
calls=450 0 
* 2700
fe=(50)
278 600
cob=(2)
cfi=(2)
cfn=(4260)
calls=450 0 
* 4500
-39 7689
+42 61512

fl=(72)
fn=(5528)
17 6
cfi=(6)
cfn=(4864)
calls=1 -17 
* 1
fi=(23)
198 3
cfi=(6)
cfn=(5038)
calls=1 0 
* 70
fi=(34)
469 2
0 6
fe=(72)
23 2
+1 2
-24 2
fi=(19)
1915 2
fi=(36)
900 2
fe=(72)
0 126
fi=(19)
1915 126
fi=(36)
900 126
fe=(72)
22 512
fi=(49)
278 4
fe=(72)
27 2
-27 4
23 3
+1 3
-24 3
fi=(19)
1915 3
fi=(36)
900 3
fe=(72)
0 125
fi=(19)
1915 125
fi=(36)
900 125
fe=(72)
22 256
fi=(49)
278 4
fe=(72)
23 2
+1 2
-2 256
fi=(49)
278 6
fe=(72)
27 2
-27 4
23 3
+1 3
-24 3
fi=(19)
1915 3
fi=(36)
900 3
fe=(72)
0 125
fi=(19)
1915 125
fi=(36)
900 125
fe=(72)
22 256
fi=(49)
278 8
fe=(72)
23 4
+1 4
-2 256
fi=(49)
278 6
fe=(72)
27 2
-27 3
23 2
+1 2
-24 2
fi=(19)
1915 2
fi=(36)
900 2
fe=(72)
0 126
fi=(19)
1915 126
fi=(36)
900 126
fe=(72)
22 256
fi=(49)
278 8
fe=(72)
23 4
+1 4
-2 256
fi=(49)
278 4
fe=(72)
27 2
-27 129
fi=(19)
1915 128
fi=(36)
900 128
fe=(72)
22 256
fi=(49)
278 4
fe=(72)
23 2
+1 2
-2 256
fi=(49)
278 4
0 2
fe=(72)
23 2
+1 2
-24 2
27 2
-27 4
23 3
+1 3
-24 3
fi=(19)
1915 3
fi=(36)
900 3
fe=(72)
0 125
fi=(19)
1915 125
fi=(36)
900 125
fe=(72)
22 256
fi=(49)
278 4
fe=(72)
23 2
+1 2
-2 256
fi=(49)
278 6
fe=(72)
27 1
+2 3
+1 5

fl=(48)
fn=(5072)
64 300
fi=(51)
+85 30
fi=(50)
+47 30
0 30
146 30
fi=(68) /home/rick/.cargo/registry/src/index.crates.io-1949cf8c6b5b557f/block-buffer-0.10.4/src/sealed.rs
17 60
fi=(50)
155 30
fi=(49)
-54 30
fi=(18)
552 90
cob=(2)
cfi=(2)
cfn=(4260)
calls=90 0 
* 360
fi=(50)
158 30
0 30
239 30
fe=(48)
66 240

fn=(5080)
68 210
fi=(51)
203 30
0 60
203 60
cob=(2)
cfi=(2)
cfn=(4260)
calls=90 0 
* 900
* 150
cob=(2)
cfi=(2)
cfn=(4260)
calls=90 0 
* 900
fi=(50)
-7 30
fi=(49)
-95 60
0 30
fi=(54)
180 30
fi=(50)
+8 60
cob=(2)
cfi=(2)
cfn=(4642)
calls=90 0 
* 780
fi=(52)
-49 30
+2 30
fi=(57)
-95 900
fi=(26)
1718 30
fi=(57)
46 30
+3 90
cfi=(53)
cfn=(5022)
calls=90 166 
* 184740
-49 30
8 120
cob=(2)
cfi=(2)
cfn=(4260)
calls=90 -8 
* 900
fi=(50)
+68 360
fe=(48)
-7 120
cob=(2)
cfi=(2)
cfn=(4260)
calls=90 -69 
* 1950
+1 210

fn=(4986)
26 180
fi=(51)
149 18
fi=(50)
+47 18
0 18
146 18
fi=(68)
17 36
fi=(50)
155 18
fi=(49)
-54 17
fi=(18)
552 51
cob=(2)
cfi=(2)
cfn=(4260)
calls=34 0 
* 235
fi=(50)
158 17
0 17
161 2
fi=(49)
-60 1
fi=(18)
552 4
cob=(2)
cfi=(2)
cfn=(4260)
calls=2 0 
* 22
fi=(26)
1718 1
fi=(57)
46 6
fi=(26)
1718 1
fi=(57)
46 2
fi=(26)
1718 1
fi=(57)
46 2
fi=(26)
1718 1
fi=(57)
46 2
fi=(26)
1718 1
fi=(57)
46 3
fi=(26)
1718 1
fi=(57)
46 4
fi=(26)
1718 1
fi=(57)
46 3
fi=(26)
1718 1
fi=(57)
46 2
fi=(26)
1718 1
fi=(57)
46 1
fi=(88) /rustc/ac68faa20c58cbccd01ee7208bf3b6e93a7d7f96/library/core/src/ptr/const_ptr.rs
863 1
fi=(57)
49 3
cfi=(53)
cfn=(5022)
calls=2 166 
* 6158
fi=(68)
-26 2
-23 1
23 7
fi=(88)
863 1
fi=(50)
169 2
0 2
fi=(26)
1718 1
fi=(57)
46 5
fi=(26)
1718 1
fi=(57)
46 2
fi=(26)
1718 1
fi=(57)
46 3
fi=(26)
1718 1
fi=(57)
46 2
fi=(26)
1718 1
fi=(57)
46 3
fi=(26)
1718 1
fi=(57)
46 3
fi=(26)
1718 1
fi=(57)
46 3
fi=(26)
1718 1
fi=(57)
46 3
fi=(26)
1718 1
fi=(57)
46 1
+3 1
fi=(14)
659 1
fi=(57)
49 2
cfi=(53)
cfn=(5022)
calls=4 166 
* 6158
fi=(26)
1718 4
fi=(57)
46 20
fi=(26)
1718 4
fi=(57)
46 8
fi=(26)
1718 4
fi=(57)
46 12
fi=(26)
1718 4
fi=(57)
46 8
fi=(26)
1718 4
fi=(57)
46 12
fi=(26)
1718 4
fi=(57)
46 12
fi=(26)
1718 4
fi=(57)
46 12
fi=(26)
1718 4
fi=(57)
46 12
fi=(26)
1718 4
fi=(57)
46 4
+3 4
fi=(14)
659 4
fi=(57)
49 8
cfi=(53)
cfn=(5022)
calls=34 166 
* 24632
fi=(14)
1717 5
fi=(54)
180 5
fi=(18)
552 4
cob=(2)
cfi=(2)
cfn=(4260)
calls=4 0 
* 11
fi=(50)
239 18
fe=(48)
28 144

fn=(5012)
30 56
fi=(51)
203 8
0 16
203 16
cob=(2)
cfi=(2)
cfn=(4260)
calls=25 0 
* 240
* 40
cob=(2)
cfi=(2)
cfn=(4260)
calls=25 0 
* 240
fi=(50)
-7 8
fi=(49)
-95 8
0 8
fi=(54)
180 8
fi=(50)
+8 16
cob=(2)
cfi=(2)
cfn=(4642)
calls=25 0 
* 139
fi=(52)
-49 8
+2 8
fi=(57)
-95 192
fi=(26)
1718 8
fi=(57)
46 8
+3 24
cfi=(53)
cfn=(5022)
calls=25 166 
* 49264
-49 8
8 32
cob=(2)
cfi=(2)
cfn=(4260)
calls=25 -8 
* 240
fi=(50)
+68 80
fe=(48)
-45 32
cob=(2)
cfi=(2)
cfn=(4260)
calls=25 -31 
* 520
+1 56

fn=(5034)
42 45
fi=(56)
457 5
fi=(34)
0 10
460 5
0 5
cfi=(6)
cfn=(4864)
calls=7 0 
0 5
0 5
fi=(23)
198 15
cfi=(6)
cfn=(5038)
calls=7 0 
* 755
fi=(34)
469 10
0 5
fi=(61)
41 5
fi=(50)
196 10
+62 5
0 25
fi=(18)
0 5
fi=(50)
344 30
0 5
fi=(14)
1717 5
fi=(54)
180 5
0 20
fi=(18)
552 20
cob=(2)
cfi=(2)
cfn=(4260)
calls=5 0 
* 150
* 60
cob=(2)
cfi=(2)
cfn=(4260)
calls=15 0 
* 450
fi=(57)
61 60
cfi=(53)
cfn=(5022)
calls=20 166 
* 123160
fi=(61)
-61 20
44 60
cob=(2)
cfi=(2)
cfn=(4260)
calls=20 -44 
* 600
fi=(14)
1717 40
fi=(54)
180 20
0 15
fi=(50)
274 5
0 10
fi=(18)
552 15
cob=(2)
cfi=(2)
cfn=(4260)
calls=7 0 
* 150
fi=(57)
61 15
cfi=(53)
cfn=(5022)
calls=7 166 
* 30790
fi=(50)
-61 15
fi=(18)
552 25
cob=(2)
cfi=(2)
cfn=(4260)
calls=7 0 
* 110
fi=(50)
278 20
cob=(2)
cfi=(2)
cfn=(4260)
calls=7 0 
* 150
* 5
0 10
239 5
fe=(48)
45 15
+1 45

fn=(5108)
37 468
fi=(61)
+4 52
-41 52
fi=(50)
196 104
+62 52
0 98
259 147
fi=(49)
89 49
fi=(18)
552 147
cob=(2)
cfi=(2)
cfn=(4260)
calls=2576 0 
* 784
fi=(50)
239 49
0 107
344 21
0 3
fi=(14)
1717 6
fi=(54)
180 3
0 3
fi=(50)
274 6
0 9
fi=(18)
552 12
cob=(2)
cfi=(2)
cfn=(4260)
calls=29 0 
* 90
fi=(57)
61 9
cfi=(53)
cfn=(5022)
calls=29 166 
* 18474
fi=(18)
552 12
cob=(2)
cfi=(2)
cfn=(4260)
calls=29 0 
* 37
fi=(50)
278 12
cob=(2)
cfi=(2)
cfn=(4260)
calls=29 0 
* 90
-39 52
fe=(48)
39 416

fl=(63)
fn=(5148)
104 207
+1 46
cob=(2)
cfi=(2)
cfn=(4260)
calls=41 0 
* 2875
0 92
107 46
fi=(70)
3228 1012
+1 184
fe=(63)
107 1472
fi=(70)
3228 31372
+1 5704
fe=(63)
107 1426
fi=(54)
+73 2208
0 115
fe=(63)
113 69
0 23
114 23
+1 46
fi=(54)
0 161
fe=(63)
113 483
0 161
114 161
+1 322
-1 5681
+1 23092
fi=(70)
3228 46920
+1 41055
0 5865
fe=(63)
118 47104
+1 70656
-1 23552
+1 47104
fi=(70)
3228 188416
0 23552
3229 23552
fi=(71)
20 23552
fe=(63)
120 23552
fi=(70)
3228 211968
0 23552
3229 70656
fe=(63)
121 23552
fi=(70)
3228 188416
0 23552
3229 23552
fi=(71)
20 23552
fe=(63)
+99 23552
+2 23552
+1 23552
-5 47104
+7 5865
-11 11730
-2 552
0 46
129 46
fi=(70)
3228 184
0 23
3229 23
fi=(71)
20 23
fe=(63)
129 69
fi=(70)
3228 184
0 23
3229 23
fi=(71)
20 23
fe=(63)
129 23
fi=(14)
1717 46
fi=(54)
180 23
fe=(63)
-51 5842
fi=(70)
3228 23368
0 2921
3229 2921
fi=(71)
20 2921
fe=(63)
129 8763
fi=(70)
3228 23368
0 2921
3229 2921
fi=(71)
20 2921
fe=(63)
129 2921
fi=(14)
1717 5842
fi=(54)
180 2921
0 23
fe=(63)
131 92
cob=(2)
cfi=(2)
cfn=(4260)
calls=41 0 
* 2875
+1 207

fn=(5128)
77 153
+1 34
cob=(2)
cfi=(2)
cfn=(4260)
calls=34 -78 
* 2125
-78 68
80 34
fi=(70)
3228 748
+1 136
fe=(63)
80 1088
fi=(70)
3228 23188
+1 4216
fe=(63)
80 1054
fi=(54)
180 1632
0 85
fe=(63)
86 51
-86 17
88 17
-1 17
+1 17
fi=(54)
-88 119
fe=(63)
86 357
-86 119
88 119
-1 119
+1 4318
-1 4199
+1 21539
-88 4335
91 87040
fi=(70)
3228 156672
0 17408
3229 52224
fe=(63)
92 52224
fi=(70)
3228 139264
0 17408
3229 17408
fi=(71)
20 17408
fe=(63)
+73 17408
fi=(70)
3228 139264
0 17408
3229 17408
fi=(71)
20 17408
fe=(63)
+72 17408
+1 17408
+1 17408
-4 34816
+6 4335
-10 8670
+12 136
-14 136
-84 17
100 68
cob=(2)
cfi=(2)
cfn=(4260)
calls=34 0 
* 2125
+1 153

fl=(34)
fn=(5286)
661 16
511 8
fi=(10)
823 4
fi=(56)
457 4
0 4
fe=(34)
522 8
fi=(19)
1037 8
fe=(34)
159 28
fi=(19)
1037 8
0 4
fe=(34)
528 4
0 4
528 8
cfn=(5292) alloc::raw_vec::RawVecInner<A>::finish_grow
calls=8 +15 
* 1289
fi=(26)
2173 8
+1 4
fe=(34)
776 4
+1 4
671 16

fn=(5292)
543 32
fi=(10)
3105 16
0 16
fi=(56)
457 12
fe=(34)
634 8
fi=(10)
1286 3
fi=(23)
155 15
cfi=(6)
cfn=(5296)
calls=6 0 
* 1088
fe=(34)
563 6
fi=(23)
206 2
+4 1
cfi=(6)
cfn=(4864)
calls=2 0 
* 1
101 3
cfi=(6)
cfn=(4866)
calls=2 0 
* 40
fe=(34)
563 2
+1 8
0 12
567 24

fl=(30)
fn=(4904)
fi=(87)
cfi=(31)
cfn=(4906)
calls=1 128 
250 7614693
fe=(30)

ob=(2)
fl=(2)
fn=(3920) 0x00000000000276c0
cob=(6)
cfi=(6)
cfn=(3934)
calls=1 0 
0 7614693

fn=(4260)
0 267808

fn=(4626)
0 192
cfn=(4280) 0x00000000000a6140
calls=42 0 
0 1232
0 94714

fn=(4232)
0 165
cfn=(4234) 0x00000000000a80c0
calls=7 0 
0 821
0 33

fn=(3994)
0 78
cfn=(4000) 0x00000000000a6dc0
calls=32 0 
0 676
0 318

fn=(4000)
0 2370
cfn=(4726) 0x00000000000a4e90
calls=9 0 
0 81
0 131

fn=(3876)
cfn=(3920)
calls=1 0 
0 7614693

fn=(4280)
0 1031
cfn=(4298) 0x00000000000a4f60
calls=47 0 
0 236
0 247

fn=(4274) 0x00000000000a6290
0 36
cfn=(4280)
calls=5 0 
0 282
0 15

fn=(4298)
0 236

fn=(4760)
0 238
cfn=(4000)
calls=32 0 
0 1709
0 175844

fn=(4234)
0 137
cfn=(4000)
calls=3 0 
0 197
0 35
cfn=(4274)
calls=2 0 
0 222
0 18
cfn=(4726)
calls=3 0 
0 41
0 22
cfn=(4260)
calls=3 0 
0 30
0 6
cfn=(4274)
calls=3 0 
0 111
0 2

fn=(4642)
0 100774

fn=(4726)
0 122

ob=(1) /usr/lib/ld-linux-x86-64.so.2
fl=(1) ???
fn=(0) 0x000000000001f300
cob=(6)
cfi=(6)
cfn=(3874)
calls=1 0 
0 7614693

totals: 7614693
