# callgrind format
version: 1
creator: callgrind-3.25.1
pid: 929585
cmd:  target/release/examples/profile baseline case-002
part: 1


desc: I1 cache: 
desc: D1 cache: 
desc: LL cache: 

desc: Timerange: Basic block 0 - 2395753
desc: Trigger: Program termination

positions: line
events: Ir
summary: 10606249


ob=(1) /usr/lib/ld-linux-x86-64.so.2
fl=(1) ???
fn=(0) 0x000000000001f300
cob=(6) /home/rick/unl/king's/thesis/ml-dsa/target/release/examples/profile
cfi=(6) ???
cfn=(3874) (below main)
calls=1 0 
0 10606249

ob=(6)
fl=(30) /rustc/ac68faa20c58cbccd01ee7208bf3b6e93a7d7f96/library/std/src/sys/backtrace.rs
fn=(4904) std::sys::backtrace::__rust_begin_short_backtrace
fi=(87) /rustc/ac68faa20c58cbccd01ee7208bf3b6e93a7d7f96/library/core/src/ops/function.rs
cfi=(31) /home/rick/unl/king's/thesis/ml-dsa/ml-dsa/examples/profile.rs
cfn=(4906) profile::main
calls=1 139 
250 10606249
fe=(30)

fl=(14) /rustc/ac68faa20c58cbccd01ee7208bf3b6e93a7d7f96/library/core/src/ptr/non_null.rs
fn=(5444) <digest::core_api::xof_reader::XofReaderCoreWrapper<T> as digest::XofReader>::read::{{closure}}
1717 4
fi=(55) /rustc/ac68faa20c58cbccd01ee7208bf3b6e93a7d7f96/library/core/src/slice/iter/macros.rs
180 4
0 30
fi=(62) /home/rick/.cargo/registry/src/index.crates.io-1949cf8c6b5b557f/digest-0.10.7/src/core_api/xof_reader.rs
44 6
fi=(18) /rustc/ac68faa20c58cbccd01ee7208bf3b6e93a7d7f96/library/core/src/ptr/mod.rs
552 12
cob=(2) /usr/lib/libc.so.6
cfi=(2) ???
cfn=(4260) 0x0000000000171fc0
calls=2 0 
* 60
fi=(58) /home/rick/.cargo/registry/src/index.crates.io-1949cf8c6b5b557f/sha3-0.10.9/src/state.rs
61 6
cfi=(54) /home/rick/.cargo/registry/src/index.crates.io-1949cf8c6b5b557f/keccak-0.1.6/src/lib.rs
cfn=(5024) keccak::p1600
calls=2 166 
* 12316
fi=(62)
-17 8
cob=(2)
cfi=(2)
cfn=(4260)
calls=2 -44 
* 60
fe=(14)
1717 4
fi=(55)
180 2
0 14
fi=(62)
46 4
fe=(14)

fl=(46) /home/rick/unl/king's/thesis/ml-dsa/ml-dsa/src/lib.rs
fn=(5310) ml_dsa::ml_dsa_65::sign_internal
97 4
fi=(69) /home/rick/unl/king's/thesis/ml-dsa/ml-dsa/src/sign.rs
-66 1
cfn=(5312) ml_dsa::sign::sign_internal_traced
calls=1 +6 
* 10606219
* 4
fe=(46)
+68 4

fl=(31)
fn=(4906)
cfn=(5308) profile::bench_sign
calls=1 90 
103 10606249

fn=(5308)
90 1
fi=(75) /rustc/ac68faa20c58cbccd01ee7208bf3b6e93a7d7f96/library/core/src/hint.rs
491 13
fe=(31)
91 1
cfi=(46)
cfn=(5310)
calls=1 +6 
* 10606232
+1 2

fl=(24) /rustc/ac68faa20c58cbccd01ee7208bf3b6e93a7d7f96/library/std/src/alloc.rs
fn=(5042) __rustc::__rdl_alloc_zeroed
482 26526
fi=(25) /rustc/ac68faa20c58cbccd01ee7208bf3b6e93a7d7f96/library/std/src/sys/alloc/unix.rs
35 26526
+1 30947
cob=(2)
cfi=(2)
cfn=(4760) calloc
calls=11888 -36 
* 271733
fe=(24)

fn=(5298) __rustc::__rdl_realloc
467 48
fi=(25)
53 36
+1 48
cob=(2)
cfi=(2)
cfn=(4232) realloc
calls=10 -54 
* 1968
fe=(24)

fn=(4868) __rustc::__rdl_alloc
450 20
fi=(25)
13 120
+1 40
cob=(2)
cfi=(2)
cfn=(3994) malloc
calls=61 -14 
* 1398
fe=(24)

fl=(63) /home/rick/unl/king's/thesis/ml-dsa/ml-dsa/src/encoding.rs
fn=(5320) ml_dsa::encoding::bit_unpack
131 270
+1 27
0 27
fi=(10) /rustc/ac68faa20c58cbccd01ee7208bf3b6e93a7d7f96/library/core/src/num/uint_macros.rs
154 81
fe=(63)
16 27
-16 27
133 27
cfn=(5322) ml_dsa::encoding::bytes_to_bits
calls=32 -72 
* 592679
fi=(60) /home/rick/unl/king's/thesis/ml-dsa/ml-dsa/src/poly.rs
32 108
cob=(2)
cfi=(2)
cfn=(4642) 0x00000000001729c0
calls=32 -32 
* 2106
* 108
-32 54
fe=(63)
136 20736
0 6912
fi=(19) /rustc/ac68faa20c58cbccd01ee7208bf3b6e93a7d7f96/library/core/src/cmp.rs
1915 6912
fi=(36) /rustc/ac68faa20c58cbccd01ee7208bf3b6e93a7d7f96/library/core/src/iter/range.rs
900 6912
fe=(63)
136 20736
fi=(50) /rustc/ac68faa20c58cbccd01ee7208bf3b6e93a7d7f96/library/core/src/slice/index.rs
438 13824
fe=(63)
0 6912
fi=(50)
89 6912
-89 20736
fi=(19)
1915 34560
fe=(63)
34 13824
fi=(88) /rustc/ac68faa20c58cbccd01ee7208bf3b6e93a7d7f96/library/core/src/ops/range.rs
563 6912
fi=(19)
1915 377600
fe=(63)
34 151040
fi=(88)
563 75520
fi=(36)
0 151040
fi=(88)
563 151040
fi=(34) /rustc/ac68faa20c58cbccd01ee7208bf3b6e93a7d7f96/library/alloc/src/raw_vec/mod.rs
424 27
634 54
fi=(23) /rustc/ac68faa20c58cbccd01ee7208bf3b6e93a7d7f96/library/alloc/src/alloc.rs
128 81
cfi=(6)
cfn=(4970) __rustc::__rust_dealloc
calls=32 0 
* 2241
fe=(63)
+11 243

fn=(5242) ml_dsa::encoding::bit_pack
109 40
+1 5
0 5
fi=(10)
154 20
fe=(63)
16 5
+95 10
fi=(34)
460 15
0 10
cfi=(6)
cfn=(4864) __rustc::__rust_no_alloc_shim_is_unstable_v2
calls=22 0 
0 5
fi=(23)
101 15
cfi=(6)
cfn=(4866) __rustc::__rust_alloc
calls=22 0 
* 710
fi=(34)
469 10
fi=(35) /rustc/ac68faa20c58cbccd01ee7208bf3b6e93a7d7f96/library/alloc/src/vec/mod.rs
977 60
0 25
fe=(63)
113 5
fi=(34)
0 5
cfi=(6)
cfn=(4864)
calls=22 0 
0 5
fi=(35)
0 3825
fe=(63)
113 1275
fi=(34)
0 1275
cfi=(6)
cfn=(4864)
calls=5610 0 
0 1275
fi=(23)
198 5120
cfi=(6)
cfn=(5040) __rustc::__rust_alloc_zeroed
calls=5632 0 
* 85760
fi=(34)
469 2560
fe=(63)
0 2560
113 1280
0 1280
fi=(36)
900 1280
0 3840
fe=(63)
24 19200
fi=(10)
898 1280
fe=(63)
25 1280
fi=(36)
900 2560
fe=(63)
24 76800
fi=(10)
898 5120
fe=(63)
25 5120
fi=(36)
900 10240
0 2560
900 1280
fi=(34)
619 1280
fi=(10)
2548 1280
fi=(34)
767 2560
fe=(63)
0 2560
fi=(20) /rustc/ac68faa20c58cbccd01ee7208bf3b6e93a7d7f96/library/core/src/ptr/mut_ptr.rs
961 1280
fi=(18)
552 3840
cob=(2)
cfi=(2)
cfn=(4260)
calls=5632 0 
* 14080
fi=(35)
2912 2560
fi=(23)
128 5120
cfi=(6)
cfn=(4970)
calls=5632 0 
* 44800
fi=(19)
1915 1280
fi=(36)
900 1285
fi=(35)
0 5
fe=(63)
116 25
cfn=(5192) ml_dsa::encoding::bits_to_bytes
calls=22 -65 
* 307965
fi=(34)
424 5
634 10
fi=(23)
128 15
cfi=(6)
cfn=(4970)
calls=22 0 
* 580
fe=(63)
-11 45

fn=(5176) ml_dsa::encoding::simple_bit_pack
99 108
fi=(10)
+55 48
fe=(63)
16 12
+85 24
fi=(34)
460 36
0 12
cfi=(6)
cfn=(4864)
calls=24 0 
0 12
fi=(23)
101 36
cfi=(6)
cfn=(4866)
calls=24 0 
* 480
fi=(34)
469 24
fi=(35)
977 120
0 60
fe=(63)
103 12
fi=(34)
0 12
cfi=(6)
cfn=(4864)
calls=24 0 
0 12
fi=(35)
0 6120
fe=(63)
103 3060
fi=(34)
0 3060
cfi=(6)
cfn=(4864)
calls=6120 0 
0 3060
fi=(23)
198 9216
cfi=(6)
cfn=(5040)
calls=6144 0 
* 193536
fi=(34)
469 6144
0 6144
fi=(36)
900 3072
0 6144
fe=(63)
24 46080
fi=(10)
898 3072
fe=(63)
25 3072
fi=(36)
900 6144
0 3072
900 3072
fi=(34)
619 3072
fi=(10)
2548 3072
0 3072
fi=(34)
767 6144
0 6144
fi=(20)
961 3072
fi=(18)
552 9216
cob=(2)
cfi=(2)
cfn=(4260)
calls=6144 0 
* 46080
fi=(35)
2912 6144
fi=(23)
128 12288
cfi=(6)
cfn=(4970)
calls=6144 0 
* 107520
fi=(19)
1915 3072
fi=(36)
900 3084
fi=(35)
0 12
fe=(63)
105 60
cfn=(5192)
calls=24 -54 
* 148920
fi=(34)
424 12
634 24
fi=(23)
128 36
cfi=(6)
cfn=(4970)
calls=24 0 
* 420
fe=(63)
-22 108

fn=(5192)
51 136
fi=(10)
3714 34
fi=(34)
460 17
0 17
cfi=(6)
cfn=(4864)
calls=46 0 
0 17
fi=(23)
198 51
cfi=(6)
cfn=(5040)
calls=46 0 
* 1668
fi=(34)
469 34
0 17
fi=(19)
1915 17
fi=(36)
900 17
0 34
fe=(63)
55 34
fi=(50)
278 34
fe=(63)
55 75742
fi=(50)
278 75742
fi=(10)
898 37888
fe=(63)
55 151552
-55 37888
fi=(19)
1915 37888
fi=(36)
900 37888
fe=(63)
57 51
+1 119

fn=(5322)
61 145
+2 29
-63 29
fi=(57) /rustc/ac68faa20c58cbccd01ee7208bf3b6e93a7d7f96/library/core/src/intrinsics/mod.rs
457 29
fi=(34)
0 29
460 29
0 116
cfi=(6)
cfn=(4864)
calls=41 0 
0 29
0 29
fi=(23)
198 87
cfi=(6)
cfn=(5040)
calls=41 0 
* 76512
fi=(34)
469 58
0 87
fi=(19)
1915 29
fi=(36)
900 29
0 29
fi=(50)
278 87
0 29
278 20640
fe=(63)
65 10320
+2 30960
fi=(50)
278 20640
fe=(63)
68 20640
-1 20640
fi=(50)
278 20640
fe=(63)
68 20640
-1 20640
fi=(50)
278 20640
fe=(63)
68 20640
-1 20640
fi=(50)
278 20640
fe=(63)
68 20640
-1 20640
fi=(50)
278 20640
fe=(63)
68 20640
-1 20640
fi=(50)
278 20640
fe=(63)
68 20640
-1 20640
fi=(50)
278 20640
fe=(63)
0 10320
68 10320
-1 10320
fi=(19)
1915 20640
fi=(36)
900 10320
fe=(63)
71 87
+1 203

fl=(69)
fn=(5312)
37 8
fi=(32) /rustc/ac68faa20c58cbccd01ee7208bf3b6e93a7d7f96/library/core/src/fmt/mod.rs
-37 146
fe=(69)
43 1
cfi=(67) /home/rick/unl/king's/thesis/ml-dsa/ml-dsa/src/serdes.rs
cfn=(5316) ml_dsa::serdes::sk_decode
calls=1 +56 
* 670545
fi=(26) /rustc/ac68faa20c58cbccd01ee7208bf3b6e93a7d7f96/library/core/src/result.rs
1183 2
0 1
1184 3
0 1
1184 3
cob=(2)
cfi=(2)
cfn=(4260)
calls=1 0 
* 17552
fe=(69)
42 18
-42 1
42 3
cob=(2)
cfi=(2)
cfn=(4260)
calls=1 -42 
* 509
* 5
cob=(2)
cfi=(2)
cfn=(4260)
calls=1 -42 
* 603
* 5
cob=(2)
cfi=(2)
cfn=(4260)
calls=1 -42 
* 605
fi=(64) /home/rick/unl/king's/thesis/ml-dsa/ml-dsa/src/vecops.rs
-24 2
-18 1
18 3
cfi=(48) /home/rick/unl/king's/thesis/ml-dsa/ml-dsa/src/ntt.rs
cfn=(5130) ml_dsa::ntt::ntt
calls=1 +59 
* 55208
* 4
cob=(2)
cfi=(2)
cfn=(4260)
calls=1 -18 
* 123
* 3
cfi=(48)
cfn=(5130)
calls=1 +59 
* 55208
* 4
cob=(2)
cfi=(2)
cfn=(4260)
calls=1 -18 
* 125
* 3
cfi=(48)
cfn=(5130)
calls=1 +59 
* 55208
* 4
cob=(2)
cfi=(2)
cfn=(4260)
calls=1 -18 
* 125
* 3
cfi=(48)
cfn=(5130)
calls=1 +59 
* 55208
* 4
cob=(2)
cfi=(2)
cfn=(4260)
calls=1 -18 
* 125
* 3
cfi=(48)
cfn=(5130)
calls=1 +59 
* 55208
* 4
cob=(2)
cfi=(2)
cfn=(4260)
calls=1 -18 
* 123
-18 1
18 3
cfi=(48)
cfn=(5130)
calls=1 +59 
* 55208
* 4
cob=(2)
cfi=(2)
cfn=(4260)
calls=1 -18 
* 125
* 3
cfi=(48)
cfn=(5130)
calls=1 +59 
* 55208
* 4
cob=(2)
cfi=(2)
cfn=(4260)
calls=1 -18 
* 123
* 3
cfi=(48)
cfn=(5130)
calls=1 +59 
* 55208
* 4
cob=(2)
cfi=(2)
cfn=(4260)
calls=1 -18 
* 125
* 3
cfi=(48)
cfn=(5130)
calls=1 +59 
* 55208
* 4
cob=(2)
cfi=(2)
cfn=(4260)
calls=1 -18 
* 125
* 3
cfi=(48)
cfn=(5130)
calls=1 +59 
* 55208
* 4
cob=(2)
cfi=(2)
cfn=(4260)
calls=1 -18 
* 125
* 3
cfi=(48)
cfn=(5130)
calls=1 +59 
* 55208
* 4
cob=(2)
cfi=(2)
cfn=(4260)
calls=1 -18 
* 123
-18 1
18 3
cfi=(48)
cfn=(5130)
calls=1 +59 
* 55208
* 4
cob=(2)
cfi=(2)
cfn=(4260)
calls=1 -18 
* 125
* 3
cfi=(48)
cfn=(5130)
calls=1 +59 
* 55208
* 4
cob=(2)
cfi=(2)
cfn=(4260)
calls=1 -18 
* 125
* 3
cfi=(48)
cfn=(5130)
calls=1 +59 
* 55208
* 4
cob=(2)
cfi=(2)
cfn=(4260)
calls=1 -18 
* 125
* 3
cfi=(48)
cfn=(5130)
calls=1 +59 
* 55208
* 4
cob=(2)
cfi=(2)
cfn=(4260)
calls=1 -18 
* 123
* 3
cfi=(48)
cfn=(5130)
calls=1 +59 
* 55208
* 4
cob=(2)
cfi=(2)
cfn=(4260)
calls=1 -18 
* 125
* 3
cfi=(48)
cfn=(5130)
calls=1 +59 
* 55208
* 4
cob=(2)
cfi=(2)
cfn=(4260)
calls=1 -18 
* 125
* 2
fe=(69)
+29 1
cfi=(59) /home/rick/unl/king's/thesis/ml-dsa/ml-dsa/src/expand.rs
cfn=(5060) ml_dsa::expand::expand_a
calls=1 -31 
* 1741814
fi=(58)
-30 14
fi=(51) /home/rick/.cargo/registry/src/index.crates.io-1949cf8c6b5b557f/block-buffer-0.10.4/src/lib.rs
+59 9
fi=(49) /home/rick/unl/king's/thesis/ml-dsa/ml-dsa/src/hash.rs
-53 1
fe=(69)
+28 6
cfi=(49)
cfn=(4988) ml_dsa::hash::H::absorb
calls=1 -25 
* 44
+1 4
cfi=(49)
cfn=(4988)
calls=1 -26 
* 45
fi=(58)
-35 1
fe=(69)
+36 5
+1 4
cob=(2)
cfi=(2)
cfn=(4260)
calls=1 -54 
* 65
* 5
cfi=(49)
cfn=(5014) ml_dsa::hash::H::finalize
calls=1 -24 
* 6405
* 6
cfi=(49)
cfn=(5110) ml_dsa::hash::HReader::squeeze
calls=1 -17 
* 6288
fi=(58)
-37 14
fi=(51)
+59 9
fi=(49)
-53 3
fe=(69)
+35 3
cfi=(49)
cfn=(4988)
calls=1 -32 
* 44
+1 4
cfi=(49)
cfn=(4988)
calls=1 -33 
* 44
+1 4
cfi=(49)
cfn=(4988)
calls=1 -34 
* 44
fi=(58)
-43 1
fe=(69)
+44 5
+1 4
cob=(2)
cfi=(2)
cfn=(4260)
calls=1 -62 
* 65
* 4
cfi=(49)
cfn=(5014)
calls=1 -32 
* 6406
* 4
cfi=(49)
cfn=(5110)
calls=1 -25 
* 6288
* 3
-62 2
fi=(23)
128 4
cfi=(6)
cfn=(4970)
calls=1 0 
* 35
0 2
fe=(69)
69 10
cfi=(59)
cfn=(5370) ml_dsa::expand::expand_mask
calls=2 -13 
* 1414982
fi=(48)
+9 8
cob=(2)
cfi=(2)
cfn=(4260)
calls=2 -78 
* 250
* 2
-78 6
80 4
fi=(71) /rustc/ac68faa20c58cbccd01ee7208bf3b6e93a7d7f96/library/core/src/num/int_macros.rs
3228 88
+1 16
fi=(48)
80 128
fi=(71)
3228 2728
+1 496
fi=(48)
80 124
fi=(55)
180 192
fe=(69)
67 2
-67 6
fi=(48)
86 6
-86 2
88 2
-1 2
+1 2
fe=(69)
-88 14
fi=(48)
86 42
-86 14
88 14
-1 14
+1 508
-1 494
+1 2534
-88 510
91 10240
fi=(71)
3228 18432
0 2048
3229 6144
fi=(48)
92 6144
fi=(71)
3228 16384
0 2048
3229 2048
fi=(72) /home/rick/unl/king's/thesis/ml-dsa/ml-dsa/src/field.rs
20 2048
fi=(48)
+73 2048
fi=(71)
3228 16384
0 2048
3229 2048
fi=(72)
20 2048
fi=(48)
+72 2048
+1 2048
+1 2048
-4 4096
+6 510
-10 1530
+12 16
-14 16
+16 6
0 2
100 6
cob=(2)
cfi=(2)
cfn=(4260)
calls=2 0 
* 250
fi=(64)
-82 8
cob=(2)
cfi=(2)
cfn=(4260)
calls=2 -18 
* 250
fi=(48)
+60 8
cob=(2)
cfi=(2)
cfn=(4260)
calls=2 -78 
* 250
* 6
+2 4
fi=(71)
3228 88
+1 16
fi=(48)
80 4
fi=(55)
180 2
fi=(48)
80 124
fi=(71)
3228 2728
+1 496
fi=(48)
80 124
fi=(55)
180 190
0 8
fi=(48)
86 6
-86 2
88 2
-1 2
+1 2
fi=(55)
-88 14
fi=(48)
86 42
-86 14
88 14
-1 14
+1 508
-1 494
+1 2534
-88 510
91 10240
fi=(71)
3228 18432
0 2048
3229 6144
fi=(48)
92 6144
fi=(71)
3228 16384
0 2048
3229 2048
fi=(72)
20 2048
fi=(48)
+73 2048
fi=(71)
3228 16384
0 2048
3229 2048
fi=(72)
20 2048
fi=(48)
+72 2048
+1 2048
+1 2048
-4 4096
+6 510
-10 1020
+12 16
-14 16
+16 6
0 2
100 6
cob=(2)
cfi=(2)
cfn=(4260)
calls=2 0 
* 250
fi=(64)
-82 8
cob=(2)
cfi=(2)
cfn=(4260)
calls=2 -18 
* 250
fi=(48)
+60 8
cob=(2)
cfi=(2)
cfn=(4260)
calls=2 -78 
* 250
* 6
-78 2
80 4
fi=(71)
3228 88
+1 16
fi=(48)
80 128
fi=(71)
3228 2728
+1 496
fi=(48)
80 124
fi=(55)
180 192
0 8
fi=(48)
86 6
-86 2
88 2
-1 2
+1 2
fi=(55)
-88 14
fi=(48)
86 42
-86 14
88 14
-1 14
+1 508
-1 494
+1 2534
-88 510
91 10240
fi=(71)
3228 18432
0 2048
3229 6144
fi=(48)
92 6144
fi=(71)
3228 16384
0 2048
3229 2048
fi=(72)
20 2048
fi=(48)
+73 2048
fi=(71)
3228 16384
0 2048
3229 2048
fi=(72)
20 2048
fi=(48)
+72 2048
+1 2048
+1 2048
-4 4096
+6 510
-10 1020
+12 16
-14 16
+16 6
0 2
100 6
cob=(2)
cfi=(2)
cfn=(4260)
calls=2 0 
* 250
fi=(64)
-82 8
cob=(2)
cfi=(2)
cfn=(4260)
calls=2 -18 
* 246
fi=(48)
+60 8
cob=(2)
cfi=(2)
cfn=(4260)
calls=2 -78 
* 250
* 6
-78 2
80 4
fi=(71)
3228 88
+1 16
fi=(48)
80 128
fi=(71)
3228 2728
+1 496
fi=(48)
80 124
fi=(55)
180 192
0 8
fi=(48)
86 6
-86 2
88 2
-1 2
+1 2
fi=(55)
-88 14
fi=(48)
86 42
-86 14
88 14
-1 14
+1 508
-1 494
+1 2534
-88 510
91 10240
fi=(71)
3228 18432
0 2048
3229 6144
fi=(48)
92 6144
fi=(71)
3228 16384
0 2048
3229 2048
fi=(72)
20 2048
fi=(48)
+73 2048
fi=(71)
3228 16384
0 2048
3229 2048
fi=(72)
20 2048
fi=(48)
+72 2048
+1 2048
+1 2048
-4 4096
+6 510
-10 1020
+12 16
-14 16
+16 6
0 2
100 6
cob=(2)
cfi=(2)
cfn=(4260)
calls=2 0 
* 250
fi=(64)
-82 8
cob=(2)
cfi=(2)
cfn=(4260)
calls=2 -18 
* 250
fi=(48)
+60 8
cob=(2)
cfi=(2)
cfn=(4260)
calls=2 -78 
* 250
* 6
-78 2
80 4
fi=(71)
3228 88
+1 16
fi=(48)
80 128
fi=(71)
3228 2728
+1 496
fi=(48)
80 124
fi=(55)
180 192
0 8
fi=(48)
86 6
-86 2
88 2
-1 2
+1 2
fi=(55)
-88 14
fi=(48)
86 42
-86 14
88 14
-1 14
+1 508
-1 494
+1 2534
-88 510
91 10240
fi=(71)
3228 18432
0 2048
3229 6144
fi=(48)
92 6144
fi=(71)
3228 16384
0 2048
3229 2048
fi=(72)
20 2048
fi=(48)
+73 2048
fi=(71)
3228 16384
0 2048
3229 2048
fi=(72)
20 2048
fi=(48)
+72 2048
+1 2048
+1 2048
-4 4096
+6 510
-10 1020
+12 16
-14 16
+16 6
0 2
100 6
cob=(2)
cfi=(2)
cfn=(4260)
calls=2 0 
* 250
fi=(64)
-82 8
cob=(2)
cfi=(2)
cfn=(4260)
calls=2 -18 
* 250
* 2
fe=(69)
+52 8
cfi=(65) /home/rick/unl/king's/thesis/ml-dsa/ml-dsa/src/ntt_arith.rs
cfn=(5142) ml_dsa::ntt_arith::matrix_vector_ntt
calls=2 -21 
* 538396
fi=(64)
-43 8
cfi=(48)
cfn=(5150) ml_dsa::ntt::inv_ntt
calls=2 +77 
* 127050
* 10
cob=(2)
cfi=(2)
cfn=(4260)
calls=2 -27 
* 250
* 6
cfi=(48)
cfn=(5150)
calls=2 +77 
* 127050
* 8
cob=(2)
cfi=(2)
cfn=(4260)
calls=2 -27 
* 250
* 6
cfi=(48)
cfn=(5150)
calls=2 +77 
* 127050
* 8
cob=(2)
cfi=(2)
cfn=(4260)
calls=2 -27 
* 246
* 6
cfi=(48)
cfn=(5150)
calls=2 +77 
* 127050
* 8
cob=(2)
cfi=(2)
cfn=(4260)
calls=2 -27 
* 250
* 6
cfi=(48)
cfn=(5150)
calls=2 +77 
* 127050
* 8
cob=(2)
cfi=(2)
cfn=(4260)
calls=2 -27 
* 250
* 6
cfi=(48)
cfn=(5150)
calls=2 +77 
* 127050
* 8
cob=(2)
cfi=(2)
cfn=(4260)
calls=2 -27 
* 250
* 2
fe=(69)
+44 6
cfi=(64)
cfn=(5392) ml_dsa::vecops::high_bits_vec
calls=2 +36 
* 57982
fi=(58)
-54 30
fi=(51)
+59 18
fi=(49)
-53 2
fe=(69)
+52 12
cfi=(49)
cfn=(4988)
calls=2 -49 
* 88
+1 6
cfi=(67)
cfn=(5400) ml_dsa::serdes::w1_encode
calls=2 +92 
* 670508
fi=(34)
614 2
fi=(35)
1840 2
fe=(69)
76 6
cfi=(49)
cfn=(4988)
calls=2 -50 
* 74542
fi=(34)
424 2
634 4
fi=(23)
128 6
cfi=(6)
cfn=(4970)
calls=2 0 
* 70
fi=(52) /home/rick/.cargo/registry/src/index.crates.io-1949cf8c6b5b557f/digest-0.10.7/src/core_api/wrapper.rs
+75 10
cob=(2)
cfi=(2)
cfn=(4260)
calls=2 0 
* 60
* 10
cob=(2)
cfi=(2)
cfn=(4260)
calls=2 0 
* 60
fi=(51)
-7 2
fi=(50)
-95 4
fi=(55)
+79 4
fi=(51)
+8 4
cob=(2)
cfi=(2)
cfn=(4642)
calls=2 0 
* 38
fi=(53) /home/rick/.cargo/registry/src/index.crates.io-1949cf8c6b5b557f/sha3-0.10.9/src/macros.rs
-49 2
+2 2
fi=(58)
-95 48
fi=(26)
1718 2
fi=(58)
46 2
+3 6
cfi=(54)
cfn=(5024)
calls=2 166 
* 12316
-41 10
cob=(2)
cfi=(2)
cfn=(4260)
calls=2 -8 
* 60
+9 2
fi=(51)
+59 18
fi=(49)
-45 10
cob=(2)
cfi=(2)
cfn=(4260)
calls=2 -31 
* 130
fi=(34)
-31 2
cfi=(6)
cfn=(4864)
calls=2 0 
0 2
fi=(23)
198 6
cfi=(6)
cfn=(5040)
calls=2 0 
* 338
0 2
fi=(34)
469 4
fi=(62)
41 2
fi=(51)
196 4
+62 2
fi=(18)
0 6
fi=(51)
271 8
cfi=(14)
cfn=(5444)
calls=2 1717 
* 6
+3 4
fi=(58)
17 2
fi=(18)
1721 18
fi=(51)
276 8
cfi=(14)
cfn=(5444)
calls=2 1717 
* 12524
fi=(18)
552 8
cob=(2)
cfi=(2)
cfn=(4260)
calls=2 0 
* 24
fe=(69)
78 8
cfi=(61) /home/rick/unl/king's/thesis/ml-dsa/ml-dsa/src/sample.rs
cfn=(5452) ml_dsa::sample::sample_in_ball
calls=2 -62 
* 34173
* 8
cob=(2)
cfi=(2)
cfn=(4260)
calls=2 -78 
* 250
* 2
fi=(48)
-78 6
80 4
fi=(71)
3228 88
+1 16
fi=(48)
80 128
fi=(71)
3228 2728
+1 496
fi=(48)
80 124
fi=(55)
180 192
0 8
fi=(48)
86 6
-86 2
88 2
-1 2
+1 2
fi=(55)
-88 14
fi=(48)
86 42
-86 14
88 14
-1 14
+1 508
-1 494
+1 2534
-88 510
91 10240
fi=(71)
3228 18432
0 2048
3229 6144
fi=(48)
92 6144
fi=(71)
3228 16384
0 2048
3229 2048
fi=(72)
20 2048
fi=(48)
+73 2048
fi=(71)
3228 16384
0 2048
3229 2048
fi=(72)
20 2048
fi=(48)
+72 2048
+1 2048
+1 2048
-4 4096
+6 510
-10 1020
+12 16
-14 16
+16 12
cob=(2)
cfi=(2)
cfn=(4260)
calls=2 0 
* 250
fe=(69)
-18 10
cfi=(65)
cfn=(5464) ml_dsa::ntt_arith::scalar_vector_ntt
calls=2 -42 
* 50608
* 2
fi=(64)
-55 6
cfi=(48)
cfn=(5150)
calls=2 +77 
* 127050
* 8
cob=(2)
cfi=(2)
cfn=(4260)
calls=2 -27 
* 246
* 6
cfi=(48)
cfn=(5150)
calls=2 +77 
* 127050
* 8
cob=(2)
cfi=(2)
cfn=(4260)
calls=2 -27 
* 250
* 6
cfi=(48)
cfn=(5150)
calls=2 +77 
* 127050
* 8
cob=(2)
cfi=(2)
cfn=(4260)
calls=2 -27 
* 250
* 6
cfi=(48)
cfn=(5150)
calls=2 +77 
* 127050
* 8
cob=(2)
cfi=(2)
cfn=(4260)
calls=2 -27 
* 250
* 6
cfi=(48)
cfn=(5150)
calls=2 +77 
* 127050
* 8
cob=(2)
cfi=(2)
cfn=(4260)
calls=2 -27 
* 246
fe=(69)
+56 8
cfi=(65)
cfn=(5464)
calls=2 -43 
* 61532
fi=(64)
-56 6
cfi=(48)
cfn=(5150)
calls=2 +77 
* 127050
* 8
cob=(2)
cfi=(2)
cfn=(4260)
calls=2 -27 
* 246
* 6
cfi=(48)
cfn=(5150)
calls=2 +77 
* 127050
* 8
cob=(2)
cfi=(2)
cfn=(4260)
calls=2 -27 
* 250
* 6
cfi=(48)
cfn=(5150)
calls=2 +77 
* 127050
* 8
cob=(2)
cfi=(2)
cfn=(4260)
calls=2 -27 
* 250
* 6
cfi=(48)
cfn=(5150)
calls=2 +77 
* 127050
* 8
cob=(2)
cfi=(2)
cfn=(4260)
calls=2 -27 
* 250
* 6
cfi=(48)
cfn=(5150)
calls=2 +77 
* 127050
* 8
cob=(2)
cfi=(2)
cfn=(4260)
calls=2 -27 
* 246
* 6
cfi=(48)
cfn=(5150)
calls=2 +77 
* 127050
* 8
cob=(2)
cfi=(2)
cfn=(4260)
calls=2 -27 
* 250
fe=(69)
+57 8
cfi=(64)
cfn=(5154) ml_dsa::vecops::add_vec
calls=2 -33 
* 52576
+1 8
cfi=(64)
cfn=(5470) ml_dsa::vecops::sub_vec
calls=2 -23 
* 63076
* 6
cfi=(64)
cfn=(5476) ml_dsa::vecops::low_bits_vec
calls=2 +31 
* 44914
-85 18
fi=(64)
153 4
fi=(71)
3228 88
+1 10
fi=(64)
153 124
fi=(71)
3228 2728
+1 496
fi=(72)
64 372
fi=(71)
3229 6
fi=(72)
64 20
fi=(71)
3608 16
fi=(64)
154 36
fi=(36)
900 6
fi=(72)
64 248
fi=(71)
3608 496
fi=(64)
154 1116
fi=(36)
900 244
0 2
fi=(64)
153 4
fi=(71)
3228 56
fi=(64)
153 124
fi=(71)
3228 2728
+1 496
fi=(72)
64 372
fi=(71)
3228 32
+1 16
fi=(72)
64 20
fi=(71)
3608 16
fi=(64)
154 36
fi=(72)
-90 248
fi=(71)
3608 496
fi=(64)
154 1116
fi=(36)
900 250
0 2
fi=(64)
153 4
fi=(71)
3228 56
fi=(64)
153 124
fi=(71)
3228 2728
+1 496
fi=(72)
64 372
fi=(71)
3228 32
+1 16
fi=(72)
64 20
fi=(71)
3608 16
fi=(64)
154 36
fi=(72)
-90 248
fi=(71)
3608 496
fi=(64)
154 1116
fi=(36)
900 250
0 2
fi=(64)
153 4
fi=(71)
3228 56
fi=(64)
153 124
fi=(71)
3228 2728
+1 496
fi=(72)
64 372
fi=(71)
3228 32
+1 16
fi=(72)
64 20
fi=(71)
3608 16
fi=(64)
154 36
fi=(72)
-90 248
fi=(71)
3608 496
fi=(64)
154 1116
fi=(36)
900 250
0 2
fi=(64)
153 4
fi=(71)
3228 56
fi=(64)
153 124
fi=(71)
3228 2728
+1 496
fi=(72)
64 372
fi=(71)
3228 32
+1 16
fi=(72)
64 20
fi=(71)
3608 16
fi=(64)
154 36
fi=(72)
-90 248
fi=(71)
3608 496
fi=(64)
154 1116
fi=(36)
900 246
fe=(69)
88 8
cfi=(64)
cfn=(5492) ml_dsa::vecops::inf_norm
calls=2 +61 
* 36084
* 4
+6 4
cfi=(65)
cfn=(5464)
calls=1 -54 
* 30766
fi=(64)
-67 3
cfi=(48)
cfn=(5150)
calls=1 +77 
* 63525
* 4
cob=(2)
cfi=(2)
cfn=(4260)
calls=1 -27 
* 125
* 3
cfi=(48)
cfn=(5150)
calls=1 +77 
* 63525
* 4
cob=(2)
cfi=(2)
cfn=(4260)
calls=1 -27 
* 125
* 3
cfi=(48)
cfn=(5150)
calls=1 +77 
* 63525
* 4
cob=(2)
cfi=(2)
cfn=(4260)
calls=1 -27 
* 123
* 3
cfi=(48)
cfn=(5150)
calls=1 +77 
* 63525
* 4
cob=(2)
cfi=(2)
cfn=(4260)
calls=1 -27 
* 125
* 3
cfi=(48)
cfn=(5150)
calls=1 +77 
* 63525
* 4
cob=(2)
cfi=(2)
cfn=(4260)
calls=1 -27 
* 125
* 3
cfi=(48)
cfn=(5150)
calls=1 +77 
* 63525
* 4
cob=(2)
cfi=(2)
cfn=(4260)
calls=1 -27 
* 125
fe=(69)
+68 4
cfi=(64)
cfn=(5470)
calls=1 -33 
* 31538
* 4
cfi=(64)
cfn=(5154)
calls=1 -44 
* 31538
fi=(60)
-32 4
cob=(2)
cfi=(2)
cfn=(4642)
calls=1 -63 
* 6163
* 1
fi=(58)
-46 3
fi=(64)
+60 2
fi=(71)
3228 44
+1 8
fi=(64)
77 64
fi=(71)
3228 1364
+1 248
fi=(64)
77 62
fi=(36)
900 96
0 2
fi=(64)
77 2
fi=(71)
3228 44
+1 8
fi=(64)
77 2
fi=(36)
900 2
fi=(64)
77 62
fi=(71)
3228 1364
+1 248
fi=(64)
77 62
fi=(36)
900 94
0 2
fi=(64)
77 2
fi=(71)
3228 44
+1 8
fi=(64)
77 2
fi=(36)
900 2
fi=(64)
77 62
fi=(71)
3228 1364
+1 248
fi=(64)
77 62
fi=(36)
900 94
0 2
fi=(64)
77 2
fi=(71)
3228 44
+1 8
fi=(64)
77 2
fi=(36)
900 2
fi=(64)
77 62
fi=(71)
3228 1364
+1 248
fi=(64)
77 62
fi=(36)
900 94
0 2
fi=(64)
77 2
fi=(71)
3228 44
+1 8
fi=(64)
77 2
fi=(36)
900 2
fi=(64)
77 62
fi=(71)
3228 1364
+1 248
fi=(64)
77 62
fi=(36)
900 94
0 2
fi=(64)
77 2
fi=(71)
3228 44
+1 8
fi=(64)
77 2
fi=(36)
900 2
fi=(64)
77 62
fi=(71)
3228 1364
+1 248
fi=(64)
77 62
fi=(36)
900 94
fe=(69)
96 4
cfi=(64)
cfn=(5510) ml_dsa::vecops::make_hint_vec
calls=1 +29 
* 56224
+3 2
cfi=(64)
cfn=(5492)
calls=1 +50 
* 18042
* 2
-99 3
fi=(58)
17 2
-17 1
fi=(64)
167 20
fi=(36)
900 3
fi=(64)
167 620
fi=(36)
900 99
0 1
fi=(64)
167 20
fi=(36)
900 3
fi=(64)
167 620
fi=(36)
900 99
0 1
fi=(64)
167 20
fi=(36)
900 3
fi=(64)
167 620
fi=(36)
900 99
0 1
fi=(64)
167 20
fi=(36)
900 3
fi=(64)
167 620
fi=(36)
900 99
0 1
fi=(64)
167 20
fi=(36)
900 3
fi=(64)
167 620
fi=(36)
900 99
0 1
fi=(64)
167 20
fi=(36)
900 3
fi=(64)
167 620
fi=(36)
900 97
fe=(69)
99 2
-99 2
105 2
cfi=(64)
cfn=(5520) ml_dsa::vecops::center_vec
calls=1 -21 
* 16687
* 7
cfi=(67)
cfn=(5526) ml_dsa::serdes::sig_encode
calls=1 +28 
* 634946
* 7
fi=(23)
+23 4
cfi=(6)
cfn=(4970)
calls=1 0 
* 35
fe=(69)
-21 9

fl=(8) /rustc/ac68faa20c58cbccd01ee7208bf3b6e93a7d7f96/library/std/src/rt.rs
fn=(3936) std::rt::lang_start_internal
fi=(87)
cfn=(4902) std::rt::lang_start::{{closure}}
calls=1 206 
287 10606249
fe=(8)

fn=(4902)
cfi=(30)
cfn=(4904)
calls=1 162 
206 10606249

fl=(25)
fn=(4972) __rustc::__rdl_dealloc
48 4440
cob=(2)
cfi=(2)
cfn=(4626) free
calls=11948 -48 
* 148221

fl=(54)
fn=(5026) keccak::keccak_p
236 1848
+1 528
0 264
fi=(14)
1717 264
fi=(55)
180 264
0 6600
180 792
0 5544
fi=(56) /rustc/ac68faa20c58cbccd01ee7208bf3b6e93a7d7f96/library/core/src/ops/bit.rs
898 1848
0 528
898 528
fi=(55)
0 12144
fi=(56)
898 42504
0 12144
898 103224
0 6072
898 30360
0 6072
898 12144
0 6072
898 6072
fi=(57)
2030 12144
fi=(56)
386 6072
fi=(57)
2030 6072
fi=(56)
386 6072
898 36432
0 12144
898 6072
fi=(57)
2030 6072
fi=(56)
386 6072
fi=(57)
2030 6072
fi=(56)
386 6072
898 22176
0 264
898 1320
0 264
898 528
0 264
898 264
fi=(57)
2030 528
fi=(56)
386 264
fi=(57)
2030 264
fi=(56)
386 264
898 1584
0 528
898 264
fi=(57)
2030 264
fi=(56)
386 264
fi=(57)
2030 264
fi=(56)
386 264
898 2904
0 264
898 264
0 264
898 49104
0 6072
898 6072
0 6072
898 24288
0 6072
fi=(57)
2030 6072
fi=(56)
386 6072
898 12144
0 6072
898 18216
0 6072
fi=(57)
2030 12144
0 12144
2030 18216
fi=(56)
63 12144
178 6072
0 6072
63 12144
178 6072
386 6072
0 6072
63 6072
178 6072
386 6072
0 12144
63 12144
178 6072
fi=(57)
2030 42504
fi=(56)
63 12144
178 6072
386 6072
898 528
0 264
fi=(57)
2030 264
fi=(56)
386 264
898 528
0 264
898 792
0 264
fi=(57)
2030 528
0 528
2030 792
fi=(56)
63 528
178 264
0 264
63 528
178 264
386 264
0 264
63 264
178 264
386 264
0 528
63 528
178 264
fi=(57)
2030 1848
fi=(56)
63 528
178 264
386 264
0 264
63 528
-63 264
178 264
386 264
0 264
63 264
178 264
386 264
0 264
63 528
-63 6072
63 12144
-63 6072
178 6072
386 6072
0 6072
63 6072
178 6072
386 6072
0 6072
63 12144
178 6072
63 6072
178 6072
0 12144
fi=(57)
2030 6072
0 6072
2030 12144
0 12144
2030 6072
fi=(56)
63 12144
178 6072
386 6072
0 6072
63 12144
178 6072
386 6072
63 12144
178 6072
63 6072
178 6072
0 6072
63 12144
178 6072
386 6072
0 6072
386 6072
0 12144
63 12144
178 6072
386 12144
0 6072
386 12144
fi=(57)
2030 12144
0 6072
2030 6072
fi=(56)
178 264
63 264
178 264
0 528
fi=(57)
2030 264
0 264
2030 528
0 528
2030 264
fi=(56)
63 528
178 264
386 264
0 264
63 528
178 264
386 264
63 528
178 264
63 264
178 264
0 264
63 528
178 264
386 264
0 264
386 264
0 528
63 528
178 264
386 528
0 264
386 528
fi=(57)
2030 528
0 264
2030 264
0 264
2030 528
0 264
2030 264
0 528
2030 264
0 528
2030 264
0 264
2030 264
0 6072
2030 12144
0 6072
2030 6072
0 12144
2030 6072
0 12144
2030 6072
0 6072
2030 6072
fi=(56)
386 6072
0 12144
fi=(57)
2030 6072
fi=(56)
63 12144
178 6072
63 12144
178 6072
63 12144
178 6072
386 6072
63 6072
178 6072
386 6072
63 12144
178 6072
63 12144
178 6072
386 6072
63 6072
178 6072
0 6072
63 12144
-63 6072
178 6072
386 6072
0 6072
386 12144
0 6072
63 6072
178 6072
0 6072
386 6072
0 6072
386 12144
0 6072
63 6072
178 6072
0 6072
386 264
0 528
fi=(57)
2030 264
fi=(56)
63 528
178 264
63 528
178 264
63 528
178 264
386 264
63 264
178 264
386 264
63 528
178 264
63 528
178 264
386 264
63 264
178 264
0 264
63 528
-63 264
178 264
386 264
0 264
386 528
0 264
63 264
178 264
0 264
386 264
0 264
386 528
0 264
63 264
178 264
0 264
386 264
0 528
386 264
0 264
898 1056
0 264
fi=(14)
1717 264
fi=(55)
180 264
fi=(56)
386 6072
0 12144
386 6072
0 6072
898 24288
0 6072
fi=(14)
1717 6072
fi=(55)
180 6072
0 11088
fe=(54)
291 2112

fn=(5024)
166 264
cfn=(5026)
calls=703 +70 
* 1625448

fl=(59)
fn=(5370)
56 20
fi=(60)
+7 6
cob=(2)
cfi=(2)
cfn=(4642)
calls=2 -63 
* 10278
fi=(58)
-46 28
fi=(51)
+59 18
fi=(49)
-53 4
fe=(59)
+38 6
cfi=(49)
cfn=(4988)
calls=2 -35 
* 88
fi=(34)
-61 2
cfi=(6)
cfn=(4864)
calls=2 0 
0 2
fi=(23)
198 6
cfi=(6)
cfn=(5040)
calls=2 0 
* 410
fi=(34)
469 4
fi=(63)
0 2
44 2
-44 2
fe=(59)
62 6
cfi=(49)
cfn=(4988)
calls=2 -36 
* 100
fi=(23)
+66 8
cfi=(6)
cfn=(4970)
calls=2 0 
* 70
* 2
0 2
fe=(59)
63 6
cob=(2)
cfi=(2)
cfn=(4260)
calls=2 -63 
* 130
* 8
cfi=(49)
cfn=(5014)
calls=2 -33 
* 12824
* 8
cfi=(49)
cfn=(5036) ml_dsa::hash::HReader::squeeze_vec
calls=2 -21 
* 62901
fi=(34)
614 2
fi=(35)
1840 4
fe=(59)
64 8
cfi=(63)
cfn=(5320)
calls=2 +67 
* 204407
-64 4
64 6
cob=(2)
cfi=(2)
cfn=(4260)
calls=2 -64 
* 250
fi=(34)
424 2
634 4
fi=(23)
128 6
cfi=(6)
cfn=(4970)
calls=2 0 
* 70
fi=(58)
17 28
fi=(51)
+59 18
fi=(49)
-53 4
fe=(59)
+38 6
cfi=(49)
cfn=(4988)
calls=2 -35 
* 88
fi=(34)
-61 2
cfi=(6)
cfn=(4864)
calls=2 0 
0 2
fi=(23)
198 6
cfi=(6)
cfn=(5040)
calls=2 0 
* 126
fi=(34)
469 4
fi=(63)
0 2
44 4
-44 2
fe=(59)
62 6
cfi=(49)
cfn=(4988)
calls=2 -36 
* 100
fi=(23)
+66 8
cfi=(6)
cfn=(4970)
calls=2 0 
* 70
* 2
0 2
fe=(59)
63 6
cob=(2)
cfi=(2)
cfn=(4260)
calls=2 -63 
* 130
* 8
cfi=(49)
cfn=(5014)
calls=2 -33 
* 12824
* 8
cfi=(49)
cfn=(5036)
calls=2 -21 
* 62746
fi=(34)
614 2
fi=(35)
1840 4
fe=(59)
64 8
cfi=(63)
cfn=(5320)
calls=2 +67 
* 204258
* 8
cob=(2)
cfi=(2)
cfn=(4260)
calls=2 -64 
* 250
fi=(34)
424 2
634 4
fi=(23)
128 6
cfi=(6)
cfn=(4970)
calls=2 0 
* 70
fi=(58)
17 28
fi=(51)
+59 18
fi=(49)
-53 4
fe=(59)
+38 6
cfi=(49)
cfn=(4988)
calls=2 -35 
* 88
fi=(34)
-61 2
cfi=(6)
cfn=(4864)
calls=2 0 
0 2
fi=(23)
198 6
cfi=(6)
cfn=(5040)
calls=2 0 
* 126
fi=(34)
469 4
fi=(63)
0 2
44 4
-44 2
fe=(59)
62 6
cfi=(49)
cfn=(4988)
calls=2 -36 
* 100
fi=(23)
+66 8
cfi=(6)
cfn=(4970)
calls=2 0 
* 70
* 2
0 2
fe=(59)
63 6
cob=(2)
cfi=(2)
cfn=(4260)
calls=2 -63 
* 130
* 8
cfi=(49)
cfn=(5014)
calls=2 -33 
* 12824
* 8
cfi=(49)
cfn=(5036)
calls=2 -21 
* 62746
fi=(34)
614 2
fi=(35)
1840 4
fe=(59)
64 8
cfi=(63)
cfn=(5320)
calls=2 +67 
* 204258
* 8
cob=(2)
cfi=(2)
cfn=(4260)
calls=2 -64 
* 250
fi=(34)
424 2
634 4
fi=(23)
128 6
cfi=(6)
cfn=(4970)
calls=2 0 
* 70
fi=(58)
17 28
fi=(51)
+59 18
fi=(49)
-53 4
fe=(59)
+38 6
cfi=(49)
cfn=(4988)
calls=2 -35 
* 88
fi=(34)
-61 2
cfi=(6)
cfn=(4864)
calls=2 0 
0 2
fi=(23)
198 6
cfi=(6)
cfn=(5040)
calls=2 0 
* 126
fi=(34)
469 4
fi=(63)
0 2
44 4
-44 2
fe=(59)
62 6
cfi=(49)
cfn=(4988)
calls=2 -36 
* 100
fi=(23)
+66 8
cfi=(6)
cfn=(4970)
calls=2 0 
* 70
* 2
0 2
fe=(59)
63 6
cob=(2)
cfi=(2)
cfn=(4260)
calls=2 -63 
* 130
* 8
cfi=(49)
cfn=(5014)
calls=2 -33 
* 12824
* 8
cfi=(49)
cfn=(5036)
calls=2 -21 
* 62746
fi=(34)
614 2
fi=(35)
1840 4
fe=(59)
64 8
cfi=(63)
cfn=(5320)
calls=2 +67 
* 204258
* 8
cob=(2)
cfi=(2)
cfn=(4260)
calls=2 -64 
* 250
fi=(34)
424 2
634 4
fi=(23)
128 6
cfi=(6)
cfn=(4970)
calls=2 0 
* 70
fi=(58)
17 28
fi=(51)
+59 18
fi=(49)
-53 4
fe=(59)
+38 6
cfi=(49)
cfn=(4988)
calls=2 -35 
* 88
fi=(34)
-61 2
cfi=(6)
cfn=(4864)
calls=2 0 
0 2
fi=(23)
198 6
cfi=(6)
cfn=(5040)
calls=2 0 
* 126
fi=(34)
469 4
fi=(63)
0 2
44 4
-44 2
fe=(59)
62 6
cfi=(49)
cfn=(4988)
calls=2 -36 
* 100
fi=(23)
+66 8
cfi=(6)
cfn=(4970)
calls=2 0 
* 70
* 4
fe=(59)
-65 6
cob=(2)
cfi=(2)
cfn=(4260)
calls=2 -63 
* 130
* 8
cfi=(49)
cfn=(5014)
calls=2 -33 
* 12824
* 8
cfi=(49)
cfn=(5036)
calls=2 -21 
* 62746
fi=(34)
614 2
fi=(35)
1840 4
fe=(59)
64 8
cfi=(63)
cfn=(5320)
calls=2 +67 
* 204258
* 10
cob=(2)
cfi=(2)
cfn=(4260)
calls=2 -64 
* 250
fi=(34)
424 2
634 4
fi=(23)
128 6
cfi=(6)
cfn=(4970)
calls=2 0 
* 70
fe=(59)
-61 18

fn=(5060)
16 9
fi=(60)
+84 4
cob=(2)
cfi=(2)
cfn=(4642)
calls=3 0 
* 30739
* 6
0 6
fe=(59)
24 36
cob=(2)
cfi=(2)
cfn=(4260)
calls=18 -24 
* 750
* 6
fi=(10)
898 6
fi=(19)
1915 6
fi=(36)
900 6
0 6
fi=(18)
552 24
fe=(59)
22 12
+1 6
fi=(60)
+22 24
cob=(2)
cfi=(2)
cfn=(4642)
calls=18 -45 
* 468
* 6
fi=(58)
-28 84
fi=(51)
+59 66
fi=(49)
-15 6
fi=(61)
-14 24
cfi=(49)
cfn=(5074) ml_dsa::hash::G::absorb
calls=18 +17 
* 264
+1 24
cob=(2)
cfi=(2)
cfn=(4260)
calls=18 -48 
* 390
* 18
cfi=(49)
cfn=(5082) ml_dsa::hash::G::finalize
calls=18 +20 
* 38568
+3 24
+1 3074
fi=(62)
-11 1537
+1 7685
cfi=(51)
cfn=(5094) block_buffer::BlockBuffer<BlockSize,block_buffer::Eager>::set_data
calls=4611 250 
* 269063
fi=(61)
+12 3074
-54 1537
fi=(63)
76 1537
+1 6148
+1 3074
fi=(61)
-23 1536
+1 1536
-2 1536
-54 30
fe=(59)
24 36
cob=(2)
cfi=(2)
cfn=(4260)
calls=18 -24 
* 750
-24 6
fi=(18)
552 24
fe=(59)
22 6
+1 6
fi=(60)
+22 24
cob=(2)
cfi=(2)
cfn=(4642)
calls=18 -45 
* 468
* 6
fi=(58)
-28 84
fi=(51)
+59 66
fi=(49)
-15 6
fi=(61)
-14 24
cfi=(49)
cfn=(5074)
calls=18 +17 
* 264
+1 24
cob=(2)
cfi=(2)
cfn=(4260)
calls=18 -48 
* 390
* 18
cfi=(49)
cfn=(5082)
calls=18 +20 
* 38568
+3 24
+1 3076
fi=(62)
-11 1538
+1 7690
cfi=(51)
cfn=(5094)
calls=4614 250 
* 269116
fi=(61)
+12 3076
-54 1538
fi=(63)
76 1538
+1 6152
+1 3076
fi=(61)
-23 1536
+1 1536
-2 1536
-54 6
fe=(59)
24 36
cob=(2)
cfi=(2)
cfn=(4260)
calls=18 -24 
* 750
-24 6
fi=(18)
552 24
fe=(59)
22 12
+1 6
fi=(60)
+22 24
cob=(2)
cfi=(2)
cfn=(4642)
calls=18 -45 
* 468
* 6
fi=(58)
-28 84
fi=(51)
+59 66
fi=(49)
-15 6
fi=(61)
-14 24
cfi=(49)
cfn=(5074)
calls=18 +17 
* 264
+1 24
cob=(2)
cfi=(2)
cfn=(4260)
calls=18 -48 
* 390
* 18
cfi=(49)
cfn=(5082)
calls=18 +20 
* 38568
+3 24
+1 3074
fi=(62)
-11 1537
+1 7685
cfi=(51)
cfn=(5094)
calls=4611 250 
* 269063
fi=(61)
+12 3074
-54 1537
fi=(63)
76 1537
+1 6148
+1 3074
fi=(61)
-23 1536
+1 1536
-2 1536
-54 6
fe=(59)
24 36
cob=(2)
cfi=(2)
cfn=(4260)
calls=18 -24 
* 750
-24 6
fi=(18)
552 24
fe=(59)
22 12
+1 6
fi=(60)
+22 24
cob=(2)
cfi=(2)
cfn=(4642)
calls=18 -45 
* 468
* 6
fi=(58)
-28 84
fi=(51)
+59 66
fi=(49)
-15 6
fi=(61)
-14 24
cfi=(49)
cfn=(5074)
calls=18 +17 
* 264
+1 24
cob=(2)
cfi=(2)
cfn=(4260)
calls=18 -48 
* 390
* 18
cfi=(49)
cfn=(5082)
calls=18 +20 
* 38568
+3 24
+1 3076
fi=(62)
-11 1538
+1 7690
cfi=(51)
cfn=(5094)
calls=4614 250 
* 269116
fi=(61)
+12 3076
-54 1538
fi=(63)
76 1538
+1 6152
+1 3076
fi=(61)
-23 1536
+1 1536
-2 1536
-54 6
fe=(59)
24 36
cob=(2)
cfi=(2)
cfn=(4260)
calls=18 -24 
* 750
-24 6
fi=(18)
552 24
fe=(59)
22 12
+1 6
fi=(60)
+22 24
cob=(2)
cfi=(2)
cfn=(4642)
calls=18 -45 
* 468
* 6
fi=(58)
-28 84
fi=(51)
+59 66
fi=(49)
-15 6
fi=(61)
-14 24
cfi=(49)
cfn=(5074)
calls=18 +17 
* 264
+1 24
cob=(2)
cfi=(2)
cfn=(4260)
calls=18 -48 
* 390
* 18
cfi=(49)
cfn=(5082)
calls=18 +20 
* 38568
+3 30
+1 3078
fi=(62)
-11 1539
+1 7695
cfi=(51)
cfn=(5094)
calls=4617 250 
* 269169
fi=(61)
+12 3078
-54 1539
fi=(63)
76 1539
+1 6156
+1 3078
fi=(61)
-23 1536
+1 1536
-2 1536
-54 1
fe=(59)
28 8

fl=(64)
fn=(5510)
125 11
fi=(60)
-93 3
cob=(2)
cfi=(2)
cfn=(4642)
calls=1 -32 
* 71
-32 9
fi=(66) /home/rick/unl/king's/thesis/ml-dsa/ml-dsa/src/rounding.rs
157 2
fi=(71)
3228 4
fi=(66)
54 1
fi=(71)
3228 18
+1 4
-1 17
fi=(72)
64 4
fi=(66)
-32 1
157 126
fi=(71)
3228 252
fi=(66)
54 63
fi=(71)
3228 1134
+1 252
-1 1071
fi=(72)
64 252
fi=(66)
-32 649
fi=(71)
3228 22
+1 4
-1 15
fi=(66)
32 630
fi=(71)
3228 1386
+1 252
-1 1071
fi=(72)
64 252
fi=(66)
-32 189
fi=(71)
3228 2
fi=(72)
64 4
fi=(66)
-32 20
157 3
fi=(10)
898 1
fi=(36)
+2 2
fi=(66)
32 1071
157 189
fi=(10)
898 63
fi=(36)
+2 126
0 1
fe=(64)
131 4
cob=(2)
cfi=(2)
cfn=(4260)
calls=1 0 
* 125
0 1
fi=(60)
32 4
cob=(2)
cfi=(2)
cfn=(4642)
calls=1 -32 
* 71
* 9
-32 1
fi=(66)
157 2
fi=(71)
3228 4
fi=(66)
54 1
fi=(71)
3228 18
+1 4
-1 17
fi=(72)
64 4
fi=(66)
+93 126
fi=(71)
3228 252
fi=(66)
54 63
fi=(71)
3228 1134
+1 252
-1 1071
fi=(72)
64 252
fi=(66)
-32 650
fi=(71)
3228 22
+1 4
-1 14
fi=(66)
32 630
fi=(71)
3228 1386
+1 252
-1 1071
fi=(72)
64 252
fi=(66)
-32 189
fi=(71)
3228 3
fi=(72)
64 4
fi=(66)
-32 20
157 3
fi=(10)
898 1
fi=(36)
+2 2
fi=(66)
32 1071
157 189
fi=(10)
898 63
fi=(36)
+2 126
fe=(64)
131 5
cob=(2)
cfi=(2)
cfn=(4260)
calls=1 0 
* 125
0 1
fi=(60)
32 4
cob=(2)
cfi=(2)
cfn=(4642)
calls=1 -32 
* 71
* 9
-32 1
fi=(66)
157 2
fi=(71)
3228 4
fi=(66)
54 1
fi=(71)
3228 18
+1 4
-1 17
fi=(72)
64 4
fi=(66)
+93 126
fi=(71)
3228 252
fi=(66)
54 63
fi=(71)
3228 1134
+1 252
-1 1071
fi=(72)
64 252
fi=(66)
-32 650
fi=(71)
3228 22
+1 4
-1 14
fi=(66)
32 630
fi=(71)
3228 1386
+1 252
-1 1071
fi=(72)
64 252
fi=(66)
-32 189
fi=(71)
3228 3
fi=(72)
64 4
fi=(66)
-32 20
157 3
fi=(10)
898 1
fi=(36)
+2 2
fi=(66)
32 1071
157 189
fi=(10)
898 63
fi=(36)
+2 126
fe=(64)
131 5
cob=(2)
cfi=(2)
cfn=(4260)
calls=1 0 
* 125
0 1
fi=(60)
32 4
cob=(2)
cfi=(2)
cfn=(4642)
calls=1 -32 
* 71
* 9
-32 1
fi=(66)
157 2
fi=(71)
3228 4
fi=(66)
54 1
fi=(71)
3228 18
+1 4
-1 17
fi=(72)
64 4
fi=(66)
+93 126
fi=(71)
3228 252
fi=(66)
54 63
fi=(71)
3228 1134
+1 252
-1 1071
fi=(72)
64 252
fi=(66)
-32 650
fi=(71)
3228 22
+1 4
-1 14
fi=(66)
32 630
fi=(71)
3228 1386
+1 252
-1 1071
fi=(72)
64 252
fi=(66)
-32 189
fi=(71)
3228 3
fi=(72)
64 4
fi=(66)
-32 20
157 3
fi=(10)
898 1
fi=(36)
+2 2
fi=(66)
32 1071
157 189
fi=(10)
898 63
fi=(36)
+2 126
fe=(64)
131 5
cob=(2)
cfi=(2)
cfn=(4260)
calls=1 0 
* 125
0 1
fi=(60)
32 4
cob=(2)
cfi=(2)
cfn=(4642)
calls=1 -32 
* 71
* 9
-32 1
fi=(66)
157 2
fi=(71)
3228 4
fi=(66)
54 1
fi=(71)
3228 18
+1 4
-1 17
fi=(72)
64 4
fi=(66)
+93 126
fi=(71)
3228 252
fi=(66)
54 63
fi=(71)
3228 1134
+1 252
-1 1071
fi=(72)
64 252
fi=(66)
-32 650
fi=(71)
3228 22
+1 4
-1 14
fi=(66)
32 630
fi=(71)
3228 1386
+1 252
-1 1071
fi=(72)
64 252
fi=(66)
-32 189
fi=(71)
3228 3
fi=(72)
64 4
fi=(66)
-32 20
157 3
fi=(10)
898 1
fi=(36)
+2 2
fi=(66)
32 1071
157 189
fi=(10)
898 63
fi=(36)
+2 126
fe=(64)
131 5
cob=(2)
cfi=(2)
cfn=(4260)
calls=1 0 
* 125
0 1
fi=(60)
32 4
cob=(2)
cfi=(2)
cfn=(4642)
calls=1 -32 
* 71
* 9
-32 1
fi=(66)
157 2
fi=(71)
3228 4
fi=(66)
54 1
fi=(71)
3228 18
+1 4
-1 17
fi=(72)
64 4
fi=(66)
+93 126
fi=(71)
3228 252
fi=(66)
54 63
fi=(71)
3228 1134
+1 252
-1 1071
fi=(72)
64 252
fi=(66)
-32 650
fi=(71)
3228 22
+1 4
-1 14
fi=(66)
32 630
fi=(71)
3228 1386
+1 252
-1 1071
fi=(72)
64 252
fi=(66)
-32 189
fi=(71)
3228 3
fi=(72)
64 4
fi=(66)
-32 20
157 3
fi=(10)
898 1
fi=(36)
+2 2
fi=(66)
32 1071
157 189
fi=(10)
898 63
fi=(36)
+2 126
fe=(64)
131 5
cob=(2)
cfi=(2)
cfn=(4260)
calls=1 0 
* 125
+3 8

fn=(5154)
51 9
fi=(60)
+12 3
cob=(2)
cfi=(2)
cfn=(4642)
calls=2 -63 
* 6163
-63 2
fe=(64)
55 3
fi=(71)
3228 8
0 1
3229 1
fi=(72)
20 1
fe=(64)
+35 3
fi=(71)
3228 2
fe=(64)
55 1
fi=(71)
3228 6
0 1
3229 1
fi=(72)
20 1
fe=(64)
+35 1
fi=(10)
898 1
fi=(19)
1915 1
fi=(36)
900 1
fe=(64)
55 381
fi=(71)
3228 1016
0 127
3229 127
fi=(72)
20 127
fe=(64)
+35 381
fi=(71)
3228 254
fe=(64)
55 127
fi=(71)
3228 762
0 127
3229 127
fi=(72)
20 127
fe=(64)
+35 127
fi=(10)
898 127
fi=(19)
1915 127
fi=(36)
900 127
0 2
fe=(64)
55 3
fi=(71)
3228 8
0 1
3229 1
fi=(72)
20 1
fe=(64)
+35 3
fi=(71)
3228 2
fe=(64)
55 1
fi=(71)
3228 6
0 1
3229 1
fi=(72)
20 1
fe=(64)
+35 1
fi=(10)
898 1
fi=(19)
1915 1
fi=(36)
900 1
fe=(64)
55 381
fi=(71)
3228 1016
0 127
3229 127
fi=(72)
20 127
fe=(64)
+35 381
fi=(71)
3228 254
fe=(64)
55 127
fi=(71)
3228 762
0 127
3229 127
fi=(72)
20 127
fe=(64)
+35 127
fi=(10)
898 127
fi=(19)
1915 127
fi=(36)
900 127
0 2
fe=(64)
55 3
fi=(71)
3228 8
0 1
3229 1
fi=(72)
20 1
fe=(64)
+35 3
fi=(71)
3228 2
fe=(64)
55 1
fi=(71)
3228 6
0 1
3229 1
fi=(72)
20 1
fe=(64)
+35 1
fi=(10)
898 1
fi=(19)
1915 1
fi=(36)
900 1
fe=(64)
55 381
fi=(71)
3228 1016
0 127
3229 127
fi=(72)
20 127
fe=(64)
+35 381
fi=(71)
3228 254
fe=(64)
55 127
fi=(71)
3228 762
0 127
3229 127
fi=(72)
20 127
fe=(64)
+35 127
fi=(10)
898 127
fi=(19)
1915 127
fi=(36)
900 127
0 2
fe=(64)
55 3
fi=(71)
3228 8
0 1
3229 1
fi=(72)
20 1
fe=(64)
+35 3
fi=(71)
3228 2
fe=(64)
55 1
fi=(71)
3228 6
0 1
3229 1
fi=(72)
20 1
fe=(64)
+35 1
fi=(10)
898 1
fi=(19)
1915 1
fi=(36)
900 1
fe=(64)
55 381
fi=(71)
3228 1016
0 127
3229 127
fi=(72)
20 127
fe=(64)
+35 381
fi=(71)
3228 254
fe=(64)
55 127
fi=(71)
3228 762
0 127
3229 127
fi=(72)
20 127
fe=(64)
+35 127
fi=(10)
898 127
fi=(19)
1915 127
fi=(36)
900 127
0 2
fe=(64)
55 3
fi=(71)
3228 8
0 1
3229 1
fi=(72)
20 1
fe=(64)
+35 3
fi=(71)
3228 2
fe=(64)
55 1
fi=(71)
3228 6
0 1
3229 1
fi=(72)
20 1
fe=(64)
+35 1
fi=(10)
898 1
fi=(19)
1915 1
fi=(36)
900 1
fe=(64)
55 381
fi=(71)
3228 1016
0 127
3229 127
fi=(72)
20 127
fe=(64)
+35 381
fi=(71)
3228 254
fe=(64)
55 127
fi=(71)
3228 762
0 127
3229 127
fi=(72)
20 127
fe=(64)
+35 127
fi=(10)
898 127
fi=(19)
1915 127
fi=(36)
900 127
0 2
fe=(64)
55 3
fi=(71)
3228 8
0 1
3229 1
fi=(72)
20 1
fe=(64)
+35 3
fi=(71)
3228 2
fe=(64)
55 1
fi=(71)
3228 6
0 1
3229 1
fi=(72)
20 1
fe=(64)
+35 1
fi=(10)
898 1
fi=(19)
1915 1
fi=(36)
900 1
fe=(64)
55 381
fi=(71)
3228 1016
0 127
3229 127
fi=(72)
20 127
fe=(64)
+35 381
fi=(71)
3228 254
fe=(64)
55 127
fi=(71)
3228 762
0 127
3229 127
fi=(72)
20 127
fe=(64)
+35 127
fi=(10)
898 127
fi=(19)
1915 127
fi=(36)
900 127
fe=(64)
59 7
-8 18
fi=(60)
+12 6
cob=(2)
cfi=(2)
cfn=(4642)
calls=2 -63 
* 10278
-63 4
fe=(64)
55 6
fi=(71)
3228 16
0 2
3229 2
fi=(72)
20 2
fe=(64)
+35 6
fi=(71)
3228 4
fe=(64)
55 2
fi=(71)
3228 12
0 2
3229 2
fi=(72)
20 2
fe=(64)
+35 2
fi=(10)
898 2
fi=(19)
1915 2
fi=(36)
900 2
fe=(64)
55 762
fi=(71)
3228 2032
0 254
3229 254
fi=(72)
20 254
fe=(64)
+35 762
fi=(71)
3228 508
fe=(64)
55 254
fi=(71)
3228 1524
0 254
3229 254
fi=(72)
20 254
fe=(64)
+35 254
fi=(10)
898 254
fi=(19)
1915 254
fi=(36)
900 254
0 4
fe=(64)
55 6
fi=(71)
3228 16
0 2
3229 2
fi=(72)
20 2
fe=(64)
+35 6
fi=(71)
3228 4
fe=(64)
55 2
fi=(71)
3228 12
0 2
3229 2
fi=(72)
20 2
fe=(64)
+35 2
fi=(10)
898 2
fi=(19)
1915 2
fi=(36)
900 2
fe=(64)
55 762
fi=(71)
3228 2032
0 254
3229 254
fi=(72)
20 254
fe=(64)
+35 762
fi=(71)
3228 508
fe=(64)
55 254
fi=(71)
3228 1524
0 254
3229 254
fi=(72)
20 254
fe=(64)
+35 254
fi=(10)
898 254
fi=(19)
1915 254
fi=(36)
900 254
0 4
fe=(64)
55 6
fi=(71)
3228 16
0 2
3229 2
fi=(72)
20 2
fe=(64)
+35 6
fi=(71)
3228 4
fe=(64)
55 2
fi=(71)
3228 12
0 2
3229 2
fi=(72)
20 2
fe=(64)
+35 2
fi=(10)
898 2
fi=(19)
1915 2
fi=(36)
900 2
fe=(64)
55 762
fi=(71)
3228 2032
0 254
3229 254
fi=(72)
20 254
fe=(64)
+35 762
fi=(71)
3228 508
fe=(64)
55 254
fi=(71)
3228 1524
0 254
3229 254
fi=(72)
20 254
fe=(64)
+35 254
fi=(10)
898 254
fi=(19)
1915 254
fi=(36)
900 254
0 4
fe=(64)
55 6
fi=(71)
3228 16
0 2
3229 2
fi=(72)
20 2
fe=(64)
+35 6
fi=(71)
3228 4
fe=(64)
55 2
fi=(71)
3228 12
0 2
3229 2
fi=(72)
20 2
fe=(64)
+35 2
fi=(10)
898 2
fi=(19)
1915 2
fi=(36)
900 2
fe=(64)
55 762
fi=(71)
3228 2032
0 254
3229 254
fi=(72)
20 254
fe=(64)
+35 762
fi=(71)
3228 508
fe=(64)
55 254
fi=(71)
3228 1524
0 254
3229 254
fi=(72)
20 254
fe=(64)
+35 254
fi=(10)
898 254
fi=(19)
1915 254
fi=(36)
900 254
0 4
fe=(64)
55 6
fi=(71)
3228 16
0 2
3229 2
fi=(72)
20 2
fe=(64)
+35 6
fi=(71)
3228 4
fe=(64)
55 2
fi=(71)
3228 12
0 2
3229 2
fi=(72)
20 2
fe=(64)
+35 2
fi=(10)
898 2
fi=(19)
1915 2
fi=(36)
900 2
fe=(64)
55 762
fi=(71)
3228 2032
0 254
3229 254
fi=(72)
20 254
fe=(64)
+35 762
fi=(71)
3228 508
fe=(64)
55 254
fi=(71)
3228 1524
0 254
3229 254
fi=(72)
20 254
fe=(64)
+35 254
fi=(10)
898 254
fi=(19)
1915 254
fi=(36)
900 254
fe=(64)
59 14

fn=(5520)
84 6
fi=(60)
-21 3
cob=(2)
cfi=(2)
cfn=(4642)
calls=1 -63 
* 5139
-63 6
fe=(64)
88 1
fi=(71)
3228 22
+1 4
fi=(72)
64 5
fe=(64)
+24 1
fi=(10)
898 1
fi=(36)
+2 2
fe=(64)
88 63
fi=(71)
3228 1386
+1 252
fi=(72)
64 315
fe=(64)
+24 63
fi=(10)
898 63
fi=(36)
+2 126
0 2
fe=(64)
88 1
fi=(71)
3228 22
+1 4
fi=(72)
64 5
fe=(64)
+24 1
fi=(10)
898 1
fi=(36)
+2 2
fe=(64)
88 63
fi=(71)
3228 1386
+1 252
fi=(72)
64 315
fe=(64)
+24 63
fi=(10)
898 63
fi=(36)
+2 126
0 2
fe=(64)
88 1
fi=(71)
3228 22
+1 4
fi=(72)
64 5
fe=(64)
+24 1
fi=(10)
898 1
fi=(36)
+2 2
fe=(64)
88 63
fi=(71)
3228 1386
+1 252
fi=(72)
64 315
fe=(64)
+24 63
fi=(10)
898 63
fi=(36)
+2 126
0 2
fe=(64)
88 1
fi=(71)
3228 22
+1 4
fi=(72)
64 5
fe=(64)
+24 1
fi=(10)
898 1
fi=(36)
+2 2
fe=(64)
88 63
fi=(71)
3228 1386
+1 252
fi=(72)
64 315
fe=(64)
+24 63
fi=(10)
898 63
fi=(36)
+2 126
0 2
fe=(64)
88 1
fi=(71)
3228 22
+1 4
fi=(72)
64 5
fe=(64)
+24 1
fi=(10)
898 1
fi=(36)
+2 2
fe=(64)
88 63
fi=(71)
3228 1386
+1 252
fi=(72)
64 315
fe=(64)
+24 63
fi=(10)
898 63
fi=(36)
+2 126
fe=(64)
92 5

fn=(5392)
107 18
fi=(60)
-75 6
cob=(2)
cfi=(2)
cfn=(4642)
calls=2 -32 
* 156
-32 12
fi=(66)
139 2
fi=(71)
3228 44
+1 8
-1 34
fi=(72)
64 8
fi=(66)
-32 12
139 126
fi=(71)
3228 2772
+1 504
-1 2142
fi=(72)
64 504
fi=(66)
-32 1540
139 2
fi=(10)
898 2
fi=(36)
+2 4
fi=(66)
32 1008
139 126
fi=(10)
898 126
fi=(36)
+2 252
0 2
fe=(64)
110 8
cob=(2)
cfi=(2)
cfn=(4260)
calls=2 0 
* 250
0 2
fi=(60)
32 8
cob=(2)
cfi=(2)
cfn=(4642)
calls=2 -32 
* 156
* 16
-32 2
fi=(66)
139 2
fi=(71)
3228 44
+1 8
-1 34
fi=(72)
64 8
fi=(66)
-32 6
139 126
fi=(71)
3228 2772
+1 504
-1 2142
fi=(72)
64 504
fi=(66)
-32 1546
139 2
fi=(10)
898 2
fi=(36)
+2 4
fi=(66)
32 1008
139 126
fi=(10)
898 126
fi=(36)
+2 252
fe=(64)
110 10
cob=(2)
cfi=(2)
cfn=(4260)
calls=2 0 
* 250
0 2
fi=(60)
32 8
cob=(2)
cfi=(2)
cfn=(4642)
calls=2 -32 
* 156
* 16
-32 2
fi=(66)
139 2
fi=(71)
3228 44
+1 8
-1 34
fi=(72)
64 8
fi=(66)
-32 6
139 126
fi=(71)
3228 2772
+1 504
-1 2142
fi=(72)
64 504
fi=(66)
-32 1546
139 2
fi=(10)
898 2
fi=(36)
+2 4
fi=(66)
32 1008
139 126
fi=(10)
898 126
fi=(36)
+2 252
fe=(64)
110 10
cob=(2)
cfi=(2)
cfn=(4260)
calls=2 0 
* 250
0 2
fi=(60)
32 8
cob=(2)
cfi=(2)
cfn=(4642)
calls=2 -32 
* 156
* 16
-32 2
fi=(66)
139 2
fi=(71)
3228 44
+1 8
-1 34
fi=(72)
64 8
fi=(66)
-32 6
139 126
fi=(71)
3228 2772
+1 504
-1 2142
fi=(72)
64 504
fi=(66)
-32 1546
139 2
fi=(10)
898 2
fi=(36)
+2 4
fi=(66)
32 1008
139 126
fi=(10)
898 126
fi=(36)
+2 252
fe=(64)
110 10
cob=(2)
cfi=(2)
cfn=(4260)
calls=2 0 
* 250
0 2
fi=(60)
32 8
cob=(2)
cfi=(2)
cfn=(4642)
calls=2 -32 
* 156
* 16
-32 2
fi=(66)
139 2
fi=(71)
3228 44
+1 8
-1 34
fi=(72)
64 8
fi=(66)
-32 6
139 126
fi=(71)
3228 2772
+1 504
-1 2142
fi=(72)
64 504
fi=(66)
-32 1546
139 2
fi=(10)
898 2
fi=(36)
+2 4
fi=(66)
32 1008
139 126
fi=(10)
898 126
fi=(36)
+2 252
fe=(64)
110 10
cob=(2)
cfi=(2)
cfn=(4260)
calls=2 0 
* 250
0 2
fi=(60)
32 8
cob=(2)
cfi=(2)
cfn=(4642)
calls=2 -32 
* 156
* 16
-32 2
fi=(66)
139 2
fi=(71)
3228 44
+1 8
-1 34
fi=(72)
64 8
fi=(66)
-32 6
139 126
fi=(71)
3228 2772
+1 504
-1 2142
fi=(72)
64 504
fi=(66)
-32 1546
139 2
fi=(10)
898 2
fi=(36)
+2 4
fi=(66)
32 1008
139 126
fi=(10)
898 126
fi=(36)
+2 252
fe=(64)
110 10
cob=(2)
cfi=(2)
cfn=(4260)
calls=2 0 
* 250
+3 14

fn=(5470)
62 27
fi=(60)
+1 9
cob=(2)
cfi=(2)
cfn=(4642)
calls=4 -63 
* 18489
-63 6
fe=(64)
66 9
fi=(71)
3228 24
0 3
3229 3
fi=(72)
20 3
fe=(64)
+46 9
fi=(71)
3228 6
fe=(64)
66 3
fi=(71)
3228 18
0 3
3229 3
fi=(72)
20 3
fe=(64)
+46 3
fi=(10)
898 3
fi=(19)
1915 3
fi=(36)
900 3
fe=(64)
66 1143
fi=(71)
3228 3048
0 381
3229 381
fi=(72)
20 381
fe=(64)
+46 1143
fi=(71)
3228 762
fe=(64)
66 381
fi=(71)
3228 2286
0 381
3229 381
fi=(72)
20 381
fe=(64)
+46 381
fi=(10)
898 381
fi=(19)
1915 381
fi=(36)
900 381
0 6
fe=(64)
66 9
fi=(71)
3228 24
0 3
3229 3
fi=(72)
20 3
fe=(64)
+46 9
fi=(71)
3228 6
fe=(64)
66 3
fi=(71)
3228 18
0 3
3229 3
fi=(72)
20 3
fe=(64)
+46 3
fi=(10)
898 3
fi=(19)
1915 3
fi=(36)
900 3
fe=(64)
66 1143
fi=(71)
3228 3048
0 381
3229 381
fi=(72)
20 381
fe=(64)
+46 1143
fi=(71)
3228 762
fe=(64)
66 381
fi=(71)
3228 2286
0 381
3229 381
fi=(72)
20 381
fe=(64)
+46 381
fi=(10)
898 381
fi=(19)
1915 381
fi=(36)
900 381
0 6
fe=(64)
66 9
fi=(71)
3228 24
0 3
3229 3
fi=(72)
20 3
fe=(64)
+46 9
fi=(71)
3228 6
fe=(64)
66 3
fi=(71)
3228 18
0 3
3229 3
fi=(72)
20 3
fe=(64)
+46 3
fi=(10)
898 3
fi=(19)
1915 3
fi=(36)
900 3
fe=(64)
66 1143
fi=(71)
3228 3048
0 381
3229 381
fi=(72)
20 381
fe=(64)
+46 1143
fi=(71)
3228 762
fe=(64)
66 381
fi=(71)
3228 2286
0 381
3229 381
fi=(72)
20 381
fe=(64)
+46 381
fi=(10)
898 381
fi=(19)
1915 381
fi=(36)
900 381
0 6
fe=(64)
66 9
fi=(71)
3228 24
0 3
3229 3
fi=(72)
20 3
fe=(64)
+46 9
fi=(71)
3228 6
fe=(64)
66 3
fi=(71)
3228 18
0 3
3229 3
fi=(72)
20 3
fe=(64)
+46 3
fi=(10)
898 3
fi=(19)
1915 3
fi=(36)
900 3
fe=(64)
66 1143
fi=(71)
3228 3048
0 381
3229 381
fi=(72)
20 381
fe=(64)
+46 1143
fi=(71)
3228 762
fe=(64)
66 381
fi=(71)
3228 2286
0 381
3229 381
fi=(72)
20 381
fe=(64)
+46 381
fi=(10)
898 381
fi=(19)
1915 381
fi=(36)
900 381
0 6
fe=(64)
66 9
fi=(71)
3228 24
0 3
3229 3
fi=(72)
20 3
fe=(64)
+46 9
fi=(71)
3228 6
fe=(64)
66 3
fi=(71)
3228 18
0 3
3229 3
fi=(72)
20 3
fe=(64)
+46 3
fi=(10)
898 3
fi=(19)
1915 3
fi=(36)
900 3
fe=(64)
66 1143
fi=(71)
3228 3048
0 381
3229 381
fi=(72)
20 381
fe=(64)
+46 1143
fi=(71)
3228 762
fe=(64)
66 381
fi=(71)
3228 2286
0 381
3229 381
fi=(72)
20 381
fe=(64)
+46 381
fi=(10)
898 381
fi=(19)
1915 381
fi=(36)
900 381
0 6
fe=(64)
66 9
fi=(71)
3228 24
0 3
3229 3
fi=(72)
20 3
fe=(64)
+46 9
fi=(71)
3228 6
fe=(64)
66 3
fi=(71)
3228 18
0 3
3229 3
fi=(72)
20 3
fe=(64)
+46 3
fi=(10)
898 3
fi=(19)
1915 3
fi=(36)
900 3
fe=(64)
66 1143
fi=(71)
3228 3048
0 381
3229 381
fi=(72)
20 381
fe=(64)
+46 1143
fi=(71)
3228 762
fe=(64)
66 381
fi=(71)
3228 2286
0 381
3229 381
fi=(72)
20 381
fe=(64)
+46 381
fi=(10)
898 381
fi=(19)
1915 381
fi=(36)
900 381
fe=(64)
70 21

fn=(5476)
116 18
fi=(60)
-84 6
cob=(2)
cfi=(2)
cfn=(4642)
calls=2 -32 
* 156
-32 10
fi=(66)
148 2
fi=(71)
3228 44
+1 8
-1 34
fi=(72)
64 8
fi=(66)
-32 6
148 2
fi=(10)
898 2
fi=(36)
+2 4
fi=(66)
148 126
fi=(71)
3228 2772
+1 504
-1 2142
fi=(72)
64 504
fi=(66)
-32 378
148 126
fi=(10)
898 126
fi=(36)
+2 252
0 2
fe=(64)
119 8
cob=(2)
cfi=(2)
cfn=(4260)
calls=2 0 
* 250
0 2
fi=(60)
32 8
cob=(2)
cfi=(2)
cfn=(4642)
calls=2 -32 
* 156
* 14
-32 2
fi=(66)
148 2
fi=(71)
3228 44
+1 8
-1 34
fi=(72)
64 8
fi=(66)
-32 6
148 128
fi=(71)
3228 2772
+1 504
-1 2142
fi=(72)
64 504
fi=(66)
-32 378
148 126
fi=(10)
898 126
fi=(36)
+2 252
fi=(10)
-2 2
fi=(36)
+2 4
fe=(64)
119 10
cob=(2)
cfi=(2)
cfn=(4260)
calls=2 0 
* 250
0 2
fi=(60)
32 8
cob=(2)
cfi=(2)
cfn=(4642)
calls=2 -32 
* 156
* 14
-32 2
fi=(66)
148 2
fi=(71)
3228 44
+1 8
-1 34
fi=(72)
64 8
fi=(66)
-32 6
148 128
fi=(71)
3228 2772
+1 504
-1 2142
fi=(72)
64 504
fi=(66)
-32 378
148 126
fi=(10)
898 126
fi=(36)
+2 252
fi=(10)
-2 2
fi=(36)
+2 4
fe=(64)
119 10
cob=(2)
cfi=(2)
cfn=(4260)
calls=2 0 
* 250
0 2
fi=(60)
32 8
cob=(2)
cfi=(2)
cfn=(4642)
calls=2 -32 
* 156
* 14
-32 2
fi=(66)
148 2
fi=(71)
3228 44
+1 8
-1 34
fi=(72)
64 8
fi=(66)
-32 6
148 128
fi=(71)
3228 2772
+1 504
-1 2142
fi=(72)
64 504
fi=(66)
-32 378
148 126
fi=(10)
898 126
fi=(36)
+2 252
fi=(10)
-2 2
fi=(36)
+2 4
fe=(64)
119 10
cob=(2)
cfi=(2)
cfn=(4260)
calls=2 0 
* 250
0 2
fi=(60)
32 8
cob=(2)
cfi=(2)
cfn=(4642)
calls=2 -32 
* 156
* 14
-32 2
fi=(66)
148 2
fi=(71)
3228 44
+1 8
-1 34
fi=(72)
64 8
fi=(66)
-32 6
148 128
fi=(71)
3228 2772
+1 504
-1 2142
fi=(72)
64 504
fi=(66)
-32 378
148 126
fi=(10)
898 126
fi=(36)
+2 252
fi=(10)
-2 2
fi=(36)
+2 4
fe=(64)
119 10
cob=(2)
cfi=(2)
cfn=(4260)
calls=2 0 
* 250
0 2
fi=(60)
32 8
cob=(2)
cfi=(2)
cfn=(4642)
calls=2 -32 
* 156
* 14
-32 2
fi=(66)
148 2
fi=(71)
3228 44
+1 8
-1 34
fi=(72)
64 8
fi=(66)
-32 6
148 128
fi=(71)
3228 2772
+1 504
-1 2142
fi=(72)
64 504
fi=(66)
-32 378
148 126
fi=(10)
898 126
fi=(36)
+2 252
fi=(10)
-2 2
fi=(36)
+2 4
fe=(64)
119 10
cob=(2)
cfi=(2)
cfn=(4260)
calls=2 0 
* 250
+3 14

fn=(5492)
149 24
0 3
153 6
fi=(71)
3228 132
+1 15
fe=(64)
153 186
fi=(71)
3228 4092
+1 744
fi=(72)
64 558
fi=(71)
3229 9
fi=(72)
64 30
fi=(71)
3608 24
fe=(64)
154 54
fi=(10)
898 3
fi=(36)
+2 6
fi=(72)
64 372
fi=(71)
3608 744
fe=(64)
154 1674
fi=(10)
898 93
fi=(36)
+2 264
0 12
fe=(64)
153 6
fi=(71)
3228 84
fe=(64)
153 186
fi=(71)
3228 4092
+1 744
fi=(72)
64 558
fi=(71)
3228 48
+1 24
fi=(72)
64 30
fi=(71)
3608 24
fe=(64)
154 54
fi=(72)
-90 372
fi=(71)
3608 744
fe=(64)
154 1674
fi=(10)
898 93
fi=(36)
+2 186
fi=(10)
-2 3
fi=(36)
+2 84
0 12
fe=(64)
153 6
fi=(71)
3228 84
fe=(64)
153 186
fi=(71)
3228 4092
+1 744
fi=(72)
64 558
fi=(71)
3228 48
+1 24
fi=(72)
64 30
fi=(71)
3608 24
fe=(64)
154 54
fi=(72)
-90 372
fi=(71)
3608 744
fe=(64)
154 1674
fi=(10)
898 93
fi=(36)
+2 186
fi=(10)
-2 3
fi=(36)
+2 84
0 12
fe=(64)
153 6
fi=(71)
3228 84
fe=(64)
153 186
fi=(71)
3228 4092
+1 744
fi=(72)
64 558
fi=(71)
3228 48
+1 24
fi=(72)
64 30
fi=(71)
3608 24
fe=(64)
154 54
fi=(72)
-90 372
fi=(71)
3608 744
fe=(64)
154 1674
fi=(10)
898 93
fi=(36)
+2 186
fi=(10)
-2 3
fi=(36)
+2 84
0 12
fe=(64)
153 6
fi=(71)
3228 84
fe=(64)
153 186
fi=(71)
3228 4092
+1 744
fi=(72)
64 558
fi=(71)
3228 48
+1 24
fi=(72)
64 30
fi=(71)
3608 24
fe=(64)
154 54
fi=(72)
-90 372
fi=(71)
3608 744
fe=(64)
154 1674
fi=(10)
898 93
fi=(36)
+2 186
fi=(10)
-2 3
fi=(36)
+2 84
0 12
fe=(64)
153 6
fi=(71)
3228 84
fe=(64)
153 186
fi=(71)
3228 4092
+1 744
fi=(72)
64 558
fi=(71)
3228 48
+1 24
fi=(72)
64 30
fi=(71)
3608 24
fe=(64)
154 54
fi=(72)
-90 372
fi=(71)
3608 744
fe=(64)
154 1674
fi=(10)
898 93
fi=(36)
+2 186
fi=(10)
-2 3
fi=(36)
+2 84
fe=(64)
160 3

fl=(6)
fn=(4864)
0 4441

fn=(5296) __rustc::__rust_realloc
0 6
cfi=(24)
cfn=(5298)
calls=10 467 
0 2100

fn=(4970)
0 4440
cfi=(25)
cfn=(4972)
calls=11948 48 
0 152661

fn=(5040)
0 4421
cfi=(24)
cfn=(5042)
calls=11888 482 
0 355732

fn=(3874)
cob=(2)
cfi=(2)
cfn=(3876) (below main)
calls=1 0 
0 10606249

fn=(3934) main
cfi=(8)
cfn=(3936)
calls=1 152 
0 10606249

fn=(4866)
0 20
cfi=(24)
cfn=(4868)
calls=61 450 
0 1578

fl=(61)
fn=(5452)
16 20
fi=(60)
+16 6
cob=(2)
cfi=(2)
cfn=(4642)
calls=3 -32 
* 156
fi=(58)
-15 28
fi=(51)
+59 18
fi=(49)
-53 4
fe=(61)
-2 8
cfi=(49)
cfn=(4988)
calls=3 +5 
* 88
* 2
+1 8
cob=(2)
cfi=(2)
cfn=(4260)
calls=3 -22 
* 130
* 8
cfi=(49)
cfn=(5014)
calls=3 +8 
* 12824
+2 4
+1 8
cfi=(49)
cfn=(5110)
calls=3 +12 
* 12578
* 2
+1 6
cfi=(63)
cfn=(5322)
calls=3 +35 
* 1022
+1 4
-27 6
fi=(36)
900 8
0 4
fe=(61)
29 8
cfi=(49)
cfn=(5110)
calls=3 +8 
* 102
* 384
cfi=(49)
cfn=(5110)
calls=144 +8 
* 4896
-29 98
31 196
fi=(51)
196 10
fi=(18)
552 10
fi=(51)
239 10
fe=(61)
0 5
31 10
fi=(62)
+10 5
fi=(51)
196 5
+62 10
+1 10
0 98
fe=(61)
36 196
fi=(50)
272 196
fe=(61)
37 294
-37 98
37 294
fi=(19)
1915 98
fi=(36)
900 98
fe=(61)
40 2
fi=(34)
634 4
fi=(23)
128 6
cfi=(6)
cfn=(4970)
calls=3 0 
* 70
fe=(61)
-88 18

fl=(51)
fn=(5094)
250 84579
-54 15378
+62 7689
0 15078
259 22617
0 7419
fi=(50)
89 7419
fi=(18)
552 22257
cob=(2)
cfi=(2)
cfn=(4260)
calls=22257 0 
* 133542
fe=(51)
239 7419
0 7869
fi=(20)
961 120
0 120
fi=(50)
89 120
fi=(18)
552 240
cob=(2)
cfi=(2)
cfn=(4260)
calls=360 0 
* 2160
0 120
fe=(51)
344 840
0 120
fi=(14)
1717 120
fi=(55)
180 120
fe=(51)
344 900
0 150
fi=(14)
1717 150
fi=(55)
180 150
0 270
fe=(51)
274 810
0 750
fi=(18)
552 750
cob=(2)
cfi=(2)
cfn=(4260)
calls=450 0 
* 4500
fi=(58)
61 450
cfi=(54)
cfn=(5024)
calls=450 166 
* 923700
fi=(18)
552 600
cob=(2)
cfi=(2)
cfn=(4260)
calls=450 0 
* 2700
fe=(51)
278 600
cob=(2)
cfi=(2)
cfn=(4260)
calls=450 0 
* 4500
-39 7689
+42 61512

fl=(73) /home/rick/unl/king's/thesis/ml-dsa/ml-dsa/src/hint.rs
fn=(5536) ml_dsa::hint::hint_bit_pack
17 6
cfi=(6)
cfn=(4864)
calls=1 -17 
* 1
fi=(23)
198 3
cfi=(6)
cfn=(5040)
calls=1 0 
* 70
fi=(34)
469 2
0 9
fe=(73)
23 5
+1 5
-24 5
fi=(19)
1915 5
fi=(36)
900 5
fe=(73)
0 123
fi=(19)
1915 123
fi=(36)
900 123
fe=(73)
22 256
fi=(50)
278 8
fe=(73)
23 4
+1 4
-2 256
fi=(50)
278 10
fe=(73)
27 2
-27 5
23 4
+1 4
-24 4
fi=(19)
1915 4
fi=(36)
900 4
fe=(73)
0 124
fi=(19)
1915 124
fi=(36)
900 124
fe=(73)
22 256
fi=(50)
278 4
fe=(73)
23 2
+1 2
-2 256
fi=(50)
278 8
fe=(73)
27 2
-27 2
23 1
+1 1
-24 1
fi=(19)
1915 1
fi=(36)
900 1
fe=(73)
0 127
fi=(19)
1915 127
fi=(36)
900 127
fe=(73)
22 256
fi=(50)
278 8
fe=(73)
23 4
+1 4
-2 256
fi=(50)
278 2
fe=(73)
27 2
-27 129
fi=(19)
1915 128
fi=(36)
900 128
fe=(73)
22 256
fi=(50)
278 4
fe=(73)
23 2
+1 2
-2 256
+5 2
-27 129
fi=(19)
1915 128
fi=(36)
900 128
fe=(73)
22 256
fi=(50)
278 10
fe=(73)
23 5
+1 5
-2 256
fi=(50)
278 2
0 1
fe=(73)
23 1
+1 1
-24 1
27 2
-27 3
23 2
+1 2
-24 2
fi=(19)
1915 2
fi=(36)
900 2
fe=(73)
0 126
fi=(19)
1915 126
fi=(36)
900 126
fe=(73)
22 256
fi=(50)
278 6
fe=(73)
23 3
+1 3
-2 256
fi=(50)
278 4
fe=(73)
27 1
+2 3
+1 5

fl=(65)
fn=(5142)
49 40
cob=(2)
cfi=(2)
cfn=(4642)
calls=4 -49 
* 12326
* 2
-49 2
fi=(60)
45 8
cob=(2)
cfi=(2)
cfn=(4642)
calls=4 -45 
* 156
* 40
cob=(2)
cfi=(2)
cfn=(4642)
calls=20 -45 
* 780
* 12
-45 12
fe=(65)
25 36
fi=(71)
3228 96
0 12
3229 12
fi=(72)
20 12
fe=(65)
+5 36
fi=(71)
3228 96
0 12
3229 12
fi=(72)
20 12
fe=(65)
+5 24
fi=(19)
1915 24
fi=(36)
900 12
fe=(65)
25 4572
fi=(71)
3228 12192
0 1524
3229 1524
fi=(72)
20 1524
fe=(65)
+5 4572
fi=(71)
3228 12192
0 1524
3229 1524
fi=(72)
20 1524
fe=(65)
+5 3048
fi=(19)
1915 3048
fi=(36)
900 1524
0 48
fi=(60)
45 48
cob=(2)
cfi=(2)
cfn=(4642)
calls=24 -45 
* 936
* 12
-45 12
fe=(65)
16 36
fi=(71)
3228 96
0 12
3229 12
fi=(72)
20 12
fe=(65)
-4 36
fi=(71)
3228 96
0 12
3229 12
fi=(72)
20 12
fe=(65)
-4 24
fi=(19)
1915 24
fi=(36)
900 12
fe=(65)
16 4572
fi=(71)
3228 12192
0 1524
3229 1524
fi=(72)
20 1524
fe=(65)
-4 4572
fi=(71)
3228 12192
0 1524
3229 1524
fi=(72)
20 1524
fe=(65)
-4 3048
fi=(19)
1915 3048
fi=(36)
900 1524
fe=(65)
56 48
cob=(2)
cfi=(2)
cfn=(4260)
calls=24 -56 
* 1496
fi=(60)
-11 48
cob=(2)
cfi=(2)
cfn=(4642)
calls=24 -45 
* 936
* 12
-45 12
fe=(65)
25 36
fi=(71)
3228 96
0 12
3229 12
fi=(72)
20 12
fe=(65)
+5 36
fi=(71)
3228 96
0 12
3229 12
fi=(72)
20 12
fe=(65)
+5 24
fi=(19)
1915 24
fi=(36)
900 12
fe=(65)
25 4572
fi=(71)
3228 12192
0 1524
3229 1524
fi=(72)
20 1524
fe=(65)
+5 4572
fi=(71)
3228 12192
0 1524
3229 1524
fi=(72)
20 1524
fe=(65)
+5 3048
fi=(19)
1915 3048
fi=(36)
900 1524
fi=(60)
45 48
cob=(2)
cfi=(2)
cfn=(4642)
calls=24 -45 
* 936
* 12
-45 12
fe=(65)
16 36
fi=(71)
3228 96
0 12
3229 12
fi=(72)
20 12
fe=(65)
-4 36
fi=(71)
3228 96
0 12
3229 12
fi=(72)
20 12
fe=(65)
-4 24
fi=(19)
1915 24
fi=(36)
900 12
fe=(65)
16 4572
fi=(71)
3228 12192
0 1524
3229 1524
fi=(72)
20 1524
fe=(65)
-4 4572
fi=(71)
3228 12192
0 1524
3229 1524
fi=(72)
20 1524
fe=(65)
-4 3048
fi=(19)
1915 3048
fi=(36)
900 1524
fe=(65)
56 48
cob=(2)
cfi=(2)
cfn=(4260)
calls=24 -56 
* 1496
fi=(60)
-11 48
cob=(2)
cfi=(2)
cfn=(4642)
calls=24 -45 
* 936
* 12
-45 12
fe=(65)
25 36
fi=(71)
3228 96
0 12
3229 12
fi=(72)
20 12
fe=(65)
+5 36
fi=(71)
3228 96
0 12
3229 12
fi=(72)
20 12
fe=(65)
+5 24
fi=(19)
1915 24
fi=(36)
900 12
fe=(65)
25 4572
fi=(71)
3228 12192
0 1524
3229 1524
fi=(72)
20 1524
fe=(65)
+5 4572
fi=(71)
3228 12192
0 1524
3229 1524
fi=(72)
20 1524
fe=(65)
+5 3048
fi=(19)
1915 3048
fi=(36)
900 1524
fi=(60)
45 48
cob=(2)
cfi=(2)
cfn=(4642)
calls=24 -45 
* 936
* 12
-45 12
fe=(65)
16 36
fi=(71)
3228 96
0 12
3229 12
fi=(72)
20 12
fe=(65)
-4 36
fi=(71)
3228 96
0 12
3229 12
fi=(72)
20 12
fe=(65)
-4 24
fi=(19)
1915 24
fi=(36)
900 12
fe=(65)
16 4572
fi=(71)
3228 12192
0 1524
3229 1524
fi=(72)
20 1524
fe=(65)
-4 4572
fi=(71)
3228 12192
0 1524
3229 1524
fi=(72)
20 1524
fe=(65)
-4 3048
fi=(19)
1915 3048
fi=(36)
900 1524
fe=(65)
56 48
cob=(2)
cfi=(2)
cfn=(4260)
calls=24 -56 
* 1496
fi=(60)
-11 48
cob=(2)
cfi=(2)
cfn=(4642)
calls=24 -45 
* 936
* 12
-45 12
fe=(65)
25 36
fi=(71)
3228 96
0 12
3229 12
fi=(72)
20 12
fe=(65)
+5 36
fi=(71)
3228 24
fe=(65)
25 12
fi=(71)
3228 72
0 12
3229 12
fi=(72)
20 12
fe=(65)
+5 12
fi=(10)
898 12
fi=(19)
1915 12
fi=(36)
900 12
fe=(65)
25 4572
fi=(71)
3228 12192
0 1524
3229 1524
fi=(72)
20 1524
fe=(65)
+5 4572
fi=(71)
3228 3048
fe=(65)
25 1524
fi=(71)
3228 9144
0 1524
3229 1524
fi=(72)
20 1524
fe=(65)
+5 1524
fi=(10)
898 1524
fi=(19)
1915 1524
fi=(36)
900 1524
fi=(60)
45 48
cob=(2)
cfi=(2)
cfn=(4642)
calls=24 -45 
* 936
* 12
-45 12
fe=(65)
16 36
fi=(71)
3228 96
0 12
3229 12
fi=(72)
20 12
fe=(65)
-4 36
fi=(71)
3228 96
0 12
3229 12
fi=(72)
20 12
fe=(65)
-4 24
fi=(19)
1915 24
fi=(36)
900 12
fe=(65)
16 4572
fi=(71)
3228 12192
0 1524
3229 1524
fi=(72)
20 1524
fe=(65)
-4 4572
fi=(71)
3228 12192
0 1524
3229 1524
fi=(72)
20 1524
fe=(65)
-4 3048
fi=(19)
1915 3048
fi=(36)
900 1524
fe=(65)
56 48
cob=(2)
cfi=(2)
cfn=(4260)
calls=24 -56 
* 1496
fi=(60)
-11 48
cob=(2)
cfi=(2)
cfn=(4642)
calls=24 -45 
* 936
* 12
-45 12
fe=(65)
25 36
fi=(71)
3228 96
0 12
3229 12
fi=(72)
20 12
fe=(65)
+5 36
fi=(71)
3228 24
fe=(65)
25 12
fi=(71)
3228 72
0 12
3229 12
fi=(72)
20 12
fe=(65)
+5 12
fi=(10)
898 12
fi=(19)
1915 12
fi=(36)
900 12
fe=(65)
25 4572
fi=(71)
3228 12192
0 1524
3229 1524
fi=(72)
20 1524
fe=(65)
+5 4572
fi=(71)
3228 3048
fe=(65)
25 1524
fi=(71)
3228 9144
0 1524
3229 1524
fi=(72)
20 1524
fe=(65)
+5 1524
fi=(10)
898 1524
fi=(19)
1915 1524
fi=(36)
900 1524
fi=(60)
45 48
cob=(2)
cfi=(2)
cfn=(4642)
calls=24 -45 
* 936
* 12
-45 12
fe=(65)
16 36
fi=(71)
3228 96
0 12
3229 12
fi=(72)
20 12
fe=(65)
-4 36
fi=(71)
3228 96
0 12
3229 12
fi=(72)
20 12
fe=(65)
-4 24
fi=(19)
1915 24
fi=(36)
900 12
fe=(65)
16 4572
fi=(71)
3228 12192
0 1524
3229 1524
fi=(72)
20 1524
fe=(65)
-4 4572
fi=(71)
3228 12192
0 1524
3229 1524
fi=(72)
20 1524
fe=(65)
-4 3048
fi=(19)
1915 3048
fi=(36)
900 1524
fe=(65)
56 48
cob=(2)
cfi=(2)
cfn=(4260)
calls=24 -56 
* 1496
fi=(10)
898 12
fi=(36)
+2 24
fi=(19)
1915 12
fi=(36)
900 12
0 2
fe=(65)
59 8
cob=(2)
cfi=(2)
cfn=(4260)
calls=4 -59 
* 1210
+1 18

fn=(5464)
40 30
fi=(60)
+41 3
-81 3
81 9
cob=(2)
cfi=(2)
cfn=(4642)
calls=4 -81 
* 12345
-81 3
45 9
cob=(2)
cfi=(2)
cfn=(4642)
calls=4 -45 
* 234
* 6
fe=(65)
-20 9
fi=(71)
3228 24
0 3
3229 3
fi=(72)
20 3
fe=(65)
+5 9
fi=(71)
3228 24
0 3
3229 3
fi=(72)
20 3
fe=(65)
+5 6
fi=(19)
1915 6
fi=(36)
900 3
fe=(65)
25 1143
fi=(71)
3228 3048
0 381
3229 381
fi=(72)
20 381
fe=(65)
+5 1143
fi=(71)
3228 3048
0 381
3229 381
fi=(72)
20 381
fe=(65)
+5 762
fi=(19)
1915 762
fi=(36)
900 381
0 3
fe=(65)
43 12
cob=(2)
cfi=(2)
cfn=(4260)
calls=4 -43 
* 375
-43 3
fi=(60)
45 12
cob=(2)
cfi=(2)
cfn=(4642)
calls=4 -45 
* 234
fe=(65)
-20 1152
fi=(71)
3228 3072
0 384
3229 384
fi=(72)
20 384
fe=(65)
+5 1152
fi=(71)
3228 768
fe=(65)
25 384
fi=(71)
3228 2304
0 384
3229 384
fi=(72)
20 384
fe=(65)
+5 384
fi=(10)
898 384
fi=(19)
1915 384
fi=(36)
900 384
fe=(65)
43 15
cob=(2)
cfi=(2)
cfn=(4260)
calls=4 -43 
* 375
-43 3
fi=(60)
45 12
cob=(2)
cfi=(2)
cfn=(4642)
calls=4 -45 
* 234
-45 3
fe=(65)
25 9
fi=(71)
3228 24
0 3
3229 3
fi=(72)
20 3
fe=(65)
+5 9
fi=(71)
3228 6
fe=(65)
25 3
fi=(71)
3228 18
0 3
3229 3
fi=(72)
20 3
fe=(65)
+5 3
fi=(10)
898 3
fi=(19)
1915 3
fi=(36)
900 3
fe=(65)
25 1143
fi=(71)
3228 3048
0 381
3229 381
fi=(72)
20 381
fe=(65)
+5 1143
fi=(71)
3228 762
fe=(65)
25 381
fi=(71)
3228 2286
0 381
3229 381
fi=(72)
20 381
fe=(65)
+5 381
fi=(10)
898 381
fi=(19)
1915 381
fi=(36)
900 381
0 3
fe=(65)
43 12
cob=(2)
cfi=(2)
cfn=(4260)
calls=4 -43 
* 375
-43 3
fi=(60)
45 12
cob=(2)
cfi=(2)
cfn=(4642)
calls=4 -45 
* 234
-45 3
fe=(65)
25 9
fi=(71)
3228 24
0 3
3229 3
fi=(72)
20 3
fe=(65)
+5 9
fi=(71)
3228 6
fe=(65)
25 3
fi=(71)
3228 18
0 3
3229 3
fi=(72)
20 3
fe=(65)
+5 3
fi=(10)
898 3
fi=(19)
1915 3
fi=(36)
900 3
fe=(65)
25 1143
fi=(71)
3228 3048
0 381
3229 381
fi=(72)
20 381
fe=(65)
+5 1143
fi=(71)
3228 762
fe=(65)
25 381
fi=(71)
3228 2286
0 381
3229 381
fi=(72)
20 381
fe=(65)
+5 381
fi=(10)
898 381
fi=(19)
1915 381
fi=(36)
900 381
fe=(65)
43 15
cob=(2)
cfi=(2)
cfn=(4260)
calls=4 -43 
* 375
-43 3
fi=(60)
45 12
cob=(2)
cfi=(2)
cfn=(4642)
calls=4 -45 
* 234
-45 3
fe=(65)
25 9
fi=(71)
3228 24
0 3
3229 3
fi=(72)
20 3
fe=(65)
+5 9
fi=(71)
3228 6
fe=(65)
25 3
fi=(71)
3228 18
0 3
3229 3
fi=(72)
20 3
fe=(65)
+5 3
fi=(10)
898 3
fi=(19)
1915 3
fi=(36)
900 3
fe=(65)
25 1143
fi=(71)
3228 3048
0 381
3229 381
fi=(72)
20 381
fe=(65)
+5 1143
fi=(71)
3228 762
fe=(65)
25 381
fi=(71)
3228 2286
0 381
3229 381
fi=(72)
20 381
fe=(65)
+5 381
fi=(10)
898 381
fi=(19)
1915 381
fi=(36)
900 381
fe=(65)
43 15
cob=(2)
cfi=(2)
cfn=(4260)
calls=4 -43 
* 375
-43 3
fi=(60)
45 12
cob=(2)
cfi=(2)
cfn=(4642)
calls=4 -45 
* 234
-45 3
fe=(65)
25 9
fi=(71)
3228 24
0 3
3229 3
fi=(72)
20 3
fe=(65)
+5 9
fi=(71)
3228 6
fe=(65)
25 3
fi=(71)
3228 18
0 3
3229 3
fi=(72)
20 3
fe=(65)
+5 3
fi=(10)
898 3
fi=(19)
1915 3
fi=(36)
900 3
fe=(65)
25 1143
fi=(71)
3228 3048
0 381
3229 381
fi=(72)
20 381
fe=(65)
+5 1143
fi=(71)
3228 762
fe=(65)
25 381
fi=(71)
3228 2286
0 381
3229 381
fi=(72)
20 381
fe=(65)
+5 381
fi=(10)
898 381
fi=(19)
1915 381
fi=(36)
900 381
fe=(65)
43 15
cob=(2)
cfi=(2)
cfn=(4260)
calls=4 -43 
* 375
+3 27
-6 20
fi=(60)
+41 2
-81 2
81 6
cob=(2)
cfi=(2)
cfn=(4642)
calls=2 -81 
* 6182
-81 2
45 6
cob=(2)
cfi=(2)
cfn=(4642)
calls=2 -45 
* 156
* 4
fe=(65)
-20 6
fi=(71)
3228 16
0 2
3229 2
fi=(72)
20 2
fe=(65)
+5 6
fi=(71)
3228 16
0 2
3229 2
fi=(72)
20 2
fe=(65)
+5 4
fi=(19)
1915 4
fi=(36)
900 2
fe=(65)
25 762
fi=(71)
3228 2032
0 254
3229 254
fi=(72)
20 254
fe=(65)
+5 762
fi=(71)
3228 2032
0 254
3229 254
fi=(72)
20 254
fe=(65)
+5 508
fi=(19)
1915 508
fi=(36)
900 254
0 2
fe=(65)
43 8
cob=(2)
cfi=(2)
cfn=(4260)
calls=2 -43 
* 250
-43 2
fi=(60)
45 8
cob=(2)
cfi=(2)
cfn=(4642)
calls=2 -45 
* 156
fe=(65)
-20 768
fi=(71)
3228 2048
0 256
3229 256
fi=(72)
20 256
fe=(65)
+5 768
fi=(71)
3228 512
fe=(65)
25 256
fi=(71)
3228 1536
0 256
3229 256
fi=(72)
20 256
fe=(65)
+5 256
fi=(10)
898 256
fi=(19)
1915 256
fi=(36)
900 256
fe=(65)
43 10
cob=(2)
cfi=(2)
cfn=(4260)
calls=2 -43 
* 250
-43 2
fi=(60)
45 8
cob=(2)
cfi=(2)
cfn=(4642)
calls=2 -45 
* 156
-45 2
fe=(65)
25 6
fi=(71)
3228 16
0 2
3229 2
fi=(72)
20 2
fe=(65)
+5 6
fi=(71)
3228 4
fe=(65)
25 2
fi=(71)
3228 12
0 2
3229 2
fi=(72)
20 2
fe=(65)
+5 2
fi=(10)
898 2
fi=(19)
1915 2
fi=(36)
900 2
fe=(65)
25 762
fi=(71)
3228 2032
0 254
3229 254
fi=(72)
20 254
fe=(65)
+5 762
fi=(71)
3228 508
fe=(65)
25 254
fi=(71)
3228 1524
0 254
3229 254
fi=(72)
20 254
fe=(65)
+5 254
fi=(10)
898 254
fi=(19)
1915 254
fi=(36)
900 254
0 2
fe=(65)
43 8
cob=(2)
cfi=(2)
cfn=(4260)
calls=2 -43 
* 250
-43 2
fi=(60)
45 8
cob=(2)
cfi=(2)
cfn=(4642)
calls=2 -45 
* 156
-45 2
fe=(65)
25 6
fi=(71)
3228 16
0 2
3229 2
fi=(72)
20 2
fe=(65)
+5 6
fi=(71)
3228 4
fe=(65)
25 2
fi=(71)
3228 12
0 2
3229 2
fi=(72)
20 2
fe=(65)
+5 2
fi=(10)
898 2
fi=(19)
1915 2
fi=(36)
900 2
fe=(65)
25 762
fi=(71)
3228 2032
0 254
3229 254
fi=(72)
20 254
fe=(65)
+5 762
fi=(71)
3228 508
fe=(65)
25 254
fi=(71)
3228 1524
0 254
3229 254
fi=(72)
20 254
fe=(65)
+5 254
fi=(10)
898 254
fi=(19)
1915 254
fi=(36)
900 254
fe=(65)
43 10
cob=(2)
cfi=(2)
cfn=(4260)
calls=2 -43 
* 250
-43 2
fi=(60)
45 8
cob=(2)
cfi=(2)
cfn=(4642)
calls=2 -45 
* 156
-45 2
fe=(65)
25 6
fi=(71)
3228 16
0 2
3229 2
fi=(72)
20 2
fe=(65)
+5 6
fi=(71)
3228 4
fe=(65)
25 2
fi=(71)
3228 12
0 2
3229 2
fi=(72)
20 2
fe=(65)
+5 2
fi=(10)
898 2
fi=(19)
1915 2
fi=(36)
900 2
fe=(65)
25 762
fi=(71)
3228 2032
0 254
3229 254
fi=(72)
20 254
fe=(65)
+5 762
fi=(71)
3228 508
fe=(65)
25 254
fi=(71)
3228 1524
0 254
3229 254
fi=(72)
20 254
fe=(65)
+5 254
fi=(10)
898 254
fi=(19)
1915 254
fi=(36)
900 254
fe=(65)
43 10
cob=(2)
cfi=(2)
cfn=(4260)
calls=2 -43 
* 250
+3 18

fl=(49)
fn=(5074)
64 300
fi=(52)
+85 30
fi=(51)
+47 30
0 30
146 30
fi=(68) /home/rick/.cargo/registry/src/index.crates.io-1949cf8c6b5b557f/block-buffer-0.10.4/src/sealed.rs
17 60
fi=(51)
155 30
fi=(50)
-54 30
fi=(18)
552 90
cob=(2)
cfi=(2)
cfn=(4260)
calls=90 0 
* 360
fi=(51)
158 30
0 30
239 30
fe=(49)
66 240

fn=(5082)
68 210
fi=(52)
203 30
0 60
203 60
cob=(2)
cfi=(2)
cfn=(4260)
calls=90 0 
* 900
* 150
cob=(2)
cfi=(2)
cfn=(4260)
calls=90 0 
* 900
fi=(51)
-7 30
fi=(50)
-95 60
0 30
fi=(55)
180 30
fi=(51)
+8 60
cob=(2)
cfi=(2)
cfn=(4642)
calls=90 0 
* 780
fi=(53)
-49 30
+2 30
fi=(58)
-95 900
fi=(26)
1718 30
fi=(58)
46 30
+3 90
cfi=(54)
cfn=(5024)
calls=90 166 
* 184740
-49 30
8 120
cob=(2)
cfi=(2)
cfn=(4260)
calls=90 -8 
* 900
fi=(51)
+68 360
fe=(49)
-7 120
cob=(2)
cfi=(2)
cfn=(4260)
calls=90 -69 
* 1950
+1 210

fn=(4988)
26 310
fi=(52)
149 31
fi=(51)
+47 31
0 31
146 31
fi=(68)
17 62
fi=(51)
155 31
fi=(50)
-54 29
fi=(18)
552 87
cob=(2)
cfi=(2)
cfn=(4260)
calls=46 0 
* 409
fi=(51)
158 29
0 29
161 4
fi=(50)
-60 2
fi=(18)
552 8
cob=(2)
cfi=(2)
cfn=(4260)
calls=3 0 
* 44
fi=(26)
1718 2
fi=(58)
46 12
fi=(26)
1718 2
fi=(58)
46 4
fi=(26)
1718 2
fi=(58)
46 4
fi=(26)
1718 2
fi=(58)
46 4
fi=(26)
1718 2
fi=(58)
46 6
fi=(26)
1718 2
fi=(58)
46 8
fi=(26)
1718 2
fi=(58)
46 6
fi=(26)
1718 2
fi=(58)
46 4
fi=(26)
1718 2
fi=(58)
46 2
fi=(89) /rustc/ac68faa20c58cbccd01ee7208bf3b6e93a7d7f96/library/core/src/ptr/const_ptr.rs
863 2
fi=(58)
49 6
cfi=(54)
cfn=(5024)
calls=3 166 
* 12316
fi=(68)
-26 4
-23 2
23 14
fi=(89)
863 2
fi=(51)
169 4
0 4
fi=(26)
1718 2
fi=(58)
46 10
fi=(26)
1718 2
fi=(58)
46 4
fi=(26)
1718 2
fi=(58)
46 6
fi=(26)
1718 2
fi=(58)
46 4
fi=(26)
1718 2
fi=(58)
46 6
fi=(26)
1718 2
fi=(58)
46 6
fi=(26)
1718 2
fi=(58)
46 6
fi=(26)
1718 2
fi=(58)
46 6
fi=(26)
1718 2
fi=(58)
46 2
+3 2
fi=(14)
659 2
fi=(58)
49 4
cfi=(54)
cfn=(5024)
calls=5 166 
* 12316
fi=(26)
1718 8
fi=(58)
46 40
fi=(26)
1718 8
fi=(58)
46 16
fi=(26)
1718 8
fi=(58)
46 24
fi=(26)
1718 8
fi=(58)
46 16
fi=(26)
1718 8
fi=(58)
46 24
fi=(26)
1718 8
fi=(58)
46 24
fi=(26)
1718 8
fi=(58)
46 24
fi=(26)
1718 8
fi=(58)
46 24
fi=(26)
1718 8
fi=(58)
46 8
+3 8
fi=(14)
659 8
fi=(58)
49 16
cfi=(54)
cfn=(5024)
calls=38 166 
* 49264
fi=(14)
1717 10
fi=(55)
180 10
fi=(18)
552 8
cob=(2)
cfi=(2)
cfn=(4260)
calls=5 0 
* 22
fi=(51)
239 31
fe=(49)
28 248

fn=(5014)
30 98
fi=(52)
203 14
0 28
203 28
cob=(2)
cfi=(2)
cfn=(4260)
calls=31 0 
* 420
* 70
cob=(2)
cfi=(2)
cfn=(4260)
calls=31 0 
* 420
fi=(51)
-7 14
fi=(50)
-95 14
0 14
fi=(55)
180 14
fi=(51)
+8 28
cob=(2)
cfi=(2)
cfn=(4642)
calls=31 0 
* 253
fi=(53)
-49 14
+2 14
fi=(58)
-95 336
fi=(26)
1718 14
fi=(58)
46 14
+3 42
cfi=(54)
cfn=(5024)
calls=31 166 
* 86212
-49 14
8 56
cob=(2)
cfi=(2)
cfn=(4260)
calls=31 -8 
* 420
fi=(51)
+68 140
fe=(49)
-45 56
cob=(2)
cfi=(2)
cfn=(4260)
calls=31 -31 
* 910
+1 98

fn=(5036)
42 90
fi=(57)
457 10
fi=(34)
0 20
460 10
0 10
cfi=(6)
cfn=(4864)
calls=12 0 
0 10
0 10
fi=(23)
198 30
cfi=(6)
cfn=(5040)
calls=12 0 
* 1355
fi=(34)
469 20
0 10
fi=(62)
41 10
fi=(51)
196 20
+62 10
0 50
fi=(18)
0 10
fi=(51)
344 60
0 10
fi=(14)
1717 10
fi=(55)
180 10
0 40
fi=(18)
552 40
cob=(2)
cfi=(2)
cfn=(4260)
calls=10 0 
* 300
* 120
cob=(2)
cfi=(2)
cfn=(4260)
calls=30 0 
* 900
fi=(58)
61 120
cfi=(54)
cfn=(5024)
calls=40 166 
* 246320
fi=(62)
-61 40
44 120
cob=(2)
cfi=(2)
cfn=(4260)
calls=40 -44 
* 1200
fi=(14)
1717 80
fi=(55)
180 40
0 30
fi=(51)
274 10
0 20
fi=(18)
552 30
cob=(2)
cfi=(2)
cfn=(4260)
calls=12 0 
* 300
fi=(58)
61 30
cfi=(54)
cfn=(5024)
calls=12 166 
* 61580
fi=(51)
-61 30
fi=(18)
552 50
cob=(2)
cfi=(2)
cfn=(4260)
calls=12 0 
* 220
fi=(51)
278 40
cob=(2)
cfi=(2)
cfn=(4260)
calls=12 0 
* 300
* 10
0 20
239 10
fe=(49)
45 30
+1 90

fn=(5110)
37 918
fi=(62)
+4 102
-41 102
fi=(51)
196 204
+62 102
0 196
259 294
fi=(50)
89 98
fi=(18)
552 294
cob=(2)
cfi=(2)
cfn=(4260)
calls=2625 0 
* 1568
fi=(51)
239 98
0 208
344 28
0 4
fi=(14)
1717 8
fi=(55)
180 4
0 4
fi=(51)
274 8
0 12
fi=(18)
552 16
cob=(2)
cfi=(2)
cfn=(4260)
calls=30 0 
* 120
fi=(58)
61 12
cfi=(54)
cfn=(5024)
calls=30 166 
* 24632
fi=(18)
552 16
cob=(2)
cfi=(2)
cfn=(4260)
calls=30 0 
* 50
fi=(51)
278 16
cob=(2)
cfi=(2)
cfn=(4260)
calls=30 0 
* 120
-39 102
fe=(49)
39 816

fl=(48)
fn=(5130)
77 153
+1 34
cob=(2)
cfi=(2)
cfn=(4260)
calls=34 -78 
* 2125
-78 68
80 34
fi=(71)
3228 748
+1 136
fe=(48)
80 1088
fi=(71)
3228 23188
+1 4216
fe=(48)
80 1054
fi=(55)
180 1632
0 85
fe=(48)
86 51
-86 17
88 17
-1 17
+1 17
fi=(55)
-88 119
fe=(48)
86 357
-86 119
88 119
-1 119
+1 4318
-1 4199
+1 21539
-88 4335
91 87040
fi=(71)
3228 156672
0 17408
3229 52224
fe=(48)
92 52224
fi=(71)
3228 139264
0 17408
3229 17408
fi=(72)
20 17408
fe=(48)
+73 17408
fi=(71)
3228 139264
0 17408
3229 17408
fi=(72)
20 17408
fe=(48)
+72 17408
+1 17408
+1 17408
-4 34816
+6 4335
-10 8670
+12 136
-14 136
-84 17
100 68
cob=(2)
cfi=(2)
cfn=(4260)
calls=34 0 
* 2125
+1 153

fn=(5150)
104 360
+1 80
cob=(2)
cfi=(2)
cfn=(4260)
calls=58 0 
* 5000
0 160
107 80
fi=(71)
3228 1760
+1 320
fe=(48)
107 2560
fi=(71)
3228 54560
+1 9920
fe=(48)
107 2480
fi=(55)
+73 3840
0 200
fe=(48)
113 120
0 40
114 40
+1 80
fi=(55)
0 280
fe=(48)
113 840
0 280
114 280
+1 560
-1 9880
+1 40160
fi=(71)
3228 81600
+1 71400
0 10200
fe=(48)
118 81920
+1 122880
-1 40960
+1 81920
fi=(71)
3228 327680
0 40960
3229 40960
fi=(72)
20 40960
fe=(48)
120 40960
fi=(71)
3228 368640
0 40960
3229 122880
fe=(48)
121 40960
fi=(71)
3228 327680
0 40960
3229 40960
fi=(72)
20 40960
fe=(48)
+99 40960
+2 40960
+1 40960
-5 81920
+7 10200
-11 20400
-2 960
0 80
129 80
fi=(71)
3228 320
0 40
3229 40
fi=(72)
20 40
fe=(48)
129 120
fi=(71)
3228 320
0 40
3229 40
fi=(72)
20 40
fe=(48)
129 40
fi=(14)
1717 80
fi=(55)
180 40
fe=(48)
-51 10160
fi=(71)
3228 40640
0 5080
3229 5080
fi=(72)
20 5080
fe=(48)
129 15240
fi=(71)
3228 40640
0 5080
3229 5080
fi=(72)
20 5080
fe=(48)
129 5080
fi=(14)
1717 10160
fi=(55)
180 5080
0 40
fe=(48)
131 160
cob=(2)
cfi=(2)
cfn=(4260)
calls=58 0 
* 5000
+1 360

fl=(67)
fn=(5316)
99 8
-99 34
102 2
fi=(18)
552 16
fi=(50)
89 1
fe=(67)
+27 10
cfi=(63)
cfn=(5320)
calls=1 +15 
* 22098
* 5
cob=(2)
cfi=(2)
cfn=(4260)
calls=1 0 
* 125
fi=(50)
-27 1
fe=(67)
+27 5
cfi=(63)
cfn=(5320)
calls=1 +15 
* 22098
* 4
cob=(2)
cfi=(2)
cfn=(4260)
calls=1 0 
* 125
fi=(50)
-27 1
fe=(67)
+27 5
cfi=(63)
cfn=(5320)
calls=1 +15 
* 22098
* 4
cob=(2)
cfi=(2)
cfn=(4260)
calls=1 0 
* 125
fi=(50)
-27 1
fe=(67)
+27 5
cfi=(63)
cfn=(5320)
calls=1 +15 
* 22098
* 4
cob=(2)
cfi=(2)
cfn=(4260)
calls=1 0 
* 123
fi=(50)
-27 1
fe=(67)
+27 5
cfi=(63)
cfn=(5320)
calls=1 +15 
* 22098
* 4
cob=(2)
cfi=(2)
cfn=(4260)
calls=1 0 
* 125
fi=(50)
-27 2
fe=(67)
+32 5
cfi=(63)
cfn=(5320)
calls=1 +10 
* 22098
* 5
cob=(2)
cfi=(2)
cfn=(4260)
calls=1 0 
* 125
fi=(50)
-32 1
fe=(67)
+32 5
cfi=(63)
cfn=(5320)
calls=1 +10 
* 22098
* 4
cob=(2)
cfi=(2)
cfn=(4260)
calls=1 0 
* 125
fi=(50)
-32 1
fe=(67)
+32 5
cfi=(63)
cfn=(5320)
calls=1 +10 
* 22098
* 4
cob=(2)
cfi=(2)
cfn=(4260)
calls=1 0 
* 123
fi=(50)
-32 1
fe=(67)
+32 5
cfi=(63)
cfn=(5320)
calls=1 +10 
* 22098
* 4
cob=(2)
cfi=(2)
cfn=(4260)
calls=1 0 
* 125
fi=(50)
-32 1
fe=(67)
+32 5
cfi=(63)
cfn=(5320)
calls=1 +10 
* 22098
* 4
cob=(2)
cfi=(2)
cfn=(4260)
calls=1 0 
* 125
fi=(50)
-32 1
fe=(67)
+32 5
cfi=(63)
cfn=(5320)
calls=1 +10 
* 22098
* 4
cob=(2)
cfi=(2)
cfn=(4260)
calls=1 0 
* 125
fi=(50)
-32 2
fe=(67)
+37 5
cfi=(63)
cfn=(5320)
calls=1 +5 
* 67633
* 5
cob=(2)
cfi=(2)
cfn=(4260)
calls=1 0 
* 123
fi=(50)
-37 1
fe=(67)
+37 5
cfi=(63)
cfn=(5320)
calls=1 +5 
* 67633
* 4
cob=(2)
cfi=(2)
cfn=(4260)
calls=1 0 
* 125
fi=(50)
-37 1
fe=(67)
+37 5
cfi=(63)
cfn=(5320)
calls=1 +5 
* 67633
* 4
cob=(2)
cfi=(2)
cfn=(4260)
calls=1 0 
* 125
fi=(50)
-37 1
fe=(67)
+37 5
cfi=(63)
cfn=(5320)
calls=1 +5 
* 67633
* 4
cob=(2)
cfi=(2)
cfn=(4260)
calls=1 0 
* 125
fi=(50)
-37 1
fe=(67)
+37 5
cfi=(63)
cfn=(5320)
calls=1 +5 
* 67633
* 4
cob=(2)
cfi=(2)
cfn=(4260)
calls=1 0 
* 123
fi=(50)
-37 1
fe=(67)
+37 7
cfi=(63)
cfn=(5320)
calls=1 +5 
* 67633
* 4
cob=(2)
cfi=(2)
cfn=(4260)
calls=1 0 
* 125
+3 4
cob=(2)
cfi=(2)
cfn=(4260)
calls=1 0 
* 509
* 5
cob=(2)
cfi=(2)
cfn=(4260)
calls=1 0 
* 603
* 4
cob=(2)
cfi=(2)
cfn=(4260)
calls=1 0 
* 605
* 4
cob=(2)
cfi=(2)
cfn=(4260)
calls=1 0 
* 17564
* 1
+1 1
0 1
130 9

fn=(5400)
168 18
fi=(35)
464 6
0 2
fe=(67)
171 4
cfi=(63)
cfn=(5176)
calls=3 -72 
* 111108
fi=(34)
614 2
fi=(35)
1840 2
fi=(34)
767 2
-94 2
fi=(35)
2912 4
fi=(34)
424 2
634 4
fi=(23)
128 6
cfi=(6)
cfn=(4970)
calls=3 0 
* 70
fe=(67)
+43 8
cfi=(63)
cfn=(5176)
calls=3 -72 
* 111108
fi=(34)
614 2
fi=(35)
1840 2
fi=(34)
619 2
fi=(10)
2548 2
fi=(34)
767 2
-94 2
fi=(20)
961 2
fi=(18)
552 6
cob=(2)
cfi=(2)
cfn=(4260)
calls=3 0 
* 44
fi=(35)
2912 4
fi=(34)
424 2
634 4
fi=(23)
128 6
cfi=(6)
cfn=(4970)
calls=3 0 
* 70
fe=(67)
+43 8
cfi=(63)
cfn=(5176)
calls=3 -72 
* 111108
fi=(34)
614 2
fi=(35)
1840 2
fi=(34)
619 2
fi=(10)
2548 2
fi=(34)
767 2
-94 2
fi=(20)
961 2
fi=(18)
552 6
cob=(2)
cfi=(2)
cfn=(4260)
calls=3 0 
* 44
fi=(35)
2912 4
fi=(34)
424 2
634 4
fi=(23)
128 6
cfi=(6)
cfn=(4970)
calls=3 0 
* 70
fe=(67)
+43 8
cfi=(63)
cfn=(5176)
calls=3 -72 
* 111108
fi=(34)
614 2
fi=(35)
1840 2
fi=(34)
619 2
fi=(10)
2548 2
fi=(34)
767 2
-94 2
fi=(35)
2907 4
fi=(20)
961 2
fi=(18)
552 6
cob=(2)
cfi=(2)
cfn=(4260)
calls=3 0 
* 44
fi=(35)
2912 4
fi=(34)
424 2
634 4
fi=(23)
128 6
cfi=(6)
cfn=(4970)
calls=3 0 
* 70
fe=(67)
+43 8
cfi=(63)
cfn=(5176)
calls=3 -72 
* 111108
fi=(34)
614 2
fi=(35)
1840 2
fi=(34)
619 2
fi=(10)
2548 2
fi=(34)
767 2
-94 2
fi=(20)
961 2
fi=(18)
552 6
cob=(2)
cfi=(2)
cfn=(4260)
calls=3 0 
* 44
fi=(35)
2912 4
fi=(34)
424 2
634 4
fi=(23)
128 6
cfi=(6)
cfn=(4970)
calls=3 0 
* 70
fe=(67)
+43 2
0 2
171 6
cfi=(63)
cfn=(5176)
calls=3 -72 
* 111108
fi=(34)
614 2
fi=(35)
1840 2
fi=(34)
619 2
fi=(10)
2548 2
fi=(34)
767 2
-94 2
fi=(35)
2907 4
fi=(20)
961 2
fi=(18)
552 8
cob=(2)
cfi=(2)
cfn=(4260)
calls=3 0 
* 44
fi=(35)
2912 4
fi=(34)
424 2
634 4
fi=(23)
128 6
cfi=(6)
cfn=(4970)
calls=3 0 
* 70
fe=(67)
+45 8
+1 18
0 2
fi=(34)
675 6
cfn=(5288) alloc::raw_vec::RawVecInner<A>::reserve::do_reserve_and_handle
calls=3 -14 
* 376
-61 2
fi=(35)
3023 2
fi=(20)
961 2
fi=(18)
552 6
cob=(2)
cfi=(2)
cfn=(4260)
calls=3 0 
* 44
0 4
fi=(34)
675 6
cfn=(5288)
calls=3 -14 
* 773
-61 2
fi=(35)
3023 2
2907 2
0 2
fi=(34)
675 6
cfn=(5288)
calls=3 -14 
* 1106
-61 2
fi=(35)
3023 2
2907 2
0 2
fi=(34)
675 6
cfn=(5288)
calls=3 -14 
* 545
-61 2
fi=(35)
3023 2
2907 2
fe=(67)

fn=(5526)
133 13
cfi=(6)
cfn=(4864)
calls=1 0 
* 1
fi=(23)
-32 3
cfi=(6)
cfn=(4866)
calls=1 0 
* 142
fi=(34)
469 2
fi=(35)
977 4
fi=(34)
767 2
-94 1
0 1
fi=(35)
2907 2
fi=(20)
961 1
fi=(18)
552 3
cob=(2)
cfi=(2)
cfn=(4260)
calls=1 0 
* 12
fi=(35)
2912 2
0 1
fe=(67)
141 4
cfi=(63)
cfn=(5242)
calls=1 -32 
* 125659
fi=(34)
614 1
fi=(35)
1840 1
fi=(34)
619 1
fi=(10)
2548 1
fi=(34)
767 1
-94 1
fi=(35)
2907 2
fi=(20)
961 1
fi=(18)
552 3
cob=(2)
cfi=(2)
cfn=(4260)
calls=1 0 
* 89
fi=(35)
2912 2
fi=(34)
424 1
634 2
fi=(23)
128 3
cfi=(6)
cfn=(4970)
calls=1 0 
* 35
fe=(67)
+13 5
cfi=(63)
cfn=(5242)
calls=1 -32 
* 125659
fi=(34)
614 1
fi=(35)
1840 1
fi=(34)
619 1
fi=(10)
2548 1
fi=(34)
767 1
-94 1
fi=(35)
2907 2
fi=(20)
961 1
fi=(18)
552 3
cob=(2)
cfi=(2)
cfn=(4260)
calls=1 0 
* 89
fi=(35)
2912 2
fi=(34)
424 1
634 2
fi=(23)
128 3
cfi=(6)
cfn=(4970)
calls=1 0 
* 35
fe=(67)
+13 5
cfi=(63)
cfn=(5242)
calls=1 -32 
* 125659
fi=(34)
614 1
fi=(35)
1840 1
fi=(34)
619 1
fi=(10)
2548 1
fi=(34)
767 1
-94 1
fi=(35)
2907 2
fi=(20)
961 1
fi=(18)
552 3
cob=(2)
cfi=(2)
cfn=(4260)
calls=1 0 
* 89
fi=(35)
2912 2
fi=(34)
424 1
634 2
fi=(23)
128 3
cfi=(6)
cfn=(4970)
calls=1 0 
* 35
fe=(67)
+13 5
cfi=(63)
cfn=(5242)
calls=1 -32 
* 125659
fi=(34)
614 1
fi=(35)
1840 1
fi=(34)
619 1
fi=(10)
2548 1
fi=(34)
767 1
-94 1
fi=(35)
2907 2
fi=(20)
961 1
fi=(18)
552 3
cob=(2)
cfi=(2)
cfn=(4260)
calls=1 0 
* 89
fi=(35)
2912 2
fi=(34)
424 1
634 2
fi=(23)
128 3
cfi=(6)
cfn=(4970)
calls=1 0 
* 35
fe=(67)
+13 1
0 1
141 4
cfi=(63)
cfn=(5242)
calls=1 -32 
* 125659
fi=(34)
614 1
fi=(35)
1840 1
fi=(34)
619 1
fi=(10)
2548 1
fi=(34)
767 1
-94 1
fi=(35)
2907 2
fi=(20)
961 1
fi=(18)
552 3
cob=(2)
cfi=(2)
cfn=(4260)
calls=1 0 
* 89
fi=(35)
2912 2
fi=(34)
424 1
634 2
fi=(23)
128 3
cfi=(6)
cfn=(4970)
calls=1 0 
* 35
0 2
fe=(67)
143 1
cfi=(73)
cfn=(5536)
calls=1 17 
* 5632
fi=(34)
614 1
fi=(35)
1840 1
fi=(34)
619 1
fi=(10)
2548 1
fi=(34)
767 1
-94 1
fi=(35)
2907 2
fi=(20)
961 1
fi=(18)
552 4
cob=(2)
cfi=(2)
cfn=(4260)
calls=1 0 
* 12
fi=(35)
2912 2
fi=(34)
424 1
634 2
fi=(23)
128 3
cfi=(6)
cfn=(4970)
calls=1 0 
* 35
fe=(67)
+16 4
+1 9

fl=(34)
fn=(5292) alloc::raw_vec::RawVecInner<A>::finish_grow
543 40
fi=(70) /rustc/ac68faa20c58cbccd01ee7208bf3b6e93a7d7f96/library/core/src/alloc/layout.rs
75 8
+38 8
0 8
fe=(34)
634 16
0 6
fi=(23)
155 24
cfi=(6)
cfn=(5296)
calls=9 0 
* 2106
fe=(34)
563 12
fi=(23)
206 4
+4 2
cfi=(6)
cfn=(4864)
calls=3 0 
* 2
101 6
cfi=(6)
cfn=(4866)
calls=3 0 
* 266
fe=(34)
563 4
+1 16
0 24
567 32

fn=(5288)
661 24
fi=(10)
823 8
fi=(57)
457 8
0 8
fe=(34)
522 16
fi=(19)
1037 40
fe=(34)
528 8
0 8
528 24
cfn=(5292)
calls=12 +15 
* 2584
fi=(26)
2173 16
+1 8
fe=(34)
776 8
+1 8
671 32

ob=(2)
fl=(2)
fn=(3994)
0 91
cfn=(4000) 0x00000000000a6dc0
calls=33 0 
0 780
0 527

fn=(4000)
0 3378
cfn=(4726) 0x00000000000a4e90
calls=10 0 
0 100
0 165

fn=(3876)
cfn=(3920) 0x00000000000276c0
calls=1 0 
0 10606249

fn=(4280) 0x00000000000a6140
0 1356
cfn=(4298) 0x00000000000a4f60
calls=53 0 
0 312
0 325

fn=(4274) 0x00000000000a6290
0 48
cfn=(4280)
calls=6 0 
0 376
0 20

fn=(4298)
0 312

fn=(4760)
0 323
cfn=(4000)
calls=37 0 
0 2284
0 269126

fn=(4234) 0x00000000000a80c0
0 265
cfn=(4000)
calls=4 0 
0 579
0 42
cfn=(4274)
calls=2 0 
0 222
0 26
cfn=(4726)
calls=4 0 
0 60
0 37
cfn=(4260)
calls=4 0 
0 83
0 12
cfn=(4274)
calls=4 0 
0 222
0 24

fn=(4642)
0 137617

fn=(4726)
0 160

fn=(3920)
cob=(6)
cfi=(6)
cfn=(3934)
calls=1 0 
0 10606249

fn=(4260)
0 311621

fn=(4626)
0 252
cfn=(4280)
calls=47 0 
0 1617
0 146352

fn=(4232)
0 330
cfn=(4234)
calls=10 0 
0 1572
0 66

totals: 10606249
