# callgrind format
version: 1
creator: callgrind-3.25.1
pid: 929675
cmd:  target/release/examples/profile baseline case-011
part: 1


desc: I1 cache: 
desc: D1 cache: 
desc: LL cache: 

desc: Timerange: Basic block 0 - 3013564
desc: Trigger: Program termination

positions: line
events: Ir
summary: 16553251


ob=(1) /usr/lib/ld-linux-x86-64.so.2
fl=(1) ???
fn=(0) 0x000000000001f300
cob=(6) /home/rick/unl/king's/thesis/ml-dsa/target/release/examples/profile
cfi=(6) ???
cfn=(3874) (below main)
calls=1 0 
0 16553251

ob=(6)
fl=(67) /home/rick/unl/king's/thesis/ml-dsa/ml-dsa/src/serdes.rs
fn=(5316) ml_dsa::serdes::sk_decode
99 8
-99 34
102 2
fi=(18) /rustc/ac68faa20c58cbccd01ee7208bf3b6e93a7d7f96/library/core/src/ptr/mod.rs
552 16
fi=(50) /rustc/ac68faa20c58cbccd01ee7208bf3b6e93a7d7f96/library/core/src/slice/index.rs
89 1
fe=(67)
+27 10
cfi=(63) /home/rick/unl/king's/thesis/ml-dsa/ml-dsa/src/encoding.rs
cfn=(5320) ml_dsa::encoding::bit_unpack
calls=1 +15 
* 22098
* 5
cob=(2) /usr/lib/libc.so.6
cfi=(2) ???
cfn=(4260) 0x0000000000171fc0
calls=1 0 
* 125
fi=(50)
-27 1
fe=(67)
+27 5
cfi=(63)
cfn=(5320)
calls=1 +15 
* 22098
* 4
cob=(2)
cfi=(2)
cfn=(4260)
calls=1 0 
* 125
fi=(50)
-27 1
fe=(67)
+27 5
cfi=(63)
cfn=(5320)
calls=1 +15 
* 22098
* 4
cob=(2)
cfi=(2)
cfn=(4260)
calls=1 0 
* 125
fi=(50)
-27 1
fe=(67)
+27 5
cfi=(63)
cfn=(5320)
calls=1 +15 
* 22098
* 4
cob=(2)
cfi=(2)
cfn=(4260)
calls=1 0 
* 123
fi=(50)
-27 1
fe=(67)
+27 5
cfi=(63)
cfn=(5320)
calls=1 +15 
* 22098
* 4
cob=(2)
cfi=(2)
cfn=(4260)
calls=1 0 
* 125
fi=(50)
-27 2
fe=(67)
+32 5
cfi=(63)
cfn=(5320)
calls=1 +10 
* 22098
* 5
cob=(2)
cfi=(2)
cfn=(4260)
calls=1 0 
* 125
fi=(50)
-32 1
fe=(67)
+32 5
cfi=(63)
cfn=(5320)
calls=1 +10 
* 22098
* 4
cob=(2)
cfi=(2)
cfn=(4260)
calls=1 0 
* 125
fi=(50)
-32 1
fe=(67)
+32 5
cfi=(63)
cfn=(5320)
calls=1 +10 
* 22098
* 4
cob=(2)
cfi=(2)
cfn=(4260)
calls=1 0 
* 123
fi=(50)
-32 1
fe=(67)
+32 5
cfi=(63)
cfn=(5320)
calls=1 +10 
* 22098
* 4
cob=(2)
cfi=(2)
cfn=(4260)
calls=1 0 
* 125
fi=(50)
-32 1
fe=(67)
+32 5
cfi=(63)
cfn=(5320)
calls=1 +10 
* 22098
* 4
cob=(2)
cfi=(2)
cfn=(4260)
calls=1 0 
* 125
fi=(50)
-32 1
fe=(67)
+32 5
cfi=(63)
cfn=(5320)
calls=1 +10 
* 22098
* 4
cob=(2)
cfi=(2)
cfn=(4260)
calls=1 0 
* 125
fi=(50)
-32 2
fe=(67)
+37 5
cfi=(63)
cfn=(5320)
calls=1 +5 
* 67633
* 5
cob=(2)
cfi=(2)
cfn=(4260)
calls=1 0 
* 123
fi=(50)
-37 1
fe=(67)
+37 5
cfi=(63)
cfn=(5320)
calls=1 +5 
* 67633
* 4
cob=(2)
cfi=(2)
cfn=(4260)
calls=1 0 
* 125
fi=(50)
-37 1
fe=(67)
+37 5
cfi=(63)
cfn=(5320)
calls=1 +5 
* 67633
* 4
cob=(2)
cfi=(2)
cfn=(4260)
calls=1 0 
* 125
fi=(50)
-37 1
fe=(67)
+37 5
cfi=(63)
cfn=(5320)
calls=1 +5 
* 67633
* 4
cob=(2)
cfi=(2)
cfn=(4260)
calls=1 0 
* 125
fi=(50)
-37 1
fe=(67)
+37 5
cfi=(63)
cfn=(5320)
calls=1 +5 
* 67633
* 4
cob=(2)
cfi=(2)
cfn=(4260)
calls=1 0 
* 123
fi=(50)
-37 1
fe=(67)
+37 7
cfi=(63)
cfn=(5320)
calls=1 +5 
* 67633
* 4
cob=(2)
cfi=(2)
cfn=(4260)
calls=1 0 
* 125
+3 4
cob=(2)
cfi=(2)
cfn=(4260)
calls=1 0 
* 509
* 5
cob=(2)
cfi=(2)
cfn=(4260)
calls=1 0 
* 603
* 4
cob=(2)
cfi=(2)
cfn=(4260)
calls=1 0 
* 605
* 4
cob=(2)
cfi=(2)
cfn=(4260)
calls=1 0 
* 17564
* 1
+1 1
0 1
130 9

fn=(5400) ml_dsa::serdes::w1_encode
168 36
fi=(35) /rustc/ac68faa20c58cbccd01ee7208bf3b6e93a7d7f96/library/alloc/src/vec/mod.rs
464 12
0 4
fe=(67)
171 8
cfi=(63)
cfn=(5176) ml_dsa::encoding::simple_bit_pack
calls=5 -72 
* 222216
fi=(34) /rustc/ac68faa20c58cbccd01ee7208bf3b6e93a7d7f96/library/alloc/src/raw_vec/mod.rs
614 4
fi=(35)
1840 4
fi=(34)
767 4
-94 4
fi=(35)
2912 8
fi=(34)
424 4
634 8
fi=(23) /rustc/ac68faa20c58cbccd01ee7208bf3b6e93a7d7f96/library/alloc/src/alloc.rs
128 12
cfi=(6)
cfn=(4970) __rustc::__rust_dealloc
calls=5 0 
* 140
fe=(67)
+43 16
cfi=(63)
cfn=(5176)
calls=5 -72 
* 222216
fi=(34)
614 4
fi=(35)
1840 4
fi=(34)
619 4
fi=(10) /rustc/ac68faa20c58cbccd01ee7208bf3b6e93a7d7f96/library/core/src/num/uint_macros.rs
2548 4
fi=(34)
767 4
-94 4
fi=(20) /rustc/ac68faa20c58cbccd01ee7208bf3b6e93a7d7f96/library/core/src/ptr/mut_ptr.rs
961 4
fi=(18)
552 12
cob=(2)
cfi=(2)
cfn=(4260)
calls=5 0 
* 88
fi=(35)
2912 8
fi=(34)
424 4
634 8
fi=(23)
128 12
cfi=(6)
cfn=(4970)
calls=5 0 
* 140
fe=(67)
+43 16
cfi=(63)
cfn=(5176)
calls=5 -72 
* 222216
fi=(34)
614 4
fi=(35)
1840 4
fi=(34)
619 4
fi=(10)
2548 4
fi=(34)
767 4
-94 4
fi=(20)
961 4
fi=(18)
552 12
cob=(2)
cfi=(2)
cfn=(4260)
calls=5 0 
* 88
fi=(35)
2912 8
fi=(34)
424 4
634 8
fi=(23)
128 12
cfi=(6)
cfn=(4970)
calls=5 0 
* 140
fe=(67)
+43 16
cfi=(63)
cfn=(5176)
calls=5 -72 
* 222216
fi=(34)
614 4
fi=(35)
1840 4
fi=(34)
619 4
fi=(10)
2548 4
fi=(34)
767 4
-94 4
fi=(35)
2907 8
fi=(20)
961 4
fi=(18)
552 12
cob=(2)
cfi=(2)
cfn=(4260)
calls=5 0 
* 88
fi=(35)
2912 8
fi=(34)
424 4
634 8
fi=(23)
128 12
cfi=(6)
cfn=(4970)
calls=5 0 
* 140
fe=(67)
+43 16
cfi=(63)
cfn=(5176)
calls=5 -72 
* 222216
fi=(34)
614 4
fi=(35)
1840 4
fi=(34)
619 4
fi=(10)
2548 4
fi=(34)
767 4
-94 4
fi=(20)
961 4
fi=(18)
552 12
cob=(2)
cfi=(2)
cfn=(4260)
calls=5 0 
* 88
fi=(35)
2912 8
fi=(34)
424 4
634 8
fi=(23)
128 12
cfi=(6)
cfn=(4970)
calls=5 0 
* 140
fe=(67)
+43 4
0 4
171 12
cfi=(63)
cfn=(5176)
calls=5 -72 
* 222216
fi=(34)
614 4
fi=(35)
1840 4
fi=(34)
619 4
fi=(10)
2548 4
fi=(34)
767 4
-94 4
fi=(35)
2907 8
fi=(20)
961 4
fi=(18)
552 16
cob=(2)
cfi=(2)
cfn=(4260)
calls=5 0 
* 88
fi=(35)
2912 8
fi=(34)
424 4
634 8
fi=(23)
128 12
cfi=(6)
cfn=(4970)
calls=5 0 
* 140
fe=(67)
+45 16
+1 36
0 4
fi=(34)
675 12
cfn=(5288) alloc::raw_vec::RawVecInner<A>::reserve::do_reserve_and_handle
calls=5 -14 
* 938
-61 4
fi=(35)
3023 4
fi=(20)
961 4
fi=(18)
552 12
cob=(2)
cfi=(2)
cfn=(4260)
calls=5 0 
* 88
0 8
fi=(34)
675 12
cfn=(5288)
calls=5 -14 
* 1227
-61 4
fi=(35)
3023 4
2907 4
0 4
fi=(34)
675 12
cfn=(5288)
calls=5 -14 
* 2076
-61 4
fi=(35)
3023 4
2907 4
0 4
fi=(34)
675 12
cfn=(5288)
calls=5 -14 
* 937
-61 4
fi=(35)
3023 4
2907 4
fe=(67)

fn=(5526) ml_dsa::serdes::sig_encode
133 13
cfi=(6)
cfn=(4864) __rustc::__rust_no_alloc_shim_is_unstable_v2
calls=1 0 
* 1
fi=(23)
-32 3
cfi=(6)
cfn=(4866) __rustc::__rust_alloc
calls=1 0 
* 142
fi=(34)
469 2
fi=(35)
977 4
fi=(34)
767 2
-94 1
0 1
fi=(35)
2907 2
fi=(20)
961 1
fi=(18)
552 3
cob=(2)
cfi=(2)
cfn=(4260)
calls=1 0 
* 12
fi=(35)
2912 2
0 1
fe=(67)
141 4
cfi=(63)
cfn=(5242) ml_dsa::encoding::bit_pack
calls=1 -32 
* 125659
fi=(34)
614 1
fi=(35)
1840 1
fi=(34)
619 1
fi=(10)
2548 1
fi=(34)
767 1
-94 1
fi=(35)
2907 2
fi=(20)
961 1
fi=(18)
552 3
cob=(2)
cfi=(2)
cfn=(4260)
calls=1 0 
* 89
fi=(35)
2912 2
fi=(34)
424 1
634 2
fi=(23)
128 3
cfi=(6)
cfn=(4970)
calls=1 0 
* 35
fe=(67)
+13 5
cfi=(63)
cfn=(5242)
calls=1 -32 
* 125659
fi=(34)
614 1
fi=(35)
1840 1
fi=(34)
619 1
fi=(10)
2548 1
fi=(34)
767 1
-94 1
fi=(35)
2907 2
fi=(20)
961 1
fi=(18)
552 3
cob=(2)
cfi=(2)
cfn=(4260)
calls=1 0 
* 89
fi=(35)
2912 2
fi=(34)
424 1
634 2
fi=(23)
128 3
cfi=(6)
cfn=(4970)
calls=1 0 
* 35
fe=(67)
+13 5
cfi=(63)
cfn=(5242)
calls=1 -32 
* 125659
fi=(34)
614 1
fi=(35)
1840 1
fi=(34)
619 1
fi=(10)
2548 1
fi=(34)
767 1
-94 1
fi=(35)
2907 2
fi=(20)
961 1
fi=(18)
552 3
cob=(2)
cfi=(2)
cfn=(4260)
calls=1 0 
* 89
fi=(35)
2912 2
fi=(34)
424 1
634 2
fi=(23)
128 3
cfi=(6)
cfn=(4970)
calls=1 0 
* 35
fe=(67)
+13 5
cfi=(63)
cfn=(5242)
calls=1 -32 
* 125659
fi=(34)
614 1
fi=(35)
1840 1
fi=(34)
619 1
fi=(10)
2548 1
fi=(34)
767 1
-94 1
fi=(35)
2907 2
fi=(20)
961 1
fi=(18)
552 3
cob=(2)
cfi=(2)
cfn=(4260)
calls=1 0 
* 89
fi=(35)
2912 2
fi=(34)
424 1
634 2
fi=(23)
128 3
cfi=(6)
cfn=(4970)
calls=1 0 
* 35
fe=(67)
+13 1
0 1
141 4
cfi=(63)
cfn=(5242)
calls=1 -32 
* 125659
fi=(34)
614 1
fi=(35)
1840 1
fi=(34)
619 1
fi=(10)
2548 1
fi=(34)
767 1
-94 1
fi=(35)
2907 2
fi=(20)
961 1
fi=(18)
552 3
cob=(2)
cfi=(2)
cfn=(4260)
calls=1 0 
* 89
fi=(35)
2912 2
fi=(34)
424 1
634 2
fi=(23)
128 3
cfi=(6)
cfn=(4970)
calls=1 0 
* 35
0 2
fe=(67)
143 1
cfi=(73) /home/rick/unl/king's/thesis/ml-dsa/ml-dsa/src/hint.rs
cfn=(5536) ml_dsa::hint::hint_bit_pack
calls=1 17 
* 5643
fi=(34)
614 1
fi=(35)
1840 1
fi=(34)
619 1
fi=(10)
2548 1
fi=(34)
767 1
-94 1
fi=(35)
2907 2
fi=(20)
961 1
fi=(18)
552 4
cob=(2)
cfi=(2)
cfn=(4260)
calls=1 0 
* 12
fi=(35)
2912 2
fi=(34)
424 1
634 2
fi=(23)
128 3
cfi=(6)
cfn=(4970)
calls=1 0 
* 35
fe=(67)
+16 4
+1 9

fl=(34)
fn=(5292) alloc::raw_vec::RawVecInner<A>::finish_grow
543 80
fi=(70) /rustc/ac68faa20c58cbccd01ee7208bf3b6e93a7d7f96/library/core/src/alloc/layout.rs
75 16
+38 16
0 16
fe=(34)
634 32
0 12
fi=(23)
155 48
cfi=(6)
cfn=(5296) __rustc::__rust_realloc
calls=15 0 
* 3604
fe=(34)
563 24
fi=(23)
206 8
+4 4
cfi=(6)
cfn=(4864)
calls=5 0 
* 4
101 12
cfi=(6)
cfn=(4866)
calls=5 0 
* 718
fe=(34)
563 8
+1 32
0 48
567 64

fn=(5288)
661 48
fi=(10)
823 16
fi=(57) /rustc/ac68faa20c58cbccd01ee7208bf3b6e93a7d7f96/library/core/src/intrinsics/mod.rs
457 16
0 16
fe=(34)
522 32
fi=(19) /rustc/ac68faa20c58cbccd01ee7208bf3b6e93a7d7f96/library/core/src/cmp.rs
1037 80
fe=(34)
528 16
0 16
528 48
cfn=(5292)
calls=20 +15 
* 4746
fi=(26) /rustc/ac68faa20c58cbccd01ee7208bf3b6e93a7d7f96/library/core/src/result.rs
2173 32
+1 16
fe=(34)
776 16
+1 16
671 64

fl=(30) /rustc/ac68faa20c58cbccd01ee7208bf3b6e93a7d7f96/library/std/src/sys/backtrace.rs
fn=(4904) std::sys::backtrace::__rust_begin_short_backtrace
fi=(87) /rustc/ac68faa20c58cbccd01ee7208bf3b6e93a7d7f96/library/core/src/ops/function.rs
cfi=(31) /home/rick/unl/king's/thesis/ml-dsa/ml-dsa/examples/profile.rs
cfn=(4906) profile::main
calls=1 139 
250 16553251
fe=(30)

fl=(14) /rustc/ac68faa20c58cbccd01ee7208bf3b6e93a7d7f96/library/core/src/ptr/non_null.rs
fn=(5444) <digest::core_api::xof_reader::XofReaderCoreWrapper<T> as digest::XofReader>::read::{{closure}}
1717 8
fi=(55) /rustc/ac68faa20c58cbccd01ee7208bf3b6e93a7d7f96/library/core/src/slice/iter/macros.rs
180 8
0 60
fi=(62) /home/rick/.cargo/registry/src/index.crates.io-1949cf8c6b5b557f/digest-0.10.7/src/core_api/xof_reader.rs
44 12
fi=(18)
552 24
cob=(2)
cfi=(2)
cfn=(4260)
calls=4 0 
* 120
fi=(58) /home/rick/.cargo/registry/src/index.crates.io-1949cf8c6b5b557f/sha3-0.10.9/src/state.rs
61 12
cfi=(54) /home/rick/.cargo/registry/src/index.crates.io-1949cf8c6b5b557f/keccak-0.1.6/src/lib.rs
cfn=(5024) keccak::p1600
calls=4 166 
* 24632
fi=(62)
-17 16
cob=(2)
cfi=(2)
cfn=(4260)
calls=4 -44 
* 120
fe=(14)
1717 8
fi=(55)
180 4
0 28
fi=(62)
46 8
fe=(14)

fl=(46) /home/rick/unl/king's/thesis/ml-dsa/ml-dsa/src/lib.rs
fn=(5310) ml_dsa::ml_dsa_65::sign_internal
97 4
fi=(69) /home/rick/unl/king's/thesis/ml-dsa/ml-dsa/src/sign.rs
-66 1
cfn=(5312) ml_dsa::sign::sign_internal_traced
calls=1 +6 
* 16553221
* 4
fe=(46)
+68 4

fl=(31)
fn=(4906)
cfn=(5308) profile::bench_sign
calls=1 90 
103 16553251

fn=(5308)
90 1
fi=(75) /rustc/ac68faa20c58cbccd01ee7208bf3b6e93a7d7f96/library/core/src/hint.rs
491 13
fe=(31)
91 1
cfi=(46)
cfn=(5310)
calls=1 +6 
* 16553234
+1 2

fl=(24) /rustc/ac68faa20c58cbccd01ee7208bf3b6e93a7d7f96/library/std/src/alloc.rs
fn=(5042) __rustc::__rdl_alloc_zeroed
482 45234
fi=(25) /rustc/ac68faa20c58cbccd01ee7208bf3b6e93a7d7f96/library/std/src/sys/alloc/unix.rs
35 45234
+1 52773
cob=(2)
cfi=(2)
cfn=(4760) calloc
calls=15006 -36 
* 459477
fe=(24)

fn=(5298) __rustc::__rdl_realloc
467 96
fi=(25)
53 72
+1 96
cob=(2)
cfi=(2)
cfn=(4232) realloc
calls=16 -54 
* 3328
fe=(24)

fn=(4868) __rustc::__rdl_alloc
450 34
fi=(25)
13 204
+1 68
cob=(2)
cfi=(2)
cfn=(3994) malloc
calls=75 -14 
* 2190
fe=(24)

fl=(63)
fn=(5320)
131 370
+1 37
0 37
fi=(10)
154 111
fe=(63)
16 37
-16 37
133 37
cfn=(5322) ml_dsa::encoding::bytes_to_bits
calls=42 -72 
* 966479
fi=(60) /home/rick/unl/king's/thesis/ml-dsa/ml-dsa/src/poly.rs
32 148
cob=(2)
cfi=(2)
cfn=(4642) 0x00000000001729c0
calls=42 -32 
* 2886
* 148
-32 74
fe=(63)
136 28416
0 9472
fi=(19)
1915 9472
fi=(36) /rustc/ac68faa20c58cbccd01ee7208bf3b6e93a7d7f96/library/core/src/iter/range.rs
900 9472
fe=(63)
136 28416
fi=(50)
438 18944
fe=(63)
0 9472
fi=(50)
89 9472
-89 28416
fi=(19)
1915 47360
fe=(63)
34 18944
fi=(88) /rustc/ac68faa20c58cbccd01ee7208bf3b6e93a7d7f96/library/core/src/ops/range.rs
563 9472
fi=(19)
1915 620800
fe=(63)
34 248320
fi=(88)
563 124160
fi=(36)
0 248320
fi=(88)
563 248320
fi=(34)
424 37
634 74
fi=(23)
128 111
cfi=(6)
cfn=(4970)
calls=42 0 
* 3401
fe=(63)
+11 333

fn=(5242)
109 40
+1 5
0 5
fi=(10)
154 20
fe=(63)
16 5
+95 10
fi=(34)
460 15
0 10
cfi=(6)
cfn=(4864)
calls=22 0 
0 5
fi=(23)
101 15
cfi=(6)
cfn=(4866)
calls=22 0 
* 710
fi=(34)
469 10
fi=(35)
977 60
0 25
fe=(63)
113 5
fi=(34)
0 5
cfi=(6)
cfn=(4864)
calls=22 0 
0 5
fi=(35)
0 3825
fe=(63)
113 1275
fi=(34)
0 1275
cfi=(6)
cfn=(4864)
calls=5610 0 
0 1275
fi=(23)
198 5120
cfi=(6)
cfn=(5040) __rustc::__rust_alloc_zeroed
calls=5632 0 
* 85760
fi=(34)
469 2560
fe=(63)
0 2560
113 1280
0 1280
fi=(36)
900 1280
0 3840
fe=(63)
24 19200
fi=(10)
898 1280
fe=(63)
25 1280
fi=(36)
900 2560
fe=(63)
24 76800
fi=(10)
898 5120
fe=(63)
25 5120
fi=(36)
900 10240
0 2560
900 1280
fi=(34)
619 1280
fi=(10)
2548 1280
fi=(34)
767 2560
fe=(63)
0 2560
fi=(20)
961 1280
fi=(18)
552 3840
cob=(2)
cfi=(2)
cfn=(4260)
calls=5632 0 
* 14080
fi=(35)
2912 2560
fi=(23)
128 5120
cfi=(6)
cfn=(4970)
calls=5632 0 
* 44800
fi=(19)
1915 1280
fi=(36)
900 1285
fi=(35)
0 5
fe=(63)
116 25
cfn=(5192) ml_dsa::encoding::bits_to_bytes
calls=22 -65 
* 307965
fi=(34)
424 5
634 10
fi=(23)
128 15
cfi=(6)
cfn=(4970)
calls=22 0 
* 580
fe=(63)
-11 45

fn=(5176)
99 216
fi=(10)
+55 96
fe=(63)
16 24
+85 48
fi=(34)
460 72
0 24
cfi=(6)
cfn=(4864)
calls=36 0 
0 24
fi=(23)
101 72
cfi=(6)
cfn=(4866)
calls=36 0 
* 960
fi=(34)
469 48
fi=(35)
977 240
0 120
fe=(63)
103 24
fi=(34)
0 24
cfi=(6)
cfn=(4864)
calls=36 0 
0 24
fi=(35)
0 12240
fe=(63)
103 6120
fi=(34)
0 6120
cfi=(6)
cfn=(4864)
calls=9180 0 
0 6120
fi=(23)
198 18432
cfi=(6)
cfn=(5040)
calls=9216 0 
* 387072
fi=(34)
469 12288
0 12288
fi=(36)
900 6144
0 12288
fe=(63)
24 92160
fi=(10)
898 6144
fe=(63)
25 6144
fi=(36)
900 12288
0 6144
900 6144
fi=(34)
619 6144
fi=(10)
2548 6144
0 6144
fi=(34)
767 12288
0 12288
fi=(20)
961 6144
fi=(18)
552 18432
cob=(2)
cfi=(2)
cfn=(4260)
calls=9216 0 
* 92160
fi=(35)
2912 12288
fi=(23)
128 24576
cfi=(6)
cfn=(4970)
calls=9216 0 
* 215040
fi=(19)
1915 6144
fi=(36)
900 6168
fi=(35)
0 24
fe=(63)
105 120
cfn=(5192)
calls=36 -54 
* 297840
fi=(34)
424 24
634 48
fi=(23)
128 72
cfi=(6)
cfn=(4970)
calls=36 0 
* 840
fe=(63)
-22 216

fn=(5192)
51 232
fi=(10)
3714 58
fi=(34)
460 29
0 29
cfi=(6)
cfn=(4864)
calls=58 0 
0 29
fi=(23)
198 87
cfi=(6)
cfn=(5040)
calls=58 0 
* 2736
fi=(34)
469 58
0 29
fi=(19)
1915 29
fi=(36)
900 29
0 58
fe=(63)
55 58
fi=(50)
278 58
fe=(63)
55 100294
fi=(50)
278 100294
fi=(10)
898 50176
fe=(63)
55 200704
-55 50176
fi=(19)
1915 50176
fi=(36)
900 50176
fe=(63)
57 87
+1 203

fn=(5322)
61 205
+2 41
-63 41
fi=(57)
457 41
fi=(34)
0 41
460 41
0 164
cfi=(6)
cfn=(4864)
calls=53 0 
0 41
0 41
fi=(23)
198 123
cfi=(6)
cfn=(5040)
calls=53 0 
* 130042
fi=(34)
469 82
0 123
fi=(19)
1915 41
fi=(36)
900 41
0 41
fi=(50)
278 123
0 41
278 33472
fe=(63)
65 16736
+2 50208
fi=(50)
278 33472
fe=(63)
68 33472
-1 33472
fi=(50)
278 33472
fe=(63)
68 33472
-1 33472
fi=(50)
278 33472
fe=(63)
68 33472
-1 33472
fi=(50)
278 33472
fe=(63)
68 33472
-1 33472
fi=(50)
278 33472
fe=(63)
68 33472
-1 33472
fi=(50)
278 33472
fe=(63)
68 33472
-1 33472
fi=(50)
278 33472
fe=(63)
0 16736
68 16736
-1 16736
fi=(19)
1915 33472
fi=(36)
900 16736
fe=(63)
71 123
+1 287

fl=(69)
fn=(5312)
37 8
fi=(32) /rustc/ac68faa20c58cbccd01ee7208bf3b6e93a7d7f96/library/core/src/fmt/mod.rs
-37 146
fe=(69)
43 1
cfi=(67)
cfn=(5316)
calls=1 +56 
* 670545
fi=(26)
1183 2
0 1
1184 3
0 1
1184 3
cob=(2)
cfi=(2)
cfn=(4260)
calls=1 0 
* 17552
fe=(69)
42 18
-42 1
42 3
cob=(2)
cfi=(2)
cfn=(4260)
calls=1 -42 
* 509
* 5
cob=(2)
cfi=(2)
cfn=(4260)
calls=1 -42 
* 603
* 5
cob=(2)
cfi=(2)
cfn=(4260)
calls=1 -42 
* 605
fi=(64) /home/rick/unl/king's/thesis/ml-dsa/ml-dsa/src/vecops.rs
-24 2
-18 1
18 3
cfi=(48) /home/rick/unl/king's/thesis/ml-dsa/ml-dsa/src/ntt.rs
cfn=(5130) ml_dsa::ntt::ntt
calls=1 +59 
* 55208
* 4
cob=(2)
cfi=(2)
cfn=(4260)
calls=1 -18 
* 123
* 3
cfi=(48)
cfn=(5130)
calls=1 +59 
* 55208
* 4
cob=(2)
cfi=(2)
cfn=(4260)
calls=1 -18 
* 125
* 3
cfi=(48)
cfn=(5130)
calls=1 +59 
* 55208
* 4
cob=(2)
cfi=(2)
cfn=(4260)
calls=1 -18 
* 125
* 3
cfi=(48)
cfn=(5130)
calls=1 +59 
* 55208
* 4
cob=(2)
cfi=(2)
cfn=(4260)
calls=1 -18 
* 125
* 3
cfi=(48)
cfn=(5130)
calls=1 +59 
* 55208
* 4
cob=(2)
cfi=(2)
cfn=(4260)
calls=1 -18 
* 123
-18 1
18 3
cfi=(48)
cfn=(5130)
calls=1 +59 
* 55208
* 4
cob=(2)
cfi=(2)
cfn=(4260)
calls=1 -18 
* 125
* 3
cfi=(48)
cfn=(5130)
calls=1 +59 
* 55208
* 4
cob=(2)
cfi=(2)
cfn=(4260)
calls=1 -18 
* 123
* 3
cfi=(48)
cfn=(5130)
calls=1 +59 
* 55208
* 4
cob=(2)
cfi=(2)
cfn=(4260)
calls=1 -18 
* 125
* 3
cfi=(48)
cfn=(5130)
calls=1 +59 
* 55208
* 4
cob=(2)
cfi=(2)
cfn=(4260)
calls=1 -18 
* 125
* 3
cfi=(48)
cfn=(5130)
calls=1 +59 
* 55208
* 4
cob=(2)
cfi=(2)
cfn=(4260)
calls=1 -18 
* 125
* 3
cfi=(48)
cfn=(5130)
calls=1 +59 
* 55208
* 4
cob=(2)
cfi=(2)
cfn=(4260)
calls=1 -18 
* 123
-18 1
18 3
cfi=(48)
cfn=(5130)
calls=1 +59 
* 55208
* 4
cob=(2)
cfi=(2)
cfn=(4260)
calls=1 -18 
* 125
* 3
cfi=(48)
cfn=(5130)
calls=1 +59 
* 55208
* 4
cob=(2)
cfi=(2)
cfn=(4260)
calls=1 -18 
* 125
* 3
cfi=(48)
cfn=(5130)
calls=1 +59 
* 55208
* 4
cob=(2)
cfi=(2)
cfn=(4260)
calls=1 -18 
* 125
* 3
cfi=(48)
cfn=(5130)
calls=1 +59 
* 55208
* 4
cob=(2)
cfi=(2)
cfn=(4260)
calls=1 -18 
* 123
* 3
cfi=(48)
cfn=(5130)
calls=1 +59 
* 55208
* 4
cob=(2)
cfi=(2)
cfn=(4260)
calls=1 -18 
* 125
* 3
cfi=(48)
cfn=(5130)
calls=1 +59 
* 55208
* 4
cob=(2)
cfi=(2)
cfn=(4260)
calls=1 -18 
* 125
* 2
fe=(69)
+29 1
cfi=(59) /home/rick/unl/king's/thesis/ml-dsa/ml-dsa/src/expand.rs
cfn=(5060) ml_dsa::expand::expand_a
calls=1 -31 
* 1741814
fi=(58)
-30 14
fi=(51) /home/rick/.cargo/registry/src/index.crates.io-1949cf8c6b5b557f/block-buffer-0.10.4/src/lib.rs
+59 9
fi=(49) /home/rick/unl/king's/thesis/ml-dsa/ml-dsa/src/hash.rs
-53 1
fe=(69)
+28 6
cfi=(49)
cfn=(4988) ml_dsa::hash::H::absorb
calls=1 -25 
* 44
+1 4
cfi=(49)
cfn=(4988)
calls=1 -26 
* 45
fi=(58)
-35 1
fe=(69)
+36 5
+1 4
cob=(2)
cfi=(2)
cfn=(4260)
calls=1 -54 
* 65
* 5
cfi=(49)
cfn=(5014) ml_dsa::hash::H::finalize
calls=1 -24 
* 6405
* 6
cfi=(49)
cfn=(5110) ml_dsa::hash::HReader::squeeze
calls=1 -17 
* 6288
fi=(58)
-37 14
fi=(51)
+59 9
fi=(49)
-53 3
fe=(69)
+35 3
cfi=(49)
cfn=(4988)
calls=1 -32 
* 44
+1 4
cfi=(49)
cfn=(4988)
calls=1 -33 
* 44
+1 4
cfi=(49)
cfn=(4988)
calls=1 -34 
* 44
fi=(58)
-43 1
fe=(69)
+44 5
+1 4
cob=(2)
cfi=(2)
cfn=(4260)
calls=1 -62 
* 65
* 4
cfi=(49)
cfn=(5014)
calls=1 -32 
* 6406
* 4
cfi=(49)
cfn=(5110)
calls=1 -25 
* 6288
* 3
-62 4
fi=(23)
128 12
cfi=(6)
cfn=(4970)
calls=3 0 
* 105
0 4
fe=(69)
69 20
cfi=(59)
cfn=(5370) ml_dsa::expand::expand_mask
calls=4 -13 
* 2829376
fi=(48)
+9 16
cob=(2)
cfi=(2)
cfn=(4260)
calls=4 -78 
* 500
* 4
-78 12
80 8
fi=(71) /rustc/ac68faa20c58cbccd01ee7208bf3b6e93a7d7f96/library/core/src/num/int_macros.rs
3228 176
+1 32
fi=(48)
80 256
fi=(71)
3228 5456
+1 992
fi=(48)
80 248
fi=(55)
180 384
fe=(69)
67 4
-67 12
fi=(48)
86 12
-86 4
88 4
-1 4
+1 4
fe=(69)
-88 28
fi=(48)
86 84
-86 28
88 28
-1 28
+1 1016
-1 988
+1 5068
-88 1020
91 20480
fi=(71)
3228 36864
0 4096
3229 12288
fi=(48)
92 12288
fi=(71)
3228 32768
0 4096
3229 4096
fi=(72) /home/rick/unl/king's/thesis/ml-dsa/ml-dsa/src/field.rs
20 4096
fi=(48)
+73 4096
fi=(71)
3228 32768
0 4096
3229 4096
fi=(72)
20 4096
fi=(48)
+72 4096
+1 4096
+1 4096
-4 8192
+6 1020
-10 3060
+12 32
-14 32
+16 12
0 4
100 12
cob=(2)
cfi=(2)
cfn=(4260)
calls=4 0 
* 500
fi=(64)
-82 16
cob=(2)
cfi=(2)
cfn=(4260)
calls=4 -18 
* 500
fi=(48)
+60 16
cob=(2)
cfi=(2)
cfn=(4260)
calls=4 -78 
* 500
* 12
+2 8
fi=(71)
3228 176
+1 32
fi=(48)
80 8
fi=(55)
180 4
fi=(48)
80 248
fi=(71)
3228 5456
+1 992
fi=(48)
80 248
fi=(55)
180 380
0 16
fi=(48)
86 12
-86 4
88 4
-1 4
+1 4
fi=(55)
-88 28
fi=(48)
86 84
-86 28
88 28
-1 28
+1 1016
-1 988
+1 5068
-88 1020
91 20480
fi=(71)
3228 36864
0 4096
3229 12288
fi=(48)
92 12288
fi=(71)
3228 32768
0 4096
3229 4096
fi=(72)
20 4096
fi=(48)
+73 4096
fi=(71)
3228 32768
0 4096
3229 4096
fi=(72)
20 4096
fi=(48)
+72 4096
+1 4096
+1 4096
-4 8192
+6 1020
-10 2040
+12 32
-14 32
+16 12
0 4
100 12
cob=(2)
cfi=(2)
cfn=(4260)
calls=4 0 
* 500
fi=(64)
-82 16
cob=(2)
cfi=(2)
cfn=(4260)
calls=4 -18 
* 500
fi=(48)
+60 16
cob=(2)
cfi=(2)
cfn=(4260)
calls=4 -78 
* 500
* 12
-78 4
80 8
fi=(71)
3228 176
+1 32
fi=(48)
80 256
fi=(71)
3228 5456
+1 992
fi=(48)
80 248
fi=(55)
180 384
0 16
fi=(48)
86 12
-86 4
88 4
-1 4
+1 4
fi=(55)
-88 28
fi=(48)
86 84
-86 28
88 28
-1 28
+1 1016
-1 988
+1 5068
-88 1020
91 20480
fi=(71)
3228 36864
0 4096
3229 12288
fi=(48)
92 12288
fi=(71)
3228 32768
0 4096
3229 4096
fi=(72)
20 4096
fi=(48)
+73 4096
fi=(71)
3228 32768
0 4096
3229 4096
fi=(72)
20 4096
fi=(48)
+72 4096
+1 4096
+1 4096
-4 8192
+6 1020
-10 2040
+12 32
-14 32
+16 12
0 4
100 12
cob=(2)
cfi=(2)
cfn=(4260)
calls=4 0 
* 500
fi=(64)
-82 16
cob=(2)
cfi=(2)
cfn=(4260)
calls=4 -18 
* 492
fi=(48)
+60 16
cob=(2)
cfi=(2)
cfn=(4260)
calls=4 -78 
* 500
* 12
-78 4
80 8
fi=(71)
3228 176
+1 32
fi=(48)
80 256
fi=(71)
3228 5456
+1 992
fi=(48)
80 248
fi=(55)
180 384
0 16
fi=(48)
86 12
-86 4
88 4
-1 4
+1 4
fi=(55)
-88 28
fi=(48)
86 84
-86 28
88 28
-1 28
+1 1016
-1 988
+1 5068
-88 1020
91 20480
fi=(71)
3228 36864
0 4096
3229 12288
fi=(48)
92 12288
fi=(71)
3228 32768
0 4096
3229 4096
fi=(72)
20 4096
fi=(48)
+73 4096
fi=(71)
3228 32768
0 4096
3229 4096
fi=(72)
20 4096
fi=(48)
+72 4096
+1 4096
+1 4096
-4 8192
+6 1020
-10 2040
+12 32
-14 32
+16 12
0 4
100 12
cob=(2)
cfi=(2)
cfn=(4260)
calls=4 0 
* 500
fi=(64)
-82 16
cob=(2)
cfi=(2)
cfn=(4260)
calls=4 -18 
* 500
fi=(48)
+60 16
cob=(2)
cfi=(2)
cfn=(4260)
calls=4 -78 
* 500
* 12
-78 4
80 8
fi=(71)
3228 176
+1 32
fi=(48)
80 256
fi=(71)
3228 5456
+1 992
fi=(48)
80 248
fi=(55)
180 384
0 16
fi=(48)
86 12
-86 4
88 4
-1 4
+1 4
fi=(55)
-88 28
fi=(48)
86 84
-86 28
88 28
-1 28
+1 1016
-1 988
+1 5068
-88 1020
91 20480
fi=(71)
3228 36864
0 4096
3229 12288
fi=(48)
92 12288
fi=(71)
3228 32768
0 4096
3229 4096
fi=(72)
20 4096
fi=(48)
+73 4096
fi=(71)
3228 32768
0 4096
3229 4096
fi=(72)
20 4096
fi=(48)
+72 4096
+1 4096
+1 4096
-4 8192
+6 1020
-10 2040
+12 32
-14 32
+16 12
0 4
100 12
cob=(2)
cfi=(2)
cfn=(4260)
calls=4 0 
* 500
fi=(64)
-82 16
cob=(2)
cfi=(2)
cfn=(4260)
calls=4 -18 
* 500
* 4
fe=(69)
+52 16
cfi=(65) /home/rick/unl/king's/thesis/ml-dsa/ml-dsa/src/ntt_arith.rs
cfn=(5142) ml_dsa::ntt_arith::matrix_vector_ntt
calls=4 -21 
* 1076792
fi=(64)
-43 16
cfi=(48)
cfn=(5150) ml_dsa::ntt::inv_ntt
calls=4 +77 
* 254100
* 20
cob=(2)
cfi=(2)
cfn=(4260)
calls=4 -27 
* 500
* 12
cfi=(48)
cfn=(5150)
calls=4 +77 
* 254100
* 16
cob=(2)
cfi=(2)
cfn=(4260)
calls=4 -27 
* 500
* 12
cfi=(48)
cfn=(5150)
calls=4 +77 
* 254100
* 16
cob=(2)
cfi=(2)
cfn=(4260)
calls=4 -27 
* 492
* 12
cfi=(48)
cfn=(5150)
calls=4 +77 
* 254100
* 16
cob=(2)
cfi=(2)
cfn=(4260)
calls=4 -27 
* 500
* 12
cfi=(48)
cfn=(5150)
calls=4 +77 
* 254100
* 16
cob=(2)
cfi=(2)
cfn=(4260)
calls=4 -27 
* 500
* 12
cfi=(48)
cfn=(5150)
calls=4 +77 
* 254100
* 16
cob=(2)
cfi=(2)
cfn=(4260)
calls=4 -27 
* 500
* 4
fe=(69)
+44 12
cfi=(64)
cfn=(5392) ml_dsa::vecops::high_bits_vec
calls=4 +36 
* 115964
fi=(58)
-54 60
fi=(51)
+59 36
fi=(49)
-53 4
fe=(69)
+52 24
cfi=(49)
cfn=(4988)
calls=4 -49 
* 176
+1 12
cfi=(67)
cfn=(5400)
calls=4 +92 
* 1340594
fi=(34)
614 4
fi=(35)
1840 4
fe=(69)
76 12
cfi=(49)
cfn=(4988)
calls=4 -50 
* 149084
fi=(34)
424 4
634 8
fi=(23)
128 12
cfi=(6)
cfn=(4970)
calls=4 0 
* 140
fi=(52) /home/rick/.cargo/registry/src/index.crates.io-1949cf8c6b5b557f/digest-0.10.7/src/core_api/wrapper.rs
+75 20
cob=(2)
cfi=(2)
cfn=(4260)
calls=4 0 
* 120
* 20
cob=(2)
cfi=(2)
cfn=(4260)
calls=4 0 
* 120
fi=(51)
-7 4
fi=(50)
-95 8
fi=(55)
+79 8
fi=(51)
+8 8
cob=(2)
cfi=(2)
cfn=(4642)
calls=4 0 
* 76
fi=(53) /home/rick/.cargo/registry/src/index.crates.io-1949cf8c6b5b557f/sha3-0.10.9/src/macros.rs
-49 4
+2 4
fi=(58)
-95 96
fi=(26)
1718 4
fi=(58)
46 4
+3 12
cfi=(54)
cfn=(5024)
calls=4 166 
* 24632
-41 20
cob=(2)
cfi=(2)
cfn=(4260)
calls=4 -8 
* 120
+9 4
fi=(51)
+59 36
fi=(49)
-45 20
cob=(2)
cfi=(2)
cfn=(4260)
calls=4 -31 
* 260
fi=(34)
-31 4
cfi=(6)
cfn=(4864)
calls=4 0 
0 4
fi=(23)
198 12
cfi=(6)
cfn=(5040)
calls=4 0 
* 478
0 4
fi=(34)
469 8
fi=(62)
41 4
fi=(51)
196 8
+62 4
fi=(18)
0 12
fi=(51)
271 16
cfi=(14)
cfn=(5444)
calls=4 1717 
* 12
+3 8
fi=(58)
17 4
fi=(18)
1721 36
fi=(51)
276 16
cfi=(14)
cfn=(5444)
calls=4 1717 
* 25048
fi=(18)
552 16
cob=(2)
cfi=(2)
cfn=(4260)
calls=4 0 
* 48
fe=(69)
78 16
cfi=(61) /home/rick/unl/king's/thesis/ml-dsa/ml-dsa/src/sample.rs
cfn=(5452) ml_dsa::sample::sample_in_ball
calls=4 -62 
* 68572
* 16
cob=(2)
cfi=(2)
cfn=(4260)
calls=4 -78 
* 500
* 4
fi=(48)
-78 12
80 8
fi=(71)
3228 176
+1 32
fi=(48)
80 256
fi=(71)
3228 5456
+1 992
fi=(48)
80 248
fi=(55)
180 384
0 16
fi=(48)
86 12
-86 4
88 4
-1 4
+1 4
fi=(55)
-88 28
fi=(48)
86 84
-86 28
88 28
-1 28
+1 1016
-1 988
+1 5068
-88 1020
91 20480
fi=(71)
3228 36864
0 4096
3229 12288
fi=(48)
92 12288
fi=(71)
3228 32768
0 4096
3229 4096
fi=(72)
20 4096
fi=(48)
+73 4096
fi=(71)
3228 32768
0 4096
3229 4096
fi=(72)
20 4096
fi=(48)
+72 4096
+1 4096
+1 4096
-4 8192
+6 1020
-10 2040
+12 32
-14 32
+16 24
cob=(2)
cfi=(2)
cfn=(4260)
calls=4 0 
* 500
fe=(69)
-18 20
cfi=(65)
cfn=(5464) ml_dsa::ntt_arith::scalar_vector_ntt
calls=4 -42 
* 101216
* 4
fi=(64)
-55 12
cfi=(48)
cfn=(5150)
calls=4 +77 
* 254100
* 16
cob=(2)
cfi=(2)
cfn=(4260)
calls=4 -27 
* 492
* 12
cfi=(48)
cfn=(5150)
calls=4 +77 
* 254100
* 16
cob=(2)
cfi=(2)
cfn=(4260)
calls=4 -27 
* 500
* 12
cfi=(48)
cfn=(5150)
calls=4 +77 
* 254100
* 16
cob=(2)
cfi=(2)
cfn=(4260)
calls=4 -27 
* 500
* 12
cfi=(48)
cfn=(5150)
calls=4 +77 
* 254100
* 16
cob=(2)
cfi=(2)
cfn=(4260)
calls=4 -27 
* 500
* 12
cfi=(48)
cfn=(5150)
calls=4 +77 
* 254100
* 16
cob=(2)
cfi=(2)
cfn=(4260)
calls=4 -27 
* 492
fe=(69)
+56 16
cfi=(65)
cfn=(5464)
calls=4 -43 
* 123064
fi=(64)
-56 12
cfi=(48)
cfn=(5150)
calls=4 +77 
* 254100
* 16
cob=(2)
cfi=(2)
cfn=(4260)
calls=4 -27 
* 492
* 12
cfi=(48)
cfn=(5150)
calls=4 +77 
* 254100
* 16
cob=(2)
cfi=(2)
cfn=(4260)
calls=4 -27 
* 500
* 12
cfi=(48)
cfn=(5150)
calls=4 +77 
* 254100
* 16
cob=(2)
cfi=(2)
cfn=(4260)
calls=4 -27 
* 500
* 12
cfi=(48)
cfn=(5150)
calls=4 +77 
* 254100
* 16
cob=(2)
cfi=(2)
cfn=(4260)
calls=4 -27 
* 500
* 12
cfi=(48)
cfn=(5150)
calls=4 +77 
* 254100
* 16
cob=(2)
cfi=(2)
cfn=(4260)
calls=4 -27 
* 492
* 12
cfi=(48)
cfn=(5150)
calls=4 +77 
* 254100
* 16
cob=(2)
cfi=(2)
cfn=(4260)
calls=4 -27 
* 500
fe=(69)
+57 16
cfi=(64)
cfn=(5154) ml_dsa::vecops::add_vec
calls=4 -33 
* 105152
+1 16
cfi=(64)
cfn=(5470) ml_dsa::vecops::sub_vec
calls=4 -23 
* 126152
* 12
cfi=(64)
cfn=(5476) ml_dsa::vecops::low_bits_vec
calls=4 +31 
* 89828
-85 36
fi=(64)
153 8
fi=(71)
3228 176
+1 20
fi=(64)
153 248
fi=(71)
3228 5456
+1 992
fi=(72)
64 744
fi=(71)
3229 12
fi=(72)
64 40
fi=(71)
3608 32
fi=(64)
154 72
fi=(36)
900 12
fi=(72)
64 496
fi=(71)
3608 992
fi=(64)
154 2232
fi=(36)
900 488
0 4
fi=(64)
153 8
fi=(71)
3228 112
fi=(64)
153 248
fi=(71)
3228 5456
+1 992
fi=(72)
64 744
fi=(71)
3228 64
+1 32
fi=(72)
64 40
fi=(71)
3608 32
fi=(64)
154 72
fi=(72)
-90 496
fi=(71)
3608 992
fi=(64)
154 2232
fi=(36)
900 500
0 4
fi=(64)
153 8
fi=(71)
3228 112
fi=(64)
153 248
fi=(71)
3228 5456
+1 992
fi=(72)
64 744
fi=(71)
3228 64
+1 32
fi=(72)
64 40
fi=(71)
3608 32
fi=(64)
154 72
fi=(72)
-90 496
fi=(71)
3608 992
fi=(64)
154 2232
fi=(36)
900 500
0 4
fi=(64)
153 8
fi=(71)
3228 112
fi=(64)
153 248
fi=(71)
3228 5456
+1 992
fi=(72)
64 744
fi=(71)
3228 64
+1 32
fi=(72)
64 40
fi=(71)
3608 32
fi=(64)
154 72
fi=(72)
-90 496
fi=(71)
3608 992
fi=(64)
154 2232
fi=(36)
900 500
0 4
fi=(64)
153 8
fi=(71)
3228 112
fi=(64)
153 248
fi=(71)
3228 5456
+1 992
fi=(72)
64 744
fi=(71)
3228 64
+1 32
fi=(72)
64 40
fi=(71)
3608 32
fi=(64)
154 72
fi=(72)
-90 496
fi=(71)
3608 992
fi=(64)
154 2232
fi=(36)
900 492
fe=(69)
88 12
cfi=(64)
cfn=(5498) ml_dsa::vecops::inf_norm
calls=2 +61 
* 36084
* 4
+6 4
cfi=(65)
cfn=(5464)
calls=1 -54 
* 30766
fi=(64)
-67 3
cfi=(48)
cfn=(5150)
calls=1 +77 
* 63525
* 4
cob=(2)
cfi=(2)
cfn=(4260)
calls=1 -27 
* 125
* 3
cfi=(48)
cfn=(5150)
calls=1 +77 
* 63525
* 4
cob=(2)
cfi=(2)
cfn=(4260)
calls=1 -27 
* 125
* 3
cfi=(48)
cfn=(5150)
calls=1 +77 
* 63525
* 4
cob=(2)
cfi=(2)
cfn=(4260)
calls=1 -27 
* 123
* 3
cfi=(48)
cfn=(5150)
calls=1 +77 
* 63525
* 4
cob=(2)
cfi=(2)
cfn=(4260)
calls=1 -27 
* 125
* 3
cfi=(48)
cfn=(5150)
calls=1 +77 
* 63525
* 4
cob=(2)
cfi=(2)
cfn=(4260)
calls=1 -27 
* 125
* 3
cfi=(48)
cfn=(5150)
calls=1 +77 
* 63525
* 4
cob=(2)
cfi=(2)
cfn=(4260)
calls=1 -27 
* 125
fe=(69)
+68 4
cfi=(64)
cfn=(5470)
calls=1 -33 
* 31538
* 4
cfi=(64)
cfn=(5154)
calls=1 -44 
* 31538
fi=(60)
-32 4
cob=(2)
cfi=(2)
cfn=(4642)
calls=1 -63 
* 6163
* 1
fi=(58)
-46 3
fi=(64)
+60 2
fi=(71)
3228 44
+1 8
fi=(64)
77 64
fi=(71)
3228 1364
+1 248
fi=(64)
77 62
fi=(36)
900 96
0 2
fi=(64)
77 2
fi=(71)
3228 44
+1 8
fi=(64)
77 2
fi=(36)
900 2
fi=(64)
77 62
fi=(71)
3228 1364
+1 248
fi=(64)
77 62
fi=(36)
900 94
0 2
fi=(64)
77 2
fi=(71)
3228 44
+1 8
fi=(64)
77 2
fi=(36)
900 2
fi=(64)
77 62
fi=(71)
3228 1364
+1 248
fi=(64)
77 62
fi=(36)
900 94
0 2
fi=(64)
77 2
fi=(71)
3228 44
+1 8
fi=(64)
77 2
fi=(36)
900 2
fi=(64)
77 62
fi=(71)
3228 1364
+1 248
fi=(64)
77 62
fi=(36)
900 94
0 2
fi=(64)
77 2
fi=(71)
3228 44
+1 8
fi=(64)
77 2
fi=(36)
900 2
fi=(64)
77 62
fi=(71)
3228 1364
+1 248
fi=(64)
77 62
fi=(36)
900 94
0 2
fi=(64)
77 2
fi=(71)
3228 44
+1 8
fi=(64)
77 2
fi=(36)
900 2
fi=(64)
77 62
fi=(71)
3228 1364
+1 248
fi=(64)
77 62
fi=(36)
900 94
fe=(69)
96 4
cfi=(64)
cfn=(5510) ml_dsa::vecops::make_hint_vec
calls=1 +29 
* 56224
+3 2
cfi=(64)
cfn=(5498)
calls=1 +50 
* 18042
* 2
-99 3
fi=(58)
17 2
-17 1
fi=(64)
167 20
fi=(36)
900 3
fi=(64)
167 620
fi=(36)
900 99
0 1
fi=(64)
167 20
fi=(36)
900 3
fi=(64)
167 620
fi=(36)
900 99
0 1
fi=(64)
167 20
fi=(36)
900 3
fi=(64)
167 620
fi=(36)
900 99
0 1
fi=(64)
167 20
fi=(36)
900 3
fi=(64)
167 620
fi=(36)
900 99
0 1
fi=(64)
167 20
fi=(36)
900 3
fi=(64)
167 620
fi=(36)
900 99
0 1
fi=(64)
167 20
fi=(36)
900 3
fi=(64)
167 620
fi=(36)
900 97
fe=(69)
99 2
-99 2
105 2
cfi=(64)
cfn=(5520) ml_dsa::vecops::center_vec
calls=1 -21 
* 16687
* 7
cfi=(67)
cfn=(5526)
calls=1 +28 
* 634957
* 7
fi=(23)
+23 4
cfi=(6)
cfn=(4970)
calls=1 0 
* 35
fe=(69)
-21 9

fl=(8) /rustc/ac68faa20c58cbccd01ee7208bf3b6e93a7d7f96/library/std/src/rt.rs
fn=(3936) std::rt::lang_start_internal
fi=(87)
cfn=(4902) std::rt::lang_start::{{closure}}
calls=1 206 
287 16553251
fe=(8)

fn=(4902)
cfi=(30)
cfn=(4904)
calls=1 162 
206 16553251

fl=(25)
fn=(4972) __rustc::__rdl_dealloc
48 7572
cob=(2)
cfi=(2)
cfn=(4626) free
calls=15080 -48 
* 252387

fl=(54)
fn=(5026) keccak::keccak_p
236 2408
+1 688
0 344
fi=(14)
1717 344
fi=(55)
180 344
0 8600
180 1032
0 7224
fi=(56) /rustc/ac68faa20c58cbccd01ee7208bf3b6e93a7d7f96/library/core/src/ops/bit.rs
898 2408
0 688
898 688
fi=(55)
0 15824
fi=(56)
898 55384
0 15824
898 134504
0 7912
898 39560
0 7912
898 15824
0 7912
898 7912
fi=(57)
2030 15824
fi=(56)
386 7912
fi=(57)
2030 7912
fi=(56)
386 7912
898 47472
0 15824
898 7912
fi=(57)
2030 7912
fi=(56)
386 7912
fi=(57)
2030 7912
fi=(56)
386 7912
898 28896
0 344
898 1720
0 344
898 688
0 344
898 344
fi=(57)
2030 688
fi=(56)
386 344
fi=(57)
2030 344
fi=(56)
386 344
898 2064
0 688
898 344
fi=(57)
2030 344
fi=(56)
386 344
fi=(57)
2030 344
fi=(56)
386 344
898 3784
0 344
898 344
0 344
898 63984
0 7912
898 7912
0 7912
898 31648
0 7912
fi=(57)
2030 7912
fi=(56)
386 7912
898 15824
0 7912
898 23736
0 7912
fi=(57)
2030 15824
0 15824
2030 23736
fi=(56)
63 15824
178 7912
0 7912
63 15824
178 7912
386 7912
0 7912
63 7912
178 7912
386 7912
0 15824
63 15824
178 7912
fi=(57)
2030 55384
fi=(56)
63 15824
178 7912
386 7912
898 688
0 344
fi=(57)
2030 344
fi=(56)
386 344
898 688
0 344
898 1032
0 344
fi=(57)
2030 688
0 688
2030 1032
fi=(56)
63 688
178 344
0 344
63 688
178 344
386 344
0 344
63 344
178 344
386 344
0 688
63 688
178 344
fi=(57)
2030 2408
fi=(56)
63 688
178 344
386 344
0 344
63 688
-63 344
178 344
386 344
0 344
63 344
178 344
386 344
0 344
63 688
-63 7912
63 15824
-63 7912
178 7912
386 7912
0 7912
63 7912
178 7912
386 7912
0 7912
63 15824
178 7912
63 7912
178 7912
0 15824
fi=(57)
2030 7912
0 7912
2030 15824
0 15824
2030 7912
fi=(56)
63 15824
178 7912
386 7912
0 7912
63 15824
178 7912
386 7912
63 15824
178 7912
63 7912
178 7912
0 7912
63 15824
178 7912
386 7912
0 7912
386 7912
0 15824
63 15824
178 7912
386 15824
0 7912
386 15824
fi=(57)
2030 15824
0 7912
2030 7912
fi=(56)
178 344
63 344
178 344
0 688
fi=(57)
2030 344
0 344
2030 688
0 688
2030 344
fi=(56)
63 688
178 344
386 344
0 344
63 688
178 344
386 344
63 688
178 344
63 344
178 344
0 344
63 688
178 344
386 344
0 344
386 344
0 688
63 688
178 344
386 688
0 344
386 688
fi=(57)
2030 688
0 344
2030 344
0 344
2030 688
0 344
2030 344
0 688
2030 344
0 688
2030 344
0 344
2030 344
0 7912
2030 15824
0 7912
2030 7912
0 15824
2030 7912
0 15824
2030 7912
0 7912
2030 7912
fi=(56)
386 7912
0 15824
fi=(57)
2030 7912
fi=(56)
63 15824
178 7912
63 15824
178 7912
63 15824
178 7912
386 7912
63 7912
178 7912
386 7912
63 15824
178 7912
63 15824
178 7912
386 7912
63 7912
178 7912
0 7912
63 15824
-63 7912
178 7912
386 7912
0 7912
386 15824
0 7912
63 7912
178 7912
0 7912
386 7912
0 7912
386 15824
0 7912
63 7912
178 7912
0 7912
386 344
0 688
fi=(57)
2030 344
fi=(56)
63 688
178 344
63 688
178 344
63 688
178 344
386 344
63 344
178 344
386 344
63 688
178 344
63 688
178 344
386 344
63 344
178 344
0 344
63 688
-63 344
178 344
386 344
0 344
386 688
0 344
63 344
178 344
0 344
386 344
0 344
386 688
0 344
63 344
178 344
0 344
386 344
0 688
386 344
0 344
898 1376
0 344
fi=(14)
1717 344
fi=(55)
180 344
fi=(56)
386 7912
0 15824
386 7912
0 7912
898 31648
0 7912
fi=(14)
1717 7912
fi=(55)
180 7912
0 14448
fe=(54)
291 2752

fn=(5024)
166 344
cfn=(5026)
calls=783 +70 
* 2118008

fl=(59)
fn=(5370)
56 40
fi=(60)
+7 12
cob=(2)
cfi=(2)
cfn=(4642)
calls=4 -63 
* 20556
fi=(58)
-46 56
fi=(51)
+59 36
fi=(49)
-53 8
fe=(59)
+38 12
cfi=(49)
cfn=(4988)
calls=4 -35 
* 176
fi=(34)
-61 4
cfi=(6)
cfn=(4864)
calls=4 0 
0 4
fi=(23)
198 12
cfi=(6)
cfn=(5040)
calls=4 0 
* 536
fi=(34)
469 8
fi=(63)
0 4
44 4
-44 4
fe=(59)
62 12
cfi=(49)
cfn=(4988)
calls=4 -36 
* 200
fi=(23)
+66 16
cfi=(6)
cfn=(4970)
calls=4 0 
* 140
* 4
0 4
fe=(59)
63 12
cob=(2)
cfi=(2)
cfn=(4260)
calls=4 -63 
* 260
* 16
cfi=(49)
cfn=(5014)
calls=4 -33 
* 25648
* 16
cfi=(49)
cfn=(5036) ml_dsa::hash::HReader::squeeze_vec
calls=4 -21 
* 125647
fi=(34)
614 4
fi=(35)
1840 8
fe=(59)
64 16
cfi=(63)
cfn=(5320)
calls=4 +67 
* 408665
-64 8
64 12
cob=(2)
cfi=(2)
cfn=(4260)
calls=4 -64 
* 500
fi=(34)
424 4
634 8
fi=(23)
128 12
cfi=(6)
cfn=(4970)
calls=4 0 
* 140
fi=(58)
17 56
fi=(51)
+59 36
fi=(49)
-53 8
fe=(59)
+38 12
cfi=(49)
cfn=(4988)
calls=4 -35 
* 176
fi=(34)
-61 4
cfi=(6)
cfn=(4864)
calls=4 0 
0 4
fi=(23)
198 12
cfi=(6)
cfn=(5040)
calls=4 0 
* 252
fi=(34)
469 8
fi=(63)
0 4
44 8
-44 4
fe=(59)
62 12
cfi=(49)
cfn=(4988)
calls=4 -36 
* 200
fi=(23)
+66 16
cfi=(6)
cfn=(4970)
calls=4 0 
* 140
* 4
0 4
fe=(59)
63 12
cob=(2)
cfi=(2)
cfn=(4260)
calls=4 -63 
* 260
* 16
cfi=(49)
cfn=(5014)
calls=4 -33 
* 25648
* 16
cfi=(49)
cfn=(5036)
calls=4 -21 
* 125492
fi=(34)
614 4
fi=(35)
1840 8
fe=(59)
64 16
cfi=(63)
cfn=(5320)
calls=4 +67 
* 408516
* 16
cob=(2)
cfi=(2)
cfn=(4260)
calls=4 -64 
* 500
fi=(34)
424 4
634 8
fi=(23)
128 12
cfi=(6)
cfn=(4970)
calls=4 0 
* 140
fi=(58)
17 56
fi=(51)
+59 36
fi=(49)
-53 8
fe=(59)
+38 12
cfi=(49)
cfn=(4988)
calls=4 -35 
* 176
fi=(34)
-61 4
cfi=(6)
cfn=(4864)
calls=4 0 
0 4
fi=(23)
198 12
cfi=(6)
cfn=(5040)
calls=4 0 
* 252
fi=(34)
469 8
fi=(63)
0 4
44 8
-44 4
fe=(59)
62 12
cfi=(49)
cfn=(4988)
calls=4 -36 
* 200
fi=(23)
+66 16
cfi=(6)
cfn=(4970)
calls=4 0 
* 140
* 4
0 4
fe=(59)
63 12
cob=(2)
cfi=(2)
cfn=(4260)
calls=4 -63 
* 260
* 16
cfi=(49)
cfn=(5014)
calls=4 -33 
* 25648
* 16
cfi=(49)
cfn=(5036)
calls=4 -21 
* 125492
fi=(34)
614 4
fi=(35)
1840 8
fe=(59)
64 16
cfi=(63)
cfn=(5320)
calls=4 +67 
* 408516
* 16
cob=(2)
cfi=(2)
cfn=(4260)
calls=4 -64 
* 500
fi=(34)
424 4
634 8
fi=(23)
128 12
cfi=(6)
cfn=(4970)
calls=4 0 
* 140
fi=(58)
17 56
fi=(51)
+59 36
fi=(49)
-53 8
fe=(59)
+38 12
cfi=(49)
cfn=(4988)
calls=4 -35 
* 176
fi=(34)
-61 4
cfi=(6)
cfn=(4864)
calls=4 0 
0 4
fi=(23)
198 12
cfi=(6)
cfn=(5040)
calls=4 0 
* 252
fi=(34)
469 8
fi=(63)
0 4
44 8
-44 4
fe=(59)
62 12
cfi=(49)
cfn=(4988)
calls=4 -36 
* 200
fi=(23)
+66 16
cfi=(6)
cfn=(4970)
calls=4 0 
* 140
* 4
0 4
fe=(59)
63 12
cob=(2)
cfi=(2)
cfn=(4260)
calls=4 -63 
* 260
* 16
cfi=(49)
cfn=(5014)
calls=4 -33 
* 25648
* 16
cfi=(49)
cfn=(5036)
calls=4 -21 
* 125492
fi=(34)
614 4
fi=(35)
1840 8
fe=(59)
64 16
cfi=(63)
cfn=(5320)
calls=4 +67 
* 408516
* 16
cob=(2)
cfi=(2)
cfn=(4260)
calls=4 -64 
* 500
fi=(34)
424 4
634 8
fi=(23)
128 12
cfi=(6)
cfn=(4970)
calls=4 0 
* 140
fi=(58)
17 56
fi=(51)
+59 36
fi=(49)
-53 8
fe=(59)
+38 12
cfi=(49)
cfn=(4988)
calls=4 -35 
* 176
fi=(34)
-61 4
cfi=(6)
cfn=(4864)
calls=4 0 
0 4
fi=(23)
198 12
cfi=(6)
cfn=(5040)
calls=4 0 
* 252
fi=(34)
469 8
fi=(63)
0 4
44 8
-44 4
fe=(59)
62 12
cfi=(49)
cfn=(4988)
calls=4 -36 
* 200
fi=(23)
+66 16
cfi=(6)
cfn=(4970)
calls=4 0 
* 140
* 8
fe=(59)
-65 12
cob=(2)
cfi=(2)
cfn=(4260)
calls=4 -63 
* 260
* 16
cfi=(49)
cfn=(5014)
calls=4 -33 
* 25648
* 16
cfi=(49)
cfn=(5036)
calls=4 -21 
* 125492
fi=(34)
614 4
fi=(35)
1840 8
fe=(59)
64 16
cfi=(63)
cfn=(5320)
calls=4 +67 
* 408516
* 20
cob=(2)
cfi=(2)
cfn=(4260)
calls=4 -64 
* 500
fi=(34)
424 4
634 8
fi=(23)
128 12
cfi=(6)
cfn=(4970)
calls=4 0 
* 140
fe=(59)
-61 36

fn=(5060)
16 9
fi=(60)
+84 4
cob=(2)
cfi=(2)
cfn=(4642)
calls=3 0 
* 30739
* 6
0 6
fe=(59)
24 36
cob=(2)
cfi=(2)
cfn=(4260)
calls=18 -24 
* 750
* 6
fi=(10)
898 6
fi=(19)
1915 6
fi=(36)
900 6
0 6
fi=(18)
552 24
fe=(59)
22 12
+1 6
fi=(60)
+22 24
cob=(2)
cfi=(2)
cfn=(4642)
calls=18 -45 
* 468
* 6
fi=(58)
-28 84
fi=(51)
+59 66
fi=(49)
-15 6
fi=(61)
-14 24
cfi=(49)
cfn=(5074) ml_dsa::hash::G::absorb
calls=18 +17 
* 264
+1 24
cob=(2)
cfi=(2)
cfn=(4260)
calls=18 -48 
* 390
* 18
cfi=(49)
cfn=(5082) ml_dsa::hash::G::finalize
calls=18 +20 
* 38568
+3 24
+1 3074
fi=(62)
-11 1537
+1 7685
cfi=(51)
cfn=(5094) block_buffer::BlockBuffer<BlockSize,block_buffer::Eager>::set_data
calls=4611 250 
* 269063
fi=(61)
+12 3074
-54 1537
fi=(63)
76 1537
+1 6148
+1 3074
fi=(61)
-23 1536
+1 1536
-2 1536
-54 30
fe=(59)
24 36
cob=(2)
cfi=(2)
cfn=(4260)
calls=18 -24 
* 750
-24 6
fi=(18)
552 24
fe=(59)
22 6
+1 6
fi=(60)
+22 24
cob=(2)
cfi=(2)
cfn=(4642)
calls=18 -45 
* 468
* 6
fi=(58)
-28 84
fi=(51)
+59 66
fi=(49)
-15 6
fi=(61)
-14 24
cfi=(49)
cfn=(5074)
calls=18 +17 
* 264
+1 24
cob=(2)
cfi=(2)
cfn=(4260)
calls=18 -48 
* 390
* 18
cfi=(49)
cfn=(5082)
calls=18 +20 
* 38568
+3 24
+1 3076
fi=(62)
-11 1538
+1 7690
cfi=(51)
cfn=(5094)
calls=4614 250 
* 269116
fi=(61)
+12 3076
-54 1538
fi=(63)
76 1538
+1 6152
+1 3076
fi=(61)
-23 1536
+1 1536
-2 1536
-54 6
fe=(59)
24 36
cob=(2)
cfi=(2)
cfn=(4260)
calls=18 -24 
* 750
-24 6
fi=(18)
552 24
fe=(59)
22 12
+1 6
fi=(60)
+22 24
cob=(2)
cfi=(2)
cfn=(4642)
calls=18 -45 
* 468
* 6
fi=(58)
-28 84
fi=(51)
+59 66
fi=(49)
-15 6
fi=(61)
-14 24
cfi=(49)
cfn=(5074)
calls=18 +17 
* 264
+1 24
cob=(2)
cfi=(2)
cfn=(4260)
calls=18 -48 
* 390
* 18
cfi=(49)
cfn=(5082)
calls=18 +20 
* 38568
+3 24
+1 3074
fi=(62)
-11 1537
+1 7685
cfi=(51)
cfn=(5094)
calls=4611 250 
* 269063
fi=(61)
+12 3074
-54 1537
fi=(63)
76 1537
+1 6148
+1 3074
fi=(61)
-23 1536
+1 1536
-2 1536
-54 6
fe=(59)
24 36
cob=(2)
cfi=(2)
cfn=(4260)
calls=18 -24 
* 750
-24 6
fi=(18)
552 24
fe=(59)
22 12
+1 6
fi=(60)
+22 24
cob=(2)
cfi=(2)
cfn=(4642)
calls=18 -45 
* 468
* 6
fi=(58)
-28 84
fi=(51)
+59 66
fi=(49)
-15 6
fi=(61)
-14 24
cfi=(49)
cfn=(5074)
calls=18 +17 
* 264
+1 24
cob=(2)
cfi=(2)
cfn=(4260)
calls=18 -48 
* 390
* 18
cfi=(49)
cfn=(5082)
calls=18 +20 
* 38568
+3 24
+1 3076
fi=(62)
-11 1538
+1 7690
cfi=(51)
cfn=(5094)
calls=4614 250 
* 269116
fi=(61)
+12 3076
-54 1538
fi=(63)
76 1538
+1 6152
+1 3076
fi=(61)
-23 1536
+1 1536
-2 1536
-54 6
fe=(59)
24 36
cob=(2)
cfi=(2)
cfn=(4260)
calls=18 -24 
* 750
-24 6
fi=(18)
552 24
fe=(59)
22 12
+1 6
fi=(60)
+22 24
cob=(2)
cfi=(2)
cfn=(4642)
calls=18 -45 
* 468
* 6
fi=(58)
-28 84
fi=(51)
+59 66
fi=(49)
-15 6
fi=(61)
-14 24
cfi=(49)
cfn=(5074)
calls=18 +17 
* 264
+1 24
cob=(2)
cfi=(2)
cfn=(4260)
calls=18 -48 
* 390
* 18
cfi=(49)
cfn=(5082)
calls=18 +20 
* 38568
+3 30
+1 3078
fi=(62)
-11 1539
+1 7695
cfi=(51)
cfn=(5094)
calls=4617 250 
* 269169
fi=(61)
+12 3078
-54 1539
fi=(63)
76 1539
+1 6156
+1 3078
fi=(61)
-23 1536
+1 1536
-2 1536
-54 1
fe=(59)
28 8

fl=(64)
fn=(5498)
149 24
0 3
153 6
fi=(71)
3228 132
+1 15
fe=(64)
153 186
fi=(71)
3228 4092
+1 744
fi=(72)
64 558
fi=(71)
3229 9
fi=(72)
64 30
fi=(71)
3608 24
fe=(64)
154 54
fi=(10)
898 3
fi=(36)
+2 6
fi=(72)
64 372
fi=(71)
3608 744
fe=(64)
154 1674
fi=(10)
898 93
fi=(36)
+2 264
0 12
fe=(64)
153 6
fi=(71)
3228 84
fe=(64)
153 186
fi=(71)
3228 4092
+1 744
fi=(72)
64 558
fi=(71)
3228 48
+1 24
fi=(72)
64 30
fi=(71)
3608 24
fe=(64)
154 54
fi=(72)
-90 372
fi=(71)
3608 744
fe=(64)
154 1674
fi=(10)
898 93
fi=(36)
+2 186
fi=(10)
-2 3
fi=(36)
+2 84
0 12
fe=(64)
153 6
fi=(71)
3228 84
fe=(64)
153 186
fi=(71)
3228 4092
+1 744
fi=(72)
64 558
fi=(71)
3228 48
+1 24
fi=(72)
64 30
fi=(71)
3608 24
fe=(64)
154 54
fi=(72)
-90 372
fi=(71)
3608 744
fe=(64)
154 1674
fi=(10)
898 93
fi=(36)
+2 186
fi=(10)
-2 3
fi=(36)
+2 84
0 12
fe=(64)
153 6
fi=(71)
3228 84
fe=(64)
153 186
fi=(71)
3228 4092
+1 744
fi=(72)
64 558
fi=(71)
3228 48
+1 24
fi=(72)
64 30
fi=(71)
3608 24
fe=(64)
154 54
fi=(72)
-90 372
fi=(71)
3608 744
fe=(64)
154 1674
fi=(10)
898 93
fi=(36)
+2 186
fi=(10)
-2 3
fi=(36)
+2 84
0 12
fe=(64)
153 6
fi=(71)
3228 84
fe=(64)
153 186
fi=(71)
3228 4092
+1 744
fi=(72)
64 558
fi=(71)
3228 48
+1 24
fi=(72)
64 30
fi=(71)
3608 24
fe=(64)
154 54
fi=(72)
-90 372
fi=(71)
3608 744
fe=(64)
154 1674
fi=(10)
898 93
fi=(36)
+2 186
fi=(10)
-2 3
fi=(36)
+2 84
0 12
fe=(64)
153 6
fi=(71)
3228 84
fe=(64)
153 186
fi=(71)
3228 4092
+1 744
fi=(72)
64 558
fi=(71)
3228 48
+1 24
fi=(72)
64 30
fi=(71)
3608 24
fe=(64)
154 54
fi=(72)
-90 372
fi=(71)
3608 744
fe=(64)
154 1674
fi=(10)
898 93
fi=(36)
+2 186
fi=(10)
-2 3
fi=(36)
+2 84
fe=(64)
160 3

fn=(5510)
125 11
fi=(60)
-93 3
cob=(2)
cfi=(2)
cfn=(4642)
calls=1 -32 
* 71
-32 9
fi=(66) /home/rick/unl/king's/thesis/ml-dsa/ml-dsa/src/rounding.rs
157 2
fi=(71)
3228 4
fi=(66)
54 1
fi=(71)
3228 18
+1 4
-1 17
fi=(72)
64 4
fi=(66)
-32 1
157 126
fi=(71)
3228 252
fi=(66)
54 63
fi=(71)
3228 1134
+1 252
-1 1071
fi=(72)
64 252
fi=(66)
-32 649
fi=(71)
3228 22
+1 4
-1 15
fi=(66)
32 630
fi=(71)
3228 1386
+1 252
-1 1071
fi=(72)
64 252
fi=(66)
-32 189
fi=(71)
3228 2
fi=(72)
64 4
fi=(66)
-32 20
157 3
fi=(10)
898 1
fi=(36)
+2 2
fi=(66)
32 1071
157 189
fi=(10)
898 63
fi=(36)
+2 126
0 1
fe=(64)
131 4
cob=(2)
cfi=(2)
cfn=(4260)
calls=1 0 
* 125
0 1
fi=(60)
32 4
cob=(2)
cfi=(2)
cfn=(4642)
calls=1 -32 
* 71
* 9
-32 1
fi=(66)
157 2
fi=(71)
3228 4
fi=(66)
54 1
fi=(71)
3228 18
+1 4
-1 17
fi=(72)
64 4
fi=(66)
+93 126
fi=(71)
3228 252
fi=(66)
54 63
fi=(71)
3228 1134
+1 252
-1 1071
fi=(72)
64 252
fi=(66)
-32 650
fi=(71)
3228 22
+1 4
-1 14
fi=(66)
32 630
fi=(71)
3228 1386
+1 252
-1 1071
fi=(72)
64 252
fi=(66)
-32 189
fi=(71)
3228 3
fi=(72)
64 4
fi=(66)
-32 20
157 3
fi=(10)
898 1
fi=(36)
+2 2
fi=(66)
32 1071
157 189
fi=(10)
898 63
fi=(36)
+2 126
fe=(64)
131 5
cob=(2)
cfi=(2)
cfn=(4260)
calls=1 0 
* 125
0 1
fi=(60)
32 4
cob=(2)
cfi=(2)
cfn=(4642)
calls=1 -32 
* 71
* 9
-32 1
fi=(66)
157 2
fi=(71)
3228 4
fi=(66)
54 1
fi=(71)
3228 18
+1 4
-1 17
fi=(72)
64 4
fi=(66)
+93 126
fi=(71)
3228 252
fi=(66)
54 63
fi=(71)
3228 1134
+1 252
-1 1071
fi=(72)
64 252
fi=(66)
-32 650
fi=(71)
3228 22
+1 4
-1 14
fi=(66)
32 630
fi=(71)
3228 1386
+1 252
-1 1071
fi=(72)
64 252
fi=(66)
-32 189
fi=(71)
3228 3
fi=(72)
64 4
fi=(66)
-32 20
157 3
fi=(10)
898 1
fi=(36)
+2 2
fi=(66)
32 1071
157 189
fi=(10)
898 63
fi=(36)
+2 126
fe=(64)
131 5
cob=(2)
cfi=(2)
cfn=(4260)
calls=1 0 
* 125
0 1
fi=(60)
32 4
cob=(2)
cfi=(2)
cfn=(4642)
calls=1 -32 
* 71
* 9
-32 1
fi=(66)
157 2
fi=(71)
3228 4
fi=(66)
54 1
fi=(71)
3228 18
+1 4
-1 17
fi=(72)
64 4
fi=(66)
+93 126
fi=(71)
3228 252
fi=(66)
54 63
fi=(71)
3228 1134
+1 252
-1 1071
fi=(72)
64 252
fi=(66)
-32 650
fi=(71)
3228 22
+1 4
-1 14
fi=(66)
32 630
fi=(71)
3228 1386
+1 252
-1 1071
fi=(72)
64 252
fi=(66)
-32 189
fi=(71)
3228 3
fi=(72)
64 4
fi=(66)
-32 20
157 3
fi=(10)
898 1
fi=(36)
+2 2
fi=(66)
32 1071
157 189
fi=(10)
898 63
fi=(36)
+2 126
fe=(64)
131 5
cob=(2)
cfi=(2)
cfn=(4260)
calls=1 0 
* 125
0 1
fi=(60)
32 4
cob=(2)
cfi=(2)
cfn=(4642)
calls=1 -32 
* 71
* 9
-32 1
fi=(66)
157 2
fi=(71)
3228 4
fi=(66)
54 1
fi=(71)
3228 18
+1 4
-1 17
fi=(72)
64 4
fi=(66)
+93 126
fi=(71)
3228 252
fi=(66)
54 63
fi=(71)
3228 1134
+1 252
-1 1071
fi=(72)
64 252
fi=(66)
-32 650
fi=(71)
3228 22
+1 4
-1 14
fi=(66)
32 630
fi=(71)
3228 1386
+1 252
-1 1071
fi=(72)
64 252
fi=(66)
-32 189
fi=(71)
3228 3
fi=(72)
64 4
fi=(66)
-32 20
157 3
fi=(10)
898 1
fi=(36)
+2 2
fi=(66)
32 1071
157 189
fi=(10)
898 63
fi=(36)
+2 126
fe=(64)
131 5
cob=(2)
cfi=(2)
cfn=(4260)
calls=1 0 
* 125
0 1
fi=(60)
32 4
cob=(2)
cfi=(2)
cfn=(4642)
calls=1 -32 
* 71
* 9
-32 1
fi=(66)
157 2
fi=(71)
3228 4
fi=(66)
54 1
fi=(71)
3228 18
+1 4
-1 17
fi=(72)
64 4
fi=(66)
+93 126
fi=(71)
3228 252
fi=(66)
54 63
fi=(71)
3228 1134
+1 252
-1 1071
fi=(72)
64 252
fi=(66)
-32 650
fi=(71)
3228 22
+1 4
-1 14
fi=(66)
32 630
fi=(71)
3228 1386
+1 252
-1 1071
fi=(72)
64 252
fi=(66)
-32 189
fi=(71)
3228 3
fi=(72)
64 4
fi=(66)
-32 20
157 3
fi=(10)
898 1
fi=(36)
+2 2
fi=(66)
32 1071
157 189
fi=(10)
898 63
fi=(36)
+2 126
fe=(64)
131 5
cob=(2)
cfi=(2)
cfn=(4260)
calls=1 0 
* 125
+3 8

fn=(5154)
51 9
fi=(60)
+12 3
cob=(2)
cfi=(2)
cfn=(4642)
calls=2 -63 
* 6163
-63 2
fe=(64)
55 3
fi=(71)
3228 8
0 1
3229 1
fi=(72)
20 1
fe=(64)
+35 3
fi=(71)
3228 2
fe=(64)
55 1
fi=(71)
3228 6
0 1
3229 1
fi=(72)
20 1
fe=(64)
+35 1
fi=(10)
898 1
fi=(19)
1915 1
fi=(36)
900 1
fe=(64)
55 381
fi=(71)
3228 1016
0 127
3229 127
fi=(72)
20 127
fe=(64)
+35 381
fi=(71)
3228 254
fe=(64)
55 127
fi=(71)
3228 762
0 127
3229 127
fi=(72)
20 127
fe=(64)
+35 127
fi=(10)
898 127
fi=(19)
1915 127
fi=(36)
900 127
0 2
fe=(64)
55 3
fi=(71)
3228 8
0 1
3229 1
fi=(72)
20 1
fe=(64)
+35 3
fi=(71)
3228 2
fe=(64)
55 1
fi=(71)
3228 6
0 1
3229 1
fi=(72)
20 1
fe=(64)
+35 1
fi=(10)
898 1
fi=(19)
1915 1
fi=(36)
900 1
fe=(64)
55 381
fi=(71)
3228 1016
0 127
3229 127
fi=(72)
20 127
fe=(64)
+35 381
fi=(71)
3228 254
fe=(64)
55 127
fi=(71)
3228 762
0 127
3229 127
fi=(72)
20 127
fe=(64)
+35 127
fi=(10)
898 127
fi=(19)
1915 127
fi=(36)
900 127
0 2
fe=(64)
55 3
fi=(71)
3228 8
0 1
3229 1
fi=(72)
20 1
fe=(64)
+35 3
fi=(71)
3228 2
fe=(64)
55 1
fi=(71)
3228 6
0 1
3229 1
fi=(72)
20 1
fe=(64)
+35 1
fi=(10)
898 1
fi=(19)
1915 1
fi=(36)
900 1
fe=(64)
55 381
fi=(71)
3228 1016
0 127
3229 127
fi=(72)
20 127
fe=(64)
+35 381
fi=(71)
3228 254
fe=(64)
55 127
fi=(71)
3228 762
0 127
3229 127
fi=(72)
20 127
fe=(64)
+35 127
fi=(10)
898 127
fi=(19)
1915 127
fi=(36)
900 127
0 2
fe=(64)
55 3
fi=(71)
3228 8
0 1
3229 1
fi=(72)
20 1
fe=(64)
+35 3
fi=(71)
3228 2
fe=(64)
55 1
fi=(71)
3228 6
0 1
3229 1
fi=(72)
20 1
fe=(64)
+35 1
fi=(10)
898 1
fi=(19)
1915 1
fi=(36)
900 1
fe=(64)
55 381
fi=(71)
3228 1016
0 127
3229 127
fi=(72)
20 127
fe=(64)
+35 381
fi=(71)
3228 254
fe=(64)
55 127
fi=(71)
3228 762
0 127
3229 127
fi=(72)
20 127
fe=(64)
+35 127
fi=(10)
898 127
fi=(19)
1915 127
fi=(36)
900 127
0 2
fe=(64)
55 3
fi=(71)
3228 8
0 1
3229 1
fi=(72)
20 1
fe=(64)
+35 3
fi=(71)
3228 2
fe=(64)
55 1
fi=(71)
3228 6
0 1
3229 1
fi=(72)
20 1
fe=(64)
+35 1
fi=(10)
898 1
fi=(19)
1915 1
fi=(36)
900 1
fe=(64)
55 381
fi=(71)
3228 1016
0 127
3229 127
fi=(72)
20 127
fe=(64)
+35 381
fi=(71)
3228 254
fe=(64)
55 127
fi=(71)
3228 762
0 127
3229 127
fi=(72)
20 127
fe=(64)
+35 127
fi=(10)
898 127
fi=(19)
1915 127
fi=(36)
900 127
0 2
fe=(64)
55 3
fi=(71)
3228 8
0 1
3229 1
fi=(72)
20 1
fe=(64)
+35 3
fi=(71)
3228 2
fe=(64)
55 1
fi=(71)
3228 6
0 1
3229 1
fi=(72)
20 1
fe=(64)
+35 1
fi=(10)
898 1
fi=(19)
1915 1
fi=(36)
900 1
fe=(64)
55 381
fi=(71)
3228 1016
0 127
3229 127
fi=(72)
20 127
fe=(64)
+35 381
fi=(71)
3228 254
fe=(64)
55 127
fi=(71)
3228 762
0 127
3229 127
fi=(72)
20 127
fe=(64)
+35 127
fi=(10)
898 127
fi=(19)
1915 127
fi=(36)
900 127
fe=(64)
59 7
-8 36
fi=(60)
+12 12
cob=(2)
cfi=(2)
cfn=(4642)
calls=4 -63 
* 20556
-63 8
fe=(64)
55 12
fi=(71)
3228 32
0 4
3229 4
fi=(72)
20 4
fe=(64)
+35 12
fi=(71)
3228 8
fe=(64)
55 4
fi=(71)
3228 24
0 4
3229 4
fi=(72)
20 4
fe=(64)
+35 4
fi=(10)
898 4
fi=(19)
1915 4
fi=(36)
900 4
fe=(64)
55 1524
fi=(71)
3228 4064
0 508
3229 508
fi=(72)
20 508
fe=(64)
+35 1524
fi=(71)
3228 1016
fe=(64)
55 508
fi=(71)
3228 3048
0 508
3229 508
fi=(72)
20 508
fe=(64)
+35 508
fi=(10)
898 508
fi=(19)
1915 508
fi=(36)
900 508
0 8
fe=(64)
55 12
fi=(71)
3228 32
0 4
3229 4
fi=(72)
20 4
fe=(64)
+35 12
fi=(71)
3228 8
fe=(64)
55 4
fi=(71)
3228 24
0 4
3229 4
fi=(72)
20 4
fe=(64)
+35 4
fi=(10)
898 4
fi=(19)
1915 4
fi=(36)
900 4
fe=(64)
55 1524
fi=(71)
3228 4064
0 508
3229 508
fi=(72)
20 508
fe=(64)
+35 1524
fi=(71)
3228 1016
fe=(64)
55 508
fi=(71)
3228 3048
0 508
3229 508
fi=(72)
20 508
fe=(64)
+35 508
fi=(10)
898 508
fi=(19)
1915 508
fi=(36)
900 508
0 8
fe=(64)
55 12
fi=(71)
3228 32
0 4
3229 4
fi=(72)
20 4
fe=(64)
+35 12
fi=(71)
3228 8
fe=(64)
55 4
fi=(71)
3228 24
0 4
3229 4
fi=(72)
20 4
fe=(64)
+35 4
fi=(10)
898 4
fi=(19)
1915 4
fi=(36)
900 4
fe=(64)
55 1524
fi=(71)
3228 4064
0 508
3229 508
fi=(72)
20 508
fe=(64)
+35 1524
fi=(71)
3228 1016
fe=(64)
55 508
fi=(71)
3228 3048
0 508
3229 508
fi=(72)
20 508
fe=(64)
+35 508
fi=(10)
898 508
fi=(19)
1915 508
fi=(36)
900 508
0 8
fe=(64)
55 12
fi=(71)
3228 32
0 4
3229 4
fi=(72)
20 4
fe=(64)
+35 12
fi=(71)
3228 8
fe=(64)
55 4
fi=(71)
3228 24
0 4
3229 4
fi=(72)
20 4
fe=(64)
+35 4
fi=(10)
898 4
fi=(19)
1915 4
fi=(36)
900 4
fe=(64)
55 1524
fi=(71)
3228 4064
0 508
3229 508
fi=(72)
20 508
fe=(64)
+35 1524
fi=(71)
3228 1016
fe=(64)
55 508
fi=(71)
3228 3048
0 508
3229 508
fi=(72)
20 508
fe=(64)
+35 508
fi=(10)
898 508
fi=(19)
1915 508
fi=(36)
900 508
0 8
fe=(64)
55 12
fi=(71)
3228 32
0 4
3229 4
fi=(72)
20 4
fe=(64)
+35 12
fi=(71)
3228 8
fe=(64)
55 4
fi=(71)
3228 24
0 4
3229 4
fi=(72)
20 4
fe=(64)
+35 4
fi=(10)
898 4
fi=(19)
1915 4
fi=(36)
900 4
fe=(64)
55 1524
fi=(71)
3228 4064
0 508
3229 508
fi=(72)
20 508
fe=(64)
+35 1524
fi=(71)
3228 1016
fe=(64)
55 508
fi=(71)
3228 3048
0 508
3229 508
fi=(72)
20 508
fe=(64)
+35 508
fi=(10)
898 508
fi=(19)
1915 508
fi=(36)
900 508
fe=(64)
59 28

fn=(5520)
84 6
fi=(60)
-21 3
cob=(2)
cfi=(2)
cfn=(4642)
calls=1 -63 
* 5139
-63 6
fe=(64)
88 1
fi=(71)
3228 22
+1 4
fi=(72)
64 5
fe=(64)
+24 1
fi=(10)
898 1
fi=(36)
+2 2
fe=(64)
88 63
fi=(71)
3228 1386
+1 252
fi=(72)
64 315
fe=(64)
+24 63
fi=(10)
898 63
fi=(36)
+2 126
0 2
fe=(64)
88 1
fi=(71)
3228 22
+1 4
fi=(72)
64 5
fe=(64)
+24 1
fi=(10)
898 1
fi=(36)
+2 2
fe=(64)
88 63
fi=(71)
3228 1386
+1 252
fi=(72)
64 315
fe=(64)
+24 63
fi=(10)
898 63
fi=(36)
+2 126
0 2
fe=(64)
88 1
fi=(71)
3228 22
+1 4
fi=(72)
64 5
fe=(64)
+24 1
fi=(10)
898 1
fi=(36)
+2 2
fe=(64)
88 63
fi=(71)
3228 1386
+1 252
fi=(72)
64 315
fe=(64)
+24 63
fi=(10)
898 63
fi=(36)
+2 126
0 2
fe=(64)
88 1
fi=(71)
3228 22
+1 4
fi=(72)
64 5
fe=(64)
+24 1
fi=(10)
898 1
fi=(36)
+2 2
fe=(64)
88 63
fi=(71)
3228 1386
+1 252
fi=(72)
64 315
fe=(64)
+24 63
fi=(10)
898 63
fi=(36)
+2 126
0 2
fe=(64)
88 1
fi=(71)
3228 22
+1 4
fi=(72)
64 5
fe=(64)
+24 1
fi=(10)
898 1
fi=(36)
+2 2
fe=(64)
88 63
fi=(71)
3228 1386
+1 252
fi=(72)
64 315
fe=(64)
+24 63
fi=(10)
898 63
fi=(36)
+2 126
fe=(64)
92 5

fn=(5392)
107 36
fi=(60)
-75 12
cob=(2)
cfi=(2)
cfn=(4642)
calls=4 -32 
* 312
-32 24
fi=(66)
139 4
fi=(71)
3228 88
+1 16
-1 68
fi=(72)
64 16
fi=(66)
-32 24
139 252
fi=(71)
3228 5544
+1 1008
-1 4284
fi=(72)
64 1008
fi=(66)
-32 3080
139 4
fi=(10)
898 4
fi=(36)
+2 8
fi=(66)
32 2016
139 252
fi=(10)
898 252
fi=(36)
+2 504
0 4
fe=(64)
110 16
cob=(2)
cfi=(2)
cfn=(4260)
calls=4 0 
* 500
0 4
fi=(60)
32 16
cob=(2)
cfi=(2)
cfn=(4642)
calls=4 -32 
* 312
* 32
-32 4
fi=(66)
139 4
fi=(71)
3228 88
+1 16
-1 68
fi=(72)
64 16
fi=(66)
-32 12
139 252
fi=(71)
3228 5544
+1 1008
-1 4284
fi=(72)
64 1008
fi=(66)
-32 3092
139 4
fi=(10)
898 4
fi=(36)
+2 8
fi=(66)
32 2016
139 252
fi=(10)
898 252
fi=(36)
+2 504
fe=(64)
110 20
cob=(2)
cfi=(2)
cfn=(4260)
calls=4 0 
* 500
0 4
fi=(60)
32 16
cob=(2)
cfi=(2)
cfn=(4642)
calls=4 -32 
* 312
* 32
-32 4
fi=(66)
139 4
fi=(71)
3228 88
+1 16
-1 68
fi=(72)
64 16
fi=(66)
-32 12
139 252
fi=(71)
3228 5544
+1 1008
-1 4284
fi=(72)
64 1008
fi=(66)
-32 3092
139 4
fi=(10)
898 4
fi=(36)
+2 8
fi=(66)
32 2016
139 252
fi=(10)
898 252
fi=(36)
+2 504
fe=(64)
110 20
cob=(2)
cfi=(2)
cfn=(4260)
calls=4 0 
* 500
0 4
fi=(60)
32 16
cob=(2)
cfi=(2)
cfn=(4642)
calls=4 -32 
* 312
* 32
-32 4
fi=(66)
139 4
fi=(71)
3228 88
+1 16
-1 68
fi=(72)
64 16
fi=(66)
-32 12
139 252
fi=(71)
3228 5544
+1 1008
-1 4284
fi=(72)
64 1008
fi=(66)
-32 3092
139 4
fi=(10)
898 4
fi=(36)
+2 8
fi=(66)
32 2016
139 252
fi=(10)
898 252
fi=(36)
+2 504
fe=(64)
110 20
cob=(2)
cfi=(2)
cfn=(4260)
calls=4 0 
* 500
0 4
fi=(60)
32 16
cob=(2)
cfi=(2)
cfn=(4642)
calls=4 -32 
* 312
* 32
-32 4
fi=(66)
139 4
fi=(71)
3228 88
+1 16
-1 68
fi=(72)
64 16
fi=(66)
-32 12
139 252
fi=(71)
3228 5544
+1 1008
-1 4284
fi=(72)
64 1008
fi=(66)
-32 3092
139 4
fi=(10)
898 4
fi=(36)
+2 8
fi=(66)
32 2016
139 252
fi=(10)
898 252
fi=(36)
+2 504
fe=(64)
110 20
cob=(2)
cfi=(2)
cfn=(4260)
calls=4 0 
* 500
0 4
fi=(60)
32 16
cob=(2)
cfi=(2)
cfn=(4642)
calls=4 -32 
* 312
* 32
-32 4
fi=(66)
139 4
fi=(71)
3228 88
+1 16
-1 68
fi=(72)
64 16
fi=(66)
-32 12
139 252
fi=(71)
3228 5544
+1 1008
-1 4284
fi=(72)
64 1008
fi=(66)
-32 3092
139 4
fi=(10)
898 4
fi=(36)
+2 8
fi=(66)
32 2016
139 252
fi=(10)
898 252
fi=(36)
+2 504
fe=(64)
110 20
cob=(2)
cfi=(2)
cfn=(4260)
calls=4 0 
* 500
+3 28

fn=(5470)
62 45
fi=(60)
+1 15
cob=(2)
cfi=(2)
cfn=(4642)
calls=6 -63 
* 30815
-63 10
fe=(64)
66 15
fi=(71)
3228 40
0 5
3229 5
fi=(72)
20 5
fe=(64)
+46 15
fi=(71)
3228 10
fe=(64)
66 5
fi=(71)
3228 30
0 5
3229 5
fi=(72)
20 5
fe=(64)
+46 5
fi=(10)
898 5
fi=(19)
1915 5
fi=(36)
900 5
fe=(64)
66 1905
fi=(71)
3228 5080
0 635
3229 635
fi=(72)
20 635
fe=(64)
+46 1905
fi=(71)
3228 1270
fe=(64)
66 635
fi=(71)
3228 3810
0 635
3229 635
fi=(72)
20 635
fe=(64)
+46 635
fi=(10)
898 635
fi=(19)
1915 635
fi=(36)
900 635
0 10
fe=(64)
66 15
fi=(71)
3228 40
0 5
3229 5
fi=(72)
20 5
fe=(64)
+46 15
fi=(71)
3228 10
fe=(64)
66 5
fi=(71)
3228 30
0 5
3229 5
fi=(72)
20 5
fe=(64)
+46 5
fi=(10)
898 5
fi=(19)
1915 5
fi=(36)
900 5
fe=(64)
66 1905
fi=(71)
3228 5080
0 635
3229 635
fi=(72)
20 635
fe=(64)
+46 1905
fi=(71)
3228 1270
fe=(64)
66 635
fi=(71)
3228 3810
0 635
3229 635
fi=(72)
20 635
fe=(64)
+46 635
fi=(10)
898 635
fi=(19)
1915 635
fi=(36)
900 635
0 10
fe=(64)
66 15
fi=(71)
3228 40
0 5
3229 5
fi=(72)
20 5
fe=(64)
+46 15
fi=(71)
3228 10
fe=(64)
66 5
fi=(71)
3228 30
0 5
3229 5
fi=(72)
20 5
fe=(64)
+46 5
fi=(10)
898 5
fi=(19)
1915 5
fi=(36)
900 5
fe=(64)
66 1905
fi=(71)
3228 5080
0 635
3229 635
fi=(72)
20 635
fe=(64)
+46 1905
fi=(71)
3228 1270
fe=(64)
66 635
fi=(71)
3228 3810
0 635
3229 635
fi=(72)
20 635
fe=(64)
+46 635
fi=(10)
898 635
fi=(19)
1915 635
fi=(36)
900 635
0 10
fe=(64)
66 15
fi=(71)
3228 40
0 5
3229 5
fi=(72)
20 5
fe=(64)
+46 15
fi=(71)
3228 10
fe=(64)
66 5
fi=(71)
3228 30
0 5
3229 5
fi=(72)
20 5
fe=(64)
+46 5
fi=(10)
898 5
fi=(19)
1915 5
fi=(36)
900 5
fe=(64)
66 1905
fi=(71)
3228 5080
0 635
3229 635
fi=(72)
20 635
fe=(64)
+46 1905
fi=(71)
3228 1270
fe=(64)
66 635
fi=(71)
3228 3810
0 635
3229 635
fi=(72)
20 635
fe=(64)
+46 635
fi=(10)
898 635
fi=(19)
1915 635
fi=(36)
900 635
0 10
fe=(64)
66 15
fi=(71)
3228 40
0 5
3229 5
fi=(72)
20 5
fe=(64)
+46 15
fi=(71)
3228 10
fe=(64)
66 5
fi=(71)
3228 30
0 5
3229 5
fi=(72)
20 5
fe=(64)
+46 5
fi=(10)
898 5
fi=(19)
1915 5
fi=(36)
900 5
fe=(64)
66 1905
fi=(71)
3228 5080
0 635
3229 635
fi=(72)
20 635
fe=(64)
+46 1905
fi=(71)
3228 1270
fe=(64)
66 635
fi=(71)
3228 3810
0 635
3229 635
fi=(72)
20 635
fe=(64)
+46 635
fi=(10)
898 635
fi=(19)
1915 635
fi=(36)
900 635
0 10
fe=(64)
66 15
fi=(71)
3228 40
0 5
3229 5
fi=(72)
20 5
fe=(64)
+46 15
fi=(71)
3228 10
fe=(64)
66 5
fi=(71)
3228 30
0 5
3229 5
fi=(72)
20 5
fe=(64)
+46 5
fi=(10)
898 5
fi=(19)
1915 5
fi=(36)
900 5
fe=(64)
66 1905
fi=(71)
3228 5080
0 635
3229 635
fi=(72)
20 635
fe=(64)
+46 1905
fi=(71)
3228 1270
fe=(64)
66 635
fi=(71)
3228 3810
0 635
3229 635
fi=(72)
20 635
fe=(64)
+46 635
fi=(10)
898 635
fi=(19)
1915 635
fi=(36)
900 635
fe=(64)
70 35

fn=(5476)
116 36
fi=(60)
-84 12
cob=(2)
cfi=(2)
cfn=(4642)
calls=4 -32 
* 312
-32 20
fi=(66)
148 4
fi=(71)
3228 88
+1 16
-1 68
fi=(72)
64 16
fi=(66)
-32 12
148 4
fi=(10)
898 4
fi=(36)
+2 8
fi=(66)
148 252
fi=(71)
3228 5544
+1 1008
-1 4284
fi=(72)
64 1008
fi=(66)
-32 756
148 252
fi=(10)
898 252
fi=(36)
+2 504
0 4
fe=(64)
119 16
cob=(2)
cfi=(2)
cfn=(4260)
calls=4 0 
* 500
0 4
fi=(60)
32 16
cob=(2)
cfi=(2)
cfn=(4642)
calls=4 -32 
* 312
* 28
-32 4
fi=(66)
148 4
fi=(71)
3228 88
+1 16
-1 68
fi=(72)
64 16
fi=(66)
-32 12
148 256
fi=(71)
3228 5544
+1 1008
-1 4284
fi=(72)
64 1008
fi=(66)
-32 756
148 252
fi=(10)
898 252
fi=(36)
+2 504
fi=(10)
-2 4
fi=(36)
+2 8
fe=(64)
119 20
cob=(2)
cfi=(2)
cfn=(4260)
calls=4 0 
* 500
0 4
fi=(60)
32 16
cob=(2)
cfi=(2)
cfn=(4642)
calls=4 -32 
* 312
* 28
-32 4
fi=(66)
148 4
fi=(71)
3228 88
+1 16
-1 68
fi=(72)
64 16
fi=(66)
-32 12
148 256
fi=(71)
3228 5544
+1 1008
-1 4284
fi=(72)
64 1008
fi=(66)
-32 756
148 252
fi=(10)
898 252
fi=(36)
+2 504
fi=(10)
-2 4
fi=(36)
+2 8
fe=(64)
119 20
cob=(2)
cfi=(2)
cfn=(4260)
calls=4 0 
* 500
0 4
fi=(60)
32 16
cob=(2)
cfi=(2)
cfn=(4642)
calls=4 -32 
* 312
* 28
-32 4
fi=(66)
148 4
fi=(71)
3228 88
+1 16
-1 68
fi=(72)
64 16
fi=(66)
-32 12
148 256
fi=(71)
3228 5544
+1 1008
-1 4284
fi=(72)
64 1008
fi=(66)
-32 756
148 252
fi=(10)
898 252
fi=(36)
+2 504
fi=(10)
-2 4
fi=(36)
+2 8
fe=(64)
119 20
cob=(2)
cfi=(2)
cfn=(4260)
calls=4 0 
* 500
0 4
fi=(60)
32 16
cob=(2)
cfi=(2)
cfn=(4642)
calls=4 -32 
* 312
* 28
-32 4
fi=(66)
148 4
fi=(71)
3228 88
+1 16
-1 68
fi=(72)
64 16
fi=(66)
-32 12
148 256
fi=(71)
3228 5544
+1 1008
-1 4284
fi=(72)
64 1008
fi=(66)
-32 756
148 252
fi=(10)
898 252
fi=(36)
+2 504
fi=(10)
-2 4
fi=(36)
+2 8
fe=(64)
119 20
cob=(2)
cfi=(2)
cfn=(4260)
calls=4 0 
* 500
0 4
fi=(60)
32 16
cob=(2)
cfi=(2)
cfn=(4642)
calls=4 -32 
* 312
* 28
-32 4
fi=(66)
148 4
fi=(71)
3228 88
+1 16
-1 68
fi=(72)
64 16
fi=(66)
-32 12
148 256
fi=(71)
3228 5544
+1 1008
-1 4284
fi=(72)
64 1008
fi=(66)
-32 756
148 252
fi=(10)
898 252
fi=(36)
+2 504
fi=(10)
-2 4
fi=(36)
+2 8
fe=(64)
119 20
cob=(2)
cfi=(2)
cfn=(4260)
calls=4 0 
* 500
+3 28

fl=(6)
fn=(4864)
0 7573

fn=(5296)
0 12
cfi=(24)
cfn=(5298)
calls=16 467 
0 3592

fn=(4970)
0 7572
cfi=(25)
cfn=(4972)
calls=15080 48 
0 259959

fn=(5040)
0 7539
cfi=(24)
cfn=(5042)
calls=15006 482 
0 602718

fn=(3874)
cob=(2)
cfi=(2)
cfn=(3876) (below main)
calls=1 0 
0 16553251

fn=(3934) main
cfi=(8)
cfn=(3936)
calls=1 152 
0 16553251

fn=(4866)
0 34
cfi=(24)
cfn=(4868)
calls=75 450 
0 2496

fl=(61)
fn=(5452)
16 40
fi=(60)
+16 12
cob=(2)
cfi=(2)
cfn=(4642)
calls=5 -32 
* 312
fi=(58)
-15 56
fi=(51)
+59 36
fi=(49)
-53 8
fe=(61)
-2 16
cfi=(49)
cfn=(4988)
calls=5 +5 
* 176
* 4
+1 16
cob=(2)
cfi=(2)
cfn=(4260)
calls=5 -22 
* 260
* 16
cfi=(49)
cfn=(5014)
calls=5 +8 
* 25648
+2 8
+1 16
cfi=(49)
cfn=(5110)
calls=5 +12 
* 25156
* 4
+1 12
cfi=(63)
cfn=(5322)
calls=5 +35 
* 2044
+1 8
-27 12
fi=(36)
900 16
0 8
fe=(61)
29 16
cfi=(49)
cfn=(5110)
calls=5 +8 
* 204
* 768
cfi=(49)
cfn=(5110)
calls=240 +8 
* 9792
-29 196
31 392
fi=(51)
196 38
fi=(18)
552 52
fi=(51)
239 52
fe=(61)
0 26
31 52
fi=(62)
+10 26
fi=(51)
196 26
+62 52
+1 52
0 196
fe=(61)
36 392
fi=(50)
272 392
fe=(61)
37 588
-37 196
37 588
fi=(19)
1915 196
fi=(36)
900 196
fe=(61)
40 4
fi=(34)
634 8
fi=(23)
128 12
cfi=(6)
cfn=(4970)
calls=5 0 
* 140
fe=(61)
-88 36

fl=(51)
fn=(5094)
250 84579
-54 15378
+62 7689
0 15078
259 22617
0 7419
fi=(50)
89 7419
fi=(18)
552 22257
cob=(2)
cfi=(2)
cfn=(4260)
calls=22257 0 
* 133542
fe=(51)
239 7419
0 7869
fi=(20)
961 120
0 120
fi=(50)
89 120
fi=(18)
552 240
cob=(2)
cfi=(2)
cfn=(4260)
calls=360 0 
* 2160
0 120
fe=(51)
344 840
0 120
fi=(14)
1717 120
fi=(55)
180 120
fe=(51)
344 900
0 150
fi=(14)
1717 150
fi=(55)
180 150
0 270
fe=(51)
274 810
0 750
fi=(18)
552 750
cob=(2)
cfi=(2)
cfn=(4260)
calls=450 0 
* 4500
fi=(58)
61 450
cfi=(54)
cfn=(5024)
calls=450 166 
* 923700
fi=(18)
552 600
cob=(2)
cfi=(2)
cfn=(4260)
calls=450 0 
* 2700
fe=(51)
278 600
cob=(2)
cfi=(2)
cfn=(4260)
calls=450 0 
* 4500
-39 7689
+42 61512

fl=(73)
fn=(5536)
17 6
cfi=(6)
cfn=(4864)
calls=1 -17 
* 1
fi=(23)
198 3
cfi=(6)
cfn=(5040)
calls=1 0 
* 70
fi=(34)
469 2
0 6
fe=(73)
23 2
+1 2
-24 2
fi=(19)
1915 2
fi=(36)
900 2
fe=(73)
0 126
fi=(19)
1915 126
fi=(36)
900 126
fe=(73)
22 256
fi=(50)
278 6
fe=(73)
23 3
+1 3
-2 256
fi=(50)
278 4
fe=(73)
27 2
-27 4
23 3
+1 3
-24 3
fi=(19)
1915 3
fi=(36)
900 3
fe=(73)
0 125
fi=(19)
1915 125
fi=(36)
900 125
fe=(73)
22 256
fi=(50)
278 6
fe=(73)
23 3
+1 3
-2 256
fi=(50)
278 6
fe=(73)
27 2
-27 3
23 2
+1 2
-24 2
fi=(19)
1915 2
fi=(36)
900 2
fe=(73)
0 126
fi=(19)
1915 126
fi=(36)
900 126
fe=(73)
22 256
fi=(50)
278 2
fe=(73)
23 1
+1 1
-2 256
fi=(50)
278 4
fe=(73)
27 2
-27 4
23 3
+1 3
-24 3
fi=(19)
1915 3
fi=(36)
900 3
fe=(73)
0 125
fi=(19)
1915 125
fi=(36)
900 125
fe=(73)
22 256
fi=(50)
278 4
fe=(73)
23 2
+1 2
-2 256
fi=(50)
278 6
fe=(73)
27 2
-27 129
fi=(19)
1915 128
fi=(36)
900 128
fe=(73)
22 256
fi=(50)
278 12
fe=(73)
23 6
+1 6
-2 256
fi=(50)
278 10
0 5
fe=(73)
23 5
+1 5
-24 5
27 2
-27 2
23 1
+1 1
-24 1
fi=(19)
1915 1
fi=(36)
900 1
fe=(73)
0 127
fi=(19)
1915 127
fi=(36)
900 127
fe=(73)
22 256
fi=(50)
278 6
fe=(73)
23 3
+1 3
-2 256
fi=(50)
278 2
fe=(73)
27 1
+2 3
+1 5

fl=(65)
fn=(5142)
49 80
cob=(2)
cfi=(2)
cfn=(4642)
calls=6 -49 
* 24652
* 4
-49 4
fi=(60)
45 16
cob=(2)
cfi=(2)
cfn=(4642)
calls=6 -45 
* 312
* 80
cob=(2)
cfi=(2)
cfn=(4642)
calls=30 -45 
* 1560
* 24
-45 24
fe=(65)
25 72
fi=(71)
3228 192
0 24
3229 24
fi=(72)
20 24
fe=(65)
+5 72
fi=(71)
3228 192
0 24
3229 24
fi=(72)
20 24
fe=(65)
+5 48
fi=(19)
1915 48
fi=(36)
900 24
fe=(65)
25 9144
fi=(71)
3228 24384
0 3048
3229 3048
fi=(72)
20 3048
fe=(65)
+5 9144
fi=(71)
3228 24384
0 3048
3229 3048
fi=(72)
20 3048
fe=(65)
+5 6096
fi=(19)
1915 6096
fi=(36)
900 3048
0 96
fi=(60)
45 96
cob=(2)
cfi=(2)
cfn=(4642)
calls=36 -45 
* 1872
* 24
-45 24
fe=(65)
16 72
fi=(71)
3228 192
0 24
3229 24
fi=(72)
20 24
fe=(65)
-4 72
fi=(71)
3228 192
0 24
3229 24
fi=(72)
20 24
fe=(65)
-4 48
fi=(19)
1915 48
fi=(36)
900 24
fe=(65)
16 9144
fi=(71)
3228 24384
0 3048
3229 3048
fi=(72)
20 3048
fe=(65)
-4 9144
fi=(71)
3228 24384
0 3048
3229 3048
fi=(72)
20 3048
fe=(65)
-4 6096
fi=(19)
1915 6096
fi=(36)
900 3048
fe=(65)
56 96
cob=(2)
cfi=(2)
cfn=(4260)
calls=36 -56 
* 2992
fi=(60)
-11 96
cob=(2)
cfi=(2)
cfn=(4642)
calls=36 -45 
* 1872
* 24
-45 24
fe=(65)
25 72
fi=(71)
3228 192
0 24
3229 24
fi=(72)
20 24
fe=(65)
+5 72
fi=(71)
3228 192
0 24
3229 24
fi=(72)
20 24
fe=(65)
+5 48
fi=(19)
1915 48
fi=(36)
900 24
fe=(65)
25 9144
fi=(71)
3228 24384
0 3048
3229 3048
fi=(72)
20 3048
fe=(65)
+5 9144
fi=(71)
3228 24384
0 3048
3229 3048
fi=(72)
20 3048
fe=(65)
+5 6096
fi=(19)
1915 6096
fi=(36)
900 3048
fi=(60)
45 96
cob=(2)
cfi=(2)
cfn=(4642)
calls=36 -45 
* 1872
* 24
-45 24
fe=(65)
16 72
fi=(71)
3228 192
0 24
3229 24
fi=(72)
20 24
fe=(65)
-4 72
fi=(71)
3228 192
0 24
3229 24
fi=(72)
20 24
fe=(65)
-4 48
fi=(19)
1915 48
fi=(36)
900 24
fe=(65)
16 9144
fi=(71)
3228 24384
0 3048
3229 3048
fi=(72)
20 3048
fe=(65)
-4 9144
fi=(71)
3228 24384
0 3048
3229 3048
fi=(72)
20 3048
fe=(65)
-4 6096
fi=(19)
1915 6096
fi=(36)
900 3048
fe=(65)
56 96
cob=(2)
cfi=(2)
cfn=(4260)
calls=36 -56 
* 2992
fi=(60)
-11 96
cob=(2)
cfi=(2)
cfn=(4642)
calls=36 -45 
* 1872
* 24
-45 24
fe=(65)
25 72
fi=(71)
3228 192
0 24
3229 24
fi=(72)
20 24
fe=(65)
+5 72
fi=(71)
3228 192
0 24
3229 24
fi=(72)
20 24
fe=(65)
+5 48
fi=(19)
1915 48
fi=(36)
900 24
fe=(65)
25 9144
fi=(71)
3228 24384
0 3048
3229 3048
fi=(72)
20 3048
fe=(65)
+5 9144
fi=(71)
3228 24384
0 3048
3229 3048
fi=(72)
20 3048
fe=(65)
+5 6096
fi=(19)
1915 6096
fi=(36)
900 3048
fi=(60)
45 96
cob=(2)
cfi=(2)
cfn=(4642)
calls=36 -45 
* 1872
* 24
-45 24
fe=(65)
16 72
fi=(71)
3228 192
0 24
3229 24
fi=(72)
20 24
fe=(65)
-4 72
fi=(71)
3228 192
0 24
3229 24
fi=(72)
20 24
fe=(65)
-4 48
fi=(19)
1915 48
fi=(36)
900 24
fe=(65)
16 9144
fi=(71)
3228 24384
0 3048
3229 3048
fi=(72)
20 3048
fe=(65)
-4 9144
fi=(71)
3228 24384
0 3048
3229 3048
fi=(72)
20 3048
fe=(65)
-4 6096
fi=(19)
1915 6096
fi=(36)
900 3048
fe=(65)
56 96
cob=(2)
cfi=(2)
cfn=(4260)
calls=36 -56 
* 2992
fi=(60)
-11 96
cob=(2)
cfi=(2)
cfn=(4642)
calls=36 -45 
* 1872
* 24
-45 24
fe=(65)
25 72
fi=(71)
3228 192
0 24
3229 24
fi=(72)
20 24
fe=(65)
+5 72
fi=(71)
3228 48
fe=(65)
25 24
fi=(71)
3228 144
0 24
3229 24
fi=(72)
20 24
fe=(65)
+5 24
fi=(10)
898 24
fi=(19)
1915 24
fi=(36)
900 24
fe=(65)
25 9144
fi=(71)
3228 24384
0 3048
3229 3048
fi=(72)
20 3048
fe=(65)
+5 9144
fi=(71)
3228 6096
fe=(65)
25 3048
fi=(71)
3228 18288
0 3048
3229 3048
fi=(72)
20 3048
fe=(65)
+5 3048
fi=(10)
898 3048
fi=(19)
1915 3048
fi=(36)
900 3048
fi=(60)
45 96
cob=(2)
cfi=(2)
cfn=(4642)
calls=36 -45 
* 1872
* 24
-45 24
fe=(65)
16 72
fi=(71)
3228 192
0 24
3229 24
fi=(72)
20 24
fe=(65)
-4 72
fi=(71)
3228 192
0 24
3229 24
fi=(72)
20 24
fe=(65)
-4 48
fi=(19)
1915 48
fi=(36)
900 24
fe=(65)
16 9144
fi=(71)
3228 24384
0 3048
3229 3048
fi=(72)
20 3048
fe=(65)
-4 9144
fi=(71)
3228 24384
0 3048
3229 3048
fi=(72)
20 3048
fe=(65)
-4 6096
fi=(19)
1915 6096
fi=(36)
900 3048
fe=(65)
56 96
cob=(2)
cfi=(2)
cfn=(4260)
calls=36 -56 
* 2992
fi=(60)
-11 96
cob=(2)
cfi=(2)
cfn=(4642)
calls=36 -45 
* 1872
* 24
-45 24
fe=(65)
25 72
fi=(71)
3228 192
0 24
3229 24
fi=(72)
20 24
fe=(65)
+5 72
fi=(71)
3228 48
fe=(65)
25 24
fi=(71)
3228 144
0 24
3229 24
fi=(72)
20 24
fe=(65)
+5 24
fi=(10)
898 24
fi=(19)
1915 24
fi=(36)
900 24
fe=(65)
25 9144
fi=(71)
3228 24384
0 3048
3229 3048
fi=(72)
20 3048
fe=(65)
+5 9144
fi=(71)
3228 6096
fe=(65)
25 3048
fi=(71)
3228 18288
0 3048
3229 3048
fi=(72)
20 3048
fe=(65)
+5 3048
fi=(10)
898 3048
fi=(19)
1915 3048
fi=(36)
900 3048
fi=(60)
45 96
cob=(2)
cfi=(2)
cfn=(4642)
calls=36 -45 
* 1872
* 24
-45 24
fe=(65)
16 72
fi=(71)
3228 192
0 24
3229 24
fi=(72)
20 24
fe=(65)
-4 72
fi=(71)
3228 192
0 24
3229 24
fi=(72)
20 24
fe=(65)
-4 48
fi=(19)
1915 48
fi=(36)
900 24
fe=(65)
16 9144
fi=(71)
3228 24384
0 3048
3229 3048
fi=(72)
20 3048
fe=(65)
-4 9144
fi=(71)
3228 24384
0 3048
3229 3048
fi=(72)
20 3048
fe=(65)
-4 6096
fi=(19)
1915 6096
fi=(36)
900 3048
fe=(65)
56 96
cob=(2)
cfi=(2)
cfn=(4260)
calls=36 -56 
* 2992
fi=(10)
898 24
fi=(36)
+2 48
fi=(19)
1915 24
fi=(36)
900 24
0 4
fe=(65)
59 16
cob=(2)
cfi=(2)
cfn=(4260)
calls=6 -59 
* 2420
+1 36

fn=(5464)
40 50
fi=(60)
+41 5
-81 5
81 15
cob=(2)
cfi=(2)
cfn=(4642)
calls=6 -81 
* 20575
-81 5
45 15
cob=(2)
cfi=(2)
cfn=(4642)
calls=6 -45 
* 390
* 10
fe=(65)
-20 15
fi=(71)
3228 40
0 5
3229 5
fi=(72)
20 5
fe=(65)
+5 15
fi=(71)
3228 40
0 5
3229 5
fi=(72)
20 5
fe=(65)
+5 10
fi=(19)
1915 10
fi=(36)
900 5
fe=(65)
25 1905
fi=(71)
3228 5080
0 635
3229 635
fi=(72)
20 635
fe=(65)
+5 1905
fi=(71)
3228 5080
0 635
3229 635
fi=(72)
20 635
fe=(65)
+5 1270
fi=(19)
1915 1270
fi=(36)
900 635
0 5
fe=(65)
43 20
cob=(2)
cfi=(2)
cfn=(4260)
calls=6 -43 
* 625
-43 5
fi=(60)
45 20
cob=(2)
cfi=(2)
cfn=(4642)
calls=6 -45 
* 390
fe=(65)
-20 1920
fi=(71)
3228 5120
0 640
3229 640
fi=(72)
20 640
fe=(65)
+5 1920
fi=(71)
3228 1280
fe=(65)
25 640
fi=(71)
3228 3840
0 640
3229 640
fi=(72)
20 640
fe=(65)
+5 640
fi=(10)
898 640
fi=(19)
1915 640
fi=(36)
900 640
fe=(65)
43 25
cob=(2)
cfi=(2)
cfn=(4260)
calls=6 -43 
* 625
-43 5
fi=(60)
45 20
cob=(2)
cfi=(2)
cfn=(4642)
calls=6 -45 
* 390
-45 5
fe=(65)
25 15
fi=(71)
3228 40
0 5
3229 5
fi=(72)
20 5
fe=(65)
+5 15
fi=(71)
3228 10
fe=(65)
25 5
fi=(71)
3228 30
0 5
3229 5
fi=(72)
20 5
fe=(65)
+5 5
fi=(10)
898 5
fi=(19)
1915 5
fi=(36)
900 5
fe=(65)
25 1905
fi=(71)
3228 5080
0 635
3229 635
fi=(72)
20 635
fe=(65)
+5 1905
fi=(71)
3228 1270
fe=(65)
25 635
fi=(71)
3228 3810
0 635
3229 635
fi=(72)
20 635
fe=(65)
+5 635
fi=(10)
898 635
fi=(19)
1915 635
fi=(36)
900 635
0 5
fe=(65)
43 20
cob=(2)
cfi=(2)
cfn=(4260)
calls=6 -43 
* 625
-43 5
fi=(60)
45 20
cob=(2)
cfi=(2)
cfn=(4642)
calls=6 -45 
* 390
-45 5
fe=(65)
25 15
fi=(71)
3228 40
0 5
3229 5
fi=(72)
20 5
fe=(65)
+5 15
fi=(71)
3228 10
fe=(65)
25 5
fi=(71)
3228 30
0 5
3229 5
fi=(72)
20 5
fe=(65)
+5 5
fi=(10)
898 5
fi=(19)
1915 5
fi=(36)
900 5
fe=(65)
25 1905
fi=(71)
3228 5080
0 635
3229 635
fi=(72)
20 635
fe=(65)
+5 1905
fi=(71)
3228 1270
fe=(65)
25 635
fi=(71)
3228 3810
0 635
3229 635
fi=(72)
20 635
fe=(65)
+5 635
fi=(10)
898 635
fi=(19)
1915 635
fi=(36)
900 635
fe=(65)
43 25
cob=(2)
cfi=(2)
cfn=(4260)
calls=6 -43 
* 625
-43 5
fi=(60)
45 20
cob=(2)
cfi=(2)
cfn=(4642)
calls=6 -45 
* 390
-45 5
fe=(65)
25 15
fi=(71)
3228 40
0 5
3229 5
fi=(72)
20 5
fe=(65)
+5 15
fi=(71)
3228 10
fe=(65)
25 5
fi=(71)
3228 30
0 5
3229 5
fi=(72)
20 5
fe=(65)
+5 5
fi=(10)
898 5
fi=(19)
1915 5
fi=(36)
900 5
fe=(65)
25 1905
fi=(71)
3228 5080
0 635
3229 635
fi=(72)
20 635
fe=(65)
+5 1905
fi=(71)
3228 1270
fe=(65)
25 635
fi=(71)
3228 3810
0 635
3229 635
fi=(72)
20 635
fe=(65)
+5 635
fi=(10)
898 635
fi=(19)
1915 635
fi=(36)
900 635
fe=(65)
43 25
cob=(2)
cfi=(2)
cfn=(4260)
calls=6 -43 
* 625
-43 5
fi=(60)
45 20
cob=(2)
cfi=(2)
cfn=(4642)
calls=6 -45 
* 390
-45 5
fe=(65)
25 15
fi=(71)
3228 40
0 5
3229 5
fi=(72)
20 5
fe=(65)
+5 15
fi=(71)
3228 10
fe=(65)
25 5
fi=(71)
3228 30
0 5
3229 5
fi=(72)
20 5
fe=(65)
+5 5
fi=(10)
898 5
fi=(19)
1915 5
fi=(36)
900 5
fe=(65)
25 1905
fi=(71)
3228 5080
0 635
3229 635
fi=(72)
20 635
fe=(65)
+5 1905
fi=(71)
3228 1270
fe=(65)
25 635
fi=(71)
3228 3810
0 635
3229 635
fi=(72)
20 635
fe=(65)
+5 635
fi=(10)
898 635
fi=(19)
1915 635
fi=(36)
900 635
fe=(65)
43 25
cob=(2)
cfi=(2)
cfn=(4260)
calls=6 -43 
* 625
+3 45
-6 40
fi=(60)
+41 4
-81 4
81 12
cob=(2)
cfi=(2)
cfn=(4642)
calls=4 -81 
* 12364
-81 4
45 12
cob=(2)
cfi=(2)
cfn=(4642)
calls=4 -45 
* 312
* 8
fe=(65)
-20 12
fi=(71)
3228 32
0 4
3229 4
fi=(72)
20 4
fe=(65)
+5 12
fi=(71)
3228 32
0 4
3229 4
fi=(72)
20 4
fe=(65)
+5 8
fi=(19)
1915 8
fi=(36)
900 4
fe=(65)
25 1524
fi=(71)
3228 4064
0 508
3229 508
fi=(72)
20 508
fe=(65)
+5 1524
fi=(71)
3228 4064
0 508
3229 508
fi=(72)
20 508
fe=(65)
+5 1016
fi=(19)
1915 1016
fi=(36)
900 508
0 4
fe=(65)
43 16
cob=(2)
cfi=(2)
cfn=(4260)
calls=4 -43 
* 500
-43 4
fi=(60)
45 16
cob=(2)
cfi=(2)
cfn=(4642)
calls=4 -45 
* 312
fe=(65)
-20 1536
fi=(71)
3228 4096
0 512
3229 512
fi=(72)
20 512
fe=(65)
+5 1536
fi=(71)
3228 1024
fe=(65)
25 512
fi=(71)
3228 3072
0 512
3229 512
fi=(72)
20 512
fe=(65)
+5 512
fi=(10)
898 512
fi=(19)
1915 512
fi=(36)
900 512
fe=(65)
43 20
cob=(2)
cfi=(2)
cfn=(4260)
calls=4 -43 
* 500
-43 4
fi=(60)
45 16
cob=(2)
cfi=(2)
cfn=(4642)
calls=4 -45 
* 312
-45 4
fe=(65)
25 12
fi=(71)
3228 32
0 4
3229 4
fi=(72)
20 4
fe=(65)
+5 12
fi=(71)
3228 8
fe=(65)
25 4
fi=(71)
3228 24
0 4
3229 4
fi=(72)
20 4
fe=(65)
+5 4
fi=(10)
898 4
fi=(19)
1915 4
fi=(36)
900 4
fe=(65)
25 1524
fi=(71)
3228 4064
0 508
3229 508
fi=(72)
20 508
fe=(65)
+5 1524
fi=(71)
3228 1016
fe=(65)
25 508
fi=(71)
3228 3048
0 508
3229 508
fi=(72)
20 508
fe=(65)
+5 508
fi=(10)
898 508
fi=(19)
1915 508
fi=(36)
900 508
0 4
fe=(65)
43 16
cob=(2)
cfi=(2)
cfn=(4260)
calls=4 -43 
* 500
-43 4
fi=(60)
45 16
cob=(2)
cfi=(2)
cfn=(4642)
calls=4 -45 
* 312
-45 4
fe=(65)
25 12
fi=(71)
3228 32
0 4
3229 4
fi=(72)
20 4
fe=(65)
+5 12
fi=(71)
3228 8
fe=(65)
25 4
fi=(71)
3228 24
0 4
3229 4
fi=(72)
20 4
fe=(65)
+5 4
fi=(10)
898 4
fi=(19)
1915 4
fi=(36)
900 4
fe=(65)
25 1524
fi=(71)
3228 4064
0 508
3229 508
fi=(72)
20 508
fe=(65)
+5 1524
fi=(71)
3228 1016
fe=(65)
25 508
fi=(71)
3228 3048
0 508
3229 508
fi=(72)
20 508
fe=(65)
+5 508
fi=(10)
898 508
fi=(19)
1915 508
fi=(36)
900 508
fe=(65)
43 20
cob=(2)
cfi=(2)
cfn=(4260)
calls=4 -43 
* 500
-43 4
fi=(60)
45 16
cob=(2)
cfi=(2)
cfn=(4642)
calls=4 -45 
* 312
-45 4
fe=(65)
25 12
fi=(71)
3228 32
0 4
3229 4
fi=(72)
20 4
fe=(65)
+5 12
fi=(71)
3228 8
fe=(65)
25 4
fi=(71)
3228 24
0 4
3229 4
fi=(72)
20 4
fe=(65)
+5 4
fi=(10)
898 4
fi=(19)
1915 4
fi=(36)
900 4
fe=(65)
25 1524
fi=(71)
3228 4064
0 508
3229 508
fi=(72)
20 508
fe=(65)
+5 1524
fi=(71)
3228 1016
fe=(65)
25 508
fi=(71)
3228 3048
0 508
3229 508
fi=(72)
20 508
fe=(65)
+5 508
fi=(10)
898 508
fi=(19)
1915 508
fi=(36)
900 508
fe=(65)
43 20
cob=(2)
cfi=(2)
cfn=(4260)
calls=4 -43 
* 500
+3 36

fl=(49)
fn=(5074)
64 300
fi=(52)
+85 30
fi=(51)
+47 30
0 30
146 30
fi=(68) /home/rick/.cargo/registry/src/index.crates.io-1949cf8c6b5b557f/block-buffer-0.10.4/src/sealed.rs
17 60
fi=(51)
155 30
fi=(50)
-54 30
fi=(18)
552 90
cob=(2)
cfi=(2)
cfn=(4260)
calls=90 0 
* 360
fi=(51)
158 30
0 30
239 30
fe=(49)
66 240

fn=(5082)
68 210
fi=(52)
203 30
0 60
203 60
cob=(2)
cfi=(2)
cfn=(4260)
calls=90 0 
* 900
* 150
cob=(2)
cfi=(2)
cfn=(4260)
calls=90 0 
* 900
fi=(51)
-7 30
fi=(50)
-95 60
0 30
fi=(55)
180 30
fi=(51)
+8 60
cob=(2)
cfi=(2)
cfn=(4642)
calls=90 0 
* 780
fi=(53)
-49 30
+2 30
fi=(58)
-95 900
fi=(26)
1718 30
fi=(58)
46 30
+3 90
cfi=(54)
cfn=(5024)
calls=90 166 
* 184740
-49 30
8 120
cob=(2)
cfi=(2)
cfn=(4260)
calls=90 -8 
* 900
fi=(51)
+68 360
fe=(49)
-7 120
cob=(2)
cfi=(2)
cfn=(4260)
calls=90 -69 
* 1950
+1 210

fn=(4988)
26 570
fi=(52)
149 57
fi=(51)
+47 57
0 57
146 57
fi=(68)
17 114
fi=(51)
155 57
fi=(50)
-54 53
fi=(18)
552 159
cob=(2)
cfi=(2)
cfn=(4260)
calls=70 0 
* 757
fi=(51)
158 53
0 53
161 8
fi=(50)
-60 4
fi=(18)
552 16
cob=(2)
cfi=(2)
cfn=(4260)
calls=5 0 
* 88
fi=(26)
1718 4
fi=(58)
46 24
fi=(26)
1718 4
fi=(58)
46 8
fi=(26)
1718 4
fi=(58)
46 8
fi=(26)
1718 4
fi=(58)
46 8
fi=(26)
1718 4
fi=(58)
46 12
fi=(26)
1718 4
fi=(58)
46 16
fi=(26)
1718 4
fi=(58)
46 12
fi=(26)
1718 4
fi=(58)
46 8
fi=(26)
1718 4
fi=(58)
46 4
fi=(89) /rustc/ac68faa20c58cbccd01ee7208bf3b6e93a7d7f96/library/core/src/ptr/const_ptr.rs
863 4
fi=(58)
49 12
cfi=(54)
cfn=(5024)
calls=5 166 
* 24632
fi=(68)
-26 8
-23 4
23 28
fi=(89)
863 4
fi=(51)
169 8
0 8
fi=(26)
1718 4
fi=(58)
46 20
fi=(26)
1718 4
fi=(58)
46 8
fi=(26)
1718 4
fi=(58)
46 12
fi=(26)
1718 4
fi=(58)
46 8
fi=(26)
1718 4
fi=(58)
46 12
fi=(26)
1718 4
fi=(58)
46 12
fi=(26)
1718 4
fi=(58)
46 12
fi=(26)
1718 4
fi=(58)
46 12
fi=(26)
1718 4
fi=(58)
46 4
+3 4
fi=(14)
659 4
fi=(58)
49 8
cfi=(54)
cfn=(5024)
calls=7 166 
* 24632
fi=(26)
1718 16
fi=(58)
46 80
fi=(26)
1718 16
fi=(58)
46 32
fi=(26)
1718 16
fi=(58)
46 48
fi=(26)
1718 16
fi=(58)
46 32
fi=(26)
1718 16
fi=(58)
46 48
fi=(26)
1718 16
fi=(58)
46 48
fi=(26)
1718 16
fi=(58)
46 48
fi=(26)
1718 16
fi=(58)
46 48
fi=(26)
1718 16
fi=(58)
46 16
+3 16
fi=(14)
659 16
fi=(58)
49 32
cfi=(54)
cfn=(5024)
calls=46 166 
* 98528
fi=(14)
1717 20
fi=(55)
180 20
fi=(18)
552 16
cob=(2)
cfi=(2)
cfn=(4260)
calls=7 0 
* 44
fi=(51)
239 57
fe=(49)
28 456

fn=(5014)
30 182
fi=(52)
203 26
0 52
203 52
cob=(2)
cfi=(2)
cfn=(4260)
calls=43 0 
* 780
* 130
cob=(2)
cfi=(2)
cfn=(4260)
calls=43 0 
* 780
fi=(51)
-7 26
fi=(50)
-95 26
0 26
fi=(55)
180 26
fi=(51)
+8 52
cob=(2)
cfi=(2)
cfn=(4642)
calls=43 0 
* 481
fi=(53)
-49 26
+2 26
fi=(58)
-95 624
fi=(26)
1718 26
fi=(58)
46 26
+3 78
cfi=(54)
cfn=(5024)
calls=43 166 
* 160108
-49 26
8 104
cob=(2)
cfi=(2)
cfn=(4260)
calls=43 -8 
* 780
fi=(51)
+68 260
fe=(49)
-45 104
cob=(2)
cfi=(2)
cfn=(4260)
calls=43 -31 
* 1690
+1 182

fn=(5036)
42 180
fi=(57)
457 20
fi=(34)
0 40
460 20
0 20
cfi=(6)
cfn=(4864)
calls=22 0 
0 20
0 20
fi=(23)
198 60
cfi=(6)
cfn=(5040)
calls=22 0 
* 2555
fi=(34)
469 40
0 20
fi=(62)
41 20
fi=(51)
196 40
+62 20
0 100
fi=(18)
0 20
fi=(51)
344 120
0 20
fi=(14)
1717 20
fi=(55)
180 20
0 80
fi=(18)
552 80
cob=(2)
cfi=(2)
cfn=(4260)
calls=20 0 
* 600
* 240
cob=(2)
cfi=(2)
cfn=(4260)
calls=60 0 
* 1800
fi=(58)
61 240
cfi=(54)
cfn=(5024)
calls=80 166 
* 492640
fi=(62)
-61 80
44 240
cob=(2)
cfi=(2)
cfn=(4260)
calls=80 -44 
* 2400
fi=(14)
1717 160
fi=(55)
180 80
0 60
fi=(51)
274 20
0 40
fi=(18)
552 60
cob=(2)
cfi=(2)
cfn=(4260)
calls=22 0 
* 600
fi=(58)
61 60
cfi=(54)
cfn=(5024)
calls=22 166 
* 123160
fi=(51)
-61 60
fi=(18)
552 100
cob=(2)
cfi=(2)
cfn=(4260)
calls=22 0 
* 440
fi=(51)
278 80
cob=(2)
cfi=(2)
cfn=(4260)
calls=22 0 
* 600
* 20
0 40
239 20
fe=(49)
45 60
+1 180

fn=(5110)
37 1818
fi=(62)
+4 202
-41 202
fi=(51)
196 404
+62 202
0 392
259 588
fi=(50)
89 196
fi=(18)
552 588
cob=(2)
cfi=(2)
cfn=(4260)
calls=2723 0 
* 3136
fi=(51)
239 196
0 410
344 42
0 6
fi=(14)
1717 12
fi=(55)
180 6
0 6
fi=(51)
274 12
0 18
fi=(18)
552 24
cob=(2)
cfi=(2)
cfn=(4260)
calls=32 0 
* 180
fi=(58)
61 18
cfi=(54)
cfn=(5024)
calls=32 166 
* 36948
fi=(18)
552 24
cob=(2)
cfi=(2)
cfn=(4260)
calls=32 0 
* 76
fi=(51)
278 24
cob=(2)
cfi=(2)
cfn=(4260)
calls=32 0 
* 180
-39 202
fe=(49)
39 1616

fl=(48)
fn=(5130)
77 153
+1 34
cob=(2)
cfi=(2)
cfn=(4260)
calls=34 -78 
* 2125
-78 68
80 34
fi=(71)
3228 748
+1 136
fe=(48)
80 1088
fi=(71)
3228 23188
+1 4216
fe=(48)
80 1054
fi=(55)
180 1632
0 85
fe=(48)
86 51
-86 17
88 17
-1 17
+1 17
fi=(55)
-88 119
fe=(48)
86 357
-86 119
88 119
-1 119
+1 4318
-1 4199
+1 21539
-88 4335
91 87040
fi=(71)
3228 156672
0 17408
3229 52224
fe=(48)
92 52224
fi=(71)
3228 139264
0 17408
3229 17408
fi=(72)
20 17408
fe=(48)
+73 17408
fi=(71)
3228 139264
0 17408
3229 17408
fi=(72)
20 17408
fe=(48)
+72 17408
+1 17408
+1 17408
-4 34816
+6 4335
-10 8670
+12 136
-14 136
-84 17
100 68
cob=(2)
cfi=(2)
cfn=(4260)
calls=34 0 
* 2125
+1 153

fn=(5150)
104 666
+1 148
cob=(2)
cfi=(2)
cfn=(4260)
calls=92 0 
* 9250
0 296
107 148
fi=(71)
3228 3256
+1 592
fe=(48)
107 4736
fi=(71)
3228 100936
+1 18352
fe=(48)
107 4588
fi=(55)
+73 7104
0 370
fe=(48)
113 222
0 74
114 74
+1 148
fi=(55)
0 518
fe=(48)
113 1554
0 518
114 518
+1 1036
-1 18278
+1 74296
fi=(71)
3228 150960
+1 132090
0 18870
fe=(48)
118 151552
+1 227328
-1 75776
+1 151552
fi=(71)
3228 606208
0 75776
3229 75776
fi=(72)
20 75776
fe=(48)
120 75776
fi=(71)
3228 681984
0 75776
3229 227328
fe=(48)
121 75776
fi=(71)
3228 606208
0 75776
3229 75776
fi=(72)
20 75776
fe=(48)
+99 75776
+2 75776
+1 75776
-5 151552
+7 18870
-11 37740
-2 1776
0 148
129 148
fi=(71)
3228 592
0 74
3229 74
fi=(72)
20 74
fe=(48)
129 222
fi=(71)
3228 592
0 74
3229 74
fi=(72)
20 74
fe=(48)
129 74
fi=(14)
1717 148
fi=(55)
180 74
fe=(48)
-51 18796
fi=(71)
3228 75184
0 9398
3229 9398
fi=(72)
20 9398
fe=(48)
129 28194
fi=(71)
3228 75184
0 9398
3229 9398
fi=(72)
20 9398
fe=(48)
129 9398
fi=(14)
1717 18796
fi=(55)
180 9398
0 74
fe=(48)
131 296
cob=(2)
cfi=(2)
cfn=(4260)
calls=92 0 
* 9250
+1 666

ob=(2)
fl=(2)
fn=(3920) 0x00000000000276c0
cob=(6)
cfi=(6)
cfn=(3934)
calls=1 0 
0 16553251

fn=(4260)
0 399179

fn=(4626)
0 372
cfn=(4280) 0x00000000000a6140
calls=57 0 
0 2387
0 249628

fn=(4232)
0 660
cfn=(4234) 0x00000000000a80c0
calls=16 0 
0 2536
0 132

fn=(3994)
0 117
cfn=(4000) 0x00000000000a6dc0
calls=35 0 
0 1128
0 945

fn=(4000)
0 4856
cfn=(4726) 0x00000000000a4e90
calls=12 0 
0 138
0 233

fn=(3876)
cfn=(3920)
calls=1 0 
0 16553251

fn=(4280)
0 2006
cfn=(4298) 0x00000000000a4f60
calls=65 0 
0 464
0 481

fn=(4274) 0x00000000000a6290
0 72
cfn=(4280)
calls=8 0 
0 564
0 30

fn=(4298)
0 464

fn=(4760)
0 493
cfn=(4000)
calls=47 0 
0 3294
0 455690

fn=(4234)
0 521
cfn=(4000)
calls=6 0 
0 805
0 56
cfn=(4274)
calls=2 0 
0 222
0 42
cfn=(4726)
calls=6 0 
0 98
0 67
cfn=(4260)
calls=6 0 
0 189
0 24
cfn=(4274)
calls=6 0 
0 444
0 68

fn=(4642)
0 211387

fn=(4726)
0 236

totals: 16553251
