# callgrind format
version: 1
creator: callgrind-3.25.1
pid: 929664
cmd:  target/release/examples/profile baseline case-010
part: 1


desc: I1 cache: 
desc: D1 cache: 
desc: LL cache: 

desc: Timerange: Basic block 0 - 2705089
desc: Trigger: Program termination

positions: line
events: Ir
summary: 13597827


ob=(1) /usr/lib/ld-linux-x86-64.so.2
fl=(1) ???
fn=(0) 0x000000000001f300
cob=(6) /home/rick/unl/king's/thesis/ml-dsa/target/release/examples/profile
cfi=(6) ???
cfn=(3874) (below main)
calls=1 0 
0 13597827

ob=(6)
fl=(30) /rustc/ac68faa20c58cbccd01ee7208bf3b6e93a7d7f96/library/std/src/sys/backtrace.rs
fn=(4904) std::sys::backtrace::__rust_begin_short_backtrace
fi=(87) /rustc/ac68faa20c58cbccd01ee7208bf3b6e93a7d7f96/library/core/src/ops/function.rs
cfi=(31) /home/rick/unl/king's/thesis/ml-dsa/ml-dsa/examples/profile.rs
cfn=(4906) profile::main
calls=1 139 
250 13597827
fe=(30)

fl=(14) /rustc/ac68faa20c58cbccd01ee7208bf3b6e93a7d7f96/library/core/src/ptr/non_null.rs
fn=(5444) <digest::core_api::xof_reader::XofReaderCoreWrapper<T> as digest::XofReader>::read::{{closure}}
1717 6
fi=(55) /rustc/ac68faa20c58cbccd01ee7208bf3b6e93a7d7f96/library/core/src/slice/iter/macros.rs
180 6
0 45
fi=(62) /home/rick/.cargo/registry/src/index.crates.io-1949cf8c6b5b557f/digest-0.10.7/src/core_api/xof_reader.rs
44 9
fi=(18) /rustc/ac68faa20c58cbccd01ee7208bf3b6e93a7d7f96/library/core/src/ptr/mod.rs
552 18
cob=(2) /usr/lib/libc.so.6
cfi=(2) ???
cfn=(4260) 0x0000000000171fc0
calls=3 0 
* 90
fi=(58) /home/rick/.cargo/registry/src/index.crates.io-1949cf8c6b5b557f/sha3-0.10.9/src/state.rs
61 9
cfi=(54) /home/rick/.cargo/registry/src/index.crates.io-1949cf8c6b5b557f/keccak-0.1.6/src/lib.rs
cfn=(5024) keccak::p1600
calls=3 166 
* 18474
fi=(62)
-17 12
cob=(2)
cfi=(2)
cfn=(4260)
calls=3 -44 
* 90
fe=(14)
1717 6
fi=(55)
180 3
0 21
fi=(62)
46 6
fe=(14)

fl=(46) /home/rick/unl/king's/thesis/ml-dsa/ml-dsa/src/lib.rs
fn=(5310) ml_dsa::ml_dsa_65::sign_internal
97 4
fi=(69) /home/rick/unl/king's/thesis/ml-dsa/ml-dsa/src/sign.rs
-66 1
cfn=(5312) ml_dsa::sign::sign_internal_traced
calls=1 +6 
* 13597797
* 4
fe=(46)
+68 4

fl=(31)
fn=(4906)
cfn=(5308) profile::bench_sign
calls=1 90 
103 13597827

fn=(5308)
90 1
fi=(75) /rustc/ac68faa20c58cbccd01ee7208bf3b6e93a7d7f96/library/core/src/hint.rs
491 13
fe=(31)
91 1
cfi=(46)
cfn=(5310)
calls=1 +6 
* 13597810
+1 2

fl=(24) /rustc/ac68faa20c58cbccd01ee7208bf3b6e93a7d7f96/library/std/src/alloc.rs
fn=(5298) __rustc::__rdl_realloc
467 72
fi=(25) /rustc/ac68faa20c58cbccd01ee7208bf3b6e93a7d7f96/library/std/src/sys/alloc/unix.rs
53 54
+1 72
cob=(2)
cfi=(2)
cfn=(4232) realloc
calls=13 -54 
* 2648
fe=(24)

fn=(4868) __rustc::__rdl_alloc
450 27
fi=(25)
13 162
+1 54
cob=(2)
cfi=(2)
cfn=(3994) malloc
calls=68 -14 
* 1794
fe=(24)

fn=(5042) __rustc::__rdl_alloc_zeroed
482 35880
fi=(25)
35 35880
+1 41860
cob=(2)
cfi=(2)
cfn=(4760) calloc
calls=13447 -36 
* 365605
fe=(24)

fl=(63) /home/rick/unl/king's/thesis/ml-dsa/ml-dsa/src/encoding.rs
fn=(5320) ml_dsa::encoding::bit_unpack
131 320
+1 32
0 32
fi=(10) /rustc/ac68faa20c58cbccd01ee7208bf3b6e93a7d7f96/library/core/src/num/uint_macros.rs
154 96
fe=(63)
16 32
-16 32
133 32
cfn=(5322) ml_dsa::encoding::bytes_to_bits
calls=37 -72 
* 779579
fi=(60) /home/rick/unl/king's/thesis/ml-dsa/ml-dsa/src/poly.rs
32 128
cob=(2)
cfi=(2)
cfn=(4642) 0x00000000001729c0
calls=37 -32 
* 2496
* 128
-32 64
fe=(63)
136 24576
0 8192
fi=(19) /rustc/ac68faa20c58cbccd01ee7208bf3b6e93a7d7f96/library/core/src/cmp.rs
1915 8192
fi=(36) /rustc/ac68faa20c58cbccd01ee7208bf3b6e93a7d7f96/library/core/src/iter/range.rs
900 8192
fe=(63)
136 24576
fi=(50) /rustc/ac68faa20c58cbccd01ee7208bf3b6e93a7d7f96/library/core/src/slice/index.rs
438 16384
fe=(63)
0 8192
fi=(50)
89 8192
-89 24576
fi=(19)
1915 40960
fe=(63)
34 16384
fi=(88) /rustc/ac68faa20c58cbccd01ee7208bf3b6e93a7d7f96/library/core/src/ops/range.rs
563 8192
fi=(19)
1915 499200
fe=(63)
34 199680
fi=(88)
563 99840
fi=(36)
0 199680
fi=(88)
563 199680
fi=(34) /rustc/ac68faa20c58cbccd01ee7208bf3b6e93a7d7f96/library/alloc/src/raw_vec/mod.rs
424 32
634 64
fi=(23) /rustc/ac68faa20c58cbccd01ee7208bf3b6e93a7d7f96/library/alloc/src/alloc.rs
128 96
cfi=(6)
cfn=(4970) __rustc::__rust_dealloc
calls=37 0 
* 2821
fe=(63)
+11 288

fn=(5242) ml_dsa::encoding::bit_pack
109 40
+1 5
0 5
fi=(10)
154 20
fe=(63)
16 5
+95 10
fi=(34)
460 15
0 10
cfi=(6)
cfn=(4864) __rustc::__rust_no_alloc_shim_is_unstable_v2
calls=22 0 
0 5
fi=(23)
101 15
cfi=(6)
cfn=(4866) __rustc::__rust_alloc
calls=22 0 
* 710
fi=(34)
469 10
fi=(35) /rustc/ac68faa20c58cbccd01ee7208bf3b6e93a7d7f96/library/alloc/src/vec/mod.rs
977 60
0 25
fe=(63)
113 5
fi=(34)
0 5
cfi=(6)
cfn=(4864)
calls=22 0 
0 5
fi=(35)
0 3825
fe=(63)
113 1275
fi=(34)
0 1275
cfi=(6)
cfn=(4864)
calls=5610 0 
0 1275
fi=(23)
198 5120
cfi=(6)
cfn=(5040) __rustc::__rust_alloc_zeroed
calls=5632 0 
* 85760
fi=(34)
469 2560
fe=(63)
0 2560
113 1280
0 1280
fi=(36)
900 1280
0 3840
fe=(63)
24 19200
fi=(10)
898 1280
fe=(63)
25 1280
fi=(36)
900 2560
fe=(63)
24 76800
fi=(10)
898 5120
fe=(63)
25 5120
fi=(36)
900 10240
0 2560
900 1280
fi=(34)
619 1280
fi=(10)
2548 1280
fi=(34)
767 2560
fe=(63)
0 2560
fi=(20) /rustc/ac68faa20c58cbccd01ee7208bf3b6e93a7d7f96/library/core/src/ptr/mut_ptr.rs
961 1280
fi=(18)
552 3840
cob=(2)
cfi=(2)
cfn=(4260)
calls=5632 0 
* 14080
fi=(35)
2912 2560
fi=(23)
128 5120
cfi=(6)
cfn=(4970)
calls=5632 0 
* 44800
fi=(19)
1915 1280
fi=(36)
900 1285
fi=(35)
0 5
fe=(63)
116 25
cfn=(5192) ml_dsa::encoding::bits_to_bytes
calls=22 -65 
* 307965
fi=(34)
424 5
634 10
fi=(23)
128 15
cfi=(6)
cfn=(4970)
calls=22 0 
* 580
fe=(63)
-11 45

fn=(5176) ml_dsa::encoding::simple_bit_pack
99 162
fi=(10)
+55 72
fe=(63)
16 18
+85 36
fi=(34)
460 54
0 18
cfi=(6)
cfn=(4864)
calls=30 0 
0 18
fi=(23)
101 54
cfi=(6)
cfn=(4866)
calls=30 0 
* 720
fi=(34)
469 36
fi=(35)
977 180
0 90
fe=(63)
103 18
fi=(34)
0 18
cfi=(6)
cfn=(4864)
calls=30 0 
0 18
fi=(35)
0 9180
fe=(63)
103 4590
fi=(34)
0 4590
cfi=(6)
cfn=(4864)
calls=7650 0 
0 4590
fi=(23)
198 13824
cfi=(6)
cfn=(5040)
calls=7680 0 
* 290304
fi=(34)
469 9216
0 9216
fi=(36)
900 4608
0 9216
fe=(63)
24 69120
fi=(10)
898 4608
fe=(63)
25 4608
fi=(36)
900 9216
0 4608
900 4608
fi=(34)
619 4608
fi=(10)
2548 4608
0 4608
fi=(34)
767 9216
0 9216
fi=(20)
961 4608
fi=(18)
552 13824
cob=(2)
cfi=(2)
cfn=(4260)
calls=7680 0 
* 69120
fi=(35)
2912 9216
fi=(23)
128 18432
cfi=(6)
cfn=(4970)
calls=7680 0 
* 161280
fi=(19)
1915 4608
fi=(36)
900 4626
fi=(35)
0 18
fe=(63)
105 90
cfn=(5192)
calls=30 -54 
* 223380
fi=(34)
424 18
634 36
fi=(23)
128 54
cfi=(6)
cfn=(4970)
calls=30 0 
* 630
fe=(63)
-22 162

fn=(5192)
51 184
fi=(10)
3714 46
fi=(34)
460 23
0 23
cfi=(6)
cfn=(4864)
calls=52 0 
0 23
fi=(23)
198 69
cfi=(6)
cfn=(5040)
calls=52 0 
* 2202
fi=(34)
469 46
0 23
fi=(19)
1915 23
fi=(36)
900 23
0 46
fe=(63)
55 46
fi=(50)
278 46
fe=(63)
55 88018
fi=(50)
278 88018
fi=(10)
898 44032
fe=(63)
55 176128
-55 44032
fi=(19)
1915 44032
fi=(36)
900 44032
fe=(63)
57 69
+1 161

fn=(5322)
61 175
+2 35
-63 35
fi=(57) /rustc/ac68faa20c58cbccd01ee7208bf3b6e93a7d7f96/library/core/src/intrinsics/mod.rs
457 35
fi=(34)
0 35
460 35
0 140
cfi=(6)
cfn=(4864)
calls=47 0 
0 35
0 35
fi=(23)
198 105
cfi=(6)
cfn=(5040)
calls=47 0 
* 103277
fi=(34)
469 70
0 105
fi=(19)
1915 35
fi=(36)
900 35
0 35
fi=(50)
278 105
0 35
278 27056
fe=(63)
65 13528
+2 40584
fi=(50)
278 27056
fe=(63)
68 27056
-1 27056
fi=(50)
278 27056
fe=(63)
68 27056
-1 27056
fi=(50)
278 27056
fe=(63)
68 27056
-1 27056
fi=(50)
278 27056
fe=(63)
68 27056
-1 27056
fi=(50)
278 27056
fe=(63)
68 27056
-1 27056
fi=(50)
278 27056
fe=(63)
68 27056
-1 27056
fi=(50)
278 27056
fe=(63)
0 13528
68 13528
-1 13528
fi=(19)
1915 27056
fi=(36)
900 13528
fe=(63)
71 105
+1 245

fl=(69)
fn=(5312)
37 8
fi=(32) /rustc/ac68faa20c58cbccd01ee7208bf3b6e93a7d7f96/library/core/src/fmt/mod.rs
-37 146
fe=(69)
43 1
cfi=(67) /home/rick/unl/king's/thesis/ml-dsa/ml-dsa/src/serdes.rs
cfn=(5316) ml_dsa::serdes::sk_decode
calls=1 +56 
* 670545
fi=(26) /rustc/ac68faa20c58cbccd01ee7208bf3b6e93a7d7f96/library/core/src/result.rs
1183 2
0 1
1184 3
0 1
1184 3
cob=(2)
cfi=(2)
cfn=(4260)
calls=1 0 
* 17552
fe=(69)
42 18
-42 1
42 3
cob=(2)
cfi=(2)
cfn=(4260)
calls=1 -42 
* 509
* 5
cob=(2)
cfi=(2)
cfn=(4260)
calls=1 -42 
* 603
* 5
cob=(2)
cfi=(2)
cfn=(4260)
calls=1 -42 
* 605
fi=(64) /home/rick/unl/king's/thesis/ml-dsa/ml-dsa/src/vecops.rs
-24 2
-18 1
18 3
cfi=(48) /home/rick/unl/king's/thesis/ml-dsa/ml-dsa/src/ntt.rs
cfn=(5130) ml_dsa::ntt::ntt
calls=1 +59 
* 55208
* 4
cob=(2)
cfi=(2)
cfn=(4260)
calls=1 -18 
* 123
* 3
cfi=(48)
cfn=(5130)
calls=1 +59 
* 55208
* 4
cob=(2)
cfi=(2)
cfn=(4260)
calls=1 -18 
* 125
* 3
cfi=(48)
cfn=(5130)
calls=1 +59 
* 55208
* 4
cob=(2)
cfi=(2)
cfn=(4260)
calls=1 -18 
* 125
* 3
cfi=(48)
cfn=(5130)
calls=1 +59 
* 55208
* 4
cob=(2)
cfi=(2)
cfn=(4260)
calls=1 -18 
* 125
* 3
cfi=(48)
cfn=(5130)
calls=1 +59 
* 55208
* 4
cob=(2)
cfi=(2)
cfn=(4260)
calls=1 -18 
* 123
-18 1
18 3
cfi=(48)
cfn=(5130)
calls=1 +59 
* 55208
* 4
cob=(2)
cfi=(2)
cfn=(4260)
calls=1 -18 
* 125
* 3
cfi=(48)
cfn=(5130)
calls=1 +59 
* 55208
* 4
cob=(2)
cfi=(2)
cfn=(4260)
calls=1 -18 
* 123
* 3
cfi=(48)
cfn=(5130)
calls=1 +59 
* 55208
* 4
cob=(2)
cfi=(2)
cfn=(4260)
calls=1 -18 
* 125
* 3
cfi=(48)
cfn=(5130)
calls=1 +59 
* 55208
* 4
cob=(2)
cfi=(2)
cfn=(4260)
calls=1 -18 
* 125
* 3
cfi=(48)
cfn=(5130)
calls=1 +59 
* 55208
* 4
cob=(2)
cfi=(2)
cfn=(4260)
calls=1 -18 
* 125
* 3
cfi=(48)
cfn=(5130)
calls=1 +59 
* 55208
* 4
cob=(2)
cfi=(2)
cfn=(4260)
calls=1 -18 
* 123
-18 1
18 3
cfi=(48)
cfn=(5130)
calls=1 +59 
* 55208
* 4
cob=(2)
cfi=(2)
cfn=(4260)
calls=1 -18 
* 125
* 3
cfi=(48)
cfn=(5130)
calls=1 +59 
* 55208
* 4
cob=(2)
cfi=(2)
cfn=(4260)
calls=1 -18 
* 125
* 3
cfi=(48)
cfn=(5130)
calls=1 +59 
* 55208
* 4
cob=(2)
cfi=(2)
cfn=(4260)
calls=1 -18 
* 125
* 3
cfi=(48)
cfn=(5130)
calls=1 +59 
* 55208
* 4
cob=(2)
cfi=(2)
cfn=(4260)
calls=1 -18 
* 123
* 3
cfi=(48)
cfn=(5130)
calls=1 +59 
* 55208
* 4
cob=(2)
cfi=(2)
cfn=(4260)
calls=1 -18 
* 125
* 3
cfi=(48)
cfn=(5130)
calls=1 +59 
* 55208
* 4
cob=(2)
cfi=(2)
cfn=(4260)
calls=1 -18 
* 125
* 2
fe=(69)
+29 1
cfi=(59) /home/rick/unl/king's/thesis/ml-dsa/ml-dsa/src/expand.rs
cfn=(5060) ml_dsa::expand::expand_a
calls=1 -31 
* 1741814
fi=(58)
-30 14
fi=(51) /home/rick/.cargo/registry/src/index.crates.io-1949cf8c6b5b557f/block-buffer-0.10.4/src/lib.rs
+59 9
fi=(49) /home/rick/unl/king's/thesis/ml-dsa/ml-dsa/src/hash.rs
-53 1
fe=(69)
+28 6
cfi=(49)
cfn=(4988) ml_dsa::hash::H::absorb
calls=1 -25 
* 44
+1 4
cfi=(49)
cfn=(4988)
calls=1 -26 
* 45
fi=(58)
-35 1
fe=(69)
+36 5
+1 4
cob=(2)
cfi=(2)
cfn=(4260)
calls=1 -54 
* 65
* 5
cfi=(49)
cfn=(5014) ml_dsa::hash::H::finalize
calls=1 -24 
* 6405
* 6
cfi=(49)
cfn=(5110) ml_dsa::hash::HReader::squeeze
calls=1 -17 
* 6288
fi=(58)
-37 14
fi=(51)
+59 9
fi=(49)
-53 3
fe=(69)
+35 3
cfi=(49)
cfn=(4988)
calls=1 -32 
* 44
+1 4
cfi=(49)
cfn=(4988)
calls=1 -33 
* 44
+1 4
cfi=(49)
cfn=(4988)
calls=1 -34 
* 44
fi=(58)
-43 1
fe=(69)
+44 5
+1 4
cob=(2)
cfi=(2)
cfn=(4260)
calls=1 -62 
* 65
* 4
cfi=(49)
cfn=(5014)
calls=1 -32 
* 6406
* 4
cfi=(49)
cfn=(5110)
calls=1 -25 
* 6288
* 3
-62 3
fi=(23)
128 8
cfi=(6)
cfn=(4970)
calls=2 0 
* 70
0 3
fe=(69)
69 15
cfi=(59)
cfn=(5370) ml_dsa::expand::expand_mask
calls=3 -13 
* 2122179
fi=(48)
+9 12
cob=(2)
cfi=(2)
cfn=(4260)
calls=3 -78 
* 375
* 3
-78 9
80 6
fi=(71) /rustc/ac68faa20c58cbccd01ee7208bf3b6e93a7d7f96/library/core/src/num/int_macros.rs
3228 132
+1 24
fi=(48)
80 192
fi=(71)
3228 4092
+1 744
fi=(48)
80 186
fi=(55)
180 288
fe=(69)
67 3
-67 9
fi=(48)
86 9
-86 3
88 3
-1 3
+1 3
fe=(69)
-88 21
fi=(48)
86 63
-86 21
88 21
-1 21
+1 762
-1 741
+1 3801
-88 765
91 15360
fi=(71)
3228 27648
0 3072
3229 9216
fi=(48)
92 9216
fi=(71)
3228 24576
0 3072
3229 3072
fi=(72) /home/rick/unl/king's/thesis/ml-dsa/ml-dsa/src/field.rs
20 3072
fi=(48)
+73 3072
fi=(71)
3228 24576
0 3072
3229 3072
fi=(72)
20 3072
fi=(48)
+72 3072
+1 3072
+1 3072
-4 6144
+6 765
-10 2295
+12 24
-14 24
+16 9
0 3
100 9
cob=(2)
cfi=(2)
cfn=(4260)
calls=3 0 
* 375
fi=(64)
-82 12
cob=(2)
cfi=(2)
cfn=(4260)
calls=3 -18 
* 375
fi=(48)
+60 12
cob=(2)
cfi=(2)
cfn=(4260)
calls=3 -78 
* 375
* 9
+2 6
fi=(71)
3228 132
+1 24
fi=(48)
80 6
fi=(55)
180 3
fi=(48)
80 186
fi=(71)
3228 4092
+1 744
fi=(48)
80 186
fi=(55)
180 285
0 12
fi=(48)
86 9
-86 3
88 3
-1 3
+1 3
fi=(55)
-88 21
fi=(48)
86 63
-86 21
88 21
-1 21
+1 762
-1 741
+1 3801
-88 765
91 15360
fi=(71)
3228 27648
0 3072
3229 9216
fi=(48)
92 9216
fi=(71)
3228 24576
0 3072
3229 3072
fi=(72)
20 3072
fi=(48)
+73 3072
fi=(71)
3228 24576
0 3072
3229 3072
fi=(72)
20 3072
fi=(48)
+72 3072
+1 3072
+1 3072
-4 6144
+6 765
-10 1530
+12 24
-14 24
+16 9
0 3
100 9
cob=(2)
cfi=(2)
cfn=(4260)
calls=3 0 
* 375
fi=(64)
-82 12
cob=(2)
cfi=(2)
cfn=(4260)
calls=3 -18 
* 375
fi=(48)
+60 12
cob=(2)
cfi=(2)
cfn=(4260)
calls=3 -78 
* 375
* 9
-78 3
80 6
fi=(71)
3228 132
+1 24
fi=(48)
80 192
fi=(71)
3228 4092
+1 744
fi=(48)
80 186
fi=(55)
180 288
0 12
fi=(48)
86 9
-86 3
88 3
-1 3
+1 3
fi=(55)
-88 21
fi=(48)
86 63
-86 21
88 21
-1 21
+1 762
-1 741
+1 3801
-88 765
91 15360
fi=(71)
3228 27648
0 3072
3229 9216
fi=(48)
92 9216
fi=(71)
3228 24576
0 3072
3229 3072
fi=(72)
20 3072
fi=(48)
+73 3072
fi=(71)
3228 24576
0 3072
3229 3072
fi=(72)
20 3072
fi=(48)
+72 3072
+1 3072
+1 3072
-4 6144
+6 765
-10 1530
+12 24
-14 24
+16 9
0 3
100 9
cob=(2)
cfi=(2)
cfn=(4260)
calls=3 0 
* 375
fi=(64)
-82 12
cob=(2)
cfi=(2)
cfn=(4260)
calls=3 -18 
* 369
fi=(48)
+60 12
cob=(2)
cfi=(2)
cfn=(4260)
calls=3 -78 
* 375
* 9
-78 3
80 6
fi=(71)
3228 132
+1 24
fi=(48)
80 192
fi=(71)
3228 4092
+1 744
fi=(48)
80 186
fi=(55)
180 288
0 12
fi=(48)
86 9
-86 3
88 3
-1 3
+1 3
fi=(55)
-88 21
fi=(48)
86 63
-86 21
88 21
-1 21
+1 762
-1 741
+1 3801
-88 765
91 15360
fi=(71)
3228 27648
0 3072
3229 9216
fi=(48)
92 9216
fi=(71)
3228 24576
0 3072
3229 3072
fi=(72)
20 3072
fi=(48)
+73 3072
fi=(71)
3228 24576
0 3072
3229 3072
fi=(72)
20 3072
fi=(48)
+72 3072
+1 3072
+1 3072
-4 6144
+6 765
-10 1530
+12 24
-14 24
+16 9
0 3
100 9
cob=(2)
cfi=(2)
cfn=(4260)
calls=3 0 
* 375
fi=(64)
-82 12
cob=(2)
cfi=(2)
cfn=(4260)
calls=3 -18 
* 375
fi=(48)
+60 12
cob=(2)
cfi=(2)
cfn=(4260)
calls=3 -78 
* 375
* 9
-78 3
80 6
fi=(71)
3228 132
+1 24
fi=(48)
80 192
fi=(71)
3228 4092
+1 744
fi=(48)
80 186
fi=(55)
180 288
0 12
fi=(48)
86 9
-86 3
88 3
-1 3
+1 3
fi=(55)
-88 21
fi=(48)
86 63
-86 21
88 21
-1 21
+1 762
-1 741
+1 3801
-88 765
91 15360
fi=(71)
3228 27648
0 3072
3229 9216
fi=(48)
92 9216
fi=(71)
3228 24576
0 3072
3229 3072
fi=(72)
20 3072
fi=(48)
+73 3072
fi=(71)
3228 24576
0 3072
3229 3072
fi=(72)
20 3072
fi=(48)
+72 3072
+1 3072
+1 3072
-4 6144
+6 765
-10 1530
+12 24
-14 24
+16 9
0 3
100 9
cob=(2)
cfi=(2)
cfn=(4260)
calls=3 0 
* 375
fi=(64)
-82 12
cob=(2)
cfi=(2)
cfn=(4260)
calls=3 -18 
* 375
* 3
fe=(69)
+52 12
cfi=(65) /home/rick/unl/king's/thesis/ml-dsa/ml-dsa/src/ntt_arith.rs
cfn=(5142) ml_dsa::ntt_arith::matrix_vector_ntt
calls=3 -21 
* 807594
fi=(64)
-43 12
cfi=(48)
cfn=(5150) ml_dsa::ntt::inv_ntt
calls=3 +77 
* 190575
* 15
cob=(2)
cfi=(2)
cfn=(4260)
calls=3 -27 
* 375
* 9
cfi=(48)
cfn=(5150)
calls=3 +77 
* 190575
* 12
cob=(2)
cfi=(2)
cfn=(4260)
calls=3 -27 
* 375
* 9
cfi=(48)
cfn=(5150)
calls=3 +77 
* 190575
* 12
cob=(2)
cfi=(2)
cfn=(4260)
calls=3 -27 
* 369
* 9
cfi=(48)
cfn=(5150)
calls=3 +77 
* 190575
* 12
cob=(2)
cfi=(2)
cfn=(4260)
calls=3 -27 
* 375
* 9
cfi=(48)
cfn=(5150)
calls=3 +77 
* 190575
* 12
cob=(2)
cfi=(2)
cfn=(4260)
calls=3 -27 
* 375
* 9
cfi=(48)
cfn=(5150)
calls=3 +77 
* 190575
* 12
cob=(2)
cfi=(2)
cfn=(4260)
calls=3 -27 
* 375
* 3
fe=(69)
+44 9
cfi=(64)
cfn=(5392) ml_dsa::vecops::high_bits_vec
calls=3 +36 
* 86973
fi=(58)
-54 45
fi=(51)
+59 27
fi=(49)
-53 3
fe=(69)
+52 18
cfi=(49)
cfn=(4988)
calls=3 -49 
* 132
+1 9
cfi=(67)
cfn=(5400) ml_dsa::serdes::w1_encode
calls=3 +92 
* 1005551
fi=(34)
614 3
fi=(35)
1840 3
fe=(69)
76 9
cfi=(49)
cfn=(4988)
calls=3 -50 
* 111813
fi=(34)
424 3
634 6
fi=(23)
128 9
cfi=(6)
cfn=(4970)
calls=3 0 
* 105
fi=(52) /home/rick/.cargo/registry/src/index.crates.io-1949cf8c6b5b557f/digest-0.10.7/src/core_api/wrapper.rs
+75 15
cob=(2)
cfi=(2)
cfn=(4260)
calls=3 0 
* 90
* 15
cob=(2)
cfi=(2)
cfn=(4260)
calls=3 0 
* 90
fi=(51)
-7 3
fi=(50)
-95 6
fi=(55)
+79 6
fi=(51)
+8 6
cob=(2)
cfi=(2)
cfn=(4642)
calls=3 0 
* 57
fi=(53) /home/rick/.cargo/registry/src/index.crates.io-1949cf8c6b5b557f/sha3-0.10.9/src/macros.rs
-49 3
+2 3
fi=(58)
-95 72
fi=(26)
1718 3
fi=(58)
46 3
+3 9
cfi=(54)
cfn=(5024)
calls=3 166 
* 18474
-41 15
cob=(2)
cfi=(2)
cfn=(4260)
calls=3 -8 
* 90
+9 3
fi=(51)
+59 27
fi=(49)
-45 15
cob=(2)
cfi=(2)
cfn=(4260)
calls=3 -31 
* 195
fi=(34)
-31 3
cfi=(6)
cfn=(4864)
calls=3 0 
0 3
fi=(23)
198 9
cfi=(6)
cfn=(5040)
calls=3 0 
* 408
0 3
fi=(34)
469 6
fi=(62)
41 3
fi=(51)
196 6
+62 3
fi=(18)
0 9
fi=(51)
271 12
cfi=(14)
cfn=(5444)
calls=3 1717 
* 9
+3 6
fi=(58)
17 3
fi=(18)
1721 27
fi=(51)
276 12
cfi=(14)
cfn=(5444)
calls=3 1717 
* 18786
fi=(18)
552 12
cob=(2)
cfi=(2)
cfn=(4260)
calls=3 0 
* 36
fe=(69)
78 12
cfi=(61) /home/rick/unl/king's/thesis/ml-dsa/ml-dsa/src/sample.rs
cfn=(5452) ml_dsa::sample::sample_in_ball
calls=3 -62 
* 51368
* 12
cob=(2)
cfi=(2)
cfn=(4260)
calls=3 -78 
* 375
* 3
fi=(48)
-78 9
80 6
fi=(71)
3228 132
+1 24
fi=(48)
80 192
fi=(71)
3228 4092
+1 744
fi=(48)
80 186
fi=(55)
180 288
0 12
fi=(48)
86 9
-86 3
88 3
-1 3
+1 3
fi=(55)
-88 21
fi=(48)
86 63
-86 21
88 21
-1 21
+1 762
-1 741
+1 3801
-88 765
91 15360
fi=(71)
3228 27648
0 3072
3229 9216
fi=(48)
92 9216
fi=(71)
3228 24576
0 3072
3229 3072
fi=(72)
20 3072
fi=(48)
+73 3072
fi=(71)
3228 24576
0 3072
3229 3072
fi=(72)
20 3072
fi=(48)
+72 3072
+1 3072
+1 3072
-4 6144
+6 765
-10 1530
+12 24
-14 24
+16 18
cob=(2)
cfi=(2)
cfn=(4260)
calls=3 0 
* 375
fe=(69)
-18 15
cfi=(65)
cfn=(5464) ml_dsa::ntt_arith::scalar_vector_ntt
calls=3 -42 
* 75912
* 3
fi=(64)
-55 9
cfi=(48)
cfn=(5150)
calls=3 +77 
* 190575
* 12
cob=(2)
cfi=(2)
cfn=(4260)
calls=3 -27 
* 369
* 9
cfi=(48)
cfn=(5150)
calls=3 +77 
* 190575
* 12
cob=(2)
cfi=(2)
cfn=(4260)
calls=3 -27 
* 375
* 9
cfi=(48)
cfn=(5150)
calls=3 +77 
* 190575
* 12
cob=(2)
cfi=(2)
cfn=(4260)
calls=3 -27 
* 375
* 9
cfi=(48)
cfn=(5150)
calls=3 +77 
* 190575
* 12
cob=(2)
cfi=(2)
cfn=(4260)
calls=3 -27 
* 375
* 9
cfi=(48)
cfn=(5150)
calls=3 +77 
* 190575
* 12
cob=(2)
cfi=(2)
cfn=(4260)
calls=3 -27 
* 369
fe=(69)
+56 12
cfi=(65)
cfn=(5464)
calls=3 -43 
* 92298
fi=(64)
-56 9
cfi=(48)
cfn=(5150)
calls=3 +77 
* 190575
* 12
cob=(2)
cfi=(2)
cfn=(4260)
calls=3 -27 
* 369
* 9
cfi=(48)
cfn=(5150)
calls=3 +77 
* 190575
* 12
cob=(2)
cfi=(2)
cfn=(4260)
calls=3 -27 
* 375
* 9
cfi=(48)
cfn=(5150)
calls=3 +77 
* 190575
* 12
cob=(2)
cfi=(2)
cfn=(4260)
calls=3 -27 
* 375
* 9
cfi=(48)
cfn=(5150)
calls=3 +77 
* 190575
* 12
cob=(2)
cfi=(2)
cfn=(4260)
calls=3 -27 
* 375
* 9
cfi=(48)
cfn=(5150)
calls=3 +77 
* 190575
* 12
cob=(2)
cfi=(2)
cfn=(4260)
calls=3 -27 
* 369
* 9
cfi=(48)
cfn=(5150)
calls=3 +77 
* 190575
* 12
cob=(2)
cfi=(2)
cfn=(4260)
calls=3 -27 
* 375
fe=(69)
+57 12
cfi=(64)
cfn=(5154) ml_dsa::vecops::add_vec
calls=3 -33 
* 78864
+1 12
cfi=(64)
cfn=(5470) ml_dsa::vecops::sub_vec
calls=3 -23 
* 94614
* 9
cfi=(64)
cfn=(5476) ml_dsa::vecops::low_bits_vec
calls=3 +31 
* 67371
-85 27
fi=(64)
153 6
fi=(71)
3228 132
+1 15
fi=(64)
153 186
fi=(71)
3228 4092
+1 744
fi=(72)
64 558
fi=(71)
3229 9
fi=(72)
64 30
fi=(71)
3608 24
fi=(64)
154 54
fi=(36)
900 9
fi=(72)
64 372
fi=(71)
3608 744
fi=(64)
154 1674
fi=(36)
900 366
0 3
fi=(64)
153 6
fi=(71)
3228 84
fi=(64)
153 186
fi=(71)
3228 4092
+1 744
fi=(72)
64 558
fi=(71)
3228 48
+1 24
fi=(72)
64 30
fi=(71)
3608 24
fi=(64)
154 54
fi=(72)
-90 372
fi=(71)
3608 744
fi=(64)
154 1674
fi=(36)
900 375
0 3
fi=(64)
153 6
fi=(71)
3228 84
fi=(64)
153 186
fi=(71)
3228 4092
+1 744
fi=(72)
64 558
fi=(71)
3228 48
+1 24
fi=(72)
64 30
fi=(71)
3608 24
fi=(64)
154 54
fi=(72)
-90 372
fi=(71)
3608 744
fi=(64)
154 1674
fi=(36)
900 375
0 3
fi=(64)
153 6
fi=(71)
3228 84
fi=(64)
153 186
fi=(71)
3228 4092
+1 744
fi=(72)
64 558
fi=(71)
3228 48
+1 24
fi=(72)
64 30
fi=(71)
3608 24
fi=(64)
154 54
fi=(72)
-90 372
fi=(71)
3608 744
fi=(64)
154 1674
fi=(36)
900 375
0 3
fi=(64)
153 6
fi=(71)
3228 84
fi=(64)
153 186
fi=(71)
3228 4092
+1 744
fi=(72)
64 558
fi=(71)
3228 48
+1 24
fi=(72)
64 30
fi=(71)
3608 24
fi=(64)
154 54
fi=(72)
-90 372
fi=(71)
3608 744
fi=(64)
154 1674
fi=(36)
900 369
fe=(69)
88 12
cfi=(64)
cfn=(5492) ml_dsa::vecops::inf_norm
calls=3 +61 
* 54126
* 6
+6 4
cfi=(65)
cfn=(5464)
calls=1 -54 
* 30766
fi=(64)
-67 3
cfi=(48)
cfn=(5150)
calls=1 +77 
* 63525
* 4
cob=(2)
cfi=(2)
cfn=(4260)
calls=1 -27 
* 125
* 3
cfi=(48)
cfn=(5150)
calls=1 +77 
* 63525
* 4
cob=(2)
cfi=(2)
cfn=(4260)
calls=1 -27 
* 125
* 3
cfi=(48)
cfn=(5150)
calls=1 +77 
* 63525
* 4
cob=(2)
cfi=(2)
cfn=(4260)
calls=1 -27 
* 123
* 3
cfi=(48)
cfn=(5150)
calls=1 +77 
* 63525
* 4
cob=(2)
cfi=(2)
cfn=(4260)
calls=1 -27 
* 125
* 3
cfi=(48)
cfn=(5150)
calls=1 +77 
* 63525
* 4
cob=(2)
cfi=(2)
cfn=(4260)
calls=1 -27 
* 125
* 3
cfi=(48)
cfn=(5150)
calls=1 +77 
* 63525
* 4
cob=(2)
cfi=(2)
cfn=(4260)
calls=1 -27 
* 125
fe=(69)
+68 4
cfi=(64)
cfn=(5470)
calls=1 -33 
* 31538
* 4
cfi=(64)
cfn=(5154)
calls=1 -44 
* 31538
fi=(60)
-32 4
cob=(2)
cfi=(2)
cfn=(4642)
calls=1 -63 
* 6163
* 1
fi=(58)
-46 3
fi=(64)
+60 2
fi=(71)
3228 44
+1 8
fi=(64)
77 64
fi=(71)
3228 1364
+1 248
fi=(64)
77 62
fi=(36)
900 96
0 2
fi=(64)
77 2
fi=(71)
3228 44
+1 8
fi=(64)
77 2
fi=(36)
900 2
fi=(64)
77 62
fi=(71)
3228 1364
+1 248
fi=(64)
77 62
fi=(36)
900 94
0 2
fi=(64)
77 2
fi=(71)
3228 44
+1 8
fi=(64)
77 2
fi=(36)
900 2
fi=(64)
77 62
fi=(71)
3228 1364
+1 248
fi=(64)
77 62
fi=(36)
900 94
0 2
fi=(64)
77 2
fi=(71)
3228 44
+1 8
fi=(64)
77 2
fi=(36)
900 2
fi=(64)
77 62
fi=(71)
3228 1364
+1 248
fi=(64)
77 62
fi=(36)
900 94
0 2
fi=(64)
77 2
fi=(71)
3228 44
+1 8
fi=(64)
77 2
fi=(36)
900 2
fi=(64)
77 62
fi=(71)
3228 1364
+1 248
fi=(64)
77 62
fi=(36)
900 94
0 2
fi=(64)
77 2
fi=(71)
3228 44
+1 8
fi=(64)
77 2
fi=(36)
900 2
fi=(64)
77 62
fi=(71)
3228 1364
+1 248
fi=(64)
77 62
fi=(36)
900 94
fe=(69)
96 4
cfi=(64)
cfn=(5510) ml_dsa::vecops::make_hint_vec
calls=1 +29 
* 56224
+3 2
cfi=(64)
cfn=(5492)
calls=1 +50 
* 18042
* 2
-99 3
fi=(58)
17 2
-17 1
fi=(64)
167 20
fi=(36)
900 3
fi=(64)
167 620
fi=(36)
900 99
0 1
fi=(64)
167 20
fi=(36)
900 3
fi=(64)
167 620
fi=(36)
900 99
0 1
fi=(64)
167 20
fi=(36)
900 3
fi=(64)
167 620
fi=(36)
900 99
0 1
fi=(64)
167 20
fi=(36)
900 3
fi=(64)
167 620
fi=(36)
900 99
0 1
fi=(64)
167 20
fi=(36)
900 3
fi=(64)
167 620
fi=(36)
900 99
0 1
fi=(64)
167 20
fi=(36)
900 3
fi=(64)
167 620
fi=(36)
900 97
fe=(69)
99 2
-99 2
105 2
cfi=(64)
cfn=(5520) ml_dsa::vecops::center_vec
calls=1 -21 
* 16687
* 7
cfi=(67)
cfn=(5526) ml_dsa::serdes::sig_encode
calls=1 +28 
* 634987
* 7
fi=(23)
+23 4
cfi=(6)
cfn=(4970)
calls=1 0 
* 35
fe=(69)
-21 9

fl=(8) /rustc/ac68faa20c58cbccd01ee7208bf3b6e93a7d7f96/library/std/src/rt.rs
fn=(3936) std::rt::lang_start_internal
fi=(87)
cfn=(4902) std::rt::lang_start::{{closure}}
calls=1 206 
287 13597827
fe=(8)

fn=(4902)
cfi=(30)
cfn=(4904)
calls=1 162 
206 13597827

fl=(25)
fn=(4972) __rustc::__rdl_dealloc
48 6006
cob=(2)
cfi=(2)
cfn=(4626) free
calls=13514 -48 
* 200304

fl=(54)
fn=(5026) keccak::keccak_p
236 2128
+1 608
0 304
fi=(14)
1717 304
fi=(55)
180 304
0 7600
180 912
0 6384
fi=(56) /rustc/ac68faa20c58cbccd01ee7208bf3b6e93a7d7f96/library/core/src/ops/bit.rs
898 2128
0 608
898 608
fi=(55)
0 13984
fi=(56)
898 48944
0 13984
898 118864
0 6992
898 34960
0 6992
898 13984
0 6992
898 6992
fi=(57)
2030 13984
fi=(56)
386 6992
fi=(57)
2030 6992
fi=(56)
386 6992
898 41952
0 13984
898 6992
fi=(57)
2030 6992
fi=(56)
386 6992
fi=(57)
2030 6992
fi=(56)
386 6992
898 25536
0 304
898 1520
0 304
898 608
0 304
898 304
fi=(57)
2030 608
fi=(56)
386 304
fi=(57)
2030 304
fi=(56)
386 304
898 1824
0 608
898 304
fi=(57)
2030 304
fi=(56)
386 304
fi=(57)
2030 304
fi=(56)
386 304
898 3344
0 304
898 304
0 304
898 56544
0 6992
898 6992
0 6992
898 27968
0 6992
fi=(57)
2030 6992
fi=(56)
386 6992
898 13984
0 6992
898 20976
0 6992
fi=(57)
2030 13984
0 13984
2030 20976
fi=(56)
63 13984
178 6992
0 6992
63 13984
178 6992
386 6992
0 6992
63 6992
178 6992
386 6992
0 13984
63 13984
178 6992
fi=(57)
2030 48944
fi=(56)
63 13984
178 6992
386 6992
898 608
0 304
fi=(57)
2030 304
fi=(56)
386 304
898 608
0 304
898 912
0 304
fi=(57)
2030 608
0 608
2030 912
fi=(56)
63 608
178 304
0 304
63 608
178 304
386 304
0 304
63 304
178 304
386 304
0 608
63 608
178 304
fi=(57)
2030 2128
fi=(56)
63 608
178 304
386 304
0 304
63 608
-63 304
178 304
386 304
0 304
63 304
178 304
386 304
0 304
63 608
-63 6992
63 13984
-63 6992
178 6992
386 6992
0 6992
63 6992
178 6992
386 6992
0 6992
63 13984
178 6992
63 6992
178 6992
0 13984
fi=(57)
2030 6992
0 6992
2030 13984
0 13984
2030 6992
fi=(56)
63 13984
178 6992
386 6992
0 6992
63 13984
178 6992
386 6992
63 13984
178 6992
63 6992
178 6992
0 6992
63 13984
178 6992
386 6992
0 6992
386 6992
0 13984
63 13984
178 6992
386 13984
0 6992
386 13984
fi=(57)
2030 13984
0 6992
2030 6992
fi=(56)
178 304
63 304
178 304
0 608
fi=(57)
2030 304
0 304
2030 608
0 608
2030 304
fi=(56)
63 608
178 304
386 304
0 304
63 608
178 304
386 304
63 608
178 304
63 304
178 304
0 304
63 608
178 304
386 304
0 304
386 304
0 608
63 608
178 304
386 608
0 304
386 608
fi=(57)
2030 608
0 304
2030 304
0 304
2030 608
0 304
2030 304
0 608
2030 304
0 608
2030 304
0 304
2030 304
0 6992
2030 13984
0 6992
2030 6992
0 13984
2030 6992
0 13984
2030 6992
0 6992
2030 6992
fi=(56)
386 6992
0 13984
fi=(57)
2030 6992
fi=(56)
63 13984
178 6992
63 13984
178 6992
63 13984
178 6992
386 6992
63 6992
178 6992
386 6992
63 13984
178 6992
63 13984
178 6992
386 6992
63 6992
178 6992
0 6992
63 13984
-63 6992
178 6992
386 6992
0 6992
386 13984
0 6992
63 6992
178 6992
0 6992
386 6992
0 6992
386 13984
0 6992
63 6992
178 6992
0 6992
386 304
0 608
fi=(57)
2030 304
fi=(56)
63 608
178 304
63 608
178 304
63 608
178 304
386 304
63 304
178 304
386 304
63 608
178 304
63 608
178 304
386 304
63 304
178 304
0 304
63 608
-63 304
178 304
386 304
0 304
386 608
0 304
63 304
178 304
0 304
386 304
0 304
386 608
0 304
63 304
178 304
0 304
386 304
0 608
386 304
0 304
898 1216
0 304
fi=(14)
1717 304
fi=(55)
180 304
fi=(56)
386 6992
0 13984
386 6992
0 6992
898 27968
0 6992
fi=(14)
1717 6992
fi=(55)
180 6992
0 12768
fe=(54)
291 2432

fn=(5024)
166 304
cfn=(5026)
calls=743 +70 
* 1871728

fl=(59)
fn=(5370)
56 30
fi=(60)
+7 9
cob=(2)
cfi=(2)
cfn=(4642)
calls=3 -63 
* 15417
fi=(58)
-46 42
fi=(51)
+59 27
fi=(49)
-53 6
fe=(59)
+38 9
cfi=(49)
cfn=(4988)
calls=3 -35 
* 132
fi=(34)
-61 3
cfi=(6)
cfn=(4864)
calls=3 0 
0 3
fi=(23)
198 9
cfi=(6)
cfn=(5040)
calls=3 0 
* 473
fi=(34)
469 6
fi=(63)
0 3
44 3
-44 3
fe=(59)
62 9
cfi=(49)
cfn=(4988)
calls=3 -36 
* 150
fi=(23)
+66 12
cfi=(6)
cfn=(4970)
calls=3 0 
* 105
* 3
0 3
fe=(59)
63 9
cob=(2)
cfi=(2)
cfn=(4260)
calls=3 -63 
* 195
* 12
cfi=(49)
cfn=(5014)
calls=3 -33 
* 19236
* 12
cfi=(49)
cfn=(5036) ml_dsa::hash::HReader::squeeze_vec
calls=3 -21 
* 94274
fi=(34)
614 3
fi=(35)
1840 6
fe=(59)
64 12
cfi=(63)
cfn=(5320)
calls=3 +67 
* 306536
-64 6
64 9
cob=(2)
cfi=(2)
cfn=(4260)
calls=3 -64 
* 375
fi=(34)
424 3
634 6
fi=(23)
128 9
cfi=(6)
cfn=(4970)
calls=3 0 
* 105
fi=(58)
17 42
fi=(51)
+59 27
fi=(49)
-53 6
fe=(59)
+38 9
cfi=(49)
cfn=(4988)
calls=3 -35 
* 132
fi=(34)
-61 3
cfi=(6)
cfn=(4864)
calls=3 0 
0 3
fi=(23)
198 9
cfi=(6)
cfn=(5040)
calls=3 0 
* 189
fi=(34)
469 6
fi=(63)
0 3
44 6
-44 3
fe=(59)
62 9
cfi=(49)
cfn=(4988)
calls=3 -36 
* 150
fi=(23)
+66 12
cfi=(6)
cfn=(4970)
calls=3 0 
* 105
* 3
0 3
fe=(59)
63 9
cob=(2)
cfi=(2)
cfn=(4260)
calls=3 -63 
* 195
* 12
cfi=(49)
cfn=(5014)
calls=3 -33 
* 19236
* 12
cfi=(49)
cfn=(5036)
calls=3 -21 
* 94119
fi=(34)
614 3
fi=(35)
1840 6
fe=(59)
64 12
cfi=(63)
cfn=(5320)
calls=3 +67 
* 306387
* 12
cob=(2)
cfi=(2)
cfn=(4260)
calls=3 -64 
* 375
fi=(34)
424 3
634 6
fi=(23)
128 9
cfi=(6)
cfn=(4970)
calls=3 0 
* 105
fi=(58)
17 42
fi=(51)
+59 27
fi=(49)
-53 6
fe=(59)
+38 9
cfi=(49)
cfn=(4988)
calls=3 -35 
* 132
fi=(34)
-61 3
cfi=(6)
cfn=(4864)
calls=3 0 
0 3
fi=(23)
198 9
cfi=(6)
cfn=(5040)
calls=3 0 
* 189
fi=(34)
469 6
fi=(63)
0 3
44 6
-44 3
fe=(59)
62 9
cfi=(49)
cfn=(4988)
calls=3 -36 
* 150
fi=(23)
+66 12
cfi=(6)
cfn=(4970)
calls=3 0 
* 105
* 3
0 3
fe=(59)
63 9
cob=(2)
cfi=(2)
cfn=(4260)
calls=3 -63 
* 195
* 12
cfi=(49)
cfn=(5014)
calls=3 -33 
* 19236
* 12
cfi=(49)
cfn=(5036)
calls=3 -21 
* 94119
fi=(34)
614 3
fi=(35)
1840 6
fe=(59)
64 12
cfi=(63)
cfn=(5320)
calls=3 +67 
* 306387
* 12
cob=(2)
cfi=(2)
cfn=(4260)
calls=3 -64 
* 375
fi=(34)
424 3
634 6
fi=(23)
128 9
cfi=(6)
cfn=(4970)
calls=3 0 
* 105
fi=(58)
17 42
fi=(51)
+59 27
fi=(49)
-53 6
fe=(59)
+38 9
cfi=(49)
cfn=(4988)
calls=3 -35 
* 132
fi=(34)
-61 3
cfi=(6)
cfn=(4864)
calls=3 0 
0 3
fi=(23)
198 9
cfi=(6)
cfn=(5040)
calls=3 0 
* 189
fi=(34)
469 6
fi=(63)
0 3
44 6
-44 3
fe=(59)
62 9
cfi=(49)
cfn=(4988)
calls=3 -36 
* 150
fi=(23)
+66 12
cfi=(6)
cfn=(4970)
calls=3 0 
* 105
* 3
0 3
fe=(59)
63 9
cob=(2)
cfi=(2)
cfn=(4260)
calls=3 -63 
* 195
* 12
cfi=(49)
cfn=(5014)
calls=3 -33 
* 19236
* 12
cfi=(49)
cfn=(5036)
calls=3 -21 
* 94119
fi=(34)
614 3
fi=(35)
1840 6
fe=(59)
64 12
cfi=(63)
cfn=(5320)
calls=3 +67 
* 306387
* 12
cob=(2)
cfi=(2)
cfn=(4260)
calls=3 -64 
* 375
fi=(34)
424 3
634 6
fi=(23)
128 9
cfi=(6)
cfn=(4970)
calls=3 0 
* 105
fi=(58)
17 42
fi=(51)
+59 27
fi=(49)
-53 6
fe=(59)
+38 9
cfi=(49)
cfn=(4988)
calls=3 -35 
* 132
fi=(34)
-61 3
cfi=(6)
cfn=(4864)
calls=3 0 
0 3
fi=(23)
198 9
cfi=(6)
cfn=(5040)
calls=3 0 
* 189
fi=(34)
469 6
fi=(63)
0 3
44 6
-44 3
fe=(59)
62 9
cfi=(49)
cfn=(4988)
calls=3 -36 
* 150
fi=(23)
+66 12
cfi=(6)
cfn=(4970)
calls=3 0 
* 105
* 6
fe=(59)
-65 9
cob=(2)
cfi=(2)
cfn=(4260)
calls=3 -63 
* 195
* 12
cfi=(49)
cfn=(5014)
calls=3 -33 
* 19236
* 12
cfi=(49)
cfn=(5036)
calls=3 -21 
* 94119
fi=(34)
614 3
fi=(35)
1840 6
fe=(59)
64 12
cfi=(63)
cfn=(5320)
calls=3 +67 
* 306387
* 15
cob=(2)
cfi=(2)
cfn=(4260)
calls=3 -64 
* 375
fi=(34)
424 3
634 6
fi=(23)
128 9
cfi=(6)
cfn=(4970)
calls=3 0 
* 105
fe=(59)
-61 27

fn=(5060)
16 9
fi=(60)
+84 4
cob=(2)
cfi=(2)
cfn=(4642)
calls=3 0 
* 30739
* 6
0 6
fe=(59)
24 36
cob=(2)
cfi=(2)
cfn=(4260)
calls=18 -24 
* 750
* 6
fi=(10)
898 6
fi=(19)
1915 6
fi=(36)
900 6
0 6
fi=(18)
552 24
fe=(59)
22 12
+1 6
fi=(60)
+22 24
cob=(2)
cfi=(2)
cfn=(4642)
calls=18 -45 
* 468
* 6
fi=(58)
-28 84
fi=(51)
+59 66
fi=(49)
-15 6
fi=(61)
-14 24
cfi=(49)
cfn=(5074) ml_dsa::hash::G::absorb
calls=18 +17 
* 264
+1 24
cob=(2)
cfi=(2)
cfn=(4260)
calls=18 -48 
* 390
* 18
cfi=(49)
cfn=(5082) ml_dsa::hash::G::finalize
calls=18 +20 
* 38568
+3 24
+1 3074
fi=(62)
-11 1537
+1 7685
cfi=(51)
cfn=(5094) block_buffer::BlockBuffer<BlockSize,block_buffer::Eager>::set_data
calls=4611 250 
* 269063
fi=(61)
+12 3074
-54 1537
fi=(63)
76 1537
+1 6148
+1 3074
fi=(61)
-23 1536
+1 1536
-2 1536
-54 30
fe=(59)
24 36
cob=(2)
cfi=(2)
cfn=(4260)
calls=18 -24 
* 750
-24 6
fi=(18)
552 24
fe=(59)
22 6
+1 6
fi=(60)
+22 24
cob=(2)
cfi=(2)
cfn=(4642)
calls=18 -45 
* 468
* 6
fi=(58)
-28 84
fi=(51)
+59 66
fi=(49)
-15 6
fi=(61)
-14 24
cfi=(49)
cfn=(5074)
calls=18 +17 
* 264
+1 24
cob=(2)
cfi=(2)
cfn=(4260)
calls=18 -48 
* 390
* 18
cfi=(49)
cfn=(5082)
calls=18 +20 
* 38568
+3 24
+1 3076
fi=(62)
-11 1538
+1 7690
cfi=(51)
cfn=(5094)
calls=4614 250 
* 269116
fi=(61)
+12 3076
-54 1538
fi=(63)
76 1538
+1 6152
+1 3076
fi=(61)
-23 1536
+1 1536
-2 1536
-54 6
fe=(59)
24 36
cob=(2)
cfi=(2)
cfn=(4260)
calls=18 -24 
* 750
-24 6
fi=(18)
552 24
fe=(59)
22 12
+1 6
fi=(60)
+22 24
cob=(2)
cfi=(2)
cfn=(4642)
calls=18 -45 
* 468
* 6
fi=(58)
-28 84
fi=(51)
+59 66
fi=(49)
-15 6
fi=(61)
-14 24
cfi=(49)
cfn=(5074)
calls=18 +17 
* 264
+1 24
cob=(2)
cfi=(2)
cfn=(4260)
calls=18 -48 
* 390
* 18
cfi=(49)
cfn=(5082)
calls=18 +20 
* 38568
+3 24
+1 3074
fi=(62)
-11 1537
+1 7685
cfi=(51)
cfn=(5094)
calls=4611 250 
* 269063
fi=(61)
+12 3074
-54 1537
fi=(63)
76 1537
+1 6148
+1 3074
fi=(61)
-23 1536
+1 1536
-2 1536
-54 6
fe=(59)
24 36
cob=(2)
cfi=(2)
cfn=(4260)
calls=18 -24 
* 750
-24 6
fi=(18)
552 24
fe=(59)
22 12
+1 6
fi=(60)
+22 24
cob=(2)
cfi=(2)
cfn=(4642)
calls=18 -45 
* 468
* 6
fi=(58)
-28 84
fi=(51)
+59 66
fi=(49)
-15 6
fi=(61)
-14 24
cfi=(49)
cfn=(5074)
calls=18 +17 
* 264
+1 24
cob=(2)
cfi=(2)
cfn=(4260)
calls=18 -48 
* 390
* 18
cfi=(49)
cfn=(5082)
calls=18 +20 
* 38568
+3 24
+1 3076
fi=(62)
-11 1538
+1 7690
cfi=(51)
cfn=(5094)
calls=4614 250 
* 269116
fi=(61)
+12 3076
-54 1538
fi=(63)
76 1538
+1 6152
+1 3076
fi=(61)
-23 1536
+1 1536
-2 1536
-54 6
fe=(59)
24 36
cob=(2)
cfi=(2)
cfn=(4260)
calls=18 -24 
* 750
-24 6
fi=(18)
552 24
fe=(59)
22 12
+1 6
fi=(60)
+22 24
cob=(2)
cfi=(2)
cfn=(4642)
calls=18 -45 
* 468
* 6
fi=(58)
-28 84
fi=(51)
+59 66
fi=(49)
-15 6
fi=(61)
-14 24
cfi=(49)
cfn=(5074)
calls=18 +17 
* 264
+1 24
cob=(2)
cfi=(2)
cfn=(4260)
calls=18 -48 
* 390
* 18
cfi=(49)
cfn=(5082)
calls=18 +20 
* 38568
+3 30
+1 3078
fi=(62)
-11 1539
+1 7695
cfi=(51)
cfn=(5094)
calls=4617 250 
* 269169
fi=(61)
+12 3078
-54 1539
fi=(63)
76 1539
+1 6156
+1 3078
fi=(61)
-23 1536
+1 1536
-2 1536
-54 1
fe=(59)
28 8

fl=(64)
fn=(5510)
125 11
fi=(60)
-93 3
cob=(2)
cfi=(2)
cfn=(4642)
calls=1 -32 
* 71
-32 9
fi=(66) /home/rick/unl/king's/thesis/ml-dsa/ml-dsa/src/rounding.rs
157 2
fi=(71)
3228 4
fi=(66)
54 1
fi=(71)
3228 18
+1 4
-1 17
fi=(72)
64 4
fi=(66)
-32 1
157 126
fi=(71)
3228 252
fi=(66)
54 63
fi=(71)
3228 1134
+1 252
-1 1071
fi=(72)
64 252
fi=(66)
-32 649
fi=(71)
3228 22
+1 4
-1 15
fi=(66)
32 630
fi=(71)
3228 1386
+1 252
-1 1071
fi=(72)
64 252
fi=(66)
-32 189
fi=(71)
3228 2
fi=(72)
64 4
fi=(66)
-32 20
157 3
fi=(10)
898 1
fi=(36)
+2 2
fi=(66)
32 1071
157 189
fi=(10)
898 63
fi=(36)
+2 126
0 1
fe=(64)
131 4
cob=(2)
cfi=(2)
cfn=(4260)
calls=1 0 
* 125
0 1
fi=(60)
32 4
cob=(2)
cfi=(2)
cfn=(4642)
calls=1 -32 
* 71
* 9
-32 1
fi=(66)
157 2
fi=(71)
3228 4
fi=(66)
54 1
fi=(71)
3228 18
+1 4
-1 17
fi=(72)
64 4
fi=(66)
+93 126
fi=(71)
3228 252
fi=(66)
54 63
fi=(71)
3228 1134
+1 252
-1 1071
fi=(72)
64 252
fi=(66)
-32 650
fi=(71)
3228 22
+1 4
-1 14
fi=(66)
32 630
fi=(71)
3228 1386
+1 252
-1 1071
fi=(72)
64 252
fi=(66)
-32 189
fi=(71)
3228 3
fi=(72)
64 4
fi=(66)
-32 20
157 3
fi=(10)
898 1
fi=(36)
+2 2
fi=(66)
32 1071
157 189
fi=(10)
898 63
fi=(36)
+2 126
fe=(64)
131 5
cob=(2)
cfi=(2)
cfn=(4260)
calls=1 0 
* 125
0 1
fi=(60)
32 4
cob=(2)
cfi=(2)
cfn=(4642)
calls=1 -32 
* 71
* 9
-32 1
fi=(66)
157 2
fi=(71)
3228 4
fi=(66)
54 1
fi=(71)
3228 18
+1 4
-1 17
fi=(72)
64 4
fi=(66)
+93 126
fi=(71)
3228 252
fi=(66)
54 63
fi=(71)
3228 1134
+1 252
-1 1071
fi=(72)
64 252
fi=(66)
-32 650
fi=(71)
3228 22
+1 4
-1 14
fi=(66)
32 630
fi=(71)
3228 1386
+1 252
-1 1071
fi=(72)
64 252
fi=(66)
-32 189
fi=(71)
3228 3
fi=(72)
64 4
fi=(66)
-32 20
157 3
fi=(10)
898 1
fi=(36)
+2 2
fi=(66)
32 1071
157 189
fi=(10)
898 63
fi=(36)
+2 126
fe=(64)
131 5
cob=(2)
cfi=(2)
cfn=(4260)
calls=1 0 
* 125
0 1
fi=(60)
32 4
cob=(2)
cfi=(2)
cfn=(4642)
calls=1 -32 
* 71
* 9
-32 1
fi=(66)
157 2
fi=(71)
3228 4
fi=(66)
54 1
fi=(71)
3228 18
+1 4
-1 17
fi=(72)
64 4
fi=(66)
+93 126
fi=(71)
3228 252
fi=(66)
54 63
fi=(71)
3228 1134
+1 252
-1 1071
fi=(72)
64 252
fi=(66)
-32 650
fi=(71)
3228 22
+1 4
-1 14
fi=(66)
32 630
fi=(71)
3228 1386
+1 252
-1 1071
fi=(72)
64 252
fi=(66)
-32 189
fi=(71)
3228 3
fi=(72)
64 4
fi=(66)
-32 20
157 3
fi=(10)
898 1
fi=(36)
+2 2
fi=(66)
32 1071
157 189
fi=(10)
898 63
fi=(36)
+2 126
fe=(64)
131 5
cob=(2)
cfi=(2)
cfn=(4260)
calls=1 0 
* 125
0 1
fi=(60)
32 4
cob=(2)
cfi=(2)
cfn=(4642)
calls=1 -32 
* 71
* 9
-32 1
fi=(66)
157 2
fi=(71)
3228 4
fi=(66)
54 1
fi=(71)
3228 18
+1 4
-1 17
fi=(72)
64 4
fi=(66)
+93 126
fi=(71)
3228 252
fi=(66)
54 63
fi=(71)
3228 1134
+1 252
-1 1071
fi=(72)
64 252
fi=(66)
-32 650
fi=(71)
3228 22
+1 4
-1 14
fi=(66)
32 630
fi=(71)
3228 1386
+1 252
-1 1071
fi=(72)
64 252
fi=(66)
-32 189
fi=(71)
3228 3
fi=(72)
64 4
fi=(66)
-32 20
157 3
fi=(10)
898 1
fi=(36)
+2 2
fi=(66)
32 1071
157 189
fi=(10)
898 63
fi=(36)
+2 126
fe=(64)
131 5
cob=(2)
cfi=(2)
cfn=(4260)
calls=1 0 
* 125
0 1
fi=(60)
32 4
cob=(2)
cfi=(2)
cfn=(4642)
calls=1 -32 
* 71
* 9
-32 1
fi=(66)
157 2
fi=(71)
3228 4
fi=(66)
54 1
fi=(71)
3228 18
+1 4
-1 17
fi=(72)
64 4
fi=(66)
+93 126
fi=(71)
3228 252
fi=(66)
54 63
fi=(71)
3228 1134
+1 252
-1 1071
fi=(72)
64 252
fi=(66)
-32 650
fi=(71)
3228 22
+1 4
-1 14
fi=(66)
32 630
fi=(71)
3228 1386
+1 252
-1 1071
fi=(72)
64 252
fi=(66)
-32 189
fi=(71)
3228 3
fi=(72)
64 4
fi=(66)
-32 20
157 3
fi=(10)
898 1
fi=(36)
+2 2
fi=(66)
32 1071
157 189
fi=(10)
898 63
fi=(36)
+2 126
fe=(64)
131 5
cob=(2)
cfi=(2)
cfn=(4260)
calls=1 0 
* 125
+3 8

fn=(5154)
51 9
fi=(60)
+12 3
cob=(2)
cfi=(2)
cfn=(4642)
calls=2 -63 
* 6163
-63 2
fe=(64)
55 3
fi=(71)
3228 8
0 1
3229 1
fi=(72)
20 1
fe=(64)
+35 3
fi=(71)
3228 2
fe=(64)
55 1
fi=(71)
3228 6
0 1
3229 1
fi=(72)
20 1
fe=(64)
+35 1
fi=(10)
898 1
fi=(19)
1915 1
fi=(36)
900 1
fe=(64)
55 381
fi=(71)
3228 1016
0 127
3229 127
fi=(72)
20 127
fe=(64)
+35 381
fi=(71)
3228 254
fe=(64)
55 127
fi=(71)
3228 762
0 127
3229 127
fi=(72)
20 127
fe=(64)
+35 127
fi=(10)
898 127
fi=(19)
1915 127
fi=(36)
900 127
0 2
fe=(64)
55 3
fi=(71)
3228 8
0 1
3229 1
fi=(72)
20 1
fe=(64)
+35 3
fi=(71)
3228 2
fe=(64)
55 1
fi=(71)
3228 6
0 1
3229 1
fi=(72)
20 1
fe=(64)
+35 1
fi=(10)
898 1
fi=(19)
1915 1
fi=(36)
900 1
fe=(64)
55 381
fi=(71)
3228 1016
0 127
3229 127
fi=(72)
20 127
fe=(64)
+35 381
fi=(71)
3228 254
fe=(64)
55 127
fi=(71)
3228 762
0 127
3229 127
fi=(72)
20 127
fe=(64)
+35 127
fi=(10)
898 127
fi=(19)
1915 127
fi=(36)
900 127
0 2
fe=(64)
55 3
fi=(71)
3228 8
0 1
3229 1
fi=(72)
20 1
fe=(64)
+35 3
fi=(71)
3228 2
fe=(64)
55 1
fi=(71)
3228 6
0 1
3229 1
fi=(72)
20 1
fe=(64)
+35 1
fi=(10)
898 1
fi=(19)
1915 1
fi=(36)
900 1
fe=(64)
55 381
fi=(71)
3228 1016
0 127
3229 127
fi=(72)
20 127
fe=(64)
+35 381
fi=(71)
3228 254
fe=(64)
55 127
fi=(71)
3228 762
0 127
3229 127
fi=(72)
20 127
fe=(64)
+35 127
fi=(10)
898 127
fi=(19)
1915 127
fi=(36)
900 127
0 2
fe=(64)
55 3
fi=(71)
3228 8
0 1
3229 1
fi=(72)
20 1
fe=(64)
+35 3
fi=(71)
3228 2
fe=(64)
55 1
fi=(71)
3228 6
0 1
3229 1
fi=(72)
20 1
fe=(64)
+35 1
fi=(10)
898 1
fi=(19)
1915 1
fi=(36)
900 1
fe=(64)
55 381
fi=(71)
3228 1016
0 127
3229 127
fi=(72)
20 127
fe=(64)
+35 381
fi=(71)
3228 254
fe=(64)
55 127
fi=(71)
3228 762
0 127
3229 127
fi=(72)
20 127
fe=(64)
+35 127
fi=(10)
898 127
fi=(19)
1915 127
fi=(36)
900 127
0 2
fe=(64)
55 3
fi=(71)
3228 8
0 1
3229 1
fi=(72)
20 1
fe=(64)
+35 3
fi=(71)
3228 2
fe=(64)
55 1
fi=(71)
3228 6
0 1
3229 1
fi=(72)
20 1
fe=(64)
+35 1
fi=(10)
898 1
fi=(19)
1915 1
fi=(36)
900 1
fe=(64)
55 381
fi=(71)
3228 1016
0 127
3229 127
fi=(72)
20 127
fe=(64)
+35 381
fi=(71)
3228 254
fe=(64)
55 127
fi=(71)
3228 762
0 127
3229 127
fi=(72)
20 127
fe=(64)
+35 127
fi=(10)
898 127
fi=(19)
1915 127
fi=(36)
900 127
0 2
fe=(64)
55 3
fi=(71)
3228 8
0 1
3229 1
fi=(72)
20 1
fe=(64)
+35 3
fi=(71)
3228 2
fe=(64)
55 1
fi=(71)
3228 6
0 1
3229 1
fi=(72)
20 1
fe=(64)
+35 1
fi=(10)
898 1
fi=(19)
1915 1
fi=(36)
900 1
fe=(64)
55 381
fi=(71)
3228 1016
0 127
3229 127
fi=(72)
20 127
fe=(64)
+35 381
fi=(71)
3228 254
fe=(64)
55 127
fi=(71)
3228 762
0 127
3229 127
fi=(72)
20 127
fe=(64)
+35 127
fi=(10)
898 127
fi=(19)
1915 127
fi=(36)
900 127
fe=(64)
59 7
-8 27
fi=(60)
+12 9
cob=(2)
cfi=(2)
cfn=(4642)
calls=3 -63 
* 15417
-63 6
fe=(64)
55 9
fi=(71)
3228 24
0 3
3229 3
fi=(72)
20 3
fe=(64)
+35 9
fi=(71)
3228 6
fe=(64)
55 3
fi=(71)
3228 18
0 3
3229 3
fi=(72)
20 3
fe=(64)
+35 3
fi=(10)
898 3
fi=(19)
1915 3
fi=(36)
900 3
fe=(64)
55 1143
fi=(71)
3228 3048
0 381
3229 381
fi=(72)
20 381
fe=(64)
+35 1143
fi=(71)
3228 762
fe=(64)
55 381
fi=(71)
3228 2286
0 381
3229 381
fi=(72)
20 381
fe=(64)
+35 381
fi=(10)
898 381
fi=(19)
1915 381
fi=(36)
900 381
0 6
fe=(64)
55 9
fi=(71)
3228 24
0 3
3229 3
fi=(72)
20 3
fe=(64)
+35 9
fi=(71)
3228 6
fe=(64)
55 3
fi=(71)
3228 18
0 3
3229 3
fi=(72)
20 3
fe=(64)
+35 3
fi=(10)
898 3
fi=(19)
1915 3
fi=(36)
900 3
fe=(64)
55 1143
fi=(71)
3228 3048
0 381
3229 381
fi=(72)
20 381
fe=(64)
+35 1143
fi=(71)
3228 762
fe=(64)
55 381
fi=(71)
3228 2286
0 381
3229 381
fi=(72)
20 381
fe=(64)
+35 381
fi=(10)
898 381
fi=(19)
1915 381
fi=(36)
900 381
0 6
fe=(64)
55 9
fi=(71)
3228 24
0 3
3229 3
fi=(72)
20 3
fe=(64)
+35 9
fi=(71)
3228 6
fe=(64)
55 3
fi=(71)
3228 18
0 3
3229 3
fi=(72)
20 3
fe=(64)
+35 3
fi=(10)
898 3
fi=(19)
1915 3
fi=(36)
900 3
fe=(64)
55 1143
fi=(71)
3228 3048
0 381
3229 381
fi=(72)
20 381
fe=(64)
+35 1143
fi=(71)
3228 762
fe=(64)
55 381
fi=(71)
3228 2286
0 381
3229 381
fi=(72)
20 381
fe=(64)
+35 381
fi=(10)
898 381
fi=(19)
1915 381
fi=(36)
900 381
0 6
fe=(64)
55 9
fi=(71)
3228 24
0 3
3229 3
fi=(72)
20 3
fe=(64)
+35 9
fi=(71)
3228 6
fe=(64)
55 3
fi=(71)
3228 18
0 3
3229 3
fi=(72)
20 3
fe=(64)
+35 3
fi=(10)
898 3
fi=(19)
1915 3
fi=(36)
900 3
fe=(64)
55 1143
fi=(71)
3228 3048
0 381
3229 381
fi=(72)
20 381
fe=(64)
+35 1143
fi=(71)
3228 762
fe=(64)
55 381
fi=(71)
3228 2286
0 381
3229 381
fi=(72)
20 381
fe=(64)
+35 381
fi=(10)
898 381
fi=(19)
1915 381
fi=(36)
900 381
0 6
fe=(64)
55 9
fi=(71)
3228 24
0 3
3229 3
fi=(72)
20 3
fe=(64)
+35 9
fi=(71)
3228 6
fe=(64)
55 3
fi=(71)
3228 18
0 3
3229 3
fi=(72)
20 3
fe=(64)
+35 3
fi=(10)
898 3
fi=(19)
1915 3
fi=(36)
900 3
fe=(64)
55 1143
fi=(71)
3228 3048
0 381
3229 381
fi=(72)
20 381
fe=(64)
+35 1143
fi=(71)
3228 762
fe=(64)
55 381
fi=(71)
3228 2286
0 381
3229 381
fi=(72)
20 381
fe=(64)
+35 381
fi=(10)
898 381
fi=(19)
1915 381
fi=(36)
900 381
fe=(64)
59 21

fn=(5520)
84 6
fi=(60)
-21 3
cob=(2)
cfi=(2)
cfn=(4642)
calls=1 -63 
* 5139
-63 6
fe=(64)
88 1
fi=(71)
3228 22
+1 4
fi=(72)
64 5
fe=(64)
+24 1
fi=(10)
898 1
fi=(36)
+2 2
fe=(64)
88 63
fi=(71)
3228 1386
+1 252
fi=(72)
64 315
fe=(64)
+24 63
fi=(10)
898 63
fi=(36)
+2 126
0 2
fe=(64)
88 1
fi=(71)
3228 22
+1 4
fi=(72)
64 5
fe=(64)
+24 1
fi=(10)
898 1
fi=(36)
+2 2
fe=(64)
88 63
fi=(71)
3228 1386
+1 252
fi=(72)
64 315
fe=(64)
+24 63
fi=(10)
898 63
fi=(36)
+2 126
0 2
fe=(64)
88 1
fi=(71)
3228 22
+1 4
fi=(72)
64 5
fe=(64)
+24 1
fi=(10)
898 1
fi=(36)
+2 2
fe=(64)
88 63
fi=(71)
3228 1386
+1 252
fi=(72)
64 315
fe=(64)
+24 63
fi=(10)
898 63
fi=(36)
+2 126
0 2
fe=(64)
88 1
fi=(71)
3228 22
+1 4
fi=(72)
64 5
fe=(64)
+24 1
fi=(10)
898 1
fi=(36)
+2 2
fe=(64)
88 63
fi=(71)
3228 1386
+1 252
fi=(72)
64 315
fe=(64)
+24 63
fi=(10)
898 63
fi=(36)
+2 126
0 2
fe=(64)
88 1
fi=(71)
3228 22
+1 4
fi=(72)
64 5
fe=(64)
+24 1
fi=(10)
898 1
fi=(36)
+2 2
fe=(64)
88 63
fi=(71)
3228 1386
+1 252
fi=(72)
64 315
fe=(64)
+24 63
fi=(10)
898 63
fi=(36)
+2 126
fe=(64)
92 5

fn=(5392)
107 27
fi=(60)
-75 9
cob=(2)
cfi=(2)
cfn=(4642)
calls=3 -32 
* 234
-32 18
fi=(66)
139 3
fi=(71)
3228 66
+1 12
-1 51
fi=(72)
64 12
fi=(66)
-32 18
139 189
fi=(71)
3228 4158
+1 756
-1 3213
fi=(72)
64 756
fi=(66)
-32 2310
139 3
fi=(10)
898 3
fi=(36)
+2 6
fi=(66)
32 1512
139 189
fi=(10)
898 189
fi=(36)
+2 378
0 3
fe=(64)
110 12
cob=(2)
cfi=(2)
cfn=(4260)
calls=3 0 
* 375
0 3
fi=(60)
32 12
cob=(2)
cfi=(2)
cfn=(4642)
calls=3 -32 
* 234
* 24
-32 3
fi=(66)
139 3
fi=(71)
3228 66
+1 12
-1 51
fi=(72)
64 12
fi=(66)
-32 9
139 189
fi=(71)
3228 4158
+1 756
-1 3213
fi=(72)
64 756
fi=(66)
-32 2319
139 3
fi=(10)
898 3
fi=(36)
+2 6
fi=(66)
32 1512
139 189
fi=(10)
898 189
fi=(36)
+2 378
fe=(64)
110 15
cob=(2)
cfi=(2)
cfn=(4260)
calls=3 0 
* 375
0 3
fi=(60)
32 12
cob=(2)
cfi=(2)
cfn=(4642)
calls=3 -32 
* 234
* 24
-32 3
fi=(66)
139 3
fi=(71)
3228 66
+1 12
-1 51
fi=(72)
64 12
fi=(66)
-32 9
139 189
fi=(71)
3228 4158
+1 756
-1 3213
fi=(72)
64 756
fi=(66)
-32 2319
139 3
fi=(10)
898 3
fi=(36)
+2 6
fi=(66)
32 1512
139 189
fi=(10)
898 189
fi=(36)
+2 378
fe=(64)
110 15
cob=(2)
cfi=(2)
cfn=(4260)
calls=3 0 
* 375
0 3
fi=(60)
32 12
cob=(2)
cfi=(2)
cfn=(4642)
calls=3 -32 
* 234
* 24
-32 3
fi=(66)
139 3
fi=(71)
3228 66
+1 12
-1 51
fi=(72)
64 12
fi=(66)
-32 9
139 189
fi=(71)
3228 4158
+1 756
-1 3213
fi=(72)
64 756
fi=(66)
-32 2319
139 3
fi=(10)
898 3
fi=(36)
+2 6
fi=(66)
32 1512
139 189
fi=(10)
898 189
fi=(36)
+2 378
fe=(64)
110 15
cob=(2)
cfi=(2)
cfn=(4260)
calls=3 0 
* 375
0 3
fi=(60)
32 12
cob=(2)
cfi=(2)
cfn=(4642)
calls=3 -32 
* 234
* 24
-32 3
fi=(66)
139 3
fi=(71)
3228 66
+1 12
-1 51
fi=(72)
64 12
fi=(66)
-32 9
139 189
fi=(71)
3228 4158
+1 756
-1 3213
fi=(72)
64 756
fi=(66)
-32 2319
139 3
fi=(10)
898 3
fi=(36)
+2 6
fi=(66)
32 1512
139 189
fi=(10)
898 189
fi=(36)
+2 378
fe=(64)
110 15
cob=(2)
cfi=(2)
cfn=(4260)
calls=3 0 
* 375
0 3
fi=(60)
32 12
cob=(2)
cfi=(2)
cfn=(4642)
calls=3 -32 
* 234
* 24
-32 3
fi=(66)
139 3
fi=(71)
3228 66
+1 12
-1 51
fi=(72)
64 12
fi=(66)
-32 9
139 189
fi=(71)
3228 4158
+1 756
-1 3213
fi=(72)
64 756
fi=(66)
-32 2319
139 3
fi=(10)
898 3
fi=(36)
+2 6
fi=(66)
32 1512
139 189
fi=(10)
898 189
fi=(36)
+2 378
fe=(64)
110 15
cob=(2)
cfi=(2)
cfn=(4260)
calls=3 0 
* 375
+3 21

fn=(5470)
62 36
fi=(60)
+1 12
cob=(2)
cfi=(2)
cfn=(4642)
calls=5 -63 
* 24652
-63 8
fe=(64)
66 12
fi=(71)
3228 32
0 4
3229 4
fi=(72)
20 4
fe=(64)
+46 12
fi=(71)
3228 8
fe=(64)
66 4
fi=(71)
3228 24
0 4
3229 4
fi=(72)
20 4
fe=(64)
+46 4
fi=(10)
898 4
fi=(19)
1915 4
fi=(36)
900 4
fe=(64)
66 1524
fi=(71)
3228 4064
0 508
3229 508
fi=(72)
20 508
fe=(64)
+46 1524
fi=(71)
3228 1016
fe=(64)
66 508
fi=(71)
3228 3048
0 508
3229 508
fi=(72)
20 508
fe=(64)
+46 508
fi=(10)
898 508
fi=(19)
1915 508
fi=(36)
900 508
0 8
fe=(64)
66 12
fi=(71)
3228 32
0 4
3229 4
fi=(72)
20 4
fe=(64)
+46 12
fi=(71)
3228 8
fe=(64)
66 4
fi=(71)
3228 24
0 4
3229 4
fi=(72)
20 4
fe=(64)
+46 4
fi=(10)
898 4
fi=(19)
1915 4
fi=(36)
900 4
fe=(64)
66 1524
fi=(71)
3228 4064
0 508
3229 508
fi=(72)
20 508
fe=(64)
+46 1524
fi=(71)
3228 1016
fe=(64)
66 508
fi=(71)
3228 3048
0 508
3229 508
fi=(72)
20 508
fe=(64)
+46 508
fi=(10)
898 508
fi=(19)
1915 508
fi=(36)
900 508
0 8
fe=(64)
66 12
fi=(71)
3228 32
0 4
3229 4
fi=(72)
20 4
fe=(64)
+46 12
fi=(71)
3228 8
fe=(64)
66 4
fi=(71)
3228 24
0 4
3229 4
fi=(72)
20 4
fe=(64)
+46 4
fi=(10)
898 4
fi=(19)
1915 4
fi=(36)
900 4
fe=(64)
66 1524
fi=(71)
3228 4064
0 508
3229 508
fi=(72)
20 508
fe=(64)
+46 1524
fi=(71)
3228 1016
fe=(64)
66 508
fi=(71)
3228 3048
0 508
3229 508
fi=(72)
20 508
fe=(64)
+46 508
fi=(10)
898 508
fi=(19)
1915 508
fi=(36)
900 508
0 8
fe=(64)
66 12
fi=(71)
3228 32
0 4
3229 4
fi=(72)
20 4
fe=(64)
+46 12
fi=(71)
3228 8
fe=(64)
66 4
fi=(71)
3228 24
0 4
3229 4
fi=(72)
20 4
fe=(64)
+46 4
fi=(10)
898 4
fi=(19)
1915 4
fi=(36)
900 4
fe=(64)
66 1524
fi=(71)
3228 4064
0 508
3229 508
fi=(72)
20 508
fe=(64)
+46 1524
fi=(71)
3228 1016
fe=(64)
66 508
fi=(71)
3228 3048
0 508
3229 508
fi=(72)
20 508
fe=(64)
+46 508
fi=(10)
898 508
fi=(19)
1915 508
fi=(36)
900 508
0 8
fe=(64)
66 12
fi=(71)
3228 32
0 4
3229 4
fi=(72)
20 4
fe=(64)
+46 12
fi=(71)
3228 8
fe=(64)
66 4
fi=(71)
3228 24
0 4
3229 4
fi=(72)
20 4
fe=(64)
+46 4
fi=(10)
898 4
fi=(19)
1915 4
fi=(36)
900 4
fe=(64)
66 1524
fi=(71)
3228 4064
0 508
3229 508
fi=(72)
20 508
fe=(64)
+46 1524
fi=(71)
3228 1016
fe=(64)
66 508
fi=(71)
3228 3048
0 508
3229 508
fi=(72)
20 508
fe=(64)
+46 508
fi=(10)
898 508
fi=(19)
1915 508
fi=(36)
900 508
0 8
fe=(64)
66 12
fi=(71)
3228 32
0 4
3229 4
fi=(72)
20 4
fe=(64)
+46 12
fi=(71)
3228 8
fe=(64)
66 4
fi=(71)
3228 24
0 4
3229 4
fi=(72)
20 4
fe=(64)
+46 4
fi=(10)
898 4
fi=(19)
1915 4
fi=(36)
900 4
fe=(64)
66 1524
fi=(71)
3228 4064
0 508
3229 508
fi=(72)
20 508
fe=(64)
+46 1524
fi=(71)
3228 1016
fe=(64)
66 508
fi=(71)
3228 3048
0 508
3229 508
fi=(72)
20 508
fe=(64)
+46 508
fi=(10)
898 508
fi=(19)
1915 508
fi=(36)
900 508
fe=(64)
70 28

fn=(5476)
116 27
fi=(60)
-84 9
cob=(2)
cfi=(2)
cfn=(4642)
calls=3 -32 
* 234
-32 15
fi=(66)
148 3
fi=(71)
3228 66
+1 12
-1 51
fi=(72)
64 12
fi=(66)
-32 9
148 3
fi=(10)
898 3
fi=(36)
+2 6
fi=(66)
148 189
fi=(71)
3228 4158
+1 756
-1 3213
fi=(72)
64 756
fi=(66)
-32 567
148 189
fi=(10)
898 189
fi=(36)
+2 378
0 3
fe=(64)
119 12
cob=(2)
cfi=(2)
cfn=(4260)
calls=3 0 
* 375
0 3
fi=(60)
32 12
cob=(2)
cfi=(2)
cfn=(4642)
calls=3 -32 
* 234
* 21
-32 3
fi=(66)
148 3
fi=(71)
3228 66
+1 12
-1 51
fi=(72)
64 12
fi=(66)
-32 9
148 192
fi=(71)
3228 4158
+1 756
-1 3213
fi=(72)
64 756
fi=(66)
-32 567
148 189
fi=(10)
898 189
fi=(36)
+2 378
fi=(10)
-2 3
fi=(36)
+2 6
fe=(64)
119 15
cob=(2)
cfi=(2)
cfn=(4260)
calls=3 0 
* 375
0 3
fi=(60)
32 12
cob=(2)
cfi=(2)
cfn=(4642)
calls=3 -32 
* 234
* 21
-32 3
fi=(66)
148 3
fi=(71)
3228 66
+1 12
-1 51
fi=(72)
64 12
fi=(66)
-32 9
148 192
fi=(71)
3228 4158
+1 756
-1 3213
fi=(72)
64 756
fi=(66)
-32 567
148 189
fi=(10)
898 189
fi=(36)
+2 378
fi=(10)
-2 3
fi=(36)
+2 6
fe=(64)
119 15
cob=(2)
cfi=(2)
cfn=(4260)
calls=3 0 
* 375
0 3
fi=(60)
32 12
cob=(2)
cfi=(2)
cfn=(4642)
calls=3 -32 
* 234
* 21
-32 3
fi=(66)
148 3
fi=(71)
3228 66
+1 12
-1 51
fi=(72)
64 12
fi=(66)
-32 9
148 192
fi=(71)
3228 4158
+1 756
-1 3213
fi=(72)
64 756
fi=(66)
-32 567
148 189
fi=(10)
898 189
fi=(36)
+2 378
fi=(10)
-2 3
fi=(36)
+2 6
fe=(64)
119 15
cob=(2)
cfi=(2)
cfn=(4260)
calls=3 0 
* 375
0 3
fi=(60)
32 12
cob=(2)
cfi=(2)
cfn=(4642)
calls=3 -32 
* 234
* 21
-32 3
fi=(66)
148 3
fi=(71)
3228 66
+1 12
-1 51
fi=(72)
64 12
fi=(66)
-32 9
148 192
fi=(71)
3228 4158
+1 756
-1 3213
fi=(72)
64 756
fi=(66)
-32 567
148 189
fi=(10)
898 189
fi=(36)
+2 378
fi=(10)
-2 3
fi=(36)
+2 6
fe=(64)
119 15
cob=(2)
cfi=(2)
cfn=(4260)
calls=3 0 
* 375
0 3
fi=(60)
32 12
cob=(2)
cfi=(2)
cfn=(4642)
calls=3 -32 
* 234
* 21
-32 3
fi=(66)
148 3
fi=(71)
3228 66
+1 12
-1 51
fi=(72)
64 12
fi=(66)
-32 9
148 192
fi=(71)
3228 4158
+1 756
-1 3213
fi=(72)
64 756
fi=(66)
-32 567
148 189
fi=(10)
898 189
fi=(36)
+2 378
fi=(10)
-2 3
fi=(36)
+2 6
fe=(64)
119 15
cob=(2)
cfi=(2)
cfn=(4260)
calls=3 0 
* 375
+3 21

fn=(5492)
149 32
0 4
153 8
fi=(71)
3228 176
+1 20
fe=(64)
153 248
fi=(71)
3228 5456
+1 992
fi=(72)
64 744
fi=(71)
3229 12
fi=(72)
64 40
fi=(71)
3608 32
fe=(64)
154 72
fi=(10)
898 4
fi=(36)
+2 8
fi=(72)
64 496
fi=(71)
3608 992
fe=(64)
154 2232
fi=(10)
898 124
fi=(36)
+2 352
0 16
fe=(64)
153 8
fi=(71)
3228 112
fe=(64)
153 248
fi=(71)
3228 5456
+1 992
fi=(72)
64 744
fi=(71)
3228 64
+1 32
fi=(72)
64 40
fi=(71)
3608 32
fe=(64)
154 72
fi=(72)
-90 496
fi=(71)
3608 992
fe=(64)
154 2232
fi=(10)
898 124
fi=(36)
+2 248
fi=(10)
-2 4
fi=(36)
+2 112
0 16
fe=(64)
153 8
fi=(71)
3228 112
fe=(64)
153 248
fi=(71)
3228 5456
+1 992
fi=(72)
64 744
fi=(71)
3228 64
+1 32
fi=(72)
64 40
fi=(71)
3608 32
fe=(64)
154 72
fi=(72)
-90 496
fi=(71)
3608 992
fe=(64)
154 2232
fi=(10)
898 124
fi=(36)
+2 248
fi=(10)
-2 4
fi=(36)
+2 112
0 16
fe=(64)
153 8
fi=(71)
3228 112
fe=(64)
153 248
fi=(71)
3228 5456
+1 992
fi=(72)
64 744
fi=(71)
3228 64
+1 32
fi=(72)
64 40
fi=(71)
3608 32
fe=(64)
154 72
fi=(72)
-90 496
fi=(71)
3608 992
fe=(64)
154 2232
fi=(10)
898 124
fi=(36)
+2 248
fi=(10)
-2 4
fi=(36)
+2 112
0 16
fe=(64)
153 8
fi=(71)
3228 112
fe=(64)
153 248
fi=(71)
3228 5456
+1 992
fi=(72)
64 744
fi=(71)
3228 64
+1 32
fi=(72)
64 40
fi=(71)
3608 32
fe=(64)
154 72
fi=(72)
-90 496
fi=(71)
3608 992
fe=(64)
154 2232
fi=(10)
898 124
fi=(36)
+2 248
fi=(10)
-2 4
fi=(36)
+2 112
0 16
fe=(64)
153 8
fi=(71)
3228 112
fe=(64)
153 248
fi=(71)
3228 5456
+1 992
fi=(72)
64 744
fi=(71)
3228 64
+1 32
fi=(72)
64 40
fi=(71)
3608 32
fe=(64)
154 72
fi=(72)
-90 496
fi=(71)
3608 992
fe=(64)
154 2232
fi=(10)
898 124
fi=(36)
+2 248
fi=(10)
-2 4
fi=(36)
+2 112
fe=(64)
160 4

fl=(6)
fn=(4864)
0 6007

fn=(5296) __rustc::__rust_realloc
0 9
cfi=(24)
cfn=(5298)
calls=13 467 
0 2846

fn=(4970)
0 6006
cfi=(25)
cfn=(4972)
calls=13514 48 
0 206310

fn=(5040)
0 5980
cfi=(24)
cfn=(5042)
calls=13447 482 
0 479225

fn=(3874)
cob=(2)
cfi=(2)
cfn=(3876) (below main)
calls=1 0 
0 13597827

fn=(3934) main
cfi=(8)
cfn=(3936)
calls=1 152 
0 13597827

fn=(4866)
0 27
cfi=(24)
cfn=(4868)
calls=68 450 
0 2037

fl=(61)
fn=(5452)
16 30
fi=(60)
+16 9
cob=(2)
cfi=(2)
cfn=(4642)
calls=4 -32 
* 234
fi=(58)
-15 42
fi=(51)
+59 27
fi=(49)
-53 6
fe=(61)
-2 12
cfi=(49)
cfn=(4988)
calls=4 +5 
* 132
* 3
+1 12
cob=(2)
cfi=(2)
cfn=(4260)
calls=4 -22 
* 195
* 12
cfi=(49)
cfn=(5014)
calls=4 +8 
* 19236
+2 6
+1 12
cfi=(49)
cfn=(5110)
calls=4 +12 
* 18867
* 3
+1 9
cfi=(63)
cfn=(5322)
calls=4 +35 
* 1533
+1 6
-27 9
fi=(36)
900 12
0 6
fe=(61)
29 12
cfi=(49)
cfn=(5110)
calls=4 +8 
* 153
* 576
cfi=(49)
cfn=(5110)
calls=192 +8 
* 7344
-29 147
31 294
fi=(51)
196 26
fi=(18)
552 30
fi=(51)
239 30
fe=(61)
0 15
31 30
fi=(62)
+10 15
fi=(51)
196 15
+62 30
+1 30
0 147
fe=(61)
36 294
fi=(50)
272 294
fe=(61)
37 441
-37 147
37 441
fi=(19)
1915 147
fi=(36)
900 147
fe=(61)
40 3
fi=(34)
634 6
fi=(23)
128 9
cfi=(6)
cfn=(4970)
calls=4 0 
* 105
fe=(61)
-88 27

fl=(51)
fn=(5094)
250 84579
-54 15378
+62 7689
0 15078
259 22617
0 7419
fi=(50)
89 7419
fi=(18)
552 22257
cob=(2)
cfi=(2)
cfn=(4260)
calls=22257 0 
* 133542
fe=(51)
239 7419
0 7869
fi=(20)
961 120
0 120
fi=(50)
89 120
fi=(18)
552 240
cob=(2)
cfi=(2)
cfn=(4260)
calls=360 0 
* 2160
0 120
fe=(51)
344 840
0 120
fi=(14)
1717 120
fi=(55)
180 120
fe=(51)
344 900
0 150
fi=(14)
1717 150
fi=(55)
180 150
0 270
fe=(51)
274 810
0 750
fi=(18)
552 750
cob=(2)
cfi=(2)
cfn=(4260)
calls=450 0 
* 4500
fi=(58)
61 450
cfi=(54)
cfn=(5024)
calls=450 166 
* 923700
fi=(18)
552 600
cob=(2)
cfi=(2)
cfn=(4260)
calls=450 0 
* 2700
fe=(51)
278 600
cob=(2)
cfi=(2)
cfn=(4260)
calls=450 0 
* 4500
-39 7689
+42 61512

fl=(73) /home/rick/unl/king's/thesis/ml-dsa/ml-dsa/src/hint.rs
fn=(5536) ml_dsa::hint::hint_bit_pack
17 6
cfi=(6)
cfn=(4864)
calls=1 -17 
* 1
fi=(23)
198 3
cfi=(6)
cfn=(5040)
calls=1 0 
* 70
fi=(34)
469 2
0 7
fe=(73)
23 3
+1 3
-24 3
fi=(19)
1915 3
fi=(36)
900 3
fe=(73)
0 125
fi=(19)
1915 125
fi=(36)
900 125
fe=(73)
22 256
fi=(50)
278 6
fe=(73)
23 3
+1 3
-2 256
fi=(50)
278 6
fe=(73)
27 2
-27 2
23 1
+1 1
-24 1
fi=(19)
1915 1
fi=(36)
900 1
fe=(73)
0 127
fi=(19)
1915 127
fi=(36)
900 127
fe=(73)
22 256
fi=(50)
278 12
fe=(73)
23 6
+1 6
-2 256
fi=(50)
278 2
fe=(73)
27 2
-27 3
23 2
+1 2
-24 2
fi=(19)
1915 2
fi=(36)
900 2
fe=(73)
0 126
fi=(19)
1915 126
fi=(36)
900 126
fe=(73)
22 256
fi=(50)
278 8
fe=(73)
23 4
+1 4
-2 256
fi=(50)
278 4
fe=(73)
27 2
-27 5
23 4
+1 4
-24 4
fi=(19)
1915 4
fi=(36)
900 4
fe=(73)
0 124
fi=(19)
1915 124
fi=(36)
900 124
fe=(73)
22 512
fi=(50)
278 8
fe=(73)
27 2
-27 129
fi=(19)
1915 128
fi=(36)
900 128
fe=(73)
22 256
fi=(50)
278 10
fe=(73)
23 5
+1 5
-2 256
fi=(50)
278 8
0 4
fe=(73)
23 4
+1 4
-24 4
27 2
-27 6
23 5
+1 5
-24 5
fi=(19)
1915 5
fi=(36)
900 5
fe=(73)
0 123
fi=(19)
1915 123
fi=(36)
900 123
fe=(73)
22 256
fi=(50)
278 8
fe=(73)
23 4
+1 4
-2 256
fi=(50)
278 10
fe=(73)
27 1
+2 3
+1 5

fl=(65)
fn=(5142)
49 60
cob=(2)
cfi=(2)
cfn=(4642)
calls=5 -49 
* 18489
* 3
-49 3
fi=(60)
45 12
cob=(2)
cfi=(2)
cfn=(4642)
calls=5 -45 
* 234
* 60
cob=(2)
cfi=(2)
cfn=(4642)
calls=25 -45 
* 1170
* 18
-45 18
fe=(65)
25 54
fi=(71)
3228 144
0 18
3229 18
fi=(72)
20 18
fe=(65)
+5 54
fi=(71)
3228 144
0 18
3229 18
fi=(72)
20 18
fe=(65)
+5 36
fi=(19)
1915 36
fi=(36)
900 18
fe=(65)
25 6858
fi=(71)
3228 18288
0 2286
3229 2286
fi=(72)
20 2286
fe=(65)
+5 6858
fi=(71)
3228 18288
0 2286
3229 2286
fi=(72)
20 2286
fe=(65)
+5 4572
fi=(19)
1915 4572
fi=(36)
900 2286
0 72
fi=(60)
45 72
cob=(2)
cfi=(2)
cfn=(4642)
calls=30 -45 
* 1404
* 18
-45 18
fe=(65)
16 54
fi=(71)
3228 144
0 18
3229 18
fi=(72)
20 18
fe=(65)
-4 54
fi=(71)
3228 144
0 18
3229 18
fi=(72)
20 18
fe=(65)
-4 36
fi=(19)
1915 36
fi=(36)
900 18
fe=(65)
16 6858
fi=(71)
3228 18288
0 2286
3229 2286
fi=(72)
20 2286
fe=(65)
-4 6858
fi=(71)
3228 18288
0 2286
3229 2286
fi=(72)
20 2286
fe=(65)
-4 4572
fi=(19)
1915 4572
fi=(36)
900 2286
fe=(65)
56 72
cob=(2)
cfi=(2)
cfn=(4260)
calls=30 -56 
* 2244
fi=(60)
-11 72
cob=(2)
cfi=(2)
cfn=(4642)
calls=30 -45 
* 1404
* 18
-45 18
fe=(65)
25 54
fi=(71)
3228 144
0 18
3229 18
fi=(72)
20 18
fe=(65)
+5 54
fi=(71)
3228 144
0 18
3229 18
fi=(72)
20 18
fe=(65)
+5 36
fi=(19)
1915 36
fi=(36)
900 18
fe=(65)
25 6858
fi=(71)
3228 18288
0 2286
3229 2286
fi=(72)
20 2286
fe=(65)
+5 6858
fi=(71)
3228 18288
0 2286
3229 2286
fi=(72)
20 2286
fe=(65)
+5 4572
fi=(19)
1915 4572
fi=(36)
900 2286
fi=(60)
45 72
cob=(2)
cfi=(2)
cfn=(4642)
calls=30 -45 
* 1404
* 18
-45 18
fe=(65)
16 54
fi=(71)
3228 144
0 18
3229 18
fi=(72)
20 18
fe=(65)
-4 54
fi=(71)
3228 144
0 18
3229 18
fi=(72)
20 18
fe=(65)
-4 36
fi=(19)
1915 36
fi=(36)
900 18
fe=(65)
16 6858
fi=(71)
3228 18288
0 2286
3229 2286
fi=(72)
20 2286
fe=(65)
-4 6858
fi=(71)
3228 18288
0 2286
3229 2286
fi=(72)
20 2286
fe=(65)
-4 4572
fi=(19)
1915 4572
fi=(36)
900 2286
fe=(65)
56 72
cob=(2)
cfi=(2)
cfn=(4260)
calls=30 -56 
* 2244
fi=(60)
-11 72
cob=(2)
cfi=(2)
cfn=(4642)
calls=30 -45 
* 1404
* 18
-45 18
fe=(65)
25 54
fi=(71)
3228 144
0 18
3229 18
fi=(72)
20 18
fe=(65)
+5 54
fi=(71)
3228 144
0 18
3229 18
fi=(72)
20 18
fe=(65)
+5 36
fi=(19)
1915 36
fi=(36)
900 18
fe=(65)
25 6858
fi=(71)
3228 18288
0 2286
3229 2286
fi=(72)
20 2286
fe=(65)
+5 6858
fi=(71)
3228 18288
0 2286
3229 2286
fi=(72)
20 2286
fe=(65)
+5 4572
fi=(19)
1915 4572
fi=(36)
900 2286
fi=(60)
45 72
cob=(2)
cfi=(2)
cfn=(4642)
calls=30 -45 
* 1404
* 18
-45 18
fe=(65)
16 54
fi=(71)
3228 144
0 18
3229 18
fi=(72)
20 18
fe=(65)
-4 54
fi=(71)
3228 144
0 18
3229 18
fi=(72)
20 18
fe=(65)
-4 36
fi=(19)
1915 36
fi=(36)
900 18
fe=(65)
16 6858
fi=(71)
3228 18288
0 2286
3229 2286
fi=(72)
20 2286
fe=(65)
-4 6858
fi=(71)
3228 18288
0 2286
3229 2286
fi=(72)
20 2286
fe=(65)
-4 4572
fi=(19)
1915 4572
fi=(36)
900 2286
fe=(65)
56 72
cob=(2)
cfi=(2)
cfn=(4260)
calls=30 -56 
* 2244
fi=(60)
-11 72
cob=(2)
cfi=(2)
cfn=(4642)
calls=30 -45 
* 1404
* 18
-45 18
fe=(65)
25 54
fi=(71)
3228 144
0 18
3229 18
fi=(72)
20 18
fe=(65)
+5 54
fi=(71)
3228 36
fe=(65)
25 18
fi=(71)
3228 108
0 18
3229 18
fi=(72)
20 18
fe=(65)
+5 18
fi=(10)
898 18
fi=(19)
1915 18
fi=(36)
900 18
fe=(65)
25 6858
fi=(71)
3228 18288
0 2286
3229 2286
fi=(72)
20 2286
fe=(65)
+5 6858
fi=(71)
3228 4572
fe=(65)
25 2286
fi=(71)
3228 13716
0 2286
3229 2286
fi=(72)
20 2286
fe=(65)
+5 2286
fi=(10)
898 2286
fi=(19)
1915 2286
fi=(36)
900 2286
fi=(60)
45 72
cob=(2)
cfi=(2)
cfn=(4642)
calls=30 -45 
* 1404
* 18
-45 18
fe=(65)
16 54
fi=(71)
3228 144
0 18
3229 18
fi=(72)
20 18
fe=(65)
-4 54
fi=(71)
3228 144
0 18
3229 18
fi=(72)
20 18
fe=(65)
-4 36
fi=(19)
1915 36
fi=(36)
900 18
fe=(65)
16 6858
fi=(71)
3228 18288
0 2286
3229 2286
fi=(72)
20 2286
fe=(65)
-4 6858
fi=(71)
3228 18288
0 2286
3229 2286
fi=(72)
20 2286
fe=(65)
-4 4572
fi=(19)
1915 4572
fi=(36)
900 2286
fe=(65)
56 72
cob=(2)
cfi=(2)
cfn=(4260)
calls=30 -56 
* 2244
fi=(60)
-11 72
cob=(2)
cfi=(2)
cfn=(4642)
calls=30 -45 
* 1404
* 18
-45 18
fe=(65)
25 54
fi=(71)
3228 144
0 18
3229 18
fi=(72)
20 18
fe=(65)
+5 54
fi=(71)
3228 36
fe=(65)
25 18
fi=(71)
3228 108
0 18
3229 18
fi=(72)
20 18
fe=(65)
+5 18
fi=(10)
898 18
fi=(19)
1915 18
fi=(36)
900 18
fe=(65)
25 6858
fi=(71)
3228 18288
0 2286
3229 2286
fi=(72)
20 2286
fe=(65)
+5 6858
fi=(71)
3228 4572
fe=(65)
25 2286
fi=(71)
3228 13716
0 2286
3229 2286
fi=(72)
20 2286
fe=(65)
+5 2286
fi=(10)
898 2286
fi=(19)
1915 2286
fi=(36)
900 2286
fi=(60)
45 72
cob=(2)
cfi=(2)
cfn=(4642)
calls=30 -45 
* 1404
* 18
-45 18
fe=(65)
16 54
fi=(71)
3228 144
0 18
3229 18
fi=(72)
20 18
fe=(65)
-4 54
fi=(71)
3228 144
0 18
3229 18
fi=(72)
20 18
fe=(65)
-4 36
fi=(19)
1915 36
fi=(36)
900 18
fe=(65)
16 6858
fi=(71)
3228 18288
0 2286
3229 2286
fi=(72)
20 2286
fe=(65)
-4 6858
fi=(71)
3228 18288
0 2286
3229 2286
fi=(72)
20 2286
fe=(65)
-4 4572
fi=(19)
1915 4572
fi=(36)
900 2286
fe=(65)
56 72
cob=(2)
cfi=(2)
cfn=(4260)
calls=30 -56 
* 2244
fi=(10)
898 18
fi=(36)
+2 36
fi=(19)
1915 18
fi=(36)
900 18
0 3
fe=(65)
59 12
cob=(2)
cfi=(2)
cfn=(4260)
calls=5 -59 
* 1815
+1 27

fn=(5464)
40 40
fi=(60)
+41 4
-81 4
81 12
cob=(2)
cfi=(2)
cfn=(4642)
calls=5 -81 
* 16460
-81 4
45 12
cob=(2)
cfi=(2)
cfn=(4642)
calls=5 -45 
* 312
* 8
fe=(65)
-20 12
fi=(71)
3228 32
0 4
3229 4
fi=(72)
20 4
fe=(65)
+5 12
fi=(71)
3228 32
0 4
3229 4
fi=(72)
20 4
fe=(65)
+5 8
fi=(19)
1915 8
fi=(36)
900 4
fe=(65)
25 1524
fi=(71)
3228 4064
0 508
3229 508
fi=(72)
20 508
fe=(65)
+5 1524
fi=(71)
3228 4064
0 508
3229 508
fi=(72)
20 508
fe=(65)
+5 1016
fi=(19)
1915 1016
fi=(36)
900 508
0 4
fe=(65)
43 16
cob=(2)
cfi=(2)
cfn=(4260)
calls=5 -43 
* 500
-43 4
fi=(60)
45 16
cob=(2)
cfi=(2)
cfn=(4642)
calls=5 -45 
* 312
fe=(65)
-20 1536
fi=(71)
3228 4096
0 512
3229 512
fi=(72)
20 512
fe=(65)
+5 1536
fi=(71)
3228 1024
fe=(65)
25 512
fi=(71)
3228 3072
0 512
3229 512
fi=(72)
20 512
fe=(65)
+5 512
fi=(10)
898 512
fi=(19)
1915 512
fi=(36)
900 512
fe=(65)
43 20
cob=(2)
cfi=(2)
cfn=(4260)
calls=5 -43 
* 500
-43 4
fi=(60)
45 16
cob=(2)
cfi=(2)
cfn=(4642)
calls=5 -45 
* 312
-45 4
fe=(65)
25 12
fi=(71)
3228 32
0 4
3229 4
fi=(72)
20 4
fe=(65)
+5 12
fi=(71)
3228 8
fe=(65)
25 4
fi=(71)
3228 24
0 4
3229 4
fi=(72)
20 4
fe=(65)
+5 4
fi=(10)
898 4
fi=(19)
1915 4
fi=(36)
900 4
fe=(65)
25 1524
fi=(71)
3228 4064
0 508
3229 508
fi=(72)
20 508
fe=(65)
+5 1524
fi=(71)
3228 1016
fe=(65)
25 508
fi=(71)
3228 3048
0 508
3229 508
fi=(72)
20 508
fe=(65)
+5 508
fi=(10)
898 508
fi=(19)
1915 508
fi=(36)
900 508
0 4
fe=(65)
43 16
cob=(2)
cfi=(2)
cfn=(4260)
calls=5 -43 
* 500
-43 4
fi=(60)
45 16
cob=(2)
cfi=(2)
cfn=(4642)
calls=5 -45 
* 312
-45 4
fe=(65)
25 12
fi=(71)
3228 32
0 4
3229 4
fi=(72)
20 4
fe=(65)
+5 12
fi=(71)
3228 8
fe=(65)
25 4
fi=(71)
3228 24
0 4
3229 4
fi=(72)
20 4
fe=(65)
+5 4
fi=(10)
898 4
fi=(19)
1915 4
fi=(36)
900 4
fe=(65)
25 1524
fi=(71)
3228 4064
0 508
3229 508
fi=(72)
20 508
fe=(65)
+5 1524
fi=(71)
3228 1016
fe=(65)
25 508
fi=(71)
3228 3048
0 508
3229 508
fi=(72)
20 508
fe=(65)
+5 508
fi=(10)
898 508
fi=(19)
1915 508
fi=(36)
900 508
fe=(65)
43 20
cob=(2)
cfi=(2)
cfn=(4260)
calls=5 -43 
* 500
-43 4
fi=(60)
45 16
cob=(2)
cfi=(2)
cfn=(4642)
calls=5 -45 
* 312
-45 4
fe=(65)
25 12
fi=(71)
3228 32
0 4
3229 4
fi=(72)
20 4
fe=(65)
+5 12
fi=(71)
3228 8
fe=(65)
25 4
fi=(71)
3228 24
0 4
3229 4
fi=(72)
20 4
fe=(65)
+5 4
fi=(10)
898 4
fi=(19)
1915 4
fi=(36)
900 4
fe=(65)
25 1524
fi=(71)
3228 4064
0 508
3229 508
fi=(72)
20 508
fe=(65)
+5 1524
fi=(71)
3228 1016
fe=(65)
25 508
fi=(71)
3228 3048
0 508
3229 508
fi=(72)
20 508
fe=(65)
+5 508
fi=(10)
898 508
fi=(19)
1915 508
fi=(36)
900 508
fe=(65)
43 20
cob=(2)
cfi=(2)
cfn=(4260)
calls=5 -43 
* 500
-43 4
fi=(60)
45 16
cob=(2)
cfi=(2)
cfn=(4642)
calls=5 -45 
* 312
-45 4
fe=(65)
25 12
fi=(71)
3228 32
0 4
3229 4
fi=(72)
20 4
fe=(65)
+5 12
fi=(71)
3228 8
fe=(65)
25 4
fi=(71)
3228 24
0 4
3229 4
fi=(72)
20 4
fe=(65)
+5 4
fi=(10)
898 4
fi=(19)
1915 4
fi=(36)
900 4
fe=(65)
25 1524
fi=(71)
3228 4064
0 508
3229 508
fi=(72)
20 508
fe=(65)
+5 1524
fi=(71)
3228 1016
fe=(65)
25 508
fi=(71)
3228 3048
0 508
3229 508
fi=(72)
20 508
fe=(65)
+5 508
fi=(10)
898 508
fi=(19)
1915 508
fi=(36)
900 508
fe=(65)
43 20
cob=(2)
cfi=(2)
cfn=(4260)
calls=5 -43 
* 500
+3 36
-6 30
fi=(60)
+41 3
-81 3
81 9
cob=(2)
cfi=(2)
cfn=(4642)
calls=3 -81 
* 9273
-81 3
45 9
cob=(2)
cfi=(2)
cfn=(4642)
calls=3 -45 
* 234
* 6
fe=(65)
-20 9
fi=(71)
3228 24
0 3
3229 3
fi=(72)
20 3
fe=(65)
+5 9
fi=(71)
3228 24
0 3
3229 3
fi=(72)
20 3
fe=(65)
+5 6
fi=(19)
1915 6
fi=(36)
900 3
fe=(65)
25 1143
fi=(71)
3228 3048
0 381
3229 381
fi=(72)
20 381
fe=(65)
+5 1143
fi=(71)
3228 3048
0 381
3229 381
fi=(72)
20 381
fe=(65)
+5 762
fi=(19)
1915 762
fi=(36)
900 381
0 3
fe=(65)
43 12
cob=(2)
cfi=(2)
cfn=(4260)
calls=3 -43 
* 375
-43 3
fi=(60)
45 12
cob=(2)
cfi=(2)
cfn=(4642)
calls=3 -45 
* 234
fe=(65)
-20 1152
fi=(71)
3228 3072
0 384
3229 384
fi=(72)
20 384
fe=(65)
+5 1152
fi=(71)
3228 768
fe=(65)
25 384
fi=(71)
3228 2304
0 384
3229 384
fi=(72)
20 384
fe=(65)
+5 384
fi=(10)
898 384
fi=(19)
1915 384
fi=(36)
900 384
fe=(65)
43 15
cob=(2)
cfi=(2)
cfn=(4260)
calls=3 -43 
* 375
-43 3
fi=(60)
45 12
cob=(2)
cfi=(2)
cfn=(4642)
calls=3 -45 
* 234
-45 3
fe=(65)
25 9
fi=(71)
3228 24
0 3
3229 3
fi=(72)
20 3
fe=(65)
+5 9
fi=(71)
3228 6
fe=(65)
25 3
fi=(71)
3228 18
0 3
3229 3
fi=(72)
20 3
fe=(65)
+5 3
fi=(10)
898 3
fi=(19)
1915 3
fi=(36)
900 3
fe=(65)
25 1143
fi=(71)
3228 3048
0 381
3229 381
fi=(72)
20 381
fe=(65)
+5 1143
fi=(71)
3228 762
fe=(65)
25 381
fi=(71)
3228 2286
0 381
3229 381
fi=(72)
20 381
fe=(65)
+5 381
fi=(10)
898 381
fi=(19)
1915 381
fi=(36)
900 381
0 3
fe=(65)
43 12
cob=(2)
cfi=(2)
cfn=(4260)
calls=3 -43 
* 375
-43 3
fi=(60)
45 12
cob=(2)
cfi=(2)
cfn=(4642)
calls=3 -45 
* 234
-45 3
fe=(65)
25 9
fi=(71)
3228 24
0 3
3229 3
fi=(72)
20 3
fe=(65)
+5 9
fi=(71)
3228 6
fe=(65)
25 3
fi=(71)
3228 18
0 3
3229 3
fi=(72)
20 3
fe=(65)
+5 3
fi=(10)
898 3
fi=(19)
1915 3
fi=(36)
900 3
fe=(65)
25 1143
fi=(71)
3228 3048
0 381
3229 381
fi=(72)
20 381
fe=(65)
+5 1143
fi=(71)
3228 762
fe=(65)
25 381
fi=(71)
3228 2286
0 381
3229 381
fi=(72)
20 381
fe=(65)
+5 381
fi=(10)
898 381
fi=(19)
1915 381
fi=(36)
900 381
fe=(65)
43 15
cob=(2)
cfi=(2)
cfn=(4260)
calls=3 -43 
* 375
-43 3
fi=(60)
45 12
cob=(2)
cfi=(2)
cfn=(4642)
calls=3 -45 
* 234
-45 3
fe=(65)
25 9
fi=(71)
3228 24
0 3
3229 3
fi=(72)
20 3
fe=(65)
+5 9
fi=(71)
3228 6
fe=(65)
25 3
fi=(71)
3228 18
0 3
3229 3
fi=(72)
20 3
fe=(65)
+5 3
fi=(10)
898 3
fi=(19)
1915 3
fi=(36)
900 3
fe=(65)
25 1143
fi=(71)
3228 3048
0 381
3229 381
fi=(72)
20 381
fe=(65)
+5 1143
fi=(71)
3228 762
fe=(65)
25 381
fi=(71)
3228 2286
0 381
3229 381
fi=(72)
20 381
fe=(65)
+5 381
fi=(10)
898 381
fi=(19)
1915 381
fi=(36)
900 381
fe=(65)
43 15
cob=(2)
cfi=(2)
cfn=(4260)
calls=3 -43 
* 375
+3 27

fl=(49)
fn=(5074)
64 300
fi=(52)
+85 30
fi=(51)
+47 30
0 30
146 30
fi=(68) /home/rick/.cargo/registry/src/index.crates.io-1949cf8c6b5b557f/block-buffer-0.10.4/src/sealed.rs
17 60
fi=(51)
155 30
fi=(50)
-54 30
fi=(18)
552 90
cob=(2)
cfi=(2)
cfn=(4260)
calls=90 0 
* 360
fi=(51)
158 30
0 30
239 30
fe=(49)
66 240

fn=(5082)
68 210
fi=(52)
203 30
0 60
203 60
cob=(2)
cfi=(2)
cfn=(4260)
calls=90 0 
* 900
* 150
cob=(2)
cfi=(2)
cfn=(4260)
calls=90 0 
* 900
fi=(51)
-7 30
fi=(50)
-95 60
0 30
fi=(55)
180 30
fi=(51)
+8 60
cob=(2)
cfi=(2)
cfn=(4642)
calls=90 0 
* 780
fi=(53)
-49 30
+2 30
fi=(58)
-95 900
fi=(26)
1718 30
fi=(58)
46 30
+3 90
cfi=(54)
cfn=(5024)
calls=90 166 
* 184740
-49 30
8 120
cob=(2)
cfi=(2)
cfn=(4260)
calls=90 -8 
* 900
fi=(51)
+68 360
fe=(49)
-7 120
cob=(2)
cfi=(2)
cfn=(4260)
calls=90 -69 
* 1950
+1 210

fn=(4988)
26 440
fi=(52)
149 44
fi=(51)
+47 44
0 44
146 44
fi=(68)
17 88
fi=(51)
155 44
fi=(50)
-54 41
fi=(18)
552 123
cob=(2)
cfi=(2)
cfn=(4260)
calls=58 0 
* 583
fi=(51)
158 41
0 41
161 6
fi=(50)
-60 3
fi=(18)
552 12
cob=(2)
cfi=(2)
cfn=(4260)
calls=4 0 
* 66
fi=(26)
1718 3
fi=(58)
46 18
fi=(26)
1718 3
fi=(58)
46 6
fi=(26)
1718 3
fi=(58)
46 6
fi=(26)
1718 3
fi=(58)
46 6
fi=(26)
1718 3
fi=(58)
46 9
fi=(26)
1718 3
fi=(58)
46 12
fi=(26)
1718 3
fi=(58)
46 9
fi=(26)
1718 3
fi=(58)
46 6
fi=(26)
1718 3
fi=(58)
46 3
fi=(89) /rustc/ac68faa20c58cbccd01ee7208bf3b6e93a7d7f96/library/core/src/ptr/const_ptr.rs
863 3
fi=(58)
49 9
cfi=(54)
cfn=(5024)
calls=4 166 
* 18474
fi=(68)
-26 6
-23 3
23 21
fi=(89)
863 3
fi=(51)
169 6
0 6
fi=(26)
1718 3
fi=(58)
46 15
fi=(26)
1718 3
fi=(58)
46 6
fi=(26)
1718 3
fi=(58)
46 9
fi=(26)
1718 3
fi=(58)
46 6
fi=(26)
1718 3
fi=(58)
46 9
fi=(26)
1718 3
fi=(58)
46 9
fi=(26)
1718 3
fi=(58)
46 9
fi=(26)
1718 3
fi=(58)
46 9
fi=(26)
1718 3
fi=(58)
46 3
+3 3
fi=(14)
659 3
fi=(58)
49 6
cfi=(54)
cfn=(5024)
calls=6 166 
* 18474
fi=(26)
1718 12
fi=(58)
46 60
fi=(26)
1718 12
fi=(58)
46 24
fi=(26)
1718 12
fi=(58)
46 36
fi=(26)
1718 12
fi=(58)
46 24
fi=(26)
1718 12
fi=(58)
46 36
fi=(26)
1718 12
fi=(58)
46 36
fi=(26)
1718 12
fi=(58)
46 36
fi=(26)
1718 12
fi=(58)
46 36
fi=(26)
1718 12
fi=(58)
46 12
+3 12
fi=(14)
659 12
fi=(58)
49 24
cfi=(54)
cfn=(5024)
calls=42 166 
* 73896
fi=(14)
1717 15
fi=(55)
180 15
fi=(18)
552 12
cob=(2)
cfi=(2)
cfn=(4260)
calls=6 0 
* 33
fi=(51)
239 44
fe=(49)
28 352

fn=(5014)
30 140
fi=(52)
203 20
0 40
203 40
cob=(2)
cfi=(2)
cfn=(4260)
calls=37 0 
* 600
* 100
cob=(2)
cfi=(2)
cfn=(4260)
calls=37 0 
* 600
fi=(51)
-7 20
fi=(50)
-95 20
0 20
fi=(55)
180 20
fi=(51)
+8 40
cob=(2)
cfi=(2)
cfn=(4642)
calls=37 0 
* 367
fi=(53)
-49 20
+2 20
fi=(58)
-95 480
fi=(26)
1718 20
fi=(58)
46 20
+3 60
cfi=(54)
cfn=(5024)
calls=37 166 
* 123160
-49 20
8 80
cob=(2)
cfi=(2)
cfn=(4260)
calls=37 -8 
* 600
fi=(51)
+68 200
fe=(49)
-45 80
cob=(2)
cfi=(2)
cfn=(4260)
calls=37 -31 
* 1300
+1 140

fn=(5036)
42 135
fi=(57)
457 15
fi=(34)
0 30
460 15
0 15
cfi=(6)
cfn=(4864)
calls=17 0 
0 15
0 15
fi=(23)
198 45
cfi=(6)
cfn=(5040)
calls=17 0 
* 1955
fi=(34)
469 30
0 15
fi=(62)
41 15
fi=(51)
196 30
+62 15
0 75
fi=(18)
0 15
fi=(51)
344 90
0 15
fi=(14)
1717 15
fi=(55)
180 15
0 60
fi=(18)
552 60
cob=(2)
cfi=(2)
cfn=(4260)
calls=15 0 
* 450
* 180
cob=(2)
cfi=(2)
cfn=(4260)
calls=45 0 
* 1350
fi=(58)
61 180
cfi=(54)
cfn=(5024)
calls=60 166 
* 369480
fi=(62)
-61 60
44 180
cob=(2)
cfi=(2)
cfn=(4260)
calls=60 -44 
* 1800
fi=(14)
1717 120
fi=(55)
180 60
0 45
fi=(51)
274 15
0 30
fi=(18)
552 45
cob=(2)
cfi=(2)
cfn=(4260)
calls=17 0 
* 450
fi=(58)
61 45
cfi=(54)
cfn=(5024)
calls=17 166 
* 92370
fi=(51)
-61 45
fi=(18)
552 75
cob=(2)
cfi=(2)
cfn=(4260)
calls=17 0 
* 330
fi=(51)
278 60
cob=(2)
cfi=(2)
cfn=(4260)
calls=17 0 
* 450
* 15
0 30
239 15
fe=(49)
45 45
+1 135

fn=(5110)
37 1368
fi=(62)
+4 152
-41 152
fi=(51)
196 304
+62 152
0 294
259 441
fi=(50)
89 147
fi=(18)
552 441
cob=(2)
cfi=(2)
cfn=(4260)
calls=2674 0 
* 2352
fi=(51)
239 147
0 309
344 35
0 5
fi=(14)
1717 10
fi=(55)
180 5
0 5
fi=(51)
274 10
0 15
fi=(18)
552 20
cob=(2)
cfi=(2)
cfn=(4260)
calls=31 0 
* 150
fi=(58)
61 15
cfi=(54)
cfn=(5024)
calls=31 166 
* 30790
fi=(18)
552 20
cob=(2)
cfi=(2)
cfn=(4260)
calls=31 0 
* 63
fi=(51)
278 20
cob=(2)
cfi=(2)
cfn=(4260)
calls=31 0 
* 150
-39 152
fe=(49)
39 1216

fl=(48)
fn=(5130)
77 153
+1 34
cob=(2)
cfi=(2)
cfn=(4260)
calls=34 -78 
* 2125
-78 68
80 34
fi=(71)
3228 748
+1 136
fe=(48)
80 1088
fi=(71)
3228 23188
+1 4216
fe=(48)
80 1054
fi=(55)
180 1632
0 85
fe=(48)
86 51
-86 17
88 17
-1 17
+1 17
fi=(55)
-88 119
fe=(48)
86 357
-86 119
88 119
-1 119
+1 4318
-1 4199
+1 21539
-88 4335
91 87040
fi=(71)
3228 156672
0 17408
3229 52224
fe=(48)
92 52224
fi=(71)
3228 139264
0 17408
3229 17408
fi=(72)
20 17408
fe=(48)
+73 17408
fi=(71)
3228 139264
0 17408
3229 17408
fi=(72)
20 17408
fe=(48)
+72 17408
+1 17408
+1 17408
-4 34816
+6 4335
-10 8670
+12 136
-14 136
-84 17
100 68
cob=(2)
cfi=(2)
cfn=(4260)
calls=34 0 
* 2125
+1 153

fn=(5150)
104 513
+1 114
cob=(2)
cfi=(2)
cfn=(4260)
calls=75 0 
* 7125
0 228
107 114
fi=(71)
3228 2508
+1 456
fe=(48)
107 3648
fi=(71)
3228 77748
+1 14136
fe=(48)
107 3534
fi=(55)
+73 5472
0 285
fe=(48)
113 171
0 57
114 57
+1 114
fi=(55)
0 399
fe=(48)
113 1197
0 399
114 399
+1 798
-1 14079
+1 57228
fi=(71)
3228 116280
+1 101745
0 14535
fe=(48)
118 116736
+1 175104
-1 58368
+1 116736
fi=(71)
3228 466944
0 58368
3229 58368
fi=(72)
20 58368
fe=(48)
120 58368
fi=(71)
3228 525312
0 58368
3229 175104
fe=(48)
121 58368
fi=(71)
3228 466944
0 58368
3229 58368
fi=(72)
20 58368
fe=(48)
+99 58368
+2 58368
+1 58368
-5 116736
+7 14535
-11 29070
-2 1368
0 114
129 114
fi=(71)
3228 456
0 57
3229 57
fi=(72)
20 57
fe=(48)
129 171
fi=(71)
3228 456
0 57
3229 57
fi=(72)
20 57
fe=(48)
129 57
fi=(14)
1717 114
fi=(55)
180 57
fe=(48)
-51 14478
fi=(71)
3228 57912
0 7239
3229 7239
fi=(72)
20 7239
fe=(48)
129 21717
fi=(71)
3228 57912
0 7239
3229 7239
fi=(72)
20 7239
fe=(48)
129 7239
fi=(14)
1717 14478
fi=(55)
180 7239
0 57
fe=(48)
131 228
cob=(2)
cfi=(2)
cfn=(4260)
calls=75 0 
* 7125
+1 513

fl=(67)
fn=(5316)
99 8
-99 34
102 2
fi=(18)
552 16
fi=(50)
89 1
fe=(67)
+27 10
cfi=(63)
cfn=(5320)
calls=1 +15 
* 22098
* 5
cob=(2)
cfi=(2)
cfn=(4260)
calls=1 0 
* 125
fi=(50)
-27 1
fe=(67)
+27 5
cfi=(63)
cfn=(5320)
calls=1 +15 
* 22098
* 4
cob=(2)
cfi=(2)
cfn=(4260)
calls=1 0 
* 125
fi=(50)
-27 1
fe=(67)
+27 5
cfi=(63)
cfn=(5320)
calls=1 +15 
* 22098
* 4
cob=(2)
cfi=(2)
cfn=(4260)
calls=1 0 
* 125
fi=(50)
-27 1
fe=(67)
+27 5
cfi=(63)
cfn=(5320)
calls=1 +15 
* 22098
* 4
cob=(2)
cfi=(2)
cfn=(4260)
calls=1 0 
* 123
fi=(50)
-27 1
fe=(67)
+27 5
cfi=(63)
cfn=(5320)
calls=1 +15 
* 22098
* 4
cob=(2)
cfi=(2)
cfn=(4260)
calls=1 0 
* 125
fi=(50)
-27 2
fe=(67)
+32 5
cfi=(63)
cfn=(5320)
calls=1 +10 
* 22098
* 5
cob=(2)
cfi=(2)
cfn=(4260)
calls=1 0 
* 125
fi=(50)
-32 1
fe=(67)
+32 5
cfi=(63)
cfn=(5320)
calls=1 +10 
* 22098
* 4
cob=(2)
cfi=(2)
cfn=(4260)
calls=1 0 
* 125
fi=(50)
-32 1
fe=(67)
+32 5
cfi=(63)
cfn=(5320)
calls=1 +10 
* 22098
* 4
cob=(2)
cfi=(2)
cfn=(4260)
calls=1 0 
* 123
fi=(50)
-32 1
fe=(67)
+32 5
cfi=(63)
cfn=(5320)
calls=1 +10 
* 22098
* 4
cob=(2)
cfi=(2)
cfn=(4260)
calls=1 0 
* 125
fi=(50)
-32 1
fe=(67)
+32 5
cfi=(63)
cfn=(5320)
calls=1 +10 
* 22098
* 4
cob=(2)
cfi=(2)
cfn=(4260)
calls=1 0 
* 125
fi=(50)
-32 1
fe=(67)
+32 5
cfi=(63)
cfn=(5320)
calls=1 +10 
* 22098
* 4
cob=(2)
cfi=(2)
cfn=(4260)
calls=1 0 
* 125
fi=(50)
-32 2
fe=(67)
+37 5
cfi=(63)
cfn=(5320)
calls=1 +5 
* 67633
* 5
cob=(2)
cfi=(2)
cfn=(4260)
calls=1 0 
* 123
fi=(50)
-37 1
fe=(67)
+37 5
cfi=(63)
cfn=(5320)
calls=1 +5 
* 67633
* 4
cob=(2)
cfi=(2)
cfn=(4260)
calls=1 0 
* 125
fi=(50)
-37 1
fe=(67)
+37 5
cfi=(63)
cfn=(5320)
calls=1 +5 
* 67633
* 4
cob=(2)
cfi=(2)
cfn=(4260)
calls=1 0 
* 125
fi=(50)
-37 1
fe=(67)
+37 5
cfi=(63)
cfn=(5320)
calls=1 +5 
* 67633
* 4
cob=(2)
cfi=(2)
cfn=(4260)
calls=1 0 
* 125
fi=(50)
-37 1
fe=(67)
+37 5
cfi=(63)
cfn=(5320)
calls=1 +5 
* 67633
* 4
cob=(2)
cfi=(2)
cfn=(4260)
calls=1 0 
* 123
fi=(50)
-37 1
fe=(67)
+37 7
cfi=(63)
cfn=(5320)
calls=1 +5 
* 67633
* 4
cob=(2)
cfi=(2)
cfn=(4260)
calls=1 0 
* 125
+3 4
cob=(2)
cfi=(2)
cfn=(4260)
calls=1 0 
* 509
* 5
cob=(2)
cfi=(2)
cfn=(4260)
calls=1 0 
* 603
* 4
cob=(2)
cfi=(2)
cfn=(4260)
calls=1 0 
* 605
* 4
cob=(2)
cfi=(2)
cfn=(4260)
calls=1 0 
* 17564
* 1
+1 1
0 1
130 9

fn=(5400)
168 27
fi=(35)
464 9
0 3
fe=(67)
171 6
cfi=(63)
cfn=(5176)
calls=4 -72 
* 166662
fi=(34)
614 3
fi=(35)
1840 3
fi=(34)
767 3
-94 3
fi=(35)
2912 6
fi=(34)
424 3
634 6
fi=(23)
128 9
cfi=(6)
cfn=(4970)
calls=4 0 
* 105
fe=(67)
+43 12
cfi=(63)
cfn=(5176)
calls=4 -72 
* 166662
fi=(34)
614 3
fi=(35)
1840 3
fi=(34)
619 3
fi=(10)
2548 3
fi=(34)
767 3
-94 3
fi=(20)
961 3
fi=(18)
552 9
cob=(2)
cfi=(2)
cfn=(4260)
calls=4 0 
* 66
fi=(35)
2912 6
fi=(34)
424 3
634 6
fi=(23)
128 9
cfi=(6)
cfn=(4970)
calls=4 0 
* 105
fe=(67)
+43 12
cfi=(63)
cfn=(5176)
calls=4 -72 
* 166662
fi=(34)
614 3
fi=(35)
1840 3
fi=(34)
619 3
fi=(10)
2548 3
fi=(34)
767 3
-94 3
fi=(20)
961 3
fi=(18)
552 9
cob=(2)
cfi=(2)
cfn=(4260)
calls=4 0 
* 66
fi=(35)
2912 6
fi=(34)
424 3
634 6
fi=(23)
128 9
cfi=(6)
cfn=(4970)
calls=4 0 
* 105
fe=(67)
+43 12
cfi=(63)
cfn=(5176)
calls=4 -72 
* 166662
fi=(34)
614 3
fi=(35)
1840 3
fi=(34)
619 3
fi=(10)
2548 3
fi=(34)
767 3
-94 3
fi=(35)
2907 6
fi=(20)
961 3
fi=(18)
552 9
cob=(2)
cfi=(2)
cfn=(4260)
calls=4 0 
* 66
fi=(35)
2912 6
fi=(34)
424 3
634 6
fi=(23)
128 9
cfi=(6)
cfn=(4970)
calls=4 0 
* 105
fe=(67)
+43 12
cfi=(63)
cfn=(5176)
calls=4 -72 
* 166662
fi=(34)
614 3
fi=(35)
1840 3
fi=(34)
619 3
fi=(10)
2548 3
fi=(34)
767 3
-94 3
fi=(20)
961 3
fi=(18)
552 9
cob=(2)
cfi=(2)
cfn=(4260)
calls=4 0 
* 66
fi=(35)
2912 6
fi=(34)
424 3
634 6
fi=(23)
128 9
cfi=(6)
cfn=(4970)
calls=4 0 
* 105
fe=(67)
+43 3
0 3
171 9
cfi=(63)
cfn=(5176)
calls=4 -72 
* 166662
fi=(34)
614 3
fi=(35)
1840 3
fi=(34)
619 3
fi=(10)
2548 3
fi=(34)
767 3
-94 3
fi=(35)
2907 6
fi=(20)
961 3
fi=(18)
552 12
cob=(2)
cfi=(2)
cfn=(4260)
calls=4 0 
* 66
fi=(35)
2912 6
fi=(34)
424 3
634 6
fi=(23)
128 9
cfi=(6)
cfn=(4970)
calls=4 0 
* 105
fe=(67)
+45 12
+1 27
0 3
fi=(34)
675 9
cfn=(5288) alloc::raw_vec::RawVecInner<A>::reserve::do_reserve_and_handle
calls=4 -14 
* 657
-61 3
fi=(35)
3023 3
fi=(20)
961 3
fi=(18)
552 9
cob=(2)
cfi=(2)
cfn=(4260)
calls=4 0 
* 66
0 6
fi=(34)
675 9
cfn=(5288)
calls=4 -14 
* 1000
-61 3
fi=(35)
3023 3
2907 3
0 3
fi=(34)
675 9
cfn=(5288)
calls=4 -14 
* 1591
-61 3
fi=(35)
3023 3
2907 3
0 3
fi=(34)
675 9
cfn=(5288)
calls=4 -14 
* 741
-61 3
fi=(35)
3023 3
2907 3
fe=(67)

fn=(5526)
133 13
cfi=(6)
cfn=(4864)
calls=1 0 
* 1
fi=(23)
-32 3
cfi=(6)
cfn=(4866)
calls=1 0 
* 142
fi=(34)
469 2
fi=(35)
977 4
fi=(34)
767 2
-94 1
0 1
fi=(35)
2907 2
fi=(20)
961 1
fi=(18)
552 3
cob=(2)
cfi=(2)
cfn=(4260)
calls=1 0 
* 12
fi=(35)
2912 2
0 1
fe=(67)
141 4
cfi=(63)
cfn=(5242)
calls=1 -32 
* 125659
fi=(34)
614 1
fi=(35)
1840 1
fi=(34)
619 1
fi=(10)
2548 1
fi=(34)
767 1
-94 1
fi=(35)
2907 2
fi=(20)
961 1
fi=(18)
552 3
cob=(2)
cfi=(2)
cfn=(4260)
calls=1 0 
* 89
fi=(35)
2912 2
fi=(34)
424 1
634 2
fi=(23)
128 3
cfi=(6)
cfn=(4970)
calls=1 0 
* 35
fe=(67)
+13 5
cfi=(63)
cfn=(5242)
calls=1 -32 
* 125659
fi=(34)
614 1
fi=(35)
1840 1
fi=(34)
619 1
fi=(10)
2548 1
fi=(34)
767 1
-94 1
fi=(35)
2907 2
fi=(20)
961 1
fi=(18)
552 3
cob=(2)
cfi=(2)
cfn=(4260)
calls=1 0 
* 89
fi=(35)
2912 2
fi=(34)
424 1
634 2
fi=(23)
128 3
cfi=(6)
cfn=(4970)
calls=1 0 
* 35
fe=(67)
+13 5
cfi=(63)
cfn=(5242)
calls=1 -32 
* 125659
fi=(34)
614 1
fi=(35)
1840 1
fi=(34)
619 1
fi=(10)
2548 1
fi=(34)
767 1
-94 1
fi=(35)
2907 2
fi=(20)
961 1
fi=(18)
552 3
cob=(2)
cfi=(2)
cfn=(4260)
calls=1 0 
* 89
fi=(35)
2912 2
fi=(34)
424 1
634 2
fi=(23)
128 3
cfi=(6)
cfn=(4970)
calls=1 0 
* 35
fe=(67)
+13 5
cfi=(63)
cfn=(5242)
calls=1 -32 
* 125659
fi=(34)
614 1
fi=(35)
1840 1
fi=(34)
619 1
fi=(10)
2548 1
fi=(34)
767 1
-94 1
fi=(35)
2907 2
fi=(20)
961 1
fi=(18)
552 3
cob=(2)
cfi=(2)
cfn=(4260)
calls=1 0 
* 89
fi=(35)
2912 2
fi=(34)
424 1
634 2
fi=(23)
128 3
cfi=(6)
cfn=(4970)
calls=1 0 
* 35
fe=(67)
+13 1
0 1
141 4
cfi=(63)
cfn=(5242)
calls=1 -32 
* 125659
fi=(34)
614 1
fi=(35)
1840 1
fi=(34)
619 1
fi=(10)
2548 1
fi=(34)
767 1
-94 1
fi=(35)
2907 2
fi=(20)
961 1
fi=(18)
552 3
cob=(2)
cfi=(2)
cfn=(4260)
calls=1 0 
* 89
fi=(35)
2912 2
fi=(34)
424 1
634 2
fi=(23)
128 3
cfi=(6)
cfn=(4970)
calls=1 0 
* 35
0 2
fe=(67)
143 1
cfi=(73)
cfn=(5536)
calls=1 17 
* 5673
fi=(34)
614 1
fi=(35)
1840 1
fi=(34)
619 1
fi=(10)
2548 1
fi=(34)
767 1
-94 1
fi=(35)
2907 2
fi=(20)
961 1
fi=(18)
552 4
cob=(2)
cfi=(2)
cfn=(4260)
calls=1 0 
* 12
fi=(35)
2912 2
fi=(34)
424 1
634 2
fi=(23)
128 3
cfi=(6)
cfn=(4970)
calls=1 0 
* 35
fe=(67)
+16 4
+1 9

fl=(34)
fn=(5292) alloc::raw_vec::RawVecInner<A>::finish_grow
543 60
fi=(70) /rustc/ac68faa20c58cbccd01ee7208bf3b6e93a7d7f96/library/core/src/alloc/layout.rs
75 12
+38 12
0 12
fe=(34)
634 24
0 9
fi=(23)
155 36
cfi=(6)
cfn=(5296)
calls=12 0 
* 2855
fe=(34)
563 18
fi=(23)
206 6
+4 3
cfi=(6)
cfn=(4864)
calls=4 0 
* 3
101 9
cfi=(6)
cfn=(4866)
calls=4 0 
* 492
fe=(34)
563 6
+1 24
0 36
567 48

fn=(5288)
661 36
fi=(10)
823 12
fi=(57)
457 12
0 12
fe=(34)
522 24
fi=(19)
1037 60
fe=(34)
528 12
0 12
528 36
cfn=(5292)
calls=16 +15 
* 3665
fi=(26)
2173 24
+1 12
fe=(34)
776 12
+1 12
671 48

ob=(2)
fl=(2)
fn=(3920) 0x00000000000276c0
cob=(6)
cfi=(6)
cfn=(3934)
calls=1 0 
0 13597827

fn=(4260)
0 355400

fn=(4626)
0 312
cfn=(4280) 0x00000000000a6140
calls=52 0 
0 2002
0 197990

fn=(4232)
0 495
cfn=(4234) 0x00000000000a80c0
calls=13 0 
0 2054
0 99

fn=(3994)
0 104
cfn=(4000) 0x00000000000a6dc0
calls=34 0 
0 954
0 736

fn=(4000)
0 4117
cfn=(4726) 0x00000000000a4e90
calls=11 0 
0 119
0 199

fn=(3876)
cfn=(3920)
calls=1 0 
0 13597827

fn=(4280)
0 1681
cfn=(4298) 0x00000000000a4f60
calls=59 0 
0 388
0 403

fn=(4274) 0x00000000000a6290
0 60
cfn=(4280)
calls=7 0 
0 470
0 25

fn=(4298)
0 388

fn=(4760)
0 408
cfn=(4000)
calls=42 0 
0 2789
0 362408

fn=(4234)
0 393
cfn=(4000)
calls=5 0 
0 692
0 49
cfn=(4274)
calls=2 0 
0 222
0 34
cfn=(4726)
calls=5 0 
0 79
0 52
cfn=(4260)
calls=5 0 
0 136
0 18
cfn=(4274)
calls=5 0 
0 333
0 46

fn=(4642)
0 174502

fn=(4726)
0 198

totals: 13597827
