# callgrind format
version: 1
creator: callgrind-3.25.1
pid: 929730
cmd:  target/release/examples/profile baseline case-023
part: 1


desc: I1 cache: 
desc: D1 cache: 
desc: LL cache: 

desc: Timerange: Basic block 0 - 4250590
desc: Trigger: Program termination

positions: line
events: Ir
summary: 28518985


ob=(1) /usr/lib/ld-linux-x86-64.so.2
fl=(1) ???
fn=(0) 0x000000000001f300
cob=(6) /home/rick/unl/king's/thesis/ml-dsa/target/release/examples/profile
cfi=(6) ???
cfn=(3874) (below main)
calls=1 0 
0 28518985

ob=(6)
fl=(67) /home/rick/unl/king's/thesis/ml-dsa/ml-dsa/src/serdes.rs
fn=(5316) ml_dsa::serdes::sk_decode
99 8
-99 34
102 2
fi=(18) /rustc/ac68faa20c58cbccd01ee7208bf3b6e93a7d7f96/library/core/src/ptr/mod.rs
552 16
fi=(50) /rustc/ac68faa20c58cbccd01ee7208bf3b6e93a7d7f96/library/core/src/slice/index.rs
89 1
fe=(67)
+27 10
cfi=(63) /home/rick/unl/king's/thesis/ml-dsa/ml-dsa/src/encoding.rs
cfn=(5320) ml_dsa::encoding::bit_unpack
calls=1 +15 
* 22098
* 5
cob=(2) /usr/lib/libc.so.6
cfi=(2) ???
cfn=(4260) 0x0000000000171fc0
calls=1 0 
* 125
fi=(50)
-27 1
fe=(67)
+27 5
cfi=(63)
cfn=(5320)
calls=1 +15 
* 22098
* 4
cob=(2)
cfi=(2)
cfn=(4260)
calls=1 0 
* 125
fi=(50)
-27 1
fe=(67)
+27 5
cfi=(63)
cfn=(5320)
calls=1 +15 
* 22098
* 4
cob=(2)
cfi=(2)
cfn=(4260)
calls=1 0 
* 125
fi=(50)
-27 1
fe=(67)
+27 5
cfi=(63)
cfn=(5320)
calls=1 +15 
* 22098
* 4
cob=(2)
cfi=(2)
cfn=(4260)
calls=1 0 
* 123
fi=(50)
-27 1
fe=(67)
+27 5
cfi=(63)
cfn=(5320)
calls=1 +15 
* 22098
* 4
cob=(2)
cfi=(2)
cfn=(4260)
calls=1 0 
* 125
fi=(50)
-27 2
fe=(67)
+32 5
cfi=(63)
cfn=(5320)
calls=1 +10 
* 22098
* 5
cob=(2)
cfi=(2)
cfn=(4260)
calls=1 0 
* 125
fi=(50)
-32 1
fe=(67)
+32 5
cfi=(63)
cfn=(5320)
calls=1 +10 
* 22098
* 4
cob=(2)
cfi=(2)
cfn=(4260)
calls=1 0 
* 125
fi=(50)
-32 1
fe=(67)
+32 5
cfi=(63)
cfn=(5320)
calls=1 +10 
* 22098
* 4
cob=(2)
cfi=(2)
cfn=(4260)
calls=1 0 
* 123
fi=(50)
-32 1
fe=(67)
+32 5
cfi=(63)
cfn=(5320)
calls=1 +10 
* 22098
* 4
cob=(2)
cfi=(2)
cfn=(4260)
calls=1 0 
* 125
fi=(50)
-32 1
fe=(67)
+32 5
cfi=(63)
cfn=(5320)
calls=1 +10 
* 22098
* 4
cob=(2)
cfi=(2)
cfn=(4260)
calls=1 0 
* 125
fi=(50)
-32 1
fe=(67)
+32 5
cfi=(63)
cfn=(5320)
calls=1 +10 
* 22098
* 4
cob=(2)
cfi=(2)
cfn=(4260)
calls=1 0 
* 125
fi=(50)
-32 2
fe=(67)
+37 5
cfi=(63)
cfn=(5320)
calls=1 +5 
* 67633
* 5
cob=(2)
cfi=(2)
cfn=(4260)
calls=1 0 
* 123
fi=(50)
-37 1
fe=(67)
+37 5
cfi=(63)
cfn=(5320)
calls=1 +5 
* 67633
* 4
cob=(2)
cfi=(2)
cfn=(4260)
calls=1 0 
* 125
fi=(50)
-37 1
fe=(67)
+37 5
cfi=(63)
cfn=(5320)
calls=1 +5 
* 67633
* 4
cob=(2)
cfi=(2)
cfn=(4260)
calls=1 0 
* 125
fi=(50)
-37 1
fe=(67)
+37 5
cfi=(63)
cfn=(5320)
calls=1 +5 
* 67633
* 4
cob=(2)
cfi=(2)
cfn=(4260)
calls=1 0 
* 125
fi=(50)
-37 1
fe=(67)
+37 5
cfi=(63)
cfn=(5320)
calls=1 +5 
* 67633
* 4
cob=(2)
cfi=(2)
cfn=(4260)
calls=1 0 
* 123
fi=(50)
-37 1
fe=(67)
+37 7
cfi=(63)
cfn=(5320)
calls=1 +5 
* 67633
* 4
cob=(2)
cfi=(2)
cfn=(4260)
calls=1 0 
* 125
+3 4
cob=(2)
cfi=(2)
cfn=(4260)
calls=1 0 
* 509
* 5
cob=(2)
cfi=(2)
cfn=(4260)
calls=1 0 
* 603
* 4
cob=(2)
cfi=(2)
cfn=(4260)
calls=1 0 
* 605
* 4
cob=(2)
cfi=(2)
cfn=(4260)
calls=1 0 
* 17564
* 1
+1 1
0 1
130 9

fn=(5400) ml_dsa::serdes::w1_encode
168 72
fi=(35) /rustc/ac68faa20c58cbccd01ee7208bf3b6e93a7d7f96/library/alloc/src/vec/mod.rs
464 24
0 8
fe=(67)
171 16
cfi=(63)
cfn=(5176) ml_dsa::encoding::simple_bit_pack
calls=9 -72 
* 444432
fi=(34) /rustc/ac68faa20c58cbccd01ee7208bf3b6e93a7d7f96/library/alloc/src/raw_vec/mod.rs
614 8
fi=(35)
1840 8
fi=(34)
767 8
-94 8
fi=(35)
2912 16
fi=(34)
424 8
634 16
fi=(23) /rustc/ac68faa20c58cbccd01ee7208bf3b6e93a7d7f96/library/alloc/src/alloc.rs
128 24
cfi=(6)
cfn=(4970) __rustc::__rust_dealloc
calls=9 0 
* 280
fe=(67)
+43 32
cfi=(63)
cfn=(5176)
calls=9 -72 
* 444432
fi=(34)
614 8
fi=(35)
1840 8
fi=(34)
619 8
fi=(10) /rustc/ac68faa20c58cbccd01ee7208bf3b6e93a7d7f96/library/core/src/num/uint_macros.rs
2548 8
fi=(34)
767 8
-94 8
fi=(20) /rustc/ac68faa20c58cbccd01ee7208bf3b6e93a7d7f96/library/core/src/ptr/mut_ptr.rs
961 8
fi=(18)
552 24
cob=(2)
cfi=(2)
cfn=(4260)
calls=9 0 
* 176
fi=(35)
2912 16
fi=(34)
424 8
634 16
fi=(23)
128 24
cfi=(6)
cfn=(4970)
calls=9 0 
* 280
fe=(67)
+43 32
cfi=(63)
cfn=(5176)
calls=9 -72 
* 444432
fi=(34)
614 8
fi=(35)
1840 8
fi=(34)
619 8
fi=(10)
2548 8
fi=(34)
767 8
-94 8
fi=(20)
961 8
fi=(18)
552 24
cob=(2)
cfi=(2)
cfn=(4260)
calls=9 0 
* 176
fi=(35)
2912 16
fi=(34)
424 8
634 16
fi=(23)
128 24
cfi=(6)
cfn=(4970)
calls=9 0 
* 280
fe=(67)
+43 32
cfi=(63)
cfn=(5176)
calls=9 -72 
* 444432
fi=(34)
614 8
fi=(35)
1840 8
fi=(34)
619 8
fi=(10)
2548 8
fi=(34)
767 8
-94 8
fi=(35)
2907 16
fi=(20)
961 8
fi=(18)
552 24
cob=(2)
cfi=(2)
cfn=(4260)
calls=9 0 
* 176
fi=(35)
2912 16
fi=(34)
424 8
634 16
fi=(23)
128 24
cfi=(6)
cfn=(4970)
calls=9 0 
* 280
fe=(67)
+43 32
cfi=(63)
cfn=(5176)
calls=9 -72 
* 444432
fi=(34)
614 8
fi=(35)
1840 8
fi=(34)
619 8
fi=(10)
2548 8
fi=(34)
767 8
-94 8
fi=(20)
961 8
fi=(18)
552 24
cob=(2)
cfi=(2)
cfn=(4260)
calls=9 0 
* 176
fi=(35)
2912 16
fi=(34)
424 8
634 16
fi=(23)
128 24
cfi=(6)
cfn=(4970)
calls=9 0 
* 280
fe=(67)
+43 8
0 8
171 24
cfi=(63)
cfn=(5176)
calls=9 -72 
* 444432
fi=(34)
614 8
fi=(35)
1840 8
fi=(34)
619 8
fi=(10)
2548 8
fi=(34)
767 8
-94 8
fi=(35)
2907 16
fi=(20)
961 8
fi=(18)
552 32
cob=(2)
cfi=(2)
cfn=(4260)
calls=9 0 
* 176
fi=(35)
2912 16
fi=(34)
424 8
634 16
fi=(23)
128 24
cfi=(6)
cfn=(4970)
calls=9 0 
* 280
fe=(67)
+45 32
+1 72
0 8
fi=(34)
675 24
cfn=(5288) alloc::raw_vec::RawVecInner<A>::reserve::do_reserve_and_handle
calls=9 -14 
* 2062
-61 8
fi=(35)
3023 8
fi=(20)
961 8
fi=(18)
552 24
cob=(2)
cfi=(2)
cfn=(4260)
calls=9 0 
* 176
0 16
fi=(34)
675 24
cfn=(5288)
calls=9 -14 
* 2135
-61 8
fi=(35)
3023 8
2907 8
0 8
fi=(34)
675 24
cfn=(5288)
calls=9 -14 
* 4016
-61 8
fi=(35)
3023 8
2907 8
0 8
fi=(34)
675 24
cfn=(5288)
calls=9 -14 
* 1721
-61 8
fi=(35)
3023 8
2907 8
fe=(67)

fn=(5526) ml_dsa::serdes::sig_encode
133 13
cfi=(6)
cfn=(4864) __rustc::__rust_no_alloc_shim_is_unstable_v2
calls=1 0 
* 1
fi=(23)
-32 3
cfi=(6)
cfn=(4866) __rustc::__rust_alloc
calls=1 0 
* 142
fi=(34)
469 2
fi=(35)
977 4
fi=(34)
767 2
-94 1
0 1
fi=(35)
2907 2
fi=(20)
961 1
fi=(18)
552 3
cob=(2)
cfi=(2)
cfn=(4260)
calls=1 0 
* 12
fi=(35)
2912 2
0 1
fe=(67)
141 4
cfi=(63)
cfn=(5242) ml_dsa::encoding::bit_pack
calls=1 -32 
* 125659
fi=(34)
614 1
fi=(35)
1840 1
fi=(34)
619 1
fi=(10)
2548 1
fi=(34)
767 1
-94 1
fi=(35)
2907 2
fi=(20)
961 1
fi=(18)
552 3
cob=(2)
cfi=(2)
cfn=(4260)
calls=1 0 
* 89
fi=(35)
2912 2
fi=(34)
424 1
634 2
fi=(23)
128 3
cfi=(6)
cfn=(4970)
calls=1 0 
* 35
fe=(67)
+13 5
cfi=(63)
cfn=(5242)
calls=1 -32 
* 125659
fi=(34)
614 1
fi=(35)
1840 1
fi=(34)
619 1
fi=(10)
2548 1
fi=(34)
767 1
-94 1
fi=(35)
2907 2
fi=(20)
961 1
fi=(18)
552 3
cob=(2)
cfi=(2)
cfn=(4260)
calls=1 0 
* 89
fi=(35)
2912 2
fi=(34)
424 1
634 2
fi=(23)
128 3
cfi=(6)
cfn=(4970)
calls=1 0 
* 35
fe=(67)
+13 5
cfi=(63)
cfn=(5242)
calls=1 -32 
* 125659
fi=(34)
614 1
fi=(35)
1840 1
fi=(34)
619 1
fi=(10)
2548 1
fi=(34)
767 1
-94 1
fi=(35)
2907 2
fi=(20)
961 1
fi=(18)
552 3
cob=(2)
cfi=(2)
cfn=(4260)
calls=1 0 
* 89
fi=(35)
2912 2
fi=(34)
424 1
634 2
fi=(23)
128 3
cfi=(6)
cfn=(4970)
calls=1 0 
* 35
fe=(67)
+13 5
cfi=(63)
cfn=(5242)
calls=1 -32 
* 125659
fi=(34)
614 1
fi=(35)
1840 1
fi=(34)
619 1
fi=(10)
2548 1
fi=(34)
767 1
-94 1
fi=(35)
2907 2
fi=(20)
961 1
fi=(18)
552 3
cob=(2)
cfi=(2)
cfn=(4260)
calls=1 0 
* 89
fi=(35)
2912 2
fi=(34)
424 1
634 2
fi=(23)
128 3
cfi=(6)
cfn=(4970)
calls=1 0 
* 35
fe=(67)
+13 1
0 1
141 4
cfi=(63)
cfn=(5242)
calls=1 -32 
* 125659
fi=(34)
614 1
fi=(35)
1840 1
fi=(34)
619 1
fi=(10)
2548 1
fi=(34)
767 1
-94 1
fi=(35)
2907 2
fi=(20)
961 1
fi=(18)
552 3
cob=(2)
cfi=(2)
cfn=(4260)
calls=1 0 
* 89
fi=(35)
2912 2
fi=(34)
424 1
634 2
fi=(23)
128 3
cfi=(6)
cfn=(4970)
calls=1 0 
* 35
0 2
fe=(67)
143 1
cfi=(73) /home/rick/unl/king's/thesis/ml-dsa/ml-dsa/src/hint.rs
cfn=(5536) ml_dsa::hint::hint_bit_pack
calls=1 17 
* 5644
fi=(34)
614 1
fi=(35)
1840 1
fi=(34)
619 1
fi=(10)
2548 1
fi=(34)
767 1
-94 1
fi=(35)
2907 2
fi=(20)
961 1
fi=(18)
552 4
cob=(2)
cfi=(2)
cfn=(4260)
calls=1 0 
* 12
fi=(35)
2912 2
fi=(34)
424 1
634 2
fi=(23)
128 3
cfi=(6)
cfn=(4970)
calls=1 0 
* 35
fe=(67)
+16 4
+1 9

fl=(34)
fn=(5292) alloc::raw_vec::RawVecInner<A>::finish_grow
543 160
fi=(70) /rustc/ac68faa20c58cbccd01ee7208bf3b6e93a7d7f96/library/core/src/alloc/layout.rs
75 32
+38 32
0 32
fe=(34)
634 64
0 24
fi=(23)
155 96
cfi=(6)
cfn=(5296) __rustc::__rust_realloc
calls=27 0 
* 6600
fe=(34)
563 48
fi=(23)
206 16
+4 8
cfi=(6)
cfn=(4864)
calls=9 0 
* 8
101 24
cfi=(6)
cfn=(4866)
calls=9 0 
* 1622
fe=(34)
563 16
+1 64
0 96
567 128

fn=(5288)
661 96
fi=(10)
823 32
fi=(57) /rustc/ac68faa20c58cbccd01ee7208bf3b6e93a7d7f96/library/core/src/intrinsics/mod.rs
457 32
0 32
fe=(34)
522 64
fi=(19) /rustc/ac68faa20c58cbccd01ee7208bf3b6e93a7d7f96/library/core/src/cmp.rs
1037 160
fe=(34)
528 32
0 32
528 96
cfn=(5292)
calls=36 +15 
* 9070
fi=(26) /rustc/ac68faa20c58cbccd01ee7208bf3b6e93a7d7f96/library/core/src/result.rs
2173 64
+1 32
fe=(34)
776 32
+1 32
671 128

fl=(30) /rustc/ac68faa20c58cbccd01ee7208bf3b6e93a7d7f96/library/std/src/sys/backtrace.rs
fn=(4904) std::sys::backtrace::__rust_begin_short_backtrace
fi=(87) /rustc/ac68faa20c58cbccd01ee7208bf3b6e93a7d7f96/library/core/src/ops/function.rs
cfi=(31) /home/rick/unl/king's/thesis/ml-dsa/ml-dsa/examples/profile.rs
cfn=(4906) profile::main
calls=1 139 
250 28518985
fe=(30)

fl=(14) /rustc/ac68faa20c58cbccd01ee7208bf3b6e93a7d7f96/library/core/src/ptr/non_null.rs
fn=(5444) <digest::core_api::xof_reader::XofReaderCoreWrapper<T> as digest::XofReader>::read::{{closure}}
1717 16
fi=(55) /rustc/ac68faa20c58cbccd01ee7208bf3b6e93a7d7f96/library/core/src/slice/iter/macros.rs
180 16
0 120
fi=(62) /home/rick/.cargo/registry/src/index.crates.io-1949cf8c6b5b557f/digest-0.10.7/src/core_api/xof_reader.rs
44 24
fi=(18)
552 48
cob=(2)
cfi=(2)
cfn=(4260)
calls=8 0 
* 240
fi=(58) /home/rick/.cargo/registry/src/index.crates.io-1949cf8c6b5b557f/sha3-0.10.9/src/state.rs
61 24
cfi=(54) /home/rick/.cargo/registry/src/index.crates.io-1949cf8c6b5b557f/keccak-0.1.6/src/lib.rs
cfn=(5024) keccak::p1600
calls=8 166 
* 49264
fi=(62)
-17 32
cob=(2)
cfi=(2)
cfn=(4260)
calls=8 -44 
* 240
fe=(14)
1717 16
fi=(55)
180 8
0 56
fi=(62)
46 16
fe=(14)

fl=(46) /home/rick/unl/king's/thesis/ml-dsa/ml-dsa/src/lib.rs
fn=(5310) ml_dsa::ml_dsa_65::sign_internal
97 4
fi=(69) /home/rick/unl/king's/thesis/ml-dsa/ml-dsa/src/sign.rs
-66 1
cfn=(5312) ml_dsa::sign::sign_internal_traced
calls=1 +6 
* 28518955
* 4
fe=(46)
+68 4

fl=(31)
fn=(4906)
cfn=(5308) profile::bench_sign
calls=1 90 
103 28518985

fn=(5308)
90 1
fi=(75) /rustc/ac68faa20c58cbccd01ee7208bf3b6e93a7d7f96/library/core/src/hint.rs
491 13
fe=(31)
91 1
cfi=(46)
cfn=(5310)
calls=1 +6 
* 28518968
+1 2

fl=(24) /rustc/ac68faa20c58cbccd01ee7208bf3b6e93a7d7f96/library/std/src/alloc.rs
fn=(5042) __rustc::__rdl_alloc_zeroed
482 82650
fi=(25) /rustc/ac68faa20c58cbccd01ee7208bf3b6e93a7d7f96/library/std/src/sys/alloc/unix.rs
35 82650
+1 96425
cob=(2)
cfi=(2)
cfn=(4760) calloc
calls=21242 -36 
* 834965
fe=(24)

fn=(5298) __rustc::__rdl_realloc
467 192
fi=(25)
53 144
+1 192
cob=(2)
cfi=(2)
cfn=(4232) realloc
calls=28 -54 
* 6048
fe=(24)

fn=(4868) __rustc::__rdl_alloc
450 62
fi=(25)
13 372
+1 124
cob=(2)
cfi=(2)
cfn=(3994) malloc
calls=103 -14 
* 3774
fe=(24)

fl=(63)
fn=(5320)
131 570
+1 57
0 57
fi=(10)
154 171
fe=(63)
16 57
-16 57
133 57
cfn=(5322) ml_dsa::encoding::bytes_to_bits
calls=62 -72 
* 1714079
fi=(60) /home/rick/unl/king's/thesis/ml-dsa/ml-dsa/src/poly.rs
32 228
cob=(2)
cfi=(2)
cfn=(4642) 0x00000000001729c0
calls=62 -32 
* 4446
* 228
-32 114
fe=(63)
136 43776
0 14592
fi=(19)
1915 14592
fi=(36) /rustc/ac68faa20c58cbccd01ee7208bf3b6e93a7d7f96/library/core/src/iter/range.rs
900 14592
fe=(63)
136 43776
fi=(50)
438 29184
fe=(63)
0 14592
fi=(50)
89 14592
-89 43776
fi=(19)
1915 72960
fe=(63)
34 29184
fi=(88) /rustc/ac68faa20c58cbccd01ee7208bf3b6e93a7d7f96/library/core/src/ops/range.rs
563 14592
fi=(19)
1915 1107200
fe=(63)
34 442880
fi=(88)
563 221440
fi=(36)
0 442880
fi=(88)
563 442880
fi=(34)
424 57
634 114
fi=(23)
128 171
cfi=(6)
cfn=(4970)
calls=62 0 
* 5721
fe=(63)
+11 513

fn=(5242)
109 40
+1 5
0 5
fi=(10)
154 20
fe=(63)
16 5
+95 10
fi=(34)
460 15
0 10
cfi=(6)
cfn=(4864)
calls=22 0 
0 5
fi=(23)
101 15
cfi=(6)
cfn=(4866)
calls=22 0 
* 710
fi=(34)
469 10
fi=(35)
977 60
0 25
fe=(63)
113 5
fi=(34)
0 5
cfi=(6)
cfn=(4864)
calls=22 0 
0 5
fi=(35)
0 3825
fe=(63)
113 1275
fi=(34)
0 1275
cfi=(6)
cfn=(4864)
calls=5610 0 
0 1275
fi=(23)
198 5120
cfi=(6)
cfn=(5040) __rustc::__rust_alloc_zeroed
calls=5632 0 
* 85760
fi=(34)
469 2560
fe=(63)
0 2560
113 1280
0 1280
fi=(36)
900 1280
0 3840
fe=(63)
24 19200
fi=(10)
898 1280
fe=(63)
25 1280
fi=(36)
900 2560
fe=(63)
24 76800
fi=(10)
898 5120
fe=(63)
25 5120
fi=(36)
900 10240
0 2560
900 1280
fi=(34)
619 1280
fi=(10)
2548 1280
fi=(34)
767 2560
fe=(63)
0 2560
fi=(20)
961 1280
fi=(18)
552 3840
cob=(2)
cfi=(2)
cfn=(4260)
calls=5632 0 
* 14080
fi=(35)
2912 2560
fi=(23)
128 5120
cfi=(6)
cfn=(4970)
calls=5632 0 
* 44800
fi=(19)
1915 1280
fi=(36)
900 1285
fi=(35)
0 5
fe=(63)
116 25
cfn=(5192) ml_dsa::encoding::bits_to_bytes
calls=22 -65 
* 307965
fi=(34)
424 5
634 10
fi=(23)
128 15
cfi=(6)
cfn=(4970)
calls=22 0 
* 580
fe=(63)
-11 45

fn=(5176)
99 432
fi=(10)
+55 192
fe=(63)
16 48
+85 96
fi=(34)
460 144
0 48
cfi=(6)
cfn=(4864)
calls=60 0 
0 48
fi=(23)
101 144
cfi=(6)
cfn=(4866)
calls=60 0 
* 1920
fi=(34)
469 96
fi=(35)
977 480
0 240
fe=(63)
103 48
fi=(34)
0 48
cfi=(6)
cfn=(4864)
calls=60 0 
0 48
fi=(35)
0 24480
fe=(63)
103 12240
fi=(34)
0 12240
cfi=(6)
cfn=(4864)
calls=15300 0 
0 12240
fi=(23)
198 36864
cfi=(6)
cfn=(5040)
calls=15360 0 
* 774144
fi=(34)
469 24576
0 24576
fi=(36)
900 12288
0 24576
fe=(63)
24 184320
fi=(10)
898 12288
fe=(63)
25 12288
fi=(36)
900 24576
0 12288
900 12288
fi=(34)
619 12288
fi=(10)
2548 12288
0 12288
fi=(34)
767 24576
0 24576
fi=(20)
961 12288
fi=(18)
552 36864
cob=(2)
cfi=(2)
cfn=(4260)
calls=15360 0 
* 184320
fi=(35)
2912 24576
fi=(23)
128 49152
cfi=(6)
cfn=(4970)
calls=15360 0 
* 430080
fi=(19)
1915 12288
fi=(36)
900 12336
fi=(35)
0 48
fe=(63)
105 240
cfn=(5192)
calls=60 -54 
* 595680
fi=(34)
424 48
634 96
fi=(23)
128 144
cfi=(6)
cfn=(4970)
calls=60 0 
* 1680
fe=(63)
-22 432

fn=(5192)
51 424
fi=(10)
3714 106
fi=(34)
460 53
0 53
cfi=(6)
cfn=(4864)
calls=82 0 
0 53
fi=(23)
198 159
cfi=(6)
cfn=(5040)
calls=82 0 
* 4872
fi=(34)
469 106
0 53
fi=(19)
1915 53
fi=(36)
900 53
0 106
fe=(63)
55 106
fi=(50)
278 106
fe=(63)
55 149398
fi=(50)
278 149398
fi=(10)
898 74752
fe=(63)
55 299008
-55 74752
fi=(19)
1915 74752
fi=(36)
900 74752
fe=(63)
57 159
+1 371

fn=(5322)
61 325
+2 65
-63 65
fi=(57)
457 65
fi=(34)
0 65
460 65
0 260
cfi=(6)
cfn=(4864)
calls=77 0 
0 65
0 65
fi=(23)
198 195
cfi=(6)
cfn=(5040)
calls=77 0 
* 237102
fi=(34)
469 130
0 195
fi=(19)
1915 65
fi=(36)
900 65
0 65
fi=(50)
278 195
0 65
278 59136
fe=(63)
65 29568
+2 88704
fi=(50)
278 59136
fe=(63)
68 59136
-1 59136
fi=(50)
278 59136
fe=(63)
68 59136
-1 59136
fi=(50)
278 59136
fe=(63)
68 59136
-1 59136
fi=(50)
278 59136
fe=(63)
68 59136
-1 59136
fi=(50)
278 59136
fe=(63)
68 59136
-1 59136
fi=(50)
278 59136
fe=(63)
68 59136
-1 59136
fi=(50)
278 59136
fe=(63)
0 29568
68 29568
-1 29568
fi=(19)
1915 59136
fi=(36)
900 29568
fe=(63)
71 195
+1 455

fl=(69)
fn=(5312)
37 8
fi=(32) /rustc/ac68faa20c58cbccd01ee7208bf3b6e93a7d7f96/library/core/src/fmt/mod.rs
-37 146
fe=(69)
43 1
cfi=(67)
cfn=(5316)
calls=1 +56 
* 670545
fi=(26)
1183 2
0 1
1184 3
0 1
1184 3
cob=(2)
cfi=(2)
cfn=(4260)
calls=1 0 
* 17552
fe=(69)
42 18
-42 1
42 3
cob=(2)
cfi=(2)
cfn=(4260)
calls=1 -42 
* 509
* 5
cob=(2)
cfi=(2)
cfn=(4260)
calls=1 -42 
* 603
* 5
cob=(2)
cfi=(2)
cfn=(4260)
calls=1 -42 
* 605
fi=(64) /home/rick/unl/king's/thesis/ml-dsa/ml-dsa/src/vecops.rs
-24 2
-18 1
18 3
cfi=(48) /home/rick/unl/king's/thesis/ml-dsa/ml-dsa/src/ntt.rs
cfn=(5130) ml_dsa::ntt::ntt
calls=1 +59 
* 55208
* 4
cob=(2)
cfi=(2)
cfn=(4260)
calls=1 -18 
* 123
* 3
cfi=(48)
cfn=(5130)
calls=1 +59 
* 55208
* 4
cob=(2)
cfi=(2)
cfn=(4260)
calls=1 -18 
* 125
* 3
cfi=(48)
cfn=(5130)
calls=1 +59 
* 55208
* 4
cob=(2)
cfi=(2)
cfn=(4260)
calls=1 -18 
* 125
* 3
cfi=(48)
cfn=(5130)
calls=1 +59 
* 55208
* 4
cob=(2)
cfi=(2)
cfn=(4260)
calls=1 -18 
* 125
* 3
cfi=(48)
cfn=(5130)
calls=1 +59 
* 55208
* 4
cob=(2)
cfi=(2)
cfn=(4260)
calls=1 -18 
* 123
-18 1
18 3
cfi=(48)
cfn=(5130)
calls=1 +59 
* 55208
* 4
cob=(2)
cfi=(2)
cfn=(4260)
calls=1 -18 
* 125
* 3
cfi=(48)
cfn=(5130)
calls=1 +59 
* 55208
* 4
cob=(2)
cfi=(2)
cfn=(4260)
calls=1 -18 
* 123
* 3
cfi=(48)
cfn=(5130)
calls=1 +59 
* 55208
* 4
cob=(2)
cfi=(2)
cfn=(4260)
calls=1 -18 
* 125
* 3
cfi=(48)
cfn=(5130)
calls=1 +59 
* 55208
* 4
cob=(2)
cfi=(2)
cfn=(4260)
calls=1 -18 
* 125
* 3
cfi=(48)
cfn=(5130)
calls=1 +59 
* 55208
* 4
cob=(2)
cfi=(2)
cfn=(4260)
calls=1 -18 
* 125
* 3
cfi=(48)
cfn=(5130)
calls=1 +59 
* 55208
* 4
cob=(2)
cfi=(2)
cfn=(4260)
calls=1 -18 
* 123
-18 1
18 3
cfi=(48)
cfn=(5130)
calls=1 +59 
* 55208
* 4
cob=(2)
cfi=(2)
cfn=(4260)
calls=1 -18 
* 125
* 3
cfi=(48)
cfn=(5130)
calls=1 +59 
* 55208
* 4
cob=(2)
cfi=(2)
cfn=(4260)
calls=1 -18 
* 125
* 3
cfi=(48)
cfn=(5130)
calls=1 +59 
* 55208
* 4
cob=(2)
cfi=(2)
cfn=(4260)
calls=1 -18 
* 125
* 3
cfi=(48)
cfn=(5130)
calls=1 +59 
* 55208
* 4
cob=(2)
cfi=(2)
cfn=(4260)
calls=1 -18 
* 123
* 3
cfi=(48)
cfn=(5130)
calls=1 +59 
* 55208
* 4
cob=(2)
cfi=(2)
cfn=(4260)
calls=1 -18 
* 125
* 3
cfi=(48)
cfn=(5130)
calls=1 +59 
* 55208
* 4
cob=(2)
cfi=(2)
cfn=(4260)
calls=1 -18 
* 125
* 2
fe=(69)
+29 1
cfi=(59) /home/rick/unl/king's/thesis/ml-dsa/ml-dsa/src/expand.rs
cfn=(5060) ml_dsa::expand::expand_a
calls=1 -31 
* 1741814
fi=(58)
-30 14
fi=(51) /home/rick/.cargo/registry/src/index.crates.io-1949cf8c6b5b557f/block-buffer-0.10.4/src/lib.rs
+59 9
fi=(49) /home/rick/unl/king's/thesis/ml-dsa/ml-dsa/src/hash.rs
-53 1
fe=(69)
+28 6
cfi=(49)
cfn=(4988) ml_dsa::hash::H::absorb
calls=1 -25 
* 44
+1 4
cfi=(49)
cfn=(4988)
calls=1 -26 
* 45
fi=(58)
-35 1
fe=(69)
+36 5
+1 4
cob=(2)
cfi=(2)
cfn=(4260)
calls=1 -54 
* 65
* 5
cfi=(49)
cfn=(5014) ml_dsa::hash::H::finalize
calls=1 -24 
* 6405
* 6
cfi=(49)
cfn=(5110) ml_dsa::hash::HReader::squeeze
calls=1 -17 
* 6288
fi=(58)
-37 14
fi=(51)
+59 9
fi=(49)
-53 3
fe=(69)
+35 3
cfi=(49)
cfn=(4988)
calls=1 -32 
* 44
+1 4
cfi=(49)
cfn=(4988)
calls=1 -33 
* 44
+1 4
cfi=(49)
cfn=(4988)
calls=1 -34 
* 44
fi=(58)
-43 1
fe=(69)
+44 5
+1 4
cob=(2)
cfi=(2)
cfn=(4260)
calls=1 -62 
* 65
* 4
cfi=(49)
cfn=(5014)
calls=1 -32 
* 6406
* 4
cfi=(49)
cfn=(5110)
calls=1 -25 
* 6288
* 3
-62 8
fi=(23)
128 28
cfi=(6)
cfn=(4970)
calls=7 0 
* 245
0 8
fe=(69)
69 40
cfi=(59)
cfn=(5370) ml_dsa::expand::expand_mask
calls=8 -13 
* 5658164
fi=(48)
+9 32
cob=(2)
cfi=(2)
cfn=(4260)
calls=8 -78 
* 1000
* 8
-78 24
80 16
fi=(71) /rustc/ac68faa20c58cbccd01ee7208bf3b6e93a7d7f96/library/core/src/num/int_macros.rs
3228 352
+1 64
fi=(48)
80 512
fi=(71)
3228 10912
+1 1984
fi=(48)
80 496
fi=(55)
180 768
fe=(69)
67 8
-67 24
fi=(48)
86 24
-86 8
88 8
-1 8
+1 8
fe=(69)
-88 56
fi=(48)
86 168
-86 56
88 56
-1 56
+1 2032
-1 1976
+1 10136
-88 2040
91 40960
fi=(71)
3228 73728
0 8192
3229 24576
fi=(48)
92 24576
fi=(71)
3228 65536
0 8192
3229 8192
fi=(72) /home/rick/unl/king's/thesis/ml-dsa/ml-dsa/src/field.rs
20 8192
fi=(48)
+73 8192
fi=(71)
3228 65536
0 8192
3229 8192
fi=(72)
20 8192
fi=(48)
+72 8192
+1 8192
+1 8192
-4 16384
+6 2040
-10 6120
+12 64
-14 64
+16 24
0 8
100 24
cob=(2)
cfi=(2)
cfn=(4260)
calls=8 0 
* 1000
fi=(64)
-82 32
cob=(2)
cfi=(2)
cfn=(4260)
calls=8 -18 
* 1000
fi=(48)
+60 32
cob=(2)
cfi=(2)
cfn=(4260)
calls=8 -78 
* 1000
* 24
+2 16
fi=(71)
3228 352
+1 64
fi=(48)
80 16
fi=(55)
180 8
fi=(48)
80 496
fi=(71)
3228 10912
+1 1984
fi=(48)
80 496
fi=(55)
180 760
0 32
fi=(48)
86 24
-86 8
88 8
-1 8
+1 8
fi=(55)
-88 56
fi=(48)
86 168
-86 56
88 56
-1 56
+1 2032
-1 1976
+1 10136
-88 2040
91 40960
fi=(71)
3228 73728
0 8192
3229 24576
fi=(48)
92 24576
fi=(71)
3228 65536
0 8192
3229 8192
fi=(72)
20 8192
fi=(48)
+73 8192
fi=(71)
3228 65536
0 8192
3229 8192
fi=(72)
20 8192
fi=(48)
+72 8192
+1 8192
+1 8192
-4 16384
+6 2040
-10 4080
+12 64
-14 64
+16 24
0 8
100 24
cob=(2)
cfi=(2)
cfn=(4260)
calls=8 0 
* 1000
fi=(64)
-82 32
cob=(2)
cfi=(2)
cfn=(4260)
calls=8 -18 
* 1000
fi=(48)
+60 32
cob=(2)
cfi=(2)
cfn=(4260)
calls=8 -78 
* 1000
* 24
-78 8
80 16
fi=(71)
3228 352
+1 64
fi=(48)
80 512
fi=(71)
3228 10912
+1 1984
fi=(48)
80 496
fi=(55)
180 768
0 32
fi=(48)
86 24
-86 8
88 8
-1 8
+1 8
fi=(55)
-88 56
fi=(48)
86 168
-86 56
88 56
-1 56
+1 2032
-1 1976
+1 10136
-88 2040
91 40960
fi=(71)
3228 73728
0 8192
3229 24576
fi=(48)
92 24576
fi=(71)
3228 65536
0 8192
3229 8192
fi=(72)
20 8192
fi=(48)
+73 8192
fi=(71)
3228 65536
0 8192
3229 8192
fi=(72)
20 8192
fi=(48)
+72 8192
+1 8192
+1 8192
-4 16384
+6 2040
-10 4080
+12 64
-14 64
+16 24
0 8
100 24
cob=(2)
cfi=(2)
cfn=(4260)
calls=8 0 
* 1000
fi=(64)
-82 32
cob=(2)
cfi=(2)
cfn=(4260)
calls=8 -18 
* 984
fi=(48)
+60 32
cob=(2)
cfi=(2)
cfn=(4260)
calls=8 -78 
* 1000
* 24
-78 8
80 16
fi=(71)
3228 352
+1 64
fi=(48)
80 512
fi=(71)
3228 10912
+1 1984
fi=(48)
80 496
fi=(55)
180 768
0 32
fi=(48)
86 24
-86 8
88 8
-1 8
+1 8
fi=(55)
-88 56
fi=(48)
86 168
-86 56
88 56
-1 56
+1 2032
-1 1976
+1 10136
-88 2040
91 40960
fi=(71)
3228 73728
0 8192
3229 24576
fi=(48)
92 24576
fi=(71)
3228 65536
0 8192
3229 8192
fi=(72)
20 8192
fi=(48)
+73 8192
fi=(71)
3228 65536
0 8192
3229 8192
fi=(72)
20 8192
fi=(48)
+72 8192
+1 8192
+1 8192
-4 16384
+6 2040
-10 4080
+12 64
-14 64
+16 24
0 8
100 24
cob=(2)
cfi=(2)
cfn=(4260)
calls=8 0 
* 1000
fi=(64)
-82 32
cob=(2)
cfi=(2)
cfn=(4260)
calls=8 -18 
* 1000
fi=(48)
+60 32
cob=(2)
cfi=(2)
cfn=(4260)
calls=8 -78 
* 1000
* 24
-78 8
80 16
fi=(71)
3228 352
+1 64
fi=(48)
80 512
fi=(71)
3228 10912
+1 1984
fi=(48)
80 496
fi=(55)
180 768
0 32
fi=(48)
86 24
-86 8
88 8
-1 8
+1 8
fi=(55)
-88 56
fi=(48)
86 168
-86 56
88 56
-1 56
+1 2032
-1 1976
+1 10136
-88 2040
91 40960
fi=(71)
3228 73728
0 8192
3229 24576
fi=(48)
92 24576
fi=(71)
3228 65536
0 8192
3229 8192
fi=(72)
20 8192
fi=(48)
+73 8192
fi=(71)
3228 65536
0 8192
3229 8192
fi=(72)
20 8192
fi=(48)
+72 8192
+1 8192
+1 8192
-4 16384
+6 2040
-10 4080
+12 64
-14 64
+16 24
0 8
100 24
cob=(2)
cfi=(2)
cfn=(4260)
calls=8 0 
* 1000
fi=(64)
-82 32
cob=(2)
cfi=(2)
cfn=(4260)
calls=8 -18 
* 1000
* 8
fe=(69)
+52 32
cfi=(65) /home/rick/unl/king's/thesis/ml-dsa/ml-dsa/src/ntt_arith.rs
cfn=(5142) ml_dsa::ntt_arith::matrix_vector_ntt
calls=8 -21 
* 2153584
fi=(64)
-43 32
cfi=(48)
cfn=(5150) ml_dsa::ntt::inv_ntt
calls=8 +77 
* 508200
* 40
cob=(2)
cfi=(2)
cfn=(4260)
calls=8 -27 
* 1000
* 24
cfi=(48)
cfn=(5150)
calls=8 +77 
* 508200
* 32
cob=(2)
cfi=(2)
cfn=(4260)
calls=8 -27 
* 1000
* 24
cfi=(48)
cfn=(5150)
calls=8 +77 
* 508200
* 32
cob=(2)
cfi=(2)
cfn=(4260)
calls=8 -27 
* 984
* 24
cfi=(48)
cfn=(5150)
calls=8 +77 
* 508200
* 32
cob=(2)
cfi=(2)
cfn=(4260)
calls=8 -27 
* 1000
* 24
cfi=(48)
cfn=(5150)
calls=8 +77 
* 508200
* 32
cob=(2)
cfi=(2)
cfn=(4260)
calls=8 -27 
* 1000
* 24
cfi=(48)
cfn=(5150)
calls=8 +77 
* 508200
* 32
cob=(2)
cfi=(2)
cfn=(4260)
calls=8 -27 
* 1000
* 8
fe=(69)
+44 24
cfi=(64)
cfn=(5392) ml_dsa::vecops::high_bits_vec
calls=8 +36 
* 231928
fi=(58)
-54 120
fi=(51)
+59 72
fi=(49)
-53 8
fe=(69)
+52 48
cfi=(49)
cfn=(4988)
calls=8 -49 
* 352
+1 24
cfi=(67)
cfn=(5400)
calls=8 +92 
* 2680766
fi=(34)
614 8
fi=(35)
1840 8
fe=(69)
76 24
cfi=(49)
cfn=(4988)
calls=8 -50 
* 298168
fi=(34)
424 8
634 16
fi=(23)
128 24
cfi=(6)
cfn=(4970)
calls=8 0 
* 280
fi=(52) /home/rick/.cargo/registry/src/index.crates.io-1949cf8c6b5b557f/digest-0.10.7/src/core_api/wrapper.rs
+75 40
cob=(2)
cfi=(2)
cfn=(4260)
calls=8 0 
* 240
* 40
cob=(2)
cfi=(2)
cfn=(4260)
calls=8 0 
* 240
fi=(51)
-7 8
fi=(50)
-95 16
fi=(55)
+79 16
fi=(51)
+8 16
cob=(2)
cfi=(2)
cfn=(4642)
calls=8 0 
* 152
fi=(53) /home/rick/.cargo/registry/src/index.crates.io-1949cf8c6b5b557f/sha3-0.10.9/src/macros.rs
-49 8
+2 8
fi=(58)
-95 192
fi=(26)
1718 8
fi=(58)
46 8
+3 24
cfi=(54)
cfn=(5024)
calls=8 166 
* 49264
-41 40
cob=(2)
cfi=(2)
cfn=(4260)
calls=8 -8 
* 240
+9 8
fi=(51)
+59 72
fi=(49)
-45 40
cob=(2)
cfi=(2)
cfn=(4260)
calls=8 -31 
* 520
fi=(34)
-31 8
cfi=(6)
cfn=(4864)
calls=8 0 
0 8
fi=(23)
198 24
cfi=(6)
cfn=(5040)
calls=8 0 
* 758
0 8
fi=(34)
469 16
fi=(62)
41 8
fi=(51)
196 16
+62 8
fi=(18)
0 24
fi=(51)
271 32
cfi=(14)
cfn=(5444)
calls=8 1717 
* 24
+3 16
fi=(58)
17 8
fi=(18)
1721 72
fi=(51)
276 32
cfi=(14)
cfn=(5444)
calls=8 1717 
* 50096
fi=(18)
552 32
cob=(2)
cfi=(2)
cfn=(4260)
calls=8 0 
* 96
fe=(69)
78 32
cfi=(61) /home/rick/unl/king's/thesis/ml-dsa/ml-dsa/src/sample.rs
cfn=(5452) ml_dsa::sample::sample_in_ball
calls=8 -62 
* 136937
* 32
cob=(2)
cfi=(2)
cfn=(4260)
calls=8 -78 
* 1000
* 8
fi=(48)
-78 24
80 16
fi=(71)
3228 352
+1 64
fi=(48)
80 512
fi=(71)
3228 10912
+1 1984
fi=(48)
80 496
fi=(55)
180 768
0 32
fi=(48)
86 24
-86 8
88 8
-1 8
+1 8
fi=(55)
-88 56
fi=(48)
86 168
-86 56
88 56
-1 56
+1 2032
-1 1976
+1 10136
-88 2040
91 40960
fi=(71)
3228 73728
0 8192
3229 24576
fi=(48)
92 24576
fi=(71)
3228 65536
0 8192
3229 8192
fi=(72)
20 8192
fi=(48)
+73 8192
fi=(71)
3228 65536
0 8192
3229 8192
fi=(72)
20 8192
fi=(48)
+72 8192
+1 8192
+1 8192
-4 16384
+6 2040
-10 4080
+12 64
-14 64
+16 48
cob=(2)
cfi=(2)
cfn=(4260)
calls=8 0 
* 1000
fe=(69)
-18 40
cfi=(65)
cfn=(5464) ml_dsa::ntt_arith::scalar_vector_ntt
calls=8 -42 
* 202432
* 8
fi=(64)
-55 24
cfi=(48)
cfn=(5150)
calls=8 +77 
* 508200
* 32
cob=(2)
cfi=(2)
cfn=(4260)
calls=8 -27 
* 984
* 24
cfi=(48)
cfn=(5150)
calls=8 +77 
* 508200
* 32
cob=(2)
cfi=(2)
cfn=(4260)
calls=8 -27 
* 1000
* 24
cfi=(48)
cfn=(5150)
calls=8 +77 
* 508200
* 32
cob=(2)
cfi=(2)
cfn=(4260)
calls=8 -27 
* 1000
* 24
cfi=(48)
cfn=(5150)
calls=8 +77 
* 508200
* 32
cob=(2)
cfi=(2)
cfn=(4260)
calls=8 -27 
* 1000
* 24
cfi=(48)
cfn=(5150)
calls=8 +77 
* 508200
* 32
cob=(2)
cfi=(2)
cfn=(4260)
calls=8 -27 
* 984
fe=(69)
+56 32
cfi=(65)
cfn=(5464)
calls=8 -43 
* 246128
fi=(64)
-56 24
cfi=(48)
cfn=(5150)
calls=8 +77 
* 508200
* 32
cob=(2)
cfi=(2)
cfn=(4260)
calls=8 -27 
* 984
* 24
cfi=(48)
cfn=(5150)
calls=8 +77 
* 508200
* 32
cob=(2)
cfi=(2)
cfn=(4260)
calls=8 -27 
* 1000
* 24
cfi=(48)
cfn=(5150)
calls=8 +77 
* 508200
* 32
cob=(2)
cfi=(2)
cfn=(4260)
calls=8 -27 
* 1000
* 24
cfi=(48)
cfn=(5150)
calls=8 +77 
* 508200
* 32
cob=(2)
cfi=(2)
cfn=(4260)
calls=8 -27 
* 1000
* 24
cfi=(48)
cfn=(5150)
calls=8 +77 
* 508200
* 32
cob=(2)
cfi=(2)
cfn=(4260)
calls=8 -27 
* 984
* 24
cfi=(48)
cfn=(5150)
calls=8 +77 
* 508200
* 32
cob=(2)
cfi=(2)
cfn=(4260)
calls=8 -27 
* 1000
fe=(69)
+57 32
cfi=(64)
cfn=(5154) ml_dsa::vecops::add_vec
calls=8 -33 
* 210304
+1 32
cfi=(64)
cfn=(5470) ml_dsa::vecops::sub_vec
calls=8 -23 
* 252304
* 24
cfi=(64)
cfn=(5476) ml_dsa::vecops::low_bits_vec
calls=8 +31 
* 179656
-85 72
fi=(64)
153 16
fi=(71)
3228 352
+1 40
fi=(64)
153 496
fi=(71)
3228 10912
+1 1984
fi=(72)
64 1488
fi=(71)
3229 24
fi=(72)
64 80
fi=(71)
3608 64
fi=(64)
154 144
fi=(36)
900 24
fi=(72)
64 992
fi=(71)
3608 1984
fi=(64)
154 4464
fi=(36)
900 976
0 8
fi=(64)
153 16
fi=(71)
3228 224
fi=(64)
153 496
fi=(71)
3228 10912
+1 1984
fi=(72)
64 1488
fi=(71)
3228 128
+1 64
fi=(72)
64 80
fi=(71)
3608 64
fi=(64)
154 144
fi=(72)
-90 992
fi=(71)
3608 1984
fi=(64)
154 4464
fi=(36)
900 1000
0 8
fi=(64)
153 16
fi=(71)
3228 224
fi=(64)
153 496
fi=(71)
3228 10912
+1 1984
fi=(72)
64 1488
fi=(71)
3228 128
+1 64
fi=(72)
64 80
fi=(71)
3608 64
fi=(64)
154 144
fi=(72)
-90 992
fi=(71)
3608 1984
fi=(64)
154 4464
fi=(36)
900 1000
0 8
fi=(64)
153 16
fi=(71)
3228 224
fi=(64)
153 496
fi=(71)
3228 10912
+1 1984
fi=(72)
64 1488
fi=(71)
3228 128
+1 64
fi=(72)
64 80
fi=(71)
3608 64
fi=(64)
154 144
fi=(72)
-90 992
fi=(71)
3608 1984
fi=(64)
154 4464
fi=(36)
900 1000
0 8
fi=(64)
153 16
fi=(71)
3228 224
fi=(64)
153 496
fi=(71)
3228 10912
+1 1984
fi=(72)
64 1488
fi=(71)
3228 128
+1 64
fi=(72)
64 80
fi=(71)
3608 64
fi=(64)
154 144
fi=(72)
-90 992
fi=(71)
3608 1984
fi=(64)
154 4464
fi=(36)
900 984
fe=(69)
88 28
cfi=(64)
cfn=(5492) ml_dsa::vecops::inf_norm
calls=6 +61 
* 108252
* 12
+6 4
cfi=(65)
cfn=(5464)
calls=1 -54 
* 30766
fi=(64)
-67 3
cfi=(48)
cfn=(5150)
calls=1 +77 
* 63525
* 4
cob=(2)
cfi=(2)
cfn=(4260)
calls=1 -27 
* 125
* 3
cfi=(48)
cfn=(5150)
calls=1 +77 
* 63525
* 4
cob=(2)
cfi=(2)
cfn=(4260)
calls=1 -27 
* 125
* 3
cfi=(48)
cfn=(5150)
calls=1 +77 
* 63525
* 4
cob=(2)
cfi=(2)
cfn=(4260)
calls=1 -27 
* 123
* 3
cfi=(48)
cfn=(5150)
calls=1 +77 
* 63525
* 4
cob=(2)
cfi=(2)
cfn=(4260)
calls=1 -27 
* 125
* 3
cfi=(48)
cfn=(5150)
calls=1 +77 
* 63525
* 4
cob=(2)
cfi=(2)
cfn=(4260)
calls=1 -27 
* 125
* 3
cfi=(48)
cfn=(5150)
calls=1 +77 
* 63525
* 4
cob=(2)
cfi=(2)
cfn=(4260)
calls=1 -27 
* 125
fe=(69)
+68 4
cfi=(64)
cfn=(5470)
calls=1 -33 
* 31538
* 4
cfi=(64)
cfn=(5154)
calls=1 -44 
* 31538
fi=(60)
-32 4
cob=(2)
cfi=(2)
cfn=(4642)
calls=1 -63 
* 6163
* 1
fi=(58)
-46 3
fi=(64)
+60 2
fi=(71)
3228 44
+1 8
fi=(64)
77 64
fi=(71)
3228 1364
+1 248
fi=(64)
77 62
fi=(36)
900 96
0 2
fi=(64)
77 2
fi=(71)
3228 44
+1 8
fi=(64)
77 2
fi=(36)
900 2
fi=(64)
77 62
fi=(71)
3228 1364
+1 248
fi=(64)
77 62
fi=(36)
900 94
0 2
fi=(64)
77 2
fi=(71)
3228 44
+1 8
fi=(64)
77 2
fi=(36)
900 2
fi=(64)
77 62
fi=(71)
3228 1364
+1 248
fi=(64)
77 62
fi=(36)
900 94
0 2
fi=(64)
77 2
fi=(71)
3228 44
+1 8
fi=(64)
77 2
fi=(36)
900 2
fi=(64)
77 62
fi=(71)
3228 1364
+1 248
fi=(64)
77 62
fi=(36)
900 94
0 2
fi=(64)
77 2
fi=(71)
3228 44
+1 8
fi=(64)
77 2
fi=(36)
900 2
fi=(64)
77 62
fi=(71)
3228 1364
+1 248
fi=(64)
77 62
fi=(36)
900 94
0 2
fi=(64)
77 2
fi=(71)
3228 44
+1 8
fi=(64)
77 2
fi=(36)
900 2
fi=(64)
77 62
fi=(71)
3228 1364
+1 248
fi=(64)
77 62
fi=(36)
900 94
fe=(69)
96 4
cfi=(64)
cfn=(5510) ml_dsa::vecops::make_hint_vec
calls=1 +29 
* 56224
+3 2
cfi=(64)
cfn=(5492)
calls=1 +50 
* 18042
* 2
-99 3
fi=(58)
17 2
-17 1
fi=(64)
167 20
fi=(36)
900 3
fi=(64)
167 620
fi=(36)
900 99
0 1
fi=(64)
167 20
fi=(36)
900 3
fi=(64)
167 620
fi=(36)
900 99
0 1
fi=(64)
167 20
fi=(36)
900 3
fi=(64)
167 620
fi=(36)
900 99
0 1
fi=(64)
167 20
fi=(36)
900 3
fi=(64)
167 620
fi=(36)
900 99
0 1
fi=(64)
167 20
fi=(36)
900 3
fi=(64)
167 620
fi=(36)
900 99
0 1
fi=(64)
167 20
fi=(36)
900 3
fi=(64)
167 620
fi=(36)
900 97
fe=(69)
99 2
-99 2
105 2
cfi=(64)
cfn=(5520) ml_dsa::vecops::center_vec
calls=1 -21 
* 16687
* 7
cfi=(67)
cfn=(5526)
calls=1 +28 
* 634958
* 7
fi=(23)
+23 4
cfi=(6)
cfn=(4970)
calls=1 0 
* 35
fe=(69)
-21 9

fl=(8) /rustc/ac68faa20c58cbccd01ee7208bf3b6e93a7d7f96/library/std/src/rt.rs
fn=(3936) std::rt::lang_start_internal
fi=(87)
cfn=(4902) std::rt::lang_start::{{closure}}
calls=1 206 
287 28518985
fe=(8)

fn=(4902)
cfi=(30)
cfn=(4904)
calls=1 162 
206 28518985

fl=(25)
fn=(4972) __rustc::__rdl_dealloc
48 13836
cob=(2)
cfi=(2)
cfn=(4626) free
calls=21344 -48 
* 460719

fl=(54)
fn=(5026) keccak::keccak_p
236 3528
+1 1008
0 504
fi=(14)
1717 504
fi=(55)
180 504
0 12600
180 1512
0 10584
fi=(56) /rustc/ac68faa20c58cbccd01ee7208bf3b6e93a7d7f96/library/core/src/ops/bit.rs
898 3528
0 1008
898 1008
fi=(55)
0 23184
fi=(56)
898 81144
0 23184
898 197064
0 11592
898 57960
0 11592
898 23184
0 11592
898 11592
fi=(57)
2030 23184
fi=(56)
386 11592
fi=(57)
2030 11592
fi=(56)
386 11592
898 69552
0 23184
898 11592
fi=(57)
2030 11592
fi=(56)
386 11592
fi=(57)
2030 11592
fi=(56)
386 11592
898 42336
0 504
898 2520
0 504
898 1008
0 504
898 504
fi=(57)
2030 1008
fi=(56)
386 504
fi=(57)
2030 504
fi=(56)
386 504
898 3024
0 1008
898 504
fi=(57)
2030 504
fi=(56)
386 504
fi=(57)
2030 504
fi=(56)
386 504
898 5544
0 504
898 504
0 504
898 93744
0 11592
898 11592
0 11592
898 46368
0 11592
fi=(57)
2030 11592
fi=(56)
386 11592
898 23184
0 11592
898 34776
0 11592
fi=(57)
2030 23184
0 23184
2030 34776
fi=(56)
63 23184
178 11592
0 11592
63 23184
178 11592
386 11592
0 11592
63 11592
178 11592
386 11592
0 23184
63 23184
178 11592
fi=(57)
2030 81144
fi=(56)
63 23184
178 11592
386 11592
898 1008
0 504
fi=(57)
2030 504
fi=(56)
386 504
898 1008
0 504
898 1512
0 504
fi=(57)
2030 1008
0 1008
2030 1512
fi=(56)
63 1008
178 504
0 504
63 1008
178 504
386 504
0 504
63 504
178 504
386 504
0 1008
63 1008
178 504
fi=(57)
2030 3528
fi=(56)
63 1008
178 504
386 504
0 504
63 1008
-63 504
178 504
386 504
0 504
63 504
178 504
386 504
0 504
63 1008
-63 11592
63 23184
-63 11592
178 11592
386 11592
0 11592
63 11592
178 11592
386 11592
0 11592
63 23184
178 11592
63 11592
178 11592
0 23184
fi=(57)
2030 11592
0 11592
2030 23184
0 23184
2030 11592
fi=(56)
63 23184
178 11592
386 11592
0 11592
63 23184
178 11592
386 11592
63 23184
178 11592
63 11592
178 11592
0 11592
63 23184
178 11592
386 11592
0 11592
386 11592
0 23184
63 23184
178 11592
386 23184
0 11592
386 23184
fi=(57)
2030 23184
0 11592
2030 11592
fi=(56)
178 504
63 504
178 504
0 1008
fi=(57)
2030 504
0 504
2030 1008
0 1008
2030 504
fi=(56)
63 1008
178 504
386 504
0 504
63 1008
178 504
386 504
63 1008
178 504
63 504
178 504
0 504
63 1008
178 504
386 504
0 504
386 504
0 1008
63 1008
178 504
386 1008
0 504
386 1008
fi=(57)
2030 1008
0 504
2030 504
0 504
2030 1008
0 504
2030 504
0 1008
2030 504
0 1008
2030 504
0 504
2030 504
0 11592
2030 23184
0 11592
2030 11592
0 23184
2030 11592
0 23184
2030 11592
0 11592
2030 11592
fi=(56)
386 11592
0 23184
fi=(57)
2030 11592
fi=(56)
63 23184
178 11592
63 23184
178 11592
63 23184
178 11592
386 11592
63 11592
178 11592
386 11592
63 23184
178 11592
63 23184
178 11592
386 11592
63 11592
178 11592
0 11592
63 23184
-63 11592
178 11592
386 11592
0 11592
386 23184
0 11592
63 11592
178 11592
0 11592
386 11592
0 11592
386 23184
0 11592
63 11592
178 11592
0 11592
386 504
0 1008
fi=(57)
2030 504
fi=(56)
63 1008
178 504
63 1008
178 504
63 1008
178 504
386 504
63 504
178 504
386 504
63 1008
178 504
63 1008
178 504
386 504
63 504
178 504
0 504
63 1008
-63 504
178 504
386 504
0 504
386 1008
0 504
63 504
178 504
0 504
386 504
0 504
386 1008
0 504
63 504
178 504
0 504
386 504
0 1008
386 504
0 504
898 2016
0 504
fi=(14)
1717 504
fi=(55)
180 504
fi=(56)
386 11592
0 23184
386 11592
0 11592
898 46368
0 11592
fi=(14)
1717 11592
fi=(55)
180 11592
0 21168
fe=(54)
291 4032

fn=(5024)
166 504
cfn=(5026)
calls=943 +70 
* 3103128

fl=(59)
fn=(5370)
56 80
fi=(60)
+7 24
cob=(2)
cfi=(2)
cfn=(4642)
calls=8 -63 
* 41112
fi=(58)
-46 112
fi=(51)
+59 72
fi=(49)
-53 16
fe=(59)
+38 24
cfi=(49)
cfn=(4988)
calls=8 -35 
* 352
fi=(34)
-61 8
cfi=(6)
cfn=(4864)
calls=8 0 
0 8
fi=(23)
198 24
cfi=(6)
cfn=(5040)
calls=8 0 
* 788
fi=(34)
469 16
fi=(63)
0 8
44 8
-44 8
fe=(59)
62 24
cfi=(49)
cfn=(4988)
calls=8 -36 
* 400
fi=(23)
+66 32
cfi=(6)
cfn=(4970)
calls=8 0 
* 280
* 8
0 8
fe=(59)
63 24
cob=(2)
cfi=(2)
cfn=(4260)
calls=8 -63 
* 520
* 32
cfi=(49)
cfn=(5014)
calls=8 -33 
* 51296
* 32
cfi=(49)
cfn=(5036) ml_dsa::hash::HReader::squeeze_vec
calls=8 -21 
* 251139
fi=(34)
614 8
fi=(35)
1840 16
fe=(59)
64 32
cfi=(63)
cfn=(5320)
calls=8 +67 
* 817181
-64 16
64 24
cob=(2)
cfi=(2)
cfn=(4260)
calls=8 -64 
* 1000
fi=(34)
424 8
634 16
fi=(23)
128 24
cfi=(6)
cfn=(4970)
calls=8 0 
* 280
fi=(58)
17 112
fi=(51)
+59 72
fi=(49)
-53 16
fe=(59)
+38 24
cfi=(49)
cfn=(4988)
calls=8 -35 
* 352
fi=(34)
-61 8
cfi=(6)
cfn=(4864)
calls=8 0 
0 8
fi=(23)
198 24
cfi=(6)
cfn=(5040)
calls=8 0 
* 504
fi=(34)
469 16
fi=(63)
0 8
44 16
-44 8
fe=(59)
62 24
cfi=(49)
cfn=(4988)
calls=8 -36 
* 400
fi=(23)
+66 32
cfi=(6)
cfn=(4970)
calls=8 0 
* 280
* 8
0 8
fe=(59)
63 24
cob=(2)
cfi=(2)
cfn=(4260)
calls=8 -63 
* 520
* 32
cfi=(49)
cfn=(5014)
calls=8 -33 
* 51296
* 32
cfi=(49)
cfn=(5036)
calls=8 -21 
* 250984
fi=(34)
614 8
fi=(35)
1840 16
fe=(59)
64 32
cfi=(63)
cfn=(5320)
calls=8 +67 
* 817032
* 32
cob=(2)
cfi=(2)
cfn=(4260)
calls=8 -64 
* 1000
fi=(34)
424 8
634 16
fi=(23)
128 24
cfi=(6)
cfn=(4970)
calls=8 0 
* 280
fi=(58)
17 112
fi=(51)
+59 72
fi=(49)
-53 16
fe=(59)
+38 24
cfi=(49)
cfn=(4988)
calls=8 -35 
* 352
fi=(34)
-61 8
cfi=(6)
cfn=(4864)
calls=8 0 
0 8
fi=(23)
198 24
cfi=(6)
cfn=(5040)
calls=8 0 
* 504
fi=(34)
469 16
fi=(63)
0 8
44 16
-44 8
fe=(59)
62 24
cfi=(49)
cfn=(4988)
calls=8 -36 
* 400
fi=(23)
+66 32
cfi=(6)
cfn=(4970)
calls=8 0 
* 280
* 8
0 8
fe=(59)
63 24
cob=(2)
cfi=(2)
cfn=(4260)
calls=8 -63 
* 520
* 32
cfi=(49)
cfn=(5014)
calls=8 -33 
* 51296
* 32
cfi=(49)
cfn=(5036)
calls=8 -21 
* 250984
fi=(34)
614 8
fi=(35)
1840 16
fe=(59)
64 32
cfi=(63)
cfn=(5320)
calls=8 +67 
* 817032
* 32
cob=(2)
cfi=(2)
cfn=(4260)
calls=8 -64 
* 1000
fi=(34)
424 8
634 16
fi=(23)
128 24
cfi=(6)
cfn=(4970)
calls=8 0 
* 280
fi=(58)
17 112
fi=(51)
+59 72
fi=(49)
-53 16
fe=(59)
+38 24
cfi=(49)
cfn=(4988)
calls=8 -35 
* 352
fi=(34)
-61 8
cfi=(6)
cfn=(4864)
calls=8 0 
0 8
fi=(23)
198 24
cfi=(6)
cfn=(5040)
calls=8 0 
* 504
fi=(34)
469 16
fi=(63)
0 8
44 16
-44 8
fe=(59)
62 24
cfi=(49)
cfn=(4988)
calls=8 -36 
* 400
fi=(23)
+66 32
cfi=(6)
cfn=(4970)
calls=8 0 
* 280
* 8
0 8
fe=(59)
63 24
cob=(2)
cfi=(2)
cfn=(4260)
calls=8 -63 
* 520
* 32
cfi=(49)
cfn=(5014)
calls=8 -33 
* 51296
* 32
cfi=(49)
cfn=(5036)
calls=8 -21 
* 250984
fi=(34)
614 8
fi=(35)
1840 16
fe=(59)
64 32
cfi=(63)
cfn=(5320)
calls=8 +67 
* 817032
* 32
cob=(2)
cfi=(2)
cfn=(4260)
calls=8 -64 
* 1000
fi=(34)
424 8
634 16
fi=(23)
128 24
cfi=(6)
cfn=(4970)
calls=8 0 
* 280
fi=(58)
17 112
fi=(51)
+59 72
fi=(49)
-53 16
fe=(59)
+38 24
cfi=(49)
cfn=(4988)
calls=8 -35 
* 352
fi=(34)
-61 8
cfi=(6)
cfn=(4864)
calls=8 0 
0 8
fi=(23)
198 24
cfi=(6)
cfn=(5040)
calls=8 0 
* 504
fi=(34)
469 16
fi=(63)
0 8
44 16
-44 8
fe=(59)
62 24
cfi=(49)
cfn=(4988)
calls=8 -36 
* 400
fi=(23)
+66 32
cfi=(6)
cfn=(4970)
calls=8 0 
* 280
* 16
fe=(59)
-65 24
cob=(2)
cfi=(2)
cfn=(4260)
calls=8 -63 
* 520
* 32
cfi=(49)
cfn=(5014)
calls=8 -33 
* 51296
* 32
cfi=(49)
cfn=(5036)
calls=8 -21 
* 250984
fi=(34)
614 8
fi=(35)
1840 16
fe=(59)
64 32
cfi=(63)
cfn=(5320)
calls=8 +67 
* 817032
* 40
cob=(2)
cfi=(2)
cfn=(4260)
calls=8 -64 
* 1000
fi=(34)
424 8
634 16
fi=(23)
128 24
cfi=(6)
cfn=(4970)
calls=8 0 
* 280
fe=(59)
-61 72

fn=(5060)
16 9
fi=(60)
+84 4
cob=(2)
cfi=(2)
cfn=(4642)
calls=3 0 
* 30739
* 6
0 6
fe=(59)
24 36
cob=(2)
cfi=(2)
cfn=(4260)
calls=18 -24 
* 750
* 6
fi=(10)
898 6
fi=(19)
1915 6
fi=(36)
900 6
0 6
fi=(18)
552 24
fe=(59)
22 12
+1 6
fi=(60)
+22 24
cob=(2)
cfi=(2)
cfn=(4642)
calls=18 -45 
* 468
* 6
fi=(58)
-28 84
fi=(51)
+59 66
fi=(49)
-15 6
fi=(61)
-14 24
cfi=(49)
cfn=(5074) ml_dsa::hash::G::absorb
calls=18 +17 
* 264
+1 24
cob=(2)
cfi=(2)
cfn=(4260)
calls=18 -48 
* 390
* 18
cfi=(49)
cfn=(5082) ml_dsa::hash::G::finalize
calls=18 +20 
* 38568
+3 24
+1 3074
fi=(62)
-11 1537
+1 7685
cfi=(51)
cfn=(5094) block_buffer::BlockBuffer<BlockSize,block_buffer::Eager>::set_data
calls=4611 250 
* 269063
fi=(61)
+12 3074
-54 1537
fi=(63)
76 1537
+1 6148
+1 3074
fi=(61)
-23 1536
+1 1536
-2 1536
-54 30
fe=(59)
24 36
cob=(2)
cfi=(2)
cfn=(4260)
calls=18 -24 
* 750
-24 6
fi=(18)
552 24
fe=(59)
22 6
+1 6
fi=(60)
+22 24
cob=(2)
cfi=(2)
cfn=(4642)
calls=18 -45 
* 468
* 6
fi=(58)
-28 84
fi=(51)
+59 66
fi=(49)
-15 6
fi=(61)
-14 24
cfi=(49)
cfn=(5074)
calls=18 +17 
* 264
+1 24
cob=(2)
cfi=(2)
cfn=(4260)
calls=18 -48 
* 390
* 18
cfi=(49)
cfn=(5082)
calls=18 +20 
* 38568
+3 24
+1 3076
fi=(62)
-11 1538
+1 7690
cfi=(51)
cfn=(5094)
calls=4614 250 
* 269116
fi=(61)
+12 3076
-54 1538
fi=(63)
76 1538
+1 6152
+1 3076
fi=(61)
-23 1536
+1 1536
-2 1536
-54 6
fe=(59)
24 36
cob=(2)
cfi=(2)
cfn=(4260)
calls=18 -24 
* 750
-24 6
fi=(18)
552 24
fe=(59)
22 12
+1 6
fi=(60)
+22 24
cob=(2)
cfi=(2)
cfn=(4642)
calls=18 -45 
* 468
* 6
fi=(58)
-28 84
fi=(51)
+59 66
fi=(49)
-15 6
fi=(61)
-14 24
cfi=(49)
cfn=(5074)
calls=18 +17 
* 264
+1 24
cob=(2)
cfi=(2)
cfn=(4260)
calls=18 -48 
* 390
* 18
cfi=(49)
cfn=(5082)
calls=18 +20 
* 38568
+3 24
+1 3074
fi=(62)
-11 1537
+1 7685
cfi=(51)
cfn=(5094)
calls=4611 250 
* 269063
fi=(61)
+12 3074
-54 1537
fi=(63)
76 1537
+1 6148
+1 3074
fi=(61)
-23 1536
+1 1536
-2 1536
-54 6
fe=(59)
24 36
cob=(2)
cfi=(2)
cfn=(4260)
calls=18 -24 
* 750
-24 6
fi=(18)
552 24
fe=(59)
22 12
+1 6
fi=(60)
+22 24
cob=(2)
cfi=(2)
cfn=(4642)
calls=18 -45 
* 468
* 6
fi=(58)
-28 84
fi=(51)
+59 66
fi=(49)
-15 6
fi=(61)
-14 24
cfi=(49)
cfn=(5074)
calls=18 +17 
* 264
+1 24
cob=(2)
cfi=(2)
cfn=(4260)
calls=18 -48 
* 390
* 18
cfi=(49)
cfn=(5082)
calls=18 +20 
* 38568
+3 24
+1 3076
fi=(62)
-11 1538
+1 7690
cfi=(51)
cfn=(5094)
calls=4614 250 
* 269116
fi=(61)
+12 3076
-54 1538
fi=(63)
76 1538
+1 6152
+1 3076
fi=(61)
-23 1536
+1 1536
-2 1536
-54 6
fe=(59)
24 36
cob=(2)
cfi=(2)
cfn=(4260)
calls=18 -24 
* 750
-24 6
fi=(18)
552 24
fe=(59)
22 12
+1 6
fi=(60)
+22 24
cob=(2)
cfi=(2)
cfn=(4642)
calls=18 -45 
* 468
* 6
fi=(58)
-28 84
fi=(51)
+59 66
fi=(49)
-15 6
fi=(61)
-14 24
cfi=(49)
cfn=(5074)
calls=18 +17 
* 264
+1 24
cob=(2)
cfi=(2)
cfn=(4260)
calls=18 -48 
* 390
* 18
cfi=(49)
cfn=(5082)
calls=18 +20 
* 38568
+3 30
+1 3078
fi=(62)
-11 1539
+1 7695
cfi=(51)
cfn=(5094)
calls=4617 250 
* 269169
fi=(61)
+12 3078
-54 1539
fi=(63)
76 1539
+1 6156
+1 3078
fi=(61)
-23 1536
+1 1536
-2 1536
-54 1
fe=(59)
28 8

fl=(64)
fn=(5510)
125 11
fi=(60)
-93 3
cob=(2)
cfi=(2)
cfn=(4642)
calls=1 -32 
* 71
-32 9
fi=(66) /home/rick/unl/king's/thesis/ml-dsa/ml-dsa/src/rounding.rs
157 2
fi=(71)
3228 4
fi=(66)
54 1
fi=(71)
3228 18
+1 4
-1 17
fi=(72)
64 4
fi=(66)
-32 1
157 126
fi=(71)
3228 252
fi=(66)
54 63
fi=(71)
3228 1134
+1 252
-1 1071
fi=(72)
64 252
fi=(66)
-32 649
fi=(71)
3228 22
+1 4
-1 15
fi=(66)
32 630
fi=(71)
3228 1386
+1 252
-1 1071
fi=(72)
64 252
fi=(66)
-32 189
fi=(71)
3228 2
fi=(72)
64 4
fi=(66)
-32 20
157 3
fi=(10)
898 1
fi=(36)
+2 2
fi=(66)
32 1071
157 189
fi=(10)
898 63
fi=(36)
+2 126
0 1
fe=(64)
131 4
cob=(2)
cfi=(2)
cfn=(4260)
calls=1 0 
* 125
0 1
fi=(60)
32 4
cob=(2)
cfi=(2)
cfn=(4642)
calls=1 -32 
* 71
* 9
-32 1
fi=(66)
157 2
fi=(71)
3228 4
fi=(66)
54 1
fi=(71)
3228 18
+1 4
-1 17
fi=(72)
64 4
fi=(66)
+93 126
fi=(71)
3228 252
fi=(66)
54 63
fi=(71)
3228 1134
+1 252
-1 1071
fi=(72)
64 252
fi=(66)
-32 650
fi=(71)
3228 22
+1 4
-1 14
fi=(66)
32 630
fi=(71)
3228 1386
+1 252
-1 1071
fi=(72)
64 252
fi=(66)
-32 189
fi=(71)
3228 3
fi=(72)
64 4
fi=(66)
-32 20
157 3
fi=(10)
898 1
fi=(36)
+2 2
fi=(66)
32 1071
157 189
fi=(10)
898 63
fi=(36)
+2 126
fe=(64)
131 5
cob=(2)
cfi=(2)
cfn=(4260)
calls=1 0 
* 125
0 1
fi=(60)
32 4
cob=(2)
cfi=(2)
cfn=(4642)
calls=1 -32 
* 71
* 9
-32 1
fi=(66)
157 2
fi=(71)
3228 4
fi=(66)
54 1
fi=(71)
3228 18
+1 4
-1 17
fi=(72)
64 4
fi=(66)
+93 126
fi=(71)
3228 252
fi=(66)
54 63
fi=(71)
3228 1134
+1 252
-1 1071
fi=(72)
64 252
fi=(66)
-32 650
fi=(71)
3228 22
+1 4
-1 14
fi=(66)
32 630
fi=(71)
3228 1386
+1 252
-1 1071
fi=(72)
64 252
fi=(66)
-32 189
fi=(71)
3228 3
fi=(72)
64 4
fi=(66)
-32 20
157 3
fi=(10)
898 1
fi=(36)
+2 2
fi=(66)
32 1071
157 189
fi=(10)
898 63
fi=(36)
+2 126
fe=(64)
131 5
cob=(2)
cfi=(2)
cfn=(4260)
calls=1 0 
* 125
0 1
fi=(60)
32 4
cob=(2)
cfi=(2)
cfn=(4642)
calls=1 -32 
* 71
* 9
-32 1
fi=(66)
157 2
fi=(71)
3228 4
fi=(66)
54 1
fi=(71)
3228 18
+1 4
-1 17
fi=(72)
64 4
fi=(66)
+93 126
fi=(71)
3228 252
fi=(66)
54 63
fi=(71)
3228 1134
+1 252
-1 1071
fi=(72)
64 252
fi=(66)
-32 650
fi=(71)
3228 22
+1 4
-1 14
fi=(66)
32 630
fi=(71)
3228 1386
+1 252
-1 1071
fi=(72)
64 252
fi=(66)
-32 189
fi=(71)
3228 3
fi=(72)
64 4
fi=(66)
-32 20
157 3
fi=(10)
898 1
fi=(36)
+2 2
fi=(66)
32 1071
157 189
fi=(10)
898 63
fi=(36)
+2 126
fe=(64)
131 5
cob=(2)
cfi=(2)
cfn=(4260)
calls=1 0 
* 125
0 1
fi=(60)
32 4
cob=(2)
cfi=(2)
cfn=(4642)
calls=1 -32 
* 71
* 9
-32 1
fi=(66)
157 2
fi=(71)
3228 4
fi=(66)
54 1
fi=(71)
3228 18
+1 4
-1 17
fi=(72)
64 4
fi=(66)
+93 126
fi=(71)
3228 252
fi=(66)
54 63
fi=(71)
3228 1134
+1 252
-1 1071
fi=(72)
64 252
fi=(66)
-32 650
fi=(71)
3228 22
+1 4
-1 14
fi=(66)
32 630
fi=(71)
3228 1386
+1 252
-1 1071
fi=(72)
64 252
fi=(66)
-32 189
fi=(71)
3228 3
fi=(72)
64 4
fi=(66)
-32 20
157 3
fi=(10)
898 1
fi=(36)
+2 2
fi=(66)
32 1071
157 189
fi=(10)
898 63
fi=(36)
+2 126
fe=(64)
131 5
cob=(2)
cfi=(2)
cfn=(4260)
calls=1 0 
* 125
0 1
fi=(60)
32 4
cob=(2)
cfi=(2)
cfn=(4642)
calls=1 -32 
* 71
* 9
-32 1
fi=(66)
157 2
fi=(71)
3228 4
fi=(66)
54 1
fi=(71)
3228 18
+1 4
-1 17
fi=(72)
64 4
fi=(66)
+93 126
fi=(71)
3228 252
fi=(66)
54 63
fi=(71)
3228 1134
+1 252
-1 1071
fi=(72)
64 252
fi=(66)
-32 650
fi=(71)
3228 22
+1 4
-1 14
fi=(66)
32 630
fi=(71)
3228 1386
+1 252
-1 1071
fi=(72)
64 252
fi=(66)
-32 189
fi=(71)
3228 3
fi=(72)
64 4
fi=(66)
-32 20
157 3
fi=(10)
898 1
fi=(36)
+2 2
fi=(66)
32 1071
157 189
fi=(10)
898 63
fi=(36)
+2 126
fe=(64)
131 5
cob=(2)
cfi=(2)
cfn=(4260)
calls=1 0 
* 125
+3 8

fn=(5154)
51 9
fi=(60)
+12 3
cob=(2)
cfi=(2)
cfn=(4642)
calls=2 -63 
* 6163
-63 2
fe=(64)
55 3
fi=(71)
3228 8
0 1
3229 1
fi=(72)
20 1
fe=(64)
+35 3
fi=(71)
3228 2
fe=(64)
55 1
fi=(71)
3228 6
0 1
3229 1
fi=(72)
20 1
fe=(64)
+35 1
fi=(10)
898 1
fi=(19)
1915 1
fi=(36)
900 1
fe=(64)
55 381
fi=(71)
3228 1016
0 127
3229 127
fi=(72)
20 127
fe=(64)
+35 381
fi=(71)
3228 254
fe=(64)
55 127
fi=(71)
3228 762
0 127
3229 127
fi=(72)
20 127
fe=(64)
+35 127
fi=(10)
898 127
fi=(19)
1915 127
fi=(36)
900 127
0 2
fe=(64)
55 3
fi=(71)
3228 8
0 1
3229 1
fi=(72)
20 1
fe=(64)
+35 3
fi=(71)
3228 2
fe=(64)
55 1
fi=(71)
3228 6
0 1
3229 1
fi=(72)
20 1
fe=(64)
+35 1
fi=(10)
898 1
fi=(19)
1915 1
fi=(36)
900 1
fe=(64)
55 381
fi=(71)
3228 1016
0 127
3229 127
fi=(72)
20 127
fe=(64)
+35 381
fi=(71)
3228 254
fe=(64)
55 127
fi=(71)
3228 762
0 127
3229 127
fi=(72)
20 127
fe=(64)
+35 127
fi=(10)
898 127
fi=(19)
1915 127
fi=(36)
900 127
0 2
fe=(64)
55 3
fi=(71)
3228 8
0 1
3229 1
fi=(72)
20 1
fe=(64)
+35 3
fi=(71)
3228 2
fe=(64)
55 1
fi=(71)
3228 6
0 1
3229 1
fi=(72)
20 1
fe=(64)
+35 1
fi=(10)
898 1
fi=(19)
1915 1
fi=(36)
900 1
fe=(64)
55 381
fi=(71)
3228 1016
0 127
3229 127
fi=(72)
20 127
fe=(64)
+35 381
fi=(71)
3228 254
fe=(64)
55 127
fi=(71)
3228 762
0 127
3229 127
fi=(72)
20 127
fe=(64)
+35 127
fi=(10)
898 127
fi=(19)
1915 127
fi=(36)
900 127
0 2
fe=(64)
55 3
fi=(71)
3228 8
0 1
3229 1
fi=(72)
20 1
fe=(64)
+35 3
fi=(71)
3228 2
fe=(64)
55 1
fi=(71)
3228 6
0 1
3229 1
fi=(72)
20 1
fe=(64)
+35 1
fi=(10)
898 1
fi=(19)
1915 1
fi=(36)
900 1
fe=(64)
55 381
fi=(71)
3228 1016
0 127
3229 127
fi=(72)
20 127
fe=(64)
+35 381
fi=(71)
3228 254
fe=(64)
55 127
fi=(71)
3228 762
0 127
3229 127
fi=(72)
20 127
fe=(64)
+35 127
fi=(10)
898 127
fi=(19)
1915 127
fi=(36)
900 127
0 2
fe=(64)
55 3
fi=(71)
3228 8
0 1
3229 1
fi=(72)
20 1
fe=(64)
+35 3
fi=(71)
3228 2
fe=(64)
55 1
fi=(71)
3228 6
0 1
3229 1
fi=(72)
20 1
fe=(64)
+35 1
fi=(10)
898 1
fi=(19)
1915 1
fi=(36)
900 1
fe=(64)
55 381
fi=(71)
3228 1016
0 127
3229 127
fi=(72)
20 127
fe=(64)
+35 381
fi=(71)
3228 254
fe=(64)
55 127
fi=(71)
3228 762
0 127
3229 127
fi=(72)
20 127
fe=(64)
+35 127
fi=(10)
898 127
fi=(19)
1915 127
fi=(36)
900 127
0 2
fe=(64)
55 3
fi=(71)
3228 8
0 1
3229 1
fi=(72)
20 1
fe=(64)
+35 3
fi=(71)
3228 2
fe=(64)
55 1
fi=(71)
3228 6
0 1
3229 1
fi=(72)
20 1
fe=(64)
+35 1
fi=(10)
898 1
fi=(19)
1915 1
fi=(36)
900 1
fe=(64)
55 381
fi=(71)
3228 1016
0 127
3229 127
fi=(72)
20 127
fe=(64)
+35 381
fi=(71)
3228 254
fe=(64)
55 127
fi=(71)
3228 762
0 127
3229 127
fi=(72)
20 127
fe=(64)
+35 127
fi=(10)
898 127
fi=(19)
1915 127
fi=(36)
900 127
fe=(64)
59 7
-8 72
fi=(60)
+12 24
cob=(2)
cfi=(2)
cfn=(4642)
calls=8 -63 
* 41112
-63 16
fe=(64)
55 24
fi=(71)
3228 64
0 8
3229 8
fi=(72)
20 8
fe=(64)
+35 24
fi=(71)
3228 16
fe=(64)
55 8
fi=(71)
3228 48
0 8
3229 8
fi=(72)
20 8
fe=(64)
+35 8
fi=(10)
898 8
fi=(19)
1915 8
fi=(36)
900 8
fe=(64)
55 3048
fi=(71)
3228 8128
0 1016
3229 1016
fi=(72)
20 1016
fe=(64)
+35 3048
fi=(71)
3228 2032
fe=(64)
55 1016
fi=(71)
3228 6096
0 1016
3229 1016
fi=(72)
20 1016
fe=(64)
+35 1016
fi=(10)
898 1016
fi=(19)
1915 1016
fi=(36)
900 1016
0 16
fe=(64)
55 24
fi=(71)
3228 64
0 8
3229 8
fi=(72)
20 8
fe=(64)
+35 24
fi=(71)
3228 16
fe=(64)
55 8
fi=(71)
3228 48
0 8
3229 8
fi=(72)
20 8
fe=(64)
+35 8
fi=(10)
898 8
fi=(19)
1915 8
fi=(36)
900 8
fe=(64)
55 3048
fi=(71)
3228 8128
0 1016
3229 1016
fi=(72)
20 1016
fe=(64)
+35 3048
fi=(71)
3228 2032
fe=(64)
55 1016
fi=(71)
3228 6096
0 1016
3229 1016
fi=(72)
20 1016
fe=(64)
+35 1016
fi=(10)
898 1016
fi=(19)
1915 1016
fi=(36)
900 1016
0 16
fe=(64)
55 24
fi=(71)
3228 64
0 8
3229 8
fi=(72)
20 8
fe=(64)
+35 24
fi=(71)
3228 16
fe=(64)
55 8
fi=(71)
3228 48
0 8
3229 8
fi=(72)
20 8
fe=(64)
+35 8
fi=(10)
898 8
fi=(19)
1915 8
fi=(36)
900 8
fe=(64)
55 3048
fi=(71)
3228 8128
0 1016
3229 1016
fi=(72)
20 1016
fe=(64)
+35 3048
fi=(71)
3228 2032
fe=(64)
55 1016
fi=(71)
3228 6096
0 1016
3229 1016
fi=(72)
20 1016
fe=(64)
+35 1016
fi=(10)
898 1016
fi=(19)
1915 1016
fi=(36)
900 1016
0 16
fe=(64)
55 24
fi=(71)
3228 64
0 8
3229 8
fi=(72)
20 8
fe=(64)
+35 24
fi=(71)
3228 16
fe=(64)
55 8
fi=(71)
3228 48
0 8
3229 8
fi=(72)
20 8
fe=(64)
+35 8
fi=(10)
898 8
fi=(19)
1915 8
fi=(36)
900 8
fe=(64)
55 3048
fi=(71)
3228 8128
0 1016
3229 1016
fi=(72)
20 1016
fe=(64)
+35 3048
fi=(71)
3228 2032
fe=(64)
55 1016
fi=(71)
3228 6096
0 1016
3229 1016
fi=(72)
20 1016
fe=(64)
+35 1016
fi=(10)
898 1016
fi=(19)
1915 1016
fi=(36)
900 1016
0 16
fe=(64)
55 24
fi=(71)
3228 64
0 8
3229 8
fi=(72)
20 8
fe=(64)
+35 24
fi=(71)
3228 16
fe=(64)
55 8
fi=(71)
3228 48
0 8
3229 8
fi=(72)
20 8
fe=(64)
+35 8
fi=(10)
898 8
fi=(19)
1915 8
fi=(36)
900 8
fe=(64)
55 3048
fi=(71)
3228 8128
0 1016
3229 1016
fi=(72)
20 1016
fe=(64)
+35 3048
fi=(71)
3228 2032
fe=(64)
55 1016
fi=(71)
3228 6096
0 1016
3229 1016
fi=(72)
20 1016
fe=(64)
+35 1016
fi=(10)
898 1016
fi=(19)
1915 1016
fi=(36)
900 1016
fe=(64)
59 56

fn=(5520)
84 6
fi=(60)
-21 3
cob=(2)
cfi=(2)
cfn=(4642)
calls=1 -63 
* 5139
-63 6
fe=(64)
88 1
fi=(71)
3228 22
+1 4
fi=(72)
64 5
fe=(64)
+24 1
fi=(10)
898 1
fi=(36)
+2 2
fe=(64)
88 63
fi=(71)
3228 1386
+1 252
fi=(72)
64 315
fe=(64)
+24 63
fi=(10)
898 63
fi=(36)
+2 126
0 2
fe=(64)
88 1
fi=(71)
3228 22
+1 4
fi=(72)
64 5
fe=(64)
+24 1
fi=(10)
898 1
fi=(36)
+2 2
fe=(64)
88 63
fi=(71)
3228 1386
+1 252
fi=(72)
64 315
fe=(64)
+24 63
fi=(10)
898 63
fi=(36)
+2 126
0 2
fe=(64)
88 1
fi=(71)
3228 22
+1 4
fi=(72)
64 5
fe=(64)
+24 1
fi=(10)
898 1
fi=(36)
+2 2
fe=(64)
88 63
fi=(71)
3228 1386
+1 252
fi=(72)
64 315
fe=(64)
+24 63
fi=(10)
898 63
fi=(36)
+2 126
0 2
fe=(64)
88 1
fi=(71)
3228 22
+1 4
fi=(72)
64 5
fe=(64)
+24 1
fi=(10)
898 1
fi=(36)
+2 2
fe=(64)
88 63
fi=(71)
3228 1386
+1 252
fi=(72)
64 315
fe=(64)
+24 63
fi=(10)
898 63
fi=(36)
+2 126
0 2
fe=(64)
88 1
fi=(71)
3228 22
+1 4
fi=(72)
64 5
fe=(64)
+24 1
fi=(10)
898 1
fi=(36)
+2 2
fe=(64)
88 63
fi=(71)
3228 1386
+1 252
fi=(72)
64 315
fe=(64)
+24 63
fi=(10)
898 63
fi=(36)
+2 126
fe=(64)
92 5

fn=(5392)
107 72
fi=(60)
-75 24
cob=(2)
cfi=(2)
cfn=(4642)
calls=8 -32 
* 624
-32 48
fi=(66)
139 8
fi=(71)
3228 176
+1 32
-1 136
fi=(72)
64 32
fi=(66)
-32 48
139 504
fi=(71)
3228 11088
+1 2016
-1 8568
fi=(72)
64 2016
fi=(66)
-32 6160
139 8
fi=(10)
898 8
fi=(36)
+2 16
fi=(66)
32 4032
139 504
fi=(10)
898 504
fi=(36)
+2 1008
0 8
fe=(64)
110 32
cob=(2)
cfi=(2)
cfn=(4260)
calls=8 0 
* 1000
0 8
fi=(60)
32 32
cob=(2)
cfi=(2)
cfn=(4642)
calls=8 -32 
* 624
* 64
-32 8
fi=(66)
139 8
fi=(71)
3228 176
+1 32
-1 136
fi=(72)
64 32
fi=(66)
-32 24
139 504
fi=(71)
3228 11088
+1 2016
-1 8568
fi=(72)
64 2016
fi=(66)
-32 6184
139 8
fi=(10)
898 8
fi=(36)
+2 16
fi=(66)
32 4032
139 504
fi=(10)
898 504
fi=(36)
+2 1008
fe=(64)
110 40
cob=(2)
cfi=(2)
cfn=(4260)
calls=8 0 
* 1000
0 8
fi=(60)
32 32
cob=(2)
cfi=(2)
cfn=(4642)
calls=8 -32 
* 624
* 64
-32 8
fi=(66)
139 8
fi=(71)
3228 176
+1 32
-1 136
fi=(72)
64 32
fi=(66)
-32 24
139 504
fi=(71)
3228 11088
+1 2016
-1 8568
fi=(72)
64 2016
fi=(66)
-32 6184
139 8
fi=(10)
898 8
fi=(36)
+2 16
fi=(66)
32 4032
139 504
fi=(10)
898 504
fi=(36)
+2 1008
fe=(64)
110 40
cob=(2)
cfi=(2)
cfn=(4260)
calls=8 0 
* 1000
0 8
fi=(60)
32 32
cob=(2)
cfi=(2)
cfn=(4642)
calls=8 -32 
* 624
* 64
-32 8
fi=(66)
139 8
fi=(71)
3228 176
+1 32
-1 136
fi=(72)
64 32
fi=(66)
-32 24
139 504
fi=(71)
3228 11088
+1 2016
-1 8568
fi=(72)
64 2016
fi=(66)
-32 6184
139 8
fi=(10)
898 8
fi=(36)
+2 16
fi=(66)
32 4032
139 504
fi=(10)
898 504
fi=(36)
+2 1008
fe=(64)
110 40
cob=(2)
cfi=(2)
cfn=(4260)
calls=8 0 
* 1000
0 8
fi=(60)
32 32
cob=(2)
cfi=(2)
cfn=(4642)
calls=8 -32 
* 624
* 64
-32 8
fi=(66)
139 8
fi=(71)
3228 176
+1 32
-1 136
fi=(72)
64 32
fi=(66)
-32 24
139 504
fi=(71)
3228 11088
+1 2016
-1 8568
fi=(72)
64 2016
fi=(66)
-32 6184
139 8
fi=(10)
898 8
fi=(36)
+2 16
fi=(66)
32 4032
139 504
fi=(10)
898 504
fi=(36)
+2 1008
fe=(64)
110 40
cob=(2)
cfi=(2)
cfn=(4260)
calls=8 0 
* 1000
0 8
fi=(60)
32 32
cob=(2)
cfi=(2)
cfn=(4642)
calls=8 -32 
* 624
* 64
-32 8
fi=(66)
139 8
fi=(71)
3228 176
+1 32
-1 136
fi=(72)
64 32
fi=(66)
-32 24
139 504
fi=(71)
3228 11088
+1 2016
-1 8568
fi=(72)
64 2016
fi=(66)
-32 6184
139 8
fi=(10)
898 8
fi=(36)
+2 16
fi=(66)
32 4032
139 504
fi=(10)
898 504
fi=(36)
+2 1008
fe=(64)
110 40
cob=(2)
cfi=(2)
cfn=(4260)
calls=8 0 
* 1000
+3 56

fn=(5470)
62 81
fi=(60)
+1 27
cob=(2)
cfi=(2)
cfn=(4642)
calls=10 -63 
* 55467
-63 18
fe=(64)
66 27
fi=(71)
3228 72
0 9
3229 9
fi=(72)
20 9
fe=(64)
+46 27
fi=(71)
3228 18
fe=(64)
66 9
fi=(71)
3228 54
0 9
3229 9
fi=(72)
20 9
fe=(64)
+46 9
fi=(10)
898 9
fi=(19)
1915 9
fi=(36)
900 9
fe=(64)
66 3429
fi=(71)
3228 9144
0 1143
3229 1143
fi=(72)
20 1143
fe=(64)
+46 3429
fi=(71)
3228 2286
fe=(64)
66 1143
fi=(71)
3228 6858
0 1143
3229 1143
fi=(72)
20 1143
fe=(64)
+46 1143
fi=(10)
898 1143
fi=(19)
1915 1143
fi=(36)
900 1143
0 18
fe=(64)
66 27
fi=(71)
3228 72
0 9
3229 9
fi=(72)
20 9
fe=(64)
+46 27
fi=(71)
3228 18
fe=(64)
66 9
fi=(71)
3228 54
0 9
3229 9
fi=(72)
20 9
fe=(64)
+46 9
fi=(10)
898 9
fi=(19)
1915 9
fi=(36)
900 9
fe=(64)
66 3429
fi=(71)
3228 9144
0 1143
3229 1143
fi=(72)
20 1143
fe=(64)
+46 3429
fi=(71)
3228 2286
fe=(64)
66 1143
fi=(71)
3228 6858
0 1143
3229 1143
fi=(72)
20 1143
fe=(64)
+46 1143
fi=(10)
898 1143
fi=(19)
1915 1143
fi=(36)
900 1143
0 18
fe=(64)
66 27
fi=(71)
3228 72
0 9
3229 9
fi=(72)
20 9
fe=(64)
+46 27
fi=(71)
3228 18
fe=(64)
66 9
fi=(71)
3228 54
0 9
3229 9
fi=(72)
20 9
fe=(64)
+46 9
fi=(10)
898 9
fi=(19)
1915 9
fi=(36)
900 9
fe=(64)
66 3429
fi=(71)
3228 9144
0 1143
3229 1143
fi=(72)
20 1143
fe=(64)
+46 3429
fi=(71)
3228 2286
fe=(64)
66 1143
fi=(71)
3228 6858
0 1143
3229 1143
fi=(72)
20 1143
fe=(64)
+46 1143
fi=(10)
898 1143
fi=(19)
1915 1143
fi=(36)
900 1143
0 18
fe=(64)
66 27
fi=(71)
3228 72
0 9
3229 9
fi=(72)
20 9
fe=(64)
+46 27
fi=(71)
3228 18
fe=(64)
66 9
fi=(71)
3228 54
0 9
3229 9
fi=(72)
20 9
fe=(64)
+46 9
fi=(10)
898 9
fi=(19)
1915 9
fi=(36)
900 9
fe=(64)
66 3429
fi=(71)
3228 9144
0 1143
3229 1143
fi=(72)
20 1143
fe=(64)
+46 3429
fi=(71)
3228 2286
fe=(64)
66 1143
fi=(71)
3228 6858
0 1143
3229 1143
fi=(72)
20 1143
fe=(64)
+46 1143
fi=(10)
898 1143
fi=(19)
1915 1143
fi=(36)
900 1143
0 18
fe=(64)
66 27
fi=(71)
3228 72
0 9
3229 9
fi=(72)
20 9
fe=(64)
+46 27
fi=(71)
3228 18
fe=(64)
66 9
fi=(71)
3228 54
0 9
3229 9
fi=(72)
20 9
fe=(64)
+46 9
fi=(10)
898 9
fi=(19)
1915 9
fi=(36)
900 9
fe=(64)
66 3429
fi=(71)
3228 9144
0 1143
3229 1143
fi=(72)
20 1143
fe=(64)
+46 3429
fi=(71)
3228 2286
fe=(64)
66 1143
fi=(71)
3228 6858
0 1143
3229 1143
fi=(72)
20 1143
fe=(64)
+46 1143
fi=(10)
898 1143
fi=(19)
1915 1143
fi=(36)
900 1143
0 18
fe=(64)
66 27
fi=(71)
3228 72
0 9
3229 9
fi=(72)
20 9
fe=(64)
+46 27
fi=(71)
3228 18
fe=(64)
66 9
fi=(71)
3228 54
0 9
3229 9
fi=(72)
20 9
fe=(64)
+46 9
fi=(10)
898 9
fi=(19)
1915 9
fi=(36)
900 9
fe=(64)
66 3429
fi=(71)
3228 9144
0 1143
3229 1143
fi=(72)
20 1143
fe=(64)
+46 3429
fi=(71)
3228 2286
fe=(64)
66 1143
fi=(71)
3228 6858
0 1143
3229 1143
fi=(72)
20 1143
fe=(64)
+46 1143
fi=(10)
898 1143
fi=(19)
1915 1143
fi=(36)
900 1143
fe=(64)
70 63

fn=(5476)
116 72
fi=(60)
-84 24
cob=(2)
cfi=(2)
cfn=(4642)
calls=8 -32 
* 624
-32 40
fi=(66)
148 8
fi=(71)
3228 176
+1 32
-1 136
fi=(72)
64 32
fi=(66)
-32 24
148 8
fi=(10)
898 8
fi=(36)
+2 16
fi=(66)
148 504
fi=(71)
3228 11088
+1 2016
-1 8568
fi=(72)
64 2016
fi=(66)
-32 1512
148 504
fi=(10)
898 504
fi=(36)
+2 1008
0 8
fe=(64)
119 32
cob=(2)
cfi=(2)
cfn=(4260)
calls=8 0 
* 1000
0 8
fi=(60)
32 32
cob=(2)
cfi=(2)
cfn=(4642)
calls=8 -32 
* 624
* 56
-32 8
fi=(66)
148 8
fi=(71)
3228 176
+1 32
-1 136
fi=(72)
64 32
fi=(66)
-32 24
148 512
fi=(71)
3228 11088
+1 2016
-1 8568
fi=(72)
64 2016
fi=(66)
-32 1512
148 504
fi=(10)
898 504
fi=(36)
+2 1008
fi=(10)
-2 8
fi=(36)
+2 16
fe=(64)
119 40
cob=(2)
cfi=(2)
cfn=(4260)
calls=8 0 
* 1000
0 8
fi=(60)
32 32
cob=(2)
cfi=(2)
cfn=(4642)
calls=8 -32 
* 624
* 56
-32 8
fi=(66)
148 8
fi=(71)
3228 176
+1 32
-1 136
fi=(72)
64 32
fi=(66)
-32 24
148 512
fi=(71)
3228 11088
+1 2016
-1 8568
fi=(72)
64 2016
fi=(66)
-32 1512
148 504
fi=(10)
898 504
fi=(36)
+2 1008
fi=(10)
-2 8
fi=(36)
+2 16
fe=(64)
119 40
cob=(2)
cfi=(2)
cfn=(4260)
calls=8 0 
* 1000
0 8
fi=(60)
32 32
cob=(2)
cfi=(2)
cfn=(4642)
calls=8 -32 
* 624
* 56
-32 8
fi=(66)
148 8
fi=(71)
3228 176
+1 32
-1 136
fi=(72)
64 32
fi=(66)
-32 24
148 512
fi=(71)
3228 11088
+1 2016
-1 8568
fi=(72)
64 2016
fi=(66)
-32 1512
148 504
fi=(10)
898 504
fi=(36)
+2 1008
fi=(10)
-2 8
fi=(36)
+2 16
fe=(64)
119 40
cob=(2)
cfi=(2)
cfn=(4260)
calls=8 0 
* 1000
0 8
fi=(60)
32 32
cob=(2)
cfi=(2)
cfn=(4642)
calls=8 -32 
* 624
* 56
-32 8
fi=(66)
148 8
fi=(71)
3228 176
+1 32
-1 136
fi=(72)
64 32
fi=(66)
-32 24
148 512
fi=(71)
3228 11088
+1 2016
-1 8568
fi=(72)
64 2016
fi=(66)
-32 1512
148 504
fi=(10)
898 504
fi=(36)
+2 1008
fi=(10)
-2 8
fi=(36)
+2 16
fe=(64)
119 40
cob=(2)
cfi=(2)
cfn=(4260)
calls=8 0 
* 1000
0 8
fi=(60)
32 32
cob=(2)
cfi=(2)
cfn=(4642)
calls=8 -32 
* 624
* 56
-32 8
fi=(66)
148 8
fi=(71)
3228 176
+1 32
-1 136
fi=(72)
64 32
fi=(66)
-32 24
148 512
fi=(71)
3228 11088
+1 2016
-1 8568
fi=(72)
64 2016
fi=(66)
-32 1512
148 504
fi=(10)
898 504
fi=(36)
+2 1008
fi=(10)
-2 8
fi=(36)
+2 16
fe=(64)
119 40
cob=(2)
cfi=(2)
cfn=(4260)
calls=8 0 
* 1000
+3 56

fn=(5492)
149 56
0 7
153 14
fi=(71)
3228 308
+1 35
fe=(64)
153 434
fi=(71)
3228 9548
+1 1736
fi=(72)
64 1302
fi=(71)
3229 21
fi=(72)
64 70
fi=(71)
3608 56
fe=(64)
154 126
fi=(10)
898 7
fi=(36)
+2 14
fi=(72)
64 868
fi=(71)
3608 1736
fe=(64)
154 3906
fi=(10)
898 217
fi=(36)
+2 616
0 28
fe=(64)
153 14
fi=(71)
3228 196
fe=(64)
153 434
fi=(71)
3228 9548
+1 1736
fi=(72)
64 1302
fi=(71)
3228 112
+1 56
fi=(72)
64 70
fi=(71)
3608 56
fe=(64)
154 126
fi=(72)
-90 868
fi=(71)
3608 1736
fe=(64)
154 3906
fi=(10)
898 217
fi=(36)
+2 434
fi=(10)
-2 7
fi=(36)
+2 196
0 28
fe=(64)
153 14
fi=(71)
3228 196
fe=(64)
153 434
fi=(71)
3228 9548
+1 1736
fi=(72)
64 1302
fi=(71)
3228 112
+1 56
fi=(72)
64 70
fi=(71)
3608 56
fe=(64)
154 126
fi=(72)
-90 868
fi=(71)
3608 1736
fe=(64)
154 3906
fi=(10)
898 217
fi=(36)
+2 434
fi=(10)
-2 7
fi=(36)
+2 196
0 28
fe=(64)
153 14
fi=(71)
3228 196
fe=(64)
153 434
fi=(71)
3228 9548
+1 1736
fi=(72)
64 1302
fi=(71)
3228 112
+1 56
fi=(72)
64 70
fi=(71)
3608 56
fe=(64)
154 126
fi=(72)
-90 868
fi=(71)
3608 1736
fe=(64)
154 3906
fi=(10)
898 217
fi=(36)
+2 434
fi=(10)
-2 7
fi=(36)
+2 196
0 28
fe=(64)
153 14
fi=(71)
3228 196
fe=(64)
153 434
fi=(71)
3228 9548
+1 1736
fi=(72)
64 1302
fi=(71)
3228 112
+1 56
fi=(72)
64 70
fi=(71)
3608 56
fe=(64)
154 126
fi=(72)
-90 868
fi=(71)
3608 1736
fe=(64)
154 3906
fi=(10)
898 217
fi=(36)
+2 434
fi=(10)
-2 7
fi=(36)
+2 196
0 28
fe=(64)
153 14
fi=(71)
3228 196
fe=(64)
153 434
fi=(71)
3228 9548
+1 1736
fi=(72)
64 1302
fi=(71)
3228 112
+1 56
fi=(72)
64 70
fi=(71)
3608 56
fe=(64)
154 126
fi=(72)
-90 868
fi=(71)
3608 1736
fe=(64)
154 3906
fi=(10)
898 217
fi=(36)
+2 434
fi=(10)
-2 7
fi=(36)
+2 196
fe=(64)
160 7

fl=(6)
fn=(4864)
0 13837

fn=(5296)
0 24
cfi=(24)
cfn=(5298)
calls=28 467 
0 6576

fn=(4970)
0 13836
cfi=(25)
cfn=(4972)
calls=21344 48 
0 474555

fn=(5040)
0 13775
cfi=(24)
cfn=(5042)
calls=21242 482 
0 1096690

fn=(3874)
cob=(2)
cfi=(2)
cfn=(3876) (below main)
calls=1 0 
0 28518985

fn=(3934) main
cfi=(8)
cfn=(3936)
calls=1 152 
0 28518985

fn=(4866)
0 62
cfi=(24)
cfn=(4868)
calls=103 450 
0 4332

fl=(61)
fn=(5452)
16 80
fi=(60)
+16 24
cob=(2)
cfi=(2)
cfn=(4642)
calls=9 -32 
* 624
fi=(58)
-15 112
fi=(51)
+59 72
fi=(49)
-53 16
fe=(61)
-2 32
cfi=(49)
cfn=(4988)
calls=9 +5 
* 352
* 8
+1 32
cob=(2)
cfi=(2)
cfn=(4260)
calls=9 -22 
* 520
* 32
cfi=(49)
cfn=(5014)
calls=9 +8 
* 51296
+2 16
+1 32
cfi=(49)
cfn=(5110)
calls=9 +12 
* 50312
* 8
+1 24
cfi=(63)
cfn=(5322)
calls=9 +35 
* 4088
+1 16
-27 24
fi=(36)
900 32
0 16
fe=(61)
29 32
cfi=(49)
cfn=(5110)
calls=9 +8 
* 408
* 1536
cfi=(49)
cfn=(5110)
calls=432 +8 
* 19584
-29 392
31 784
fi=(51)
196 64
fi=(18)
552 74
fi=(51)
239 74
fe=(61)
0 37
31 74
fi=(62)
+10 37
fi=(51)
196 37
+62 74
+1 74
0 392
fe=(61)
36 784
fi=(50)
272 784
fe=(61)
37 1176
-37 392
37 1176
fi=(19)
1915 392
fi=(36)
900 392
fe=(61)
40 8
fi=(34)
634 16
fi=(23)
128 24
cfi=(6)
cfn=(4970)
calls=9 0 
* 280
fe=(61)
-88 72

fl=(51)
fn=(5094)
250 84579
-54 15378
+62 7689
0 15078
259 22617
0 7419
fi=(50)
89 7419
fi=(18)
552 22257
cob=(2)
cfi=(2)
cfn=(4260)
calls=22257 0 
* 133542
fe=(51)
239 7419
0 7869
fi=(20)
961 120
0 120
fi=(50)
89 120
fi=(18)
552 240
cob=(2)
cfi=(2)
cfn=(4260)
calls=360 0 
* 2160
0 120
fe=(51)
344 840
0 120
fi=(14)
1717 120
fi=(55)
180 120
fe=(51)
344 900
0 150
fi=(14)
1717 150
fi=(55)
180 150
0 270
fe=(51)
274 810
0 750
fi=(18)
552 750
cob=(2)
cfi=(2)
cfn=(4260)
calls=450 0 
* 4500
fi=(58)
61 450
cfi=(54)
cfn=(5024)
calls=450 166 
* 923700
fi=(18)
552 600
cob=(2)
cfi=(2)
cfn=(4260)
calls=450 0 
* 2700
fe=(51)
278 600
cob=(2)
cfi=(2)
cfn=(4260)
calls=450 0 
* 4500
-39 7689
+42 61512

fl=(73)
fn=(5536)
17 6
cfi=(6)
cfn=(4864)
calls=1 -17 
* 1
fi=(23)
198 3
cfi=(6)
cfn=(5040)
calls=1 0 
* 70
fi=(34)
469 2
0 7
fe=(73)
23 3
+1 3
-24 3
fi=(19)
1915 3
fi=(36)
900 3
fe=(73)
0 125
fi=(19)
1915 125
fi=(36)
900 125
fe=(73)
22 256
fi=(50)
278 2
fe=(73)
23 1
+1 1
-2 256
fi=(50)
278 6
fe=(73)
27 2
-27 3
23 2
+1 2
-24 2
fi=(19)
1915 2
fi=(36)
900 2
fe=(73)
0 126
fi=(19)
1915 126
fi=(36)
900 126
fe=(73)
22 256
fi=(50)
278 2
fe=(73)
23 1
+1 1
-2 256
fi=(50)
278 4
fe=(73)
27 2
-27 3
23 2
+1 2
-24 2
fi=(19)
1915 2
fi=(36)
900 2
fe=(73)
0 126
fi=(19)
1915 126
fi=(36)
900 126
fe=(73)
22 256
fi=(50)
278 8
fe=(73)
23 4
+1 4
-2 256
fi=(50)
278 4
fe=(73)
27 2
-27 4
23 3
+1 3
-24 3
fi=(19)
1915 3
fi=(36)
900 3
fe=(73)
0 125
fi=(19)
1915 125
fi=(36)
900 125
fe=(73)
22 256
fi=(50)
278 4
fe=(73)
23 2
+1 2
-2 256
fi=(50)
278 6
fe=(73)
27 2
-27 129
fi=(19)
1915 128
fi=(36)
900 128
fe=(73)
22 256
fi=(50)
278 8
fe=(73)
23 4
+1 4
-2 256
fi=(50)
278 8
0 4
fe=(73)
23 4
+1 4
-24 4
27 2
-27 5
23 4
+1 4
-24 4
fi=(19)
1915 4
fi=(36)
900 4
fe=(73)
0 124
fi=(19)
1915 124
fi=(36)
900 124
fe=(73)
22 256
fi=(50)
278 8
fe=(73)
23 4
+1 4
-2 256
fi=(50)
278 8
fe=(73)
27 1
+2 3
+1 5

fl=(65)
fn=(5142)
49 160
cob=(2)
cfi=(2)
cfn=(4642)
calls=10 -49 
* 49304
* 8
-49 8
fi=(60)
45 32
cob=(2)
cfi=(2)
cfn=(4642)
calls=10 -45 
* 624
* 160
cob=(2)
cfi=(2)
cfn=(4642)
calls=50 -45 
* 3120
* 48
-45 48
fe=(65)
25 144
fi=(71)
3228 384
0 48
3229 48
fi=(72)
20 48
fe=(65)
+5 144
fi=(71)
3228 384
0 48
3229 48
fi=(72)
20 48
fe=(65)
+5 96
fi=(19)
1915 96
fi=(36)
900 48
fe=(65)
25 18288
fi=(71)
3228 48768
0 6096
3229 6096
fi=(72)
20 6096
fe=(65)
+5 18288
fi=(71)
3228 48768
0 6096
3229 6096
fi=(72)
20 6096
fe=(65)
+5 12192
fi=(19)
1915 12192
fi=(36)
900 6096
0 192
fi=(60)
45 192
cob=(2)
cfi=(2)
cfn=(4642)
calls=60 -45 
* 3744
* 48
-45 48
fe=(65)
16 144
fi=(71)
3228 384
0 48
3229 48
fi=(72)
20 48
fe=(65)
-4 144
fi=(71)
3228 384
0 48
3229 48
fi=(72)
20 48
fe=(65)
-4 96
fi=(19)
1915 96
fi=(36)
900 48
fe=(65)
16 18288
fi=(71)
3228 48768
0 6096
3229 6096
fi=(72)
20 6096
fe=(65)
-4 18288
fi=(71)
3228 48768
0 6096
3229 6096
fi=(72)
20 6096
fe=(65)
-4 12192
fi=(19)
1915 12192
fi=(36)
900 6096
fe=(65)
56 192
cob=(2)
cfi=(2)
cfn=(4260)
calls=60 -56 
* 5984
fi=(60)
-11 192
cob=(2)
cfi=(2)
cfn=(4642)
calls=60 -45 
* 3744
* 48
-45 48
fe=(65)
25 144
fi=(71)
3228 384
0 48
3229 48
fi=(72)
20 48
fe=(65)
+5 144
fi=(71)
3228 384
0 48
3229 48
fi=(72)
20 48
fe=(65)
+5 96
fi=(19)
1915 96
fi=(36)
900 48
fe=(65)
25 18288
fi=(71)
3228 48768
0 6096
3229 6096
fi=(72)
20 6096
fe=(65)
+5 18288
fi=(71)
3228 48768
0 6096
3229 6096
fi=(72)
20 6096
fe=(65)
+5 12192
fi=(19)
1915 12192
fi=(36)
900 6096
fi=(60)
45 192
cob=(2)
cfi=(2)
cfn=(4642)
calls=60 -45 
* 3744
* 48
-45 48
fe=(65)
16 144
fi=(71)
3228 384
0 48
3229 48
fi=(72)
20 48
fe=(65)
-4 144
fi=(71)
3228 384
0 48
3229 48
fi=(72)
20 48
fe=(65)
-4 96
fi=(19)
1915 96
fi=(36)
900 48
fe=(65)
16 18288
fi=(71)
3228 48768
0 6096
3229 6096
fi=(72)
20 6096
fe=(65)
-4 18288
fi=(71)
3228 48768
0 6096
3229 6096
fi=(72)
20 6096
fe=(65)
-4 12192
fi=(19)
1915 12192
fi=(36)
900 6096
fe=(65)
56 192
cob=(2)
cfi=(2)
cfn=(4260)
calls=60 -56 
* 5984
fi=(60)
-11 192
cob=(2)
cfi=(2)
cfn=(4642)
calls=60 -45 
* 3744
* 48
-45 48
fe=(65)
25 144
fi=(71)
3228 384
0 48
3229 48
fi=(72)
20 48
fe=(65)
+5 144
fi=(71)
3228 384
0 48
3229 48
fi=(72)
20 48
fe=(65)
+5 96
fi=(19)
1915 96
fi=(36)
900 48
fe=(65)
25 18288
fi=(71)
3228 48768
0 6096
3229 6096
fi=(72)
20 6096
fe=(65)
+5 18288
fi=(71)
3228 48768
0 6096
3229 6096
fi=(72)
20 6096
fe=(65)
+5 12192
fi=(19)
1915 12192
fi=(36)
900 6096
fi=(60)
45 192
cob=(2)
cfi=(2)
cfn=(4642)
calls=60 -45 
* 3744
* 48
-45 48
fe=(65)
16 144
fi=(71)
3228 384
0 48
3229 48
fi=(72)
20 48
fe=(65)
-4 144
fi=(71)
3228 384
0 48
3229 48
fi=(72)
20 48
fe=(65)
-4 96
fi=(19)
1915 96
fi=(36)
900 48
fe=(65)
16 18288
fi=(71)
3228 48768
0 6096
3229 6096
fi=(72)
20 6096
fe=(65)
-4 18288
fi=(71)
3228 48768
0 6096
3229 6096
fi=(72)
20 6096
fe=(65)
-4 12192
fi=(19)
1915 12192
fi=(36)
900 6096
fe=(65)
56 192
cob=(2)
cfi=(2)
cfn=(4260)
calls=60 -56 
* 5984
fi=(60)
-11 192
cob=(2)
cfi=(2)
cfn=(4642)
calls=60 -45 
* 3744
* 48
-45 48
fe=(65)
25 144
fi=(71)
3228 384
0 48
3229 48
fi=(72)
20 48
fe=(65)
+5 144
fi=(71)
3228 96
fe=(65)
25 48
fi=(71)
3228 288
0 48
3229 48
fi=(72)
20 48
fe=(65)
+5 48
fi=(10)
898 48
fi=(19)
1915 48
fi=(36)
900 48
fe=(65)
25 18288
fi=(71)
3228 48768
0 6096
3229 6096
fi=(72)
20 6096
fe=(65)
+5 18288
fi=(71)
3228 12192
fe=(65)
25 6096
fi=(71)
3228 36576
0 6096
3229 6096
fi=(72)
20 6096
fe=(65)
+5 6096
fi=(10)
898 6096
fi=(19)
1915 6096
fi=(36)
900 6096
fi=(60)
45 192
cob=(2)
cfi=(2)
cfn=(4642)
calls=60 -45 
* 3744
* 48
-45 48
fe=(65)
16 144
fi=(71)
3228 384
0 48
3229 48
fi=(72)
20 48
fe=(65)
-4 144
fi=(71)
3228 384
0 48
3229 48
fi=(72)
20 48
fe=(65)
-4 96
fi=(19)
1915 96
fi=(36)
900 48
fe=(65)
16 18288
fi=(71)
3228 48768
0 6096
3229 6096
fi=(72)
20 6096
fe=(65)
-4 18288
fi=(71)
3228 48768
0 6096
3229 6096
fi=(72)
20 6096
fe=(65)
-4 12192
fi=(19)
1915 12192
fi=(36)
900 6096
fe=(65)
56 192
cob=(2)
cfi=(2)
cfn=(4260)
calls=60 -56 
* 5984
fi=(60)
-11 192
cob=(2)
cfi=(2)
cfn=(4642)
calls=60 -45 
* 3744
* 48
-45 48
fe=(65)
25 144
fi=(71)
3228 384
0 48
3229 48
fi=(72)
20 48
fe=(65)
+5 144
fi=(71)
3228 96
fe=(65)
25 48
fi=(71)
3228 288
0 48
3229 48
fi=(72)
20 48
fe=(65)
+5 48
fi=(10)
898 48
fi=(19)
1915 48
fi=(36)
900 48
fe=(65)
25 18288
fi=(71)
3228 48768
0 6096
3229 6096
fi=(72)
20 6096
fe=(65)
+5 18288
fi=(71)
3228 12192
fe=(65)
25 6096
fi=(71)
3228 36576
0 6096
3229 6096
fi=(72)
20 6096
fe=(65)
+5 6096
fi=(10)
898 6096
fi=(19)
1915 6096
fi=(36)
900 6096
fi=(60)
45 192
cob=(2)
cfi=(2)
cfn=(4642)
calls=60 -45 
* 3744
* 48
-45 48
fe=(65)
16 144
fi=(71)
3228 384
0 48
3229 48
fi=(72)
20 48
fe=(65)
-4 144
fi=(71)
3228 384
0 48
3229 48
fi=(72)
20 48
fe=(65)
-4 96
fi=(19)
1915 96
fi=(36)
900 48
fe=(65)
16 18288
fi=(71)
3228 48768
0 6096
3229 6096
fi=(72)
20 6096
fe=(65)
-4 18288
fi=(71)
3228 48768
0 6096
3229 6096
fi=(72)
20 6096
fe=(65)
-4 12192
fi=(19)
1915 12192
fi=(36)
900 6096
fe=(65)
56 192
cob=(2)
cfi=(2)
cfn=(4260)
calls=60 -56 
* 5984
fi=(10)
898 48
fi=(36)
+2 96
fi=(19)
1915 48
fi=(36)
900 48
0 8
fe=(65)
59 32
cob=(2)
cfi=(2)
cfn=(4260)
calls=10 -59 
* 4840
+1 72

fn=(5464)
40 90
fi=(60)
+41 9
-81 9
81 27
cob=(2)
cfi=(2)
cfn=(4642)
calls=10 -81 
* 37035
-81 9
45 27
cob=(2)
cfi=(2)
cfn=(4642)
calls=10 -45 
* 702
* 18
fe=(65)
-20 27
fi=(71)
3228 72
0 9
3229 9
fi=(72)
20 9
fe=(65)
+5 27
fi=(71)
3228 72
0 9
3229 9
fi=(72)
20 9
fe=(65)
+5 18
fi=(19)
1915 18
fi=(36)
900 9
fe=(65)
25 3429
fi=(71)
3228 9144
0 1143
3229 1143
fi=(72)
20 1143
fe=(65)
+5 3429
fi=(71)
3228 9144
0 1143
3229 1143
fi=(72)
20 1143
fe=(65)
+5 2286
fi=(19)
1915 2286
fi=(36)
900 1143
0 9
fe=(65)
43 36
cob=(2)
cfi=(2)
cfn=(4260)
calls=10 -43 
* 1125
-43 9
fi=(60)
45 36
cob=(2)
cfi=(2)
cfn=(4642)
calls=10 -45 
* 702
fe=(65)
-20 3456
fi=(71)
3228 9216
0 1152
3229 1152
fi=(72)
20 1152
fe=(65)
+5 3456
fi=(71)
3228 2304
fe=(65)
25 1152
fi=(71)
3228 6912
0 1152
3229 1152
fi=(72)
20 1152
fe=(65)
+5 1152
fi=(10)
898 1152
fi=(19)
1915 1152
fi=(36)
900 1152
fe=(65)
43 45
cob=(2)
cfi=(2)
cfn=(4260)
calls=10 -43 
* 1125
-43 9
fi=(60)
45 36
cob=(2)
cfi=(2)
cfn=(4642)
calls=10 -45 
* 702
-45 9
fe=(65)
25 27
fi=(71)
3228 72
0 9
3229 9
fi=(72)
20 9
fe=(65)
+5 27
fi=(71)
3228 18
fe=(65)
25 9
fi=(71)
3228 54
0 9
3229 9
fi=(72)
20 9
fe=(65)
+5 9
fi=(10)
898 9
fi=(19)
1915 9
fi=(36)
900 9
fe=(65)
25 3429
fi=(71)
3228 9144
0 1143
3229 1143
fi=(72)
20 1143
fe=(65)
+5 3429
fi=(71)
3228 2286
fe=(65)
25 1143
fi=(71)
3228 6858
0 1143
3229 1143
fi=(72)
20 1143
fe=(65)
+5 1143
fi=(10)
898 1143
fi=(19)
1915 1143
fi=(36)
900 1143
0 9
fe=(65)
43 36
cob=(2)
cfi=(2)
cfn=(4260)
calls=10 -43 
* 1125
-43 9
fi=(60)
45 36
cob=(2)
cfi=(2)
cfn=(4642)
calls=10 -45 
* 702
-45 9
fe=(65)
25 27
fi=(71)
3228 72
0 9
3229 9
fi=(72)
20 9
fe=(65)
+5 27
fi=(71)
3228 18
fe=(65)
25 9
fi=(71)
3228 54
0 9
3229 9
fi=(72)
20 9
fe=(65)
+5 9
fi=(10)
898 9
fi=(19)
1915 9
fi=(36)
900 9
fe=(65)
25 3429
fi=(71)
3228 9144
0 1143
3229 1143
fi=(72)
20 1143
fe=(65)
+5 3429
fi=(71)
3228 2286
fe=(65)
25 1143
fi=(71)
3228 6858
0 1143
3229 1143
fi=(72)
20 1143
fe=(65)
+5 1143
fi=(10)
898 1143
fi=(19)
1915 1143
fi=(36)
900 1143
fe=(65)
43 45
cob=(2)
cfi=(2)
cfn=(4260)
calls=10 -43 
* 1125
-43 9
fi=(60)
45 36
cob=(2)
cfi=(2)
cfn=(4642)
calls=10 -45 
* 702
-45 9
fe=(65)
25 27
fi=(71)
3228 72
0 9
3229 9
fi=(72)
20 9
fe=(65)
+5 27
fi=(71)
3228 18
fe=(65)
25 9
fi=(71)
3228 54
0 9
3229 9
fi=(72)
20 9
fe=(65)
+5 9
fi=(10)
898 9
fi=(19)
1915 9
fi=(36)
900 9
fe=(65)
25 3429
fi=(71)
3228 9144
0 1143
3229 1143
fi=(72)
20 1143
fe=(65)
+5 3429
fi=(71)
3228 2286
fe=(65)
25 1143
fi=(71)
3228 6858
0 1143
3229 1143
fi=(72)
20 1143
fe=(65)
+5 1143
fi=(10)
898 1143
fi=(19)
1915 1143
fi=(36)
900 1143
fe=(65)
43 45
cob=(2)
cfi=(2)
cfn=(4260)
calls=10 -43 
* 1125
-43 9
fi=(60)
45 36
cob=(2)
cfi=(2)
cfn=(4642)
calls=10 -45 
* 702
-45 9
fe=(65)
25 27
fi=(71)
3228 72
0 9
3229 9
fi=(72)
20 9
fe=(65)
+5 27
fi=(71)
3228 18
fe=(65)
25 9
fi=(71)
3228 54
0 9
3229 9
fi=(72)
20 9
fe=(65)
+5 9
fi=(10)
898 9
fi=(19)
1915 9
fi=(36)
900 9
fe=(65)
25 3429
fi=(71)
3228 9144
0 1143
3229 1143
fi=(72)
20 1143
fe=(65)
+5 3429
fi=(71)
3228 2286
fe=(65)
25 1143
fi=(71)
3228 6858
0 1143
3229 1143
fi=(72)
20 1143
fe=(65)
+5 1143
fi=(10)
898 1143
fi=(19)
1915 1143
fi=(36)
900 1143
fe=(65)
43 45
cob=(2)
cfi=(2)
cfn=(4260)
calls=10 -43 
* 1125
+3 81
-6 80
fi=(60)
+41 8
-81 8
81 24
cob=(2)
cfi=(2)
cfn=(4642)
calls=8 -81 
* 24728
-81 8
45 24
cob=(2)
cfi=(2)
cfn=(4642)
calls=8 -45 
* 624
* 16
fe=(65)
-20 24
fi=(71)
3228 64
0 8
3229 8
fi=(72)
20 8
fe=(65)
+5 24
fi=(71)
3228 64
0 8
3229 8
fi=(72)
20 8
fe=(65)
+5 16
fi=(19)
1915 16
fi=(36)
900 8
fe=(65)
25 3048
fi=(71)
3228 8128
0 1016
3229 1016
fi=(72)
20 1016
fe=(65)
+5 3048
fi=(71)
3228 8128
0 1016
3229 1016
fi=(72)
20 1016
fe=(65)
+5 2032
fi=(19)
1915 2032
fi=(36)
900 1016
0 8
fe=(65)
43 32
cob=(2)
cfi=(2)
cfn=(4260)
calls=8 -43 
* 1000
-43 8
fi=(60)
45 32
cob=(2)
cfi=(2)
cfn=(4642)
calls=8 -45 
* 624
fe=(65)
-20 3072
fi=(71)
3228 8192
0 1024
3229 1024
fi=(72)
20 1024
fe=(65)
+5 3072
fi=(71)
3228 2048
fe=(65)
25 1024
fi=(71)
3228 6144
0 1024
3229 1024
fi=(72)
20 1024
fe=(65)
+5 1024
fi=(10)
898 1024
fi=(19)
1915 1024
fi=(36)
900 1024
fe=(65)
43 40
cob=(2)
cfi=(2)
cfn=(4260)
calls=8 -43 
* 1000
-43 8
fi=(60)
45 32
cob=(2)
cfi=(2)
cfn=(4642)
calls=8 -45 
* 624
-45 8
fe=(65)
25 24
fi=(71)
3228 64
0 8
3229 8
fi=(72)
20 8
fe=(65)
+5 24
fi=(71)
3228 16
fe=(65)
25 8
fi=(71)
3228 48
0 8
3229 8
fi=(72)
20 8
fe=(65)
+5 8
fi=(10)
898 8
fi=(19)
1915 8
fi=(36)
900 8
fe=(65)
25 3048
fi=(71)
3228 8128
0 1016
3229 1016
fi=(72)
20 1016
fe=(65)
+5 3048
fi=(71)
3228 2032
fe=(65)
25 1016
fi=(71)
3228 6096
0 1016
3229 1016
fi=(72)
20 1016
fe=(65)
+5 1016
fi=(10)
898 1016
fi=(19)
1915 1016
fi=(36)
900 1016
0 8
fe=(65)
43 32
cob=(2)
cfi=(2)
cfn=(4260)
calls=8 -43 
* 1000
-43 8
fi=(60)
45 32
cob=(2)
cfi=(2)
cfn=(4642)
calls=8 -45 
* 624
-45 8
fe=(65)
25 24
fi=(71)
3228 64
0 8
3229 8
fi=(72)
20 8
fe=(65)
+5 24
fi=(71)
3228 16
fe=(65)
25 8
fi=(71)
3228 48
0 8
3229 8
fi=(72)
20 8
fe=(65)
+5 8
fi=(10)
898 8
fi=(19)
1915 8
fi=(36)
900 8
fe=(65)
25 3048
fi=(71)
3228 8128
0 1016
3229 1016
fi=(72)
20 1016
fe=(65)
+5 3048
fi=(71)
3228 2032
fe=(65)
25 1016
fi=(71)
3228 6096
0 1016
3229 1016
fi=(72)
20 1016
fe=(65)
+5 1016
fi=(10)
898 1016
fi=(19)
1915 1016
fi=(36)
900 1016
fe=(65)
43 40
cob=(2)
cfi=(2)
cfn=(4260)
calls=8 -43 
* 1000
-43 8
fi=(60)
45 32
cob=(2)
cfi=(2)
cfn=(4642)
calls=8 -45 
* 624
-45 8
fe=(65)
25 24
fi=(71)
3228 64
0 8
3229 8
fi=(72)
20 8
fe=(65)
+5 24
fi=(71)
3228 16
fe=(65)
25 8
fi=(71)
3228 48
0 8
3229 8
fi=(72)
20 8
fe=(65)
+5 8
fi=(10)
898 8
fi=(19)
1915 8
fi=(36)
900 8
fe=(65)
25 3048
fi=(71)
3228 8128
0 1016
3229 1016
fi=(72)
20 1016
fe=(65)
+5 3048
fi=(71)
3228 2032
fe=(65)
25 1016
fi=(71)
3228 6096
0 1016
3229 1016
fi=(72)
20 1016
fe=(65)
+5 1016
fi=(10)
898 1016
fi=(19)
1915 1016
fi=(36)
900 1016
fe=(65)
43 40
cob=(2)
cfi=(2)
cfn=(4260)
calls=8 -43 
* 1000
+3 72

fl=(49)
fn=(5074)
64 300
fi=(52)
+85 30
fi=(51)
+47 30
0 30
146 30
fi=(68) /home/rick/.cargo/registry/src/index.crates.io-1949cf8c6b5b557f/block-buffer-0.10.4/src/sealed.rs
17 60
fi=(51)
155 30
fi=(50)
-54 30
fi=(18)
552 90
cob=(2)
cfi=(2)
cfn=(4260)
calls=90 0 
* 360
fi=(51)
158 30
0 30
239 30
fe=(49)
66 240

fn=(5082)
68 210
fi=(52)
203 30
0 60
203 60
cob=(2)
cfi=(2)
cfn=(4260)
calls=90 0 
* 900
* 150
cob=(2)
cfi=(2)
cfn=(4260)
calls=90 0 
* 900
fi=(51)
-7 30
fi=(50)
-95 60
0 30
fi=(55)
180 30
fi=(51)
+8 60
cob=(2)
cfi=(2)
cfn=(4642)
calls=90 0 
* 780
fi=(53)
-49 30
+2 30
fi=(58)
-95 900
fi=(26)
1718 30
fi=(58)
46 30
+3 90
cfi=(54)
cfn=(5024)
calls=90 166 
* 184740
-49 30
8 120
cob=(2)
cfi=(2)
cfn=(4260)
calls=90 -8 
* 900
fi=(51)
+68 360
fe=(49)
-7 120
cob=(2)
cfi=(2)
cfn=(4260)
calls=90 -69 
* 1950
+1 210

fn=(4988)
26 1090
fi=(52)
149 109
fi=(51)
+47 109
0 109
146 109
fi=(68)
17 218
fi=(51)
155 109
fi=(50)
-54 101
fi=(18)
552 303
cob=(2)
cfi=(2)
cfn=(4260)
calls=118 0 
* 1453
fi=(51)
158 101
0 101
161 16
fi=(50)
-60 8
fi=(18)
552 32
cob=(2)
cfi=(2)
cfn=(4260)
calls=9 0 
* 176
fi=(26)
1718 8
fi=(58)
46 48
fi=(26)
1718 8
fi=(58)
46 16
fi=(26)
1718 8
fi=(58)
46 16
fi=(26)
1718 8
fi=(58)
46 16
fi=(26)
1718 8
fi=(58)
46 24
fi=(26)
1718 8
fi=(58)
46 32
fi=(26)
1718 8
fi=(58)
46 24
fi=(26)
1718 8
fi=(58)
46 16
fi=(26)
1718 8
fi=(58)
46 8
fi=(89) /rustc/ac68faa20c58cbccd01ee7208bf3b6e93a7d7f96/library/core/src/ptr/const_ptr.rs
863 8
fi=(58)
49 24
cfi=(54)
cfn=(5024)
calls=9 166 
* 49264
fi=(68)
-26 16
-23 8
23 56
fi=(89)
863 8
fi=(51)
169 16
0 16
fi=(26)
1718 8
fi=(58)
46 40
fi=(26)
1718 8
fi=(58)
46 16
fi=(26)
1718 8
fi=(58)
46 24
fi=(26)
1718 8
fi=(58)
46 16
fi=(26)
1718 8
fi=(58)
46 24
fi=(26)
1718 8
fi=(58)
46 24
fi=(26)
1718 8
fi=(58)
46 24
fi=(26)
1718 8
fi=(58)
46 24
fi=(26)
1718 8
fi=(58)
46 8
+3 8
fi=(14)
659 8
fi=(58)
49 16
cfi=(54)
cfn=(5024)
calls=11 166 
* 49264
fi=(26)
1718 32
fi=(58)
46 160
fi=(26)
1718 32
fi=(58)
46 64
fi=(26)
1718 32
fi=(58)
46 96
fi=(26)
1718 32
fi=(58)
46 64
fi=(26)
1718 32
fi=(58)
46 96
fi=(26)
1718 32
fi=(58)
46 96
fi=(26)
1718 32
fi=(58)
46 96
fi=(26)
1718 32
fi=(58)
46 96
fi=(26)
1718 32
fi=(58)
46 32
+3 32
fi=(14)
659 32
fi=(58)
49 64
cfi=(54)
cfn=(5024)
calls=62 166 
* 197056
fi=(14)
1717 40
fi=(55)
180 40
fi=(18)
552 32
cob=(2)
cfi=(2)
cfn=(4260)
calls=11 0 
* 88
fi=(51)
239 109
fe=(49)
28 872

fn=(5014)
30 350
fi=(52)
203 50
0 100
203 100
cob=(2)
cfi=(2)
cfn=(4260)
calls=67 0 
* 1500
* 250
cob=(2)
cfi=(2)
cfn=(4260)
calls=67 0 
* 1500
fi=(51)
-7 50
fi=(50)
-95 50
0 50
fi=(55)
180 50
fi=(51)
+8 100
cob=(2)
cfi=(2)
cfn=(4642)
calls=67 0 
* 937
fi=(53)
-49 50
+2 50
fi=(58)
-95 1200
fi=(26)
1718 50
fi=(58)
46 50
+3 150
cfi=(54)
cfn=(5024)
calls=67 166 
* 307900
-49 50
8 200
cob=(2)
cfi=(2)
cfn=(4260)
calls=67 -8 
* 1500
fi=(51)
+68 500
fe=(49)
-45 200
cob=(2)
cfi=(2)
cfn=(4260)
calls=67 -31 
* 3250
+1 350

fn=(5036)
42 360
fi=(57)
457 40
fi=(34)
0 80
460 40
0 40
cfi=(6)
cfn=(4864)
calls=42 0 
0 40
0 40
fi=(23)
198 120
cfi=(6)
cfn=(5040)
calls=42 0 
* 4955
fi=(34)
469 80
0 40
fi=(62)
41 40
fi=(51)
196 80
+62 40
0 200
fi=(18)
0 40
fi=(51)
344 240
0 40
fi=(14)
1717 40
fi=(55)
180 40
0 160
fi=(18)
552 160
cob=(2)
cfi=(2)
cfn=(4260)
calls=40 0 
* 1200
* 480
cob=(2)
cfi=(2)
cfn=(4260)
calls=120 0 
* 3600
fi=(58)
61 480
cfi=(54)
cfn=(5024)
calls=160 166 
* 985280
fi=(62)
-61 160
44 480
cob=(2)
cfi=(2)
cfn=(4260)
calls=160 -44 
* 4800
fi=(14)
1717 320
fi=(55)
180 160
0 120
fi=(51)
274 40
0 80
fi=(18)
552 120
cob=(2)
cfi=(2)
cfn=(4260)
calls=42 0 
* 1200
fi=(58)
61 120
cfi=(54)
cfn=(5024)
calls=42 166 
* 246320
fi=(51)
-61 120
fi=(18)
552 200
cob=(2)
cfi=(2)
cfn=(4260)
calls=42 0 
* 880
fi=(51)
278 160
cob=(2)
cfi=(2)
cfn=(4260)
calls=42 0 
* 1200
* 40
0 80
239 40
fe=(49)
45 120
+1 360

fn=(5110)
37 3618
fi=(62)
+4 402
-41 402
fi=(51)
196 804
+62 402
0 784
259 1176
fi=(50)
89 392
fi=(18)
552 1176
cob=(2)
cfi=(2)
cfn=(4260)
calls=2919 0 
* 6272
fi=(51)
239 392
0 814
344 70
0 10
fi=(14)
1717 20
fi=(55)
180 10
0 10
fi=(51)
274 20
0 30
fi=(18)
552 40
cob=(2)
cfi=(2)
cfn=(4260)
calls=36 0 
* 300
fi=(58)
61 30
cfi=(54)
cfn=(5024)
calls=36 166 
* 61580
fi=(18)
552 40
cob=(2)
cfi=(2)
cfn=(4260)
calls=36 0 
* 128
fi=(51)
278 40
cob=(2)
cfi=(2)
cfn=(4260)
calls=36 0 
* 300
-39 402
fe=(49)
39 3216

fl=(48)
fn=(5130)
77 153
+1 34
cob=(2)
cfi=(2)
cfn=(4260)
calls=34 -78 
* 2125
-78 68
80 34
fi=(71)
3228 748
+1 136
fe=(48)
80 1088
fi=(71)
3228 23188
+1 4216
fe=(48)
80 1054
fi=(55)
180 1632
0 85
fe=(48)
86 51
-86 17
88 17
-1 17
+1 17
fi=(55)
-88 119
fe=(48)
86 357
-86 119
88 119
-1 119
+1 4318
-1 4199
+1 21539
-88 4335
91 87040
fi=(71)
3228 156672
0 17408
3229 52224
fe=(48)
92 52224
fi=(71)
3228 139264
0 17408
3229 17408
fi=(72)
20 17408
fe=(48)
+73 17408
fi=(71)
3228 139264
0 17408
3229 17408
fi=(72)
20 17408
fe=(48)
+72 17408
+1 17408
+1 17408
-4 34816
+6 4335
-10 8670
+12 136
-14 136
-84 17
100 68
cob=(2)
cfi=(2)
cfn=(4260)
calls=34 0 
* 2125
+1 153

fn=(5150)
104 1278
+1 284
cob=(2)
cfi=(2)
cfn=(4260)
calls=160 0 
* 17750
0 568
107 284
fi=(71)
3228 6248
+1 1136
fe=(48)
107 9088
fi=(71)
3228 193688
+1 35216
fe=(48)
107 8804
fi=(55)
+73 13632
0 710
fe=(48)
113 426
0 142
114 142
+1 284
fi=(55)
0 994
fe=(48)
113 2982
0 994
114 994
+1 1988
-1 35074
+1 142568
fi=(71)
3228 289680
+1 253470
0 36210
fe=(48)
118 290816
+1 436224
-1 145408
+1 290816
fi=(71)
3228 1163264
0 145408
3229 145408
fi=(72)
20 145408
fe=(48)
120 145408
fi=(71)
3228 1308672
0 145408
3229 436224
fe=(48)
121 145408
fi=(71)
3228 1163264
0 145408
3229 145408
fi=(72)
20 145408
fe=(48)
+99 145408
+2 145408
+1 145408
-5 290816
+7 36210
-11 72420
-2 3408
0 284
129 284
fi=(71)
3228 1136
0 142
3229 142
fi=(72)
20 142
fe=(48)
129 426
fi=(71)
3228 1136
0 142
3229 142
fi=(72)
20 142
fe=(48)
129 142
fi=(14)
1717 284
fi=(55)
180 142
fe=(48)
-51 36068
fi=(71)
3228 144272
0 18034
3229 18034
fi=(72)
20 18034
fe=(48)
129 54102
fi=(71)
3228 144272
0 18034
3229 18034
fi=(72)
20 18034
fe=(48)
129 18034
fi=(14)
1717 36068
fi=(55)
180 18034
0 142
fe=(48)
131 568
cob=(2)
cfi=(2)
cfn=(4260)
calls=160 0 
* 17750
+1 1278

ob=(2)
fl=(2)
fn=(4232)
0 1320
cfn=(4234) 0x00000000000a80c0
calls=28 0 
0 4464
0 264

fn=(3994)
0 169
cfn=(4000) 0x00000000000a6dc0
calls=39 0 
0 1824
0 1781

fn=(4000)
0 7812
cfn=(4726) 0x00000000000a4e90
calls=16 0 
0 214
0 369

fn=(3876)
cfn=(3920) 0x00000000000276c0
calls=1 0 
0 28518985

fn=(4280) 0x00000000000a6140
0 3306
cfn=(4298) 0x00000000000a4f60
calls=89 0 
0 768
0 793

fn=(4274) 0x00000000000a6290
0 120
cfn=(4280)
calls=12 0 
0 940
0 50

fn=(4298)
0 768

fn=(4760)
0 833
cfn=(4000)
calls=67 0 
0 5314
0 828818

fn=(4234)
0 1033
cfn=(4000)
calls=10 0 
0 1257
0 84
cfn=(4274)
calls=2 0 
0 222
0 74
cfn=(4726)
calls=10 0 
0 174
0 127
cfn=(4260)
calls=10 0 
0 401
0 48
cfn=(4274)
calls=10 0 
0 888
0 156

fn=(4642)
0 358927

fn=(4726)
0 388

fn=(3920)
cob=(6)
cfi=(6)
cfn=(3934)
calls=1 0 
0 28518985

fn=(4260)
0 574295

fn=(4626)
0 612
cfn=(4280)
calls=77 0 
0 3927
0 456180

totals: 28518985
