# callgrind format
version: 1
creator: callgrind-3.25.1
pid: 929708
cmd:  target/release/examples/profile baseline case-008
part: 1


desc: I1 cache: 
desc: D1 cache: 
desc: LL cache: 

desc: Timerange: Basic block 0 - 3939843
desc: Trigger: Program termination

positions: line
events: Ir
summary: 25455593


ob=(1) /usr/lib/ld-linux-x86-64.so.2
fl=(1) ???
fn=(0) 0x000000000001f300
cob=(6) /home/rick/unl/king's/thesis/ml-dsa/target/release/examples/profile
cfi=(6) ???
cfn=(3874) (below main)
calls=1 0 
0 25455593

ob=(6)
fl=(67) /home/rick/unl/king's/thesis/ml-dsa/ml-dsa/src/serdes.rs
fn=(5316) ml_dsa::serdes::sk_decode
99 8
-99 34
102 2
fi=(18) /rustc/ac68faa20c58cbccd01ee7208bf3b6e93a7d7f96/library/core/src/ptr/mod.rs
552 16
fi=(50) /rustc/ac68faa20c58cbccd01ee7208bf3b6e93a7d7f96/library/core/src/slice/index.rs
89 1
fe=(67)
+27 10
cfi=(63) /home/rick/unl/king's/thesis/ml-dsa/ml-dsa/src/encoding.rs
cfn=(5320) ml_dsa::encoding::bit_unpack
calls=1 +15 
* 22098
* 5
cob=(2) /usr/lib/libc.so.6
cfi=(2) ???
cfn=(4260) 0x0000000000171fc0
calls=1 0 
* 125
fi=(50)
-27 1
fe=(67)
+27 5
cfi=(63)
cfn=(5320)
calls=1 +15 
* 22098
* 4
cob=(2)
cfi=(2)
cfn=(4260)
calls=1 0 
* 125
fi=(50)
-27 1
fe=(67)
+27 5
cfi=(63)
cfn=(5320)
calls=1 +15 
* 22098
* 4
cob=(2)
cfi=(2)
cfn=(4260)
calls=1 0 
* 125
fi=(50)
-27 1
fe=(67)
+27 5
cfi=(63)
cfn=(5320)
calls=1 +15 
* 22098
* 4
cob=(2)
cfi=(2)
cfn=(4260)
calls=1 0 
* 123
fi=(50)
-27 1
fe=(67)
+27 5
cfi=(63)
cfn=(5320)
calls=1 +15 
* 22098
* 4
cob=(2)
cfi=(2)
cfn=(4260)
calls=1 0 
* 125
fi=(50)
-27 2
fe=(67)
+32 5
cfi=(63)
cfn=(5320)
calls=1 +10 
* 22098
* 5
cob=(2)
cfi=(2)
cfn=(4260)
calls=1 0 
* 125
fi=(50)
-32 1
fe=(67)
+32 5
cfi=(63)
cfn=(5320)
calls=1 +10 
* 22098
* 4
cob=(2)
cfi=(2)
cfn=(4260)
calls=1 0 
* 125
fi=(50)
-32 1
fe=(67)
+32 5
cfi=(63)
cfn=(5320)
calls=1 +10 
* 22098
* 4
cob=(2)
cfi=(2)
cfn=(4260)
calls=1 0 
* 123
fi=(50)
-32 1
fe=(67)
+32 5
cfi=(63)
cfn=(5320)
calls=1 +10 
* 22098
* 4
cob=(2)
cfi=(2)
cfn=(4260)
calls=1 0 
* 125
fi=(50)
-32 1
fe=(67)
+32 5
cfi=(63)
cfn=(5320)
calls=1 +10 
* 22098
* 4
cob=(2)
cfi=(2)
cfn=(4260)
calls=1 0 
* 125
fi=(50)
-32 1
fe=(67)
+32 5
cfi=(63)
cfn=(5320)
calls=1 +10 
* 22098
* 4
cob=(2)
cfi=(2)
cfn=(4260)
calls=1 0 
* 125
fi=(50)
-32 2
fe=(67)
+37 5
cfi=(63)
cfn=(5320)
calls=1 +5 
* 67633
* 5
cob=(2)
cfi=(2)
cfn=(4260)
calls=1 0 
* 123
fi=(50)
-37 1
fe=(67)
+37 5
cfi=(63)
cfn=(5320)
calls=1 +5 
* 67633
* 4
cob=(2)
cfi=(2)
cfn=(4260)
calls=1 0 
* 125
fi=(50)
-37 1
fe=(67)
+37 5
cfi=(63)
cfn=(5320)
calls=1 +5 
* 67633
* 4
cob=(2)
cfi=(2)
cfn=(4260)
calls=1 0 
* 125
fi=(50)
-37 1
fe=(67)
+37 5
cfi=(63)
cfn=(5320)
calls=1 +5 
* 67633
* 4
cob=(2)
cfi=(2)
cfn=(4260)
calls=1 0 
* 125
fi=(50)
-37 1
fe=(67)
+37 5
cfi=(63)
cfn=(5320)
calls=1 +5 
* 67633
* 4
cob=(2)
cfi=(2)
cfn=(4260)
calls=1 0 
* 123
fi=(50)
-37 1
fe=(67)
+37 7
cfi=(63)
cfn=(5320)
calls=1 +5 
* 67633
* 4
cob=(2)
cfi=(2)
cfn=(4260)
calls=1 0 
* 125
+3 4
cob=(2)
cfi=(2)
cfn=(4260)
calls=1 0 
* 509
* 5
cob=(2)
cfi=(2)
cfn=(4260)
calls=1 0 
* 603
* 4
cob=(2)
cfi=(2)
cfn=(4260)
calls=1 0 
* 605
* 4
cob=(2)
cfi=(2)
cfn=(4260)
calls=1 0 
* 17564
* 1
+1 1
0 1
130 9

fn=(5400) ml_dsa::serdes::w1_encode
168 63
fi=(35) /rustc/ac68faa20c58cbccd01ee7208bf3b6e93a7d7f96/library/alloc/src/vec/mod.rs
464 21
0 7
fe=(67)
171 14
cfi=(63)
cfn=(5176) ml_dsa::encoding::simple_bit_pack
calls=8 -72 
* 388878
fi=(34) /rustc/ac68faa20c58cbccd01ee7208bf3b6e93a7d7f96/library/alloc/src/raw_vec/mod.rs
614 7
fi=(35)
1840 7
fi=(34)
767 7
-94 7
fi=(35)
2912 14
fi=(34)
424 7
634 14
fi=(23) /rustc/ac68faa20c58cbccd01ee7208bf3b6e93a7d7f96/library/alloc/src/alloc.rs
128 21
cfi=(6)
cfn=(4970) __rustc::__rust_dealloc
calls=8 0 
* 245
fe=(67)
+43 28
cfi=(63)
cfn=(5176)
calls=8 -72 
* 388878
fi=(34)
614 7
fi=(35)
1840 7
fi=(34)
619 7
fi=(10) /rustc/ac68faa20c58cbccd01ee7208bf3b6e93a7d7f96/library/core/src/num/uint_macros.rs
2548 7
fi=(34)
767 7
-94 7
fi=(20) /rustc/ac68faa20c58cbccd01ee7208bf3b6e93a7d7f96/library/core/src/ptr/mut_ptr.rs
961 7
fi=(18)
552 21
cob=(2)
cfi=(2)
cfn=(4260)
calls=8 0 
* 154
fi=(35)
2912 14
fi=(34)
424 7
634 14
fi=(23)
128 21
cfi=(6)
cfn=(4970)
calls=8 0 
* 245
fe=(67)
+43 28
cfi=(63)
cfn=(5176)
calls=8 -72 
* 388878
fi=(34)
614 7
fi=(35)
1840 7
fi=(34)
619 7
fi=(10)
2548 7
fi=(34)
767 7
-94 7
fi=(20)
961 7
fi=(18)
552 21
cob=(2)
cfi=(2)
cfn=(4260)
calls=8 0 
* 154
fi=(35)
2912 14
fi=(34)
424 7
634 14
fi=(23)
128 21
cfi=(6)
cfn=(4970)
calls=8 0 
* 245
fe=(67)
+43 28
cfi=(63)
cfn=(5176)
calls=8 -72 
* 388878
fi=(34)
614 7
fi=(35)
1840 7
fi=(34)
619 7
fi=(10)
2548 7
fi=(34)
767 7
-94 7
fi=(35)
2907 14
fi=(20)
961 7
fi=(18)
552 21
cob=(2)
cfi=(2)
cfn=(4260)
calls=8 0 
* 154
fi=(35)
2912 14
fi=(34)
424 7
634 14
fi=(23)
128 21
cfi=(6)
cfn=(4970)
calls=8 0 
* 245
fe=(67)
+43 28
cfi=(63)
cfn=(5176)
calls=8 -72 
* 388878
fi=(34)
614 7
fi=(35)
1840 7
fi=(34)
619 7
fi=(10)
2548 7
fi=(34)
767 7
-94 7
fi=(20)
961 7
fi=(18)
552 21
cob=(2)
cfi=(2)
cfn=(4260)
calls=8 0 
* 154
fi=(35)
2912 14
fi=(34)
424 7
634 14
fi=(23)
128 21
cfi=(6)
cfn=(4970)
calls=8 0 
* 245
fe=(67)
+43 7
0 7
171 21
cfi=(63)
cfn=(5176)
calls=8 -72 
* 388878
fi=(34)
614 7
fi=(35)
1840 7
fi=(34)
619 7
fi=(10)
2548 7
fi=(34)
767 7
-94 7
fi=(35)
2907 14
fi=(20)
961 7
fi=(18)
552 28
cob=(2)
cfi=(2)
cfn=(4260)
calls=8 0 
* 154
fi=(35)
2912 14
fi=(34)
424 7
634 14
fi=(23)
128 21
cfi=(6)
cfn=(4970)
calls=8 0 
* 245
fe=(67)
+45 28
+1 63
0 7
fi=(34)
675 21
cfn=(5288) alloc::raw_vec::RawVecInner<A>::reserve::do_reserve_and_handle
calls=8 -14 
* 1781
-61 7
fi=(35)
3023 7
fi=(20)
961 7
fi=(18)
552 21
cob=(2)
cfi=(2)
cfn=(4260)
calls=8 0 
* 154
0 14
fi=(34)
675 21
cfn=(5288)
calls=8 -14 
* 1908
-61 7
fi=(35)
3023 7
2907 7
0 7
fi=(34)
675 21
cfn=(5288)
calls=8 -14 
* 3531
-61 7
fi=(35)
3023 7
2907 7
0 7
fi=(34)
675 21
cfn=(5288)
calls=8 -14 
* 1525
-61 7
fi=(35)
3023 7
2907 7
fe=(67)

fn=(5526) ml_dsa::serdes::sig_encode
133 13
cfi=(6)
cfn=(4864) __rustc::__rust_no_alloc_shim_is_unstable_v2
calls=1 0 
* 1
fi=(23)
-32 3
cfi=(6)
cfn=(4866) __rustc::__rust_alloc
calls=1 0 
* 142
fi=(34)
469 2
fi=(35)
977 4
fi=(34)
767 2
-94 1
0 1
fi=(35)
2907 2
fi=(20)
961 1
fi=(18)
552 3
cob=(2)
cfi=(2)
cfn=(4260)
calls=1 0 
* 12
fi=(35)
2912 2
0 1
fe=(67)
141 4
cfi=(63)
cfn=(5242) ml_dsa::encoding::bit_pack
calls=1 -32 
* 125659
fi=(34)
614 1
fi=(35)
1840 1
fi=(34)
619 1
fi=(10)
2548 1
fi=(34)
767 1
-94 1
fi=(35)
2907 2
fi=(20)
961 1
fi=(18)
552 3
cob=(2)
cfi=(2)
cfn=(4260)
calls=1 0 
* 89
fi=(35)
2912 2
fi=(34)
424 1
634 2
fi=(23)
128 3
cfi=(6)
cfn=(4970)
calls=1 0 
* 35
fe=(67)
+13 5
cfi=(63)
cfn=(5242)
calls=1 -32 
* 125659
fi=(34)
614 1
fi=(35)
1840 1
fi=(34)
619 1
fi=(10)
2548 1
fi=(34)
767 1
-94 1
fi=(35)
2907 2
fi=(20)
961 1
fi=(18)
552 3
cob=(2)
cfi=(2)
cfn=(4260)
calls=1 0 
* 89
fi=(35)
2912 2
fi=(34)
424 1
634 2
fi=(23)
128 3
cfi=(6)
cfn=(4970)
calls=1 0 
* 35
fe=(67)
+13 5
cfi=(63)
cfn=(5242)
calls=1 -32 
* 125659
fi=(34)
614 1
fi=(35)
1840 1
fi=(34)
619 1
fi=(10)
2548 1
fi=(34)
767 1
-94 1
fi=(35)
2907 2
fi=(20)
961 1
fi=(18)
552 3
cob=(2)
cfi=(2)
cfn=(4260)
calls=1 0 
* 89
fi=(35)
2912 2
fi=(34)
424 1
634 2
fi=(23)
128 3
cfi=(6)
cfn=(4970)
calls=1 0 
* 35
fe=(67)
+13 5
cfi=(63)
cfn=(5242)
calls=1 -32 
* 125659
fi=(34)
614 1
fi=(35)
1840 1
fi=(34)
619 1
fi=(10)
2548 1
fi=(34)
767 1
-94 1
fi=(35)
2907 2
fi=(20)
961 1
fi=(18)
552 3
cob=(2)
cfi=(2)
cfn=(4260)
calls=1 0 
* 89
fi=(35)
2912 2
fi=(34)
424 1
634 2
fi=(23)
128 3
cfi=(6)
cfn=(4970)
calls=1 0 
* 35
fe=(67)
+13 1
0 1
141 4
cfi=(63)
cfn=(5242)
calls=1 -32 
* 125659
fi=(34)
614 1
fi=(35)
1840 1
fi=(34)
619 1
fi=(10)
2548 1
fi=(34)
767 1
-94 1
fi=(35)
2907 2
fi=(20)
961 1
fi=(18)
552 3
cob=(2)
cfi=(2)
cfn=(4260)
calls=1 0 
* 89
fi=(35)
2912 2
fi=(34)
424 1
634 2
fi=(23)
128 3
cfi=(6)
cfn=(4970)
calls=1 0 
* 35
0 2
fe=(67)
143 1
cfi=(73) /home/rick/unl/king's/thesis/ml-dsa/ml-dsa/src/hint.rs
cfn=(5536) ml_dsa::hint::hint_bit_pack
calls=1 17 
* 5663
fi=(34)
614 1
fi=(35)
1840 1
fi=(34)
619 1
fi=(10)
2548 1
fi=(34)
767 1
-94 1
fi=(35)
2907 2
fi=(20)
961 1
fi=(18)
552 4
cob=(2)
cfi=(2)
cfn=(4260)
calls=1 0 
* 12
fi=(35)
2912 2
fi=(34)
424 1
634 2
fi=(23)
128 3
cfi=(6)
cfn=(4970)
calls=1 0 
* 35
fe=(67)
+16 4
+1 9

fl=(34)
fn=(5292) alloc::raw_vec::RawVecInner<A>::finish_grow
543 140
fi=(70) /rustc/ac68faa20c58cbccd01ee7208bf3b6e93a7d7f96/library/core/src/alloc/layout.rs
75 28
+38 28
0 28
fe=(34)
634 56
0 21
fi=(23)
155 84
cfi=(6)
cfn=(5296) __rustc::__rust_realloc
calls=24 0 
* 5851
fe=(34)
563 42
fi=(23)
206 14
+4 7
cfi=(6)
cfn=(4864)
calls=8 0 
* 7
101 21
cfi=(6)
cfn=(4866)
calls=8 0 
* 1396
fe=(34)
563 14
+1 56
0 84
567 112

fn=(5288)
661 84
fi=(10)
823 28
fi=(57) /rustc/ac68faa20c58cbccd01ee7208bf3b6e93a7d7f96/library/core/src/intrinsics/mod.rs
457 28
0 28
fe=(34)
522 56
fi=(19) /rustc/ac68faa20c58cbccd01ee7208bf3b6e93a7d7f96/library/core/src/cmp.rs
1037 140
fe=(34)
528 28
0 28
528 84
cfn=(5292)
calls=32 +15 
* 7989
fi=(26) /rustc/ac68faa20c58cbccd01ee7208bf3b6e93a7d7f96/library/core/src/result.rs
2173 56
+1 28
fe=(34)
776 28
+1 28
671 112

fl=(30) /rustc/ac68faa20c58cbccd01ee7208bf3b6e93a7d7f96/library/std/src/sys/backtrace.rs
fn=(4904) std::sys::backtrace::__rust_begin_short_backtrace
fi=(87) /rustc/ac68faa20c58cbccd01ee7208bf3b6e93a7d7f96/library/core/src/ops/function.rs
cfi=(31) /home/rick/unl/king's/thesis/ml-dsa/ml-dsa/examples/profile.rs
cfn=(4906) profile::main
calls=1 139 
250 25455593
fe=(30)

fl=(14) /rustc/ac68faa20c58cbccd01ee7208bf3b6e93a7d7f96/library/core/src/ptr/non_null.rs
fn=(5444) <digest::core_api::xof_reader::XofReaderCoreWrapper<T> as digest::XofReader>::read::{{closure}}
1717 14
fi=(55) /rustc/ac68faa20c58cbccd01ee7208bf3b6e93a7d7f96/library/core/src/slice/iter/macros.rs
180 14
0 105
fi=(62) /home/rick/.cargo/registry/src/index.crates.io-1949cf8c6b5b557f/digest-0.10.7/src/core_api/xof_reader.rs
44 21
fi=(18)
552 42
cob=(2)
cfi=(2)
cfn=(4260)
calls=7 0 
* 210
fi=(58) /home/rick/.cargo/registry/src/index.crates.io-1949cf8c6b5b557f/sha3-0.10.9/src/state.rs
61 21
cfi=(54) /home/rick/.cargo/registry/src/index.crates.io-1949cf8c6b5b557f/keccak-0.1.6/src/lib.rs
cfn=(5024) keccak::p1600
calls=7 166 
* 43106
fi=(62)
-17 28
cob=(2)
cfi=(2)
cfn=(4260)
calls=7 -44 
* 210
fe=(14)
1717 14
fi=(55)
180 7
0 49
fi=(62)
46 14
fe=(14)

fl=(46) /home/rick/unl/king's/thesis/ml-dsa/ml-dsa/src/lib.rs
fn=(5310) ml_dsa::ml_dsa_65::sign_internal
97 4
fi=(69) /home/rick/unl/king's/thesis/ml-dsa/ml-dsa/src/sign.rs
-66 1
cfn=(5312) ml_dsa::sign::sign_internal_traced
calls=1 +6 
* 25455563
* 4
fe=(46)
+68 4

fl=(31)
fn=(4906)
cfn=(5308) profile::bench_sign
calls=1 90 
103 25455593

fn=(5308)
90 1
fi=(75) /rustc/ac68faa20c58cbccd01ee7208bf3b6e93a7d7f96/library/core/src/hint.rs
491 13
fe=(31)
91 1
cfi=(46)
cfn=(5310)
calls=1 +6 
* 25455576
+1 2

fl=(24) /rustc/ac68faa20c58cbccd01ee7208bf3b6e93a7d7f96/library/std/src/alloc.rs
fn=(4868) __rustc::__rdl_alloc
450 55
fi=(25) /rustc/ac68faa20c58cbccd01ee7208bf3b6e93a7d7f96/library/std/src/sys/alloc/unix.rs
13 330
+1 110
cob=(2)
cfi=(2)
cfn=(3994) malloc
calls=96 -14 
* 3378
fe=(24)

fn=(5042) __rustc::__rdl_alloc_zeroed
482 73296
fi=(25)
35 73296
+1 85512
cob=(2)
cfi=(2)
cfn=(4760) calloc
calls=19683 -36 
* 741093
fe=(24)

fn=(5298) __rustc::__rdl_realloc
467 168
fi=(25)
53 126
+1 168
cob=(2)
cfi=(2)
cfn=(4232) realloc
calls=25 -54 
* 5368
fe=(24)

fl=(63)
fn=(5320)
131 520
+1 52
0 52
fi=(10)
154 156
fe=(63)
16 52
-16 52
133 52
cfn=(5322) ml_dsa::encoding::bytes_to_bits
calls=57 -72 
* 1527179
fi=(60) /home/rick/unl/king's/thesis/ml-dsa/ml-dsa/src/poly.rs
32 208
cob=(2)
cfi=(2)
cfn=(4642) 0x00000000001729c0
calls=57 -32 
* 4056
* 208
-32 104
fe=(63)
136 39936
0 13312
fi=(19)
1915 13312
fi=(36) /rustc/ac68faa20c58cbccd01ee7208bf3b6e93a7d7f96/library/core/src/iter/range.rs
900 13312
fe=(63)
136 39936
fi=(50)
438 26624
fe=(63)
0 13312
fi=(50)
89 13312
-89 39936
fi=(19)
1915 66560
fe=(63)
34 26624
fi=(88) /rustc/ac68faa20c58cbccd01ee7208bf3b6e93a7d7f96/library/core/src/ops/range.rs
563 13312
fi=(19)
1915 985600
fe=(63)
34 394240
fi=(88)
563 197120
fi=(36)
0 394240
fi=(88)
563 394240
fi=(34)
424 52
634 104
fi=(23)
128 156
cfi=(6)
cfn=(4970)
calls=57 0 
* 5141
fe=(63)
+11 468

fn=(5242)
109 40
+1 5
0 5
fi=(10)
154 20
fe=(63)
16 5
+95 10
fi=(34)
460 15
0 10
cfi=(6)
cfn=(4864)
calls=22 0 
0 5
fi=(23)
101 15
cfi=(6)
cfn=(4866)
calls=22 0 
* 710
fi=(34)
469 10
fi=(35)
977 60
0 25
fe=(63)
113 5
fi=(34)
0 5
cfi=(6)
cfn=(4864)
calls=22 0 
0 5
fi=(35)
0 3825
fe=(63)
113 1275
fi=(34)
0 1275
cfi=(6)
cfn=(4864)
calls=5610 0 
0 1275
fi=(23)
198 5120
cfi=(6)
cfn=(5040) __rustc::__rust_alloc_zeroed
calls=5632 0 
* 85760
fi=(34)
469 2560
fe=(63)
0 2560
113 1280
0 1280
fi=(36)
900 1280
0 3840
fe=(63)
24 19200
fi=(10)
898 1280
fe=(63)
25 1280
fi=(36)
900 2560
fe=(63)
24 76800
fi=(10)
898 5120
fe=(63)
25 5120
fi=(36)
900 10240
0 2560
900 1280
fi=(34)
619 1280
fi=(10)
2548 1280
fi=(34)
767 2560
fe=(63)
0 2560
fi=(20)
961 1280
fi=(18)
552 3840
cob=(2)
cfi=(2)
cfn=(4260)
calls=5632 0 
* 14080
fi=(35)
2912 2560
fi=(23)
128 5120
cfi=(6)
cfn=(4970)
calls=5632 0 
* 44800
fi=(19)
1915 1280
fi=(36)
900 1285
fi=(35)
0 5
fe=(63)
116 25
cfn=(5192) ml_dsa::encoding::bits_to_bytes
calls=22 -65 
* 307965
fi=(34)
424 5
634 10
fi=(23)
128 15
cfi=(6)
cfn=(4970)
calls=22 0 
* 580
fe=(63)
-11 45

fn=(5176)
99 378
fi=(10)
+55 168
fe=(63)
16 42
+85 84
fi=(34)
460 126
0 42
cfi=(6)
cfn=(4864)
calls=54 0 
0 42
fi=(23)
101 126
cfi=(6)
cfn=(4866)
calls=54 0 
* 1680
fi=(34)
469 84
fi=(35)
977 420
0 210
fe=(63)
103 42
fi=(34)
0 42
cfi=(6)
cfn=(4864)
calls=54 0 
0 42
fi=(35)
0 21420
fe=(63)
103 10710
fi=(34)
0 10710
cfi=(6)
cfn=(4864)
calls=13770 0 
0 10710
fi=(23)
198 32256
cfi=(6)
cfn=(5040)
calls=13824 0 
* 677376
fi=(34)
469 21504
0 21504
fi=(36)
900 10752
0 21504
fe=(63)
24 161280
fi=(10)
898 10752
fe=(63)
25 10752
fi=(36)
900 21504
0 10752
900 10752
fi=(34)
619 10752
fi=(10)
2548 10752
0 10752
fi=(34)
767 21504
0 21504
fi=(20)
961 10752
fi=(18)
552 32256
cob=(2)
cfi=(2)
cfn=(4260)
calls=13824 0 
* 161280
fi=(35)
2912 21504
fi=(23)
128 43008
cfi=(6)
cfn=(4970)
calls=13824 0 
* 376320
fi=(19)
1915 10752
fi=(36)
900 10794
fi=(35)
0 42
fe=(63)
105 210
cfn=(5192)
calls=54 -54 
* 521220
fi=(34)
424 42
634 84
fi=(23)
128 126
cfi=(6)
cfn=(4970)
calls=54 0 
* 1470
fe=(63)
-22 378

fn=(5192)
51 376
fi=(10)
3714 94
fi=(34)
460 47
0 47
cfi=(6)
cfn=(4864)
calls=76 0 
0 47
fi=(23)
198 141
cfi=(6)
cfn=(5040)
calls=76 0 
* 4338
fi=(34)
469 94
0 47
fi=(19)
1915 47
fi=(36)
900 47
0 94
fe=(63)
55 94
fi=(50)
278 94
fe=(63)
55 137122
fi=(50)
278 137122
fi=(10)
898 68608
fe=(63)
55 274432
-55 68608
fi=(19)
1915 68608
fi=(36)
900 68608
fe=(63)
57 141
+1 329

fn=(5322)
61 295
+2 59
-63 59
fi=(57)
457 59
fi=(34)
0 59
460 59
0 236
cfi=(6)
cfn=(4864)
calls=71 0 
0 59
0 59
fi=(23)
198 177
cfi=(6)
cfn=(5040)
calls=71 0 
* 210337
fi=(34)
469 118
0 177
fi=(19)
1915 59
fi=(36)
900 59
0 59
fi=(50)
278 177
0 59
278 52720
fe=(63)
65 26360
+2 79080
fi=(50)
278 52720
fe=(63)
68 52720
-1 52720
fi=(50)
278 52720
fe=(63)
68 52720
-1 52720
fi=(50)
278 52720
fe=(63)
68 52720
-1 52720
fi=(50)
278 52720
fe=(63)
68 52720
-1 52720
fi=(50)
278 52720
fe=(63)
68 52720
-1 52720
fi=(50)
278 52720
fe=(63)
68 52720
-1 52720
fi=(50)
278 52720
fe=(63)
0 26360
68 26360
-1 26360
fi=(19)
1915 52720
fi=(36)
900 26360
fe=(63)
71 177
+1 413

fl=(69)
fn=(5312)
37 8
fi=(32) /rustc/ac68faa20c58cbccd01ee7208bf3b6e93a7d7f96/library/core/src/fmt/mod.rs
-37 146
fe=(69)
43 1
cfi=(67)
cfn=(5316)
calls=1 +56 
* 670545
fi=(26)
1183 2
0 1
1184 3
0 1
1184 3
cob=(2)
cfi=(2)
cfn=(4260)
calls=1 0 
* 17552
fe=(69)
42 18
-42 1
42 3
cob=(2)
cfi=(2)
cfn=(4260)
calls=1 -42 
* 509
* 5
cob=(2)
cfi=(2)
cfn=(4260)
calls=1 -42 
* 603
* 5
cob=(2)
cfi=(2)
cfn=(4260)
calls=1 -42 
* 605
fi=(64) /home/rick/unl/king's/thesis/ml-dsa/ml-dsa/src/vecops.rs
-24 2
-18 1
18 3
cfi=(48) /home/rick/unl/king's/thesis/ml-dsa/ml-dsa/src/ntt.rs
cfn=(5130) ml_dsa::ntt::ntt
calls=1 +59 
* 55208
* 4
cob=(2)
cfi=(2)
cfn=(4260)
calls=1 -18 
* 123
* 3
cfi=(48)
cfn=(5130)
calls=1 +59 
* 55208
* 4
cob=(2)
cfi=(2)
cfn=(4260)
calls=1 -18 
* 125
* 3
cfi=(48)
cfn=(5130)
calls=1 +59 
* 55208
* 4
cob=(2)
cfi=(2)
cfn=(4260)
calls=1 -18 
* 125
* 3
cfi=(48)
cfn=(5130)
calls=1 +59 
* 55208
* 4
cob=(2)
cfi=(2)
cfn=(4260)
calls=1 -18 
* 125
* 3
cfi=(48)
cfn=(5130)
calls=1 +59 
* 55208
* 4
cob=(2)
cfi=(2)
cfn=(4260)
calls=1 -18 
* 123
-18 1
18 3
cfi=(48)
cfn=(5130)
calls=1 +59 
* 55208
* 4
cob=(2)
cfi=(2)
cfn=(4260)
calls=1 -18 
* 125
* 3
cfi=(48)
cfn=(5130)
calls=1 +59 
* 55208
* 4
cob=(2)
cfi=(2)
cfn=(4260)
calls=1 -18 
* 123
* 3
cfi=(48)
cfn=(5130)
calls=1 +59 
* 55208
* 4
cob=(2)
cfi=(2)
cfn=(4260)
calls=1 -18 
* 125
* 3
cfi=(48)
cfn=(5130)
calls=1 +59 
* 55208
* 4
cob=(2)
cfi=(2)
cfn=(4260)
calls=1 -18 
* 125
* 3
cfi=(48)
cfn=(5130)
calls=1 +59 
* 55208
* 4
cob=(2)
cfi=(2)
cfn=(4260)
calls=1 -18 
* 125
* 3
cfi=(48)
cfn=(5130)
calls=1 +59 
* 55208
* 4
cob=(2)
cfi=(2)
cfn=(4260)
calls=1 -18 
* 123
-18 1
18 3
cfi=(48)
cfn=(5130)
calls=1 +59 
* 55208
* 4
cob=(2)
cfi=(2)
cfn=(4260)
calls=1 -18 
* 125
* 3
cfi=(48)
cfn=(5130)
calls=1 +59 
* 55208
* 4
cob=(2)
cfi=(2)
cfn=(4260)
calls=1 -18 
* 125
* 3
cfi=(48)
cfn=(5130)
calls=1 +59 
* 55208
* 4
cob=(2)
cfi=(2)
cfn=(4260)
calls=1 -18 
* 125
* 3
cfi=(48)
cfn=(5130)
calls=1 +59 
* 55208
* 4
cob=(2)
cfi=(2)
cfn=(4260)
calls=1 -18 
* 123
* 3
cfi=(48)
cfn=(5130)
calls=1 +59 
* 55208
* 4
cob=(2)
cfi=(2)
cfn=(4260)
calls=1 -18 
* 125
* 3
cfi=(48)
cfn=(5130)
calls=1 +59 
* 55208
* 4
cob=(2)
cfi=(2)
cfn=(4260)
calls=1 -18 
* 125
* 2
fe=(69)
+29 1
cfi=(59) /home/rick/unl/king's/thesis/ml-dsa/ml-dsa/src/expand.rs
cfn=(5060) ml_dsa::expand::expand_a
calls=1 -31 
* 1741814
fi=(58)
-30 14
fi=(51) /home/rick/.cargo/registry/src/index.crates.io-1949cf8c6b5b557f/block-buffer-0.10.4/src/lib.rs
+59 9
fi=(49) /home/rick/unl/king's/thesis/ml-dsa/ml-dsa/src/hash.rs
-53 1
fe=(69)
+28 6
cfi=(49)
cfn=(4988) ml_dsa::hash::H::absorb
calls=1 -25 
* 44
+1 4
cfi=(49)
cfn=(4988)
calls=1 -26 
* 45
fi=(58)
-35 1
fe=(69)
+36 5
+1 4
cob=(2)
cfi=(2)
cfn=(4260)
calls=1 -54 
* 65
* 5
cfi=(49)
cfn=(5014) ml_dsa::hash::H::finalize
calls=1 -24 
* 6405
* 6
cfi=(49)
cfn=(5110) ml_dsa::hash::HReader::squeeze
calls=1 -17 
* 6288
fi=(58)
-37 14
fi=(51)
+59 9
fi=(49)
-53 3
fe=(69)
+35 3
cfi=(49)
cfn=(4988)
calls=1 -32 
* 44
+1 4
cfi=(49)
cfn=(4988)
calls=1 -33 
* 44
+1 4
cfi=(49)
cfn=(4988)
calls=1 -34 
* 44
fi=(58)
-43 1
fe=(69)
+44 5
+1 4
cob=(2)
cfi=(2)
cfn=(4260)
calls=1 -62 
* 65
* 4
cfi=(49)
cfn=(5014)
calls=1 -32 
* 6406
* 4
cfi=(49)
cfn=(5110)
calls=1 -25 
* 6288
* 3
-62 7
fi=(23)
128 24
cfi=(6)
cfn=(4970)
calls=6 0 
* 210
0 7
fe=(69)
69 35
cfi=(59)
cfn=(5370) ml_dsa::expand::expand_mask
calls=7 -13 
* 4950967
fi=(48)
+9 28
cob=(2)
cfi=(2)
cfn=(4260)
calls=7 -78 
* 875
* 7
-78 21
80 14
fi=(71) /rustc/ac68faa20c58cbccd01ee7208bf3b6e93a7d7f96/library/core/src/num/int_macros.rs
3228 308
+1 56
fi=(48)
80 448
fi=(71)
3228 9548
+1 1736
fi=(48)
80 434
fi=(55)
180 672
fe=(69)
67 7
-67 21
fi=(48)
86 21
-86 7
88 7
-1 7
+1 7
fe=(69)
-88 49
fi=(48)
86 147
-86 49
88 49
-1 49
+1 1778
-1 1729
+1 8869
-88 1785
91 35840
fi=(71)
3228 64512
0 7168
3229 21504
fi=(48)
92 21504
fi=(71)
3228 57344
0 7168
3229 7168
fi=(72) /home/rick/unl/king's/thesis/ml-dsa/ml-dsa/src/field.rs
20 7168
fi=(48)
+73 7168
fi=(71)
3228 57344
0 7168
3229 7168
fi=(72)
20 7168
fi=(48)
+72 7168
+1 7168
+1 7168
-4 14336
+6 1785
-10 5355
+12 56
-14 56
+16 21
0 7
100 21
cob=(2)
cfi=(2)
cfn=(4260)
calls=7 0 
* 875
fi=(64)
-82 28
cob=(2)
cfi=(2)
cfn=(4260)
calls=7 -18 
* 875
fi=(48)
+60 28
cob=(2)
cfi=(2)
cfn=(4260)
calls=7 -78 
* 875
* 21
+2 14
fi=(71)
3228 308
+1 56
fi=(48)
80 14
fi=(55)
180 7
fi=(48)
80 434
fi=(71)
3228 9548
+1 1736
fi=(48)
80 434
fi=(55)
180 665
0 28
fi=(48)
86 21
-86 7
88 7
-1 7
+1 7
fi=(55)
-88 49
fi=(48)
86 147
-86 49
88 49
-1 49
+1 1778
-1 1729
+1 8869
-88 1785
91 35840
fi=(71)
3228 64512
0 7168
3229 21504
fi=(48)
92 21504
fi=(71)
3228 57344
0 7168
3229 7168
fi=(72)
20 7168
fi=(48)
+73 7168
fi=(71)
3228 57344
0 7168
3229 7168
fi=(72)
20 7168
fi=(48)
+72 7168
+1 7168
+1 7168
-4 14336
+6 1785
-10 3570
+12 56
-14 56
+16 21
0 7
100 21
cob=(2)
cfi=(2)
cfn=(4260)
calls=7 0 
* 875
fi=(64)
-82 28
cob=(2)
cfi=(2)
cfn=(4260)
calls=7 -18 
* 875
fi=(48)
+60 28
cob=(2)
cfi=(2)
cfn=(4260)
calls=7 -78 
* 875
* 21
-78 7
80 14
fi=(71)
3228 308
+1 56
fi=(48)
80 448
fi=(71)
3228 9548
+1 1736
fi=(48)
80 434
fi=(55)
180 672
0 28
fi=(48)
86 21
-86 7
88 7
-1 7
+1 7
fi=(55)
-88 49
fi=(48)
86 147
-86 49
88 49
-1 49
+1 1778
-1 1729
+1 8869
-88 1785
91 35840
fi=(71)
3228 64512
0 7168
3229 21504
fi=(48)
92 21504
fi=(71)
3228 57344
0 7168
3229 7168
fi=(72)
20 7168
fi=(48)
+73 7168
fi=(71)
3228 57344
0 7168
3229 7168
fi=(72)
20 7168
fi=(48)
+72 7168
+1 7168
+1 7168
-4 14336
+6 1785
-10 3570
+12 56
-14 56
+16 21
0 7
100 21
cob=(2)
cfi=(2)
cfn=(4260)
calls=7 0 
* 875
fi=(64)
-82 28
cob=(2)
cfi=(2)
cfn=(4260)
calls=7 -18 
* 861
fi=(48)
+60 28
cob=(2)
cfi=(2)
cfn=(4260)
calls=7 -78 
* 875
* 21
-78 7
80 14
fi=(71)
3228 308
+1 56
fi=(48)
80 448
fi=(71)
3228 9548
+1 1736
fi=(48)
80 434
fi=(55)
180 672
0 28
fi=(48)
86 21
-86 7
88 7
-1 7
+1 7
fi=(55)
-88 49
fi=(48)
86 147
-86 49
88 49
-1 49
+1 1778
-1 1729
+1 8869
-88 1785
91 35840
fi=(71)
3228 64512
0 7168
3229 21504
fi=(48)
92 21504
fi=(71)
3228 57344
0 7168
3229 7168
fi=(72)
20 7168
fi=(48)
+73 7168
fi=(71)
3228 57344
0 7168
3229 7168
fi=(72)
20 7168
fi=(48)
+72 7168
+1 7168
+1 7168
-4 14336
+6 1785
-10 3570
+12 56
-14 56
+16 21
0 7
100 21
cob=(2)
cfi=(2)
cfn=(4260)
calls=7 0 
* 875
fi=(64)
-82 28
cob=(2)
cfi=(2)
cfn=(4260)
calls=7 -18 
* 875
fi=(48)
+60 28
cob=(2)
cfi=(2)
cfn=(4260)
calls=7 -78 
* 875
* 21
-78 7
80 14
fi=(71)
3228 308
+1 56
fi=(48)
80 448
fi=(71)
3228 9548
+1 1736
fi=(48)
80 434
fi=(55)
180 672
0 28
fi=(48)
86 21
-86 7
88 7
-1 7
+1 7
fi=(55)
-88 49
fi=(48)
86 147
-86 49
88 49
-1 49
+1 1778
-1 1729
+1 8869
-88 1785
91 35840
fi=(71)
3228 64512
0 7168
3229 21504
fi=(48)
92 21504
fi=(71)
3228 57344
0 7168
3229 7168
fi=(72)
20 7168
fi=(48)
+73 7168
fi=(71)
3228 57344
0 7168
3229 7168
fi=(72)
20 7168
fi=(48)
+72 7168
+1 7168
+1 7168
-4 14336
+6 1785
-10 3570
+12 56
-14 56
+16 21
0 7
100 21
cob=(2)
cfi=(2)
cfn=(4260)
calls=7 0 
* 875
fi=(64)
-82 28
cob=(2)
cfi=(2)
cfn=(4260)
calls=7 -18 
* 875
* 7
fe=(69)
+52 28
cfi=(65) /home/rick/unl/king's/thesis/ml-dsa/ml-dsa/src/ntt_arith.rs
cfn=(5142) ml_dsa::ntt_arith::matrix_vector_ntt
calls=7 -21 
* 1884386
fi=(64)
-43 28
cfi=(48)
cfn=(5150) ml_dsa::ntt::inv_ntt
calls=7 +77 
* 444675
* 35
cob=(2)
cfi=(2)
cfn=(4260)
calls=7 -27 
* 875
* 21
cfi=(48)
cfn=(5150)
calls=7 +77 
* 444675
* 28
cob=(2)
cfi=(2)
cfn=(4260)
calls=7 -27 
* 875
* 21
cfi=(48)
cfn=(5150)
calls=7 +77 
* 444675
* 28
cob=(2)
cfi=(2)
cfn=(4260)
calls=7 -27 
* 861
* 21
cfi=(48)
cfn=(5150)
calls=7 +77 
* 444675
* 28
cob=(2)
cfi=(2)
cfn=(4260)
calls=7 -27 
* 875
* 21
cfi=(48)
cfn=(5150)
calls=7 +77 
* 444675
* 28
cob=(2)
cfi=(2)
cfn=(4260)
calls=7 -27 
* 875
* 21
cfi=(48)
cfn=(5150)
calls=7 +77 
* 444675
* 28
cob=(2)
cfi=(2)
cfn=(4260)
calls=7 -27 
* 875
* 7
fe=(69)
+44 21
cfi=(64)
cfn=(5392) ml_dsa::vecops::high_bits_vec
calls=7 +36 
* 202937
fi=(58)
-54 105
fi=(51)
+59 63
fi=(49)
-53 7
fe=(69)
+52 42
cfi=(49)
cfn=(4988)
calls=7 -49 
* 308
+1 21
cfi=(67)
cfn=(5400)
calls=7 +92 
* 2345723
fi=(34)
614 7
fi=(35)
1840 7
fe=(69)
76 21
cfi=(49)
cfn=(4988)
calls=7 -50 
* 260897
fi=(34)
424 7
634 14
fi=(23)
128 21
cfi=(6)
cfn=(4970)
calls=7 0 
* 245
fi=(52) /home/rick/.cargo/registry/src/index.crates.io-1949cf8c6b5b557f/digest-0.10.7/src/core_api/wrapper.rs
+75 35
cob=(2)
cfi=(2)
cfn=(4260)
calls=7 0 
* 210
* 35
cob=(2)
cfi=(2)
cfn=(4260)
calls=7 0 
* 210
fi=(51)
-7 7
fi=(50)
-95 14
fi=(55)
+79 14
fi=(51)
+8 14
cob=(2)
cfi=(2)
cfn=(4642)
calls=7 0 
* 133
fi=(53) /home/rick/.cargo/registry/src/index.crates.io-1949cf8c6b5b557f/sha3-0.10.9/src/macros.rs
-49 7
+2 7
fi=(58)
-95 168
fi=(26)
1718 7
fi=(58)
46 7
+3 21
cfi=(54)
cfn=(5024)
calls=7 166 
* 43106
-41 35
cob=(2)
cfi=(2)
cfn=(4260)
calls=7 -8 
* 210
+9 7
fi=(51)
+59 63
fi=(49)
-45 35
cob=(2)
cfi=(2)
cfn=(4260)
calls=7 -31 
* 455
fi=(34)
-31 7
cfi=(6)
cfn=(4864)
calls=7 0 
0 7
fi=(23)
198 21
cfi=(6)
cfn=(5040)
calls=7 0 
* 688
0 7
fi=(34)
469 14
fi=(62)
41 7
fi=(51)
196 14
+62 7
fi=(18)
0 21
fi=(51)
271 28
cfi=(14)
cfn=(5444)
calls=7 1717 
* 21
+3 14
fi=(58)
17 7
fi=(18)
1721 63
fi=(51)
276 28
cfi=(14)
cfn=(5444)
calls=7 1717 
* 43834
fi=(18)
552 28
cob=(2)
cfi=(2)
cfn=(4260)
calls=7 0 
* 84
fe=(69)
78 28
cfi=(61) /home/rick/unl/king's/thesis/ml-dsa/ml-dsa/src/sample.rs
cfn=(5452) ml_dsa::sample::sample_in_ball
calls=7 -62 
* 120052
* 28
cob=(2)
cfi=(2)
cfn=(4260)
calls=7 -78 
* 875
* 7
fi=(48)
-78 21
80 14
fi=(71)
3228 308
+1 56
fi=(48)
80 448
fi=(71)
3228 9548
+1 1736
fi=(48)
80 434
fi=(55)
180 672
0 28
fi=(48)
86 21
-86 7
88 7
-1 7
+1 7
fi=(55)
-88 49
fi=(48)
86 147
-86 49
88 49
-1 49
+1 1778
-1 1729
+1 8869
-88 1785
91 35840
fi=(71)
3228 64512
0 7168
3229 21504
fi=(48)
92 21504
fi=(71)
3228 57344
0 7168
3229 7168
fi=(72)
20 7168
fi=(48)
+73 7168
fi=(71)
3228 57344
0 7168
3229 7168
fi=(72)
20 7168
fi=(48)
+72 7168
+1 7168
+1 7168
-4 14336
+6 1785
-10 3570
+12 56
-14 56
+16 42
cob=(2)
cfi=(2)
cfn=(4260)
calls=7 0 
* 875
fe=(69)
-18 35
cfi=(65)
cfn=(5464) ml_dsa::ntt_arith::scalar_vector_ntt
calls=7 -42 
* 177128
* 7
fi=(64)
-55 21
cfi=(48)
cfn=(5150)
calls=7 +77 
* 444675
* 28
cob=(2)
cfi=(2)
cfn=(4260)
calls=7 -27 
* 861
* 21
cfi=(48)
cfn=(5150)
calls=7 +77 
* 444675
* 28
cob=(2)
cfi=(2)
cfn=(4260)
calls=7 -27 
* 875
* 21
cfi=(48)
cfn=(5150)
calls=7 +77 
* 444675
* 28
cob=(2)
cfi=(2)
cfn=(4260)
calls=7 -27 
* 875
* 21
cfi=(48)
cfn=(5150)
calls=7 +77 
* 444675
* 28
cob=(2)
cfi=(2)
cfn=(4260)
calls=7 -27 
* 875
* 21
cfi=(48)
cfn=(5150)
calls=7 +77 
* 444675
* 28
cob=(2)
cfi=(2)
cfn=(4260)
calls=7 -27 
* 861
fe=(69)
+56 28
cfi=(65)
cfn=(5464)
calls=7 -43 
* 215362
fi=(64)
-56 21
cfi=(48)
cfn=(5150)
calls=7 +77 
* 444675
* 28
cob=(2)
cfi=(2)
cfn=(4260)
calls=7 -27 
* 861
* 21
cfi=(48)
cfn=(5150)
calls=7 +77 
* 444675
* 28
cob=(2)
cfi=(2)
cfn=(4260)
calls=7 -27 
* 875
* 21
cfi=(48)
cfn=(5150)
calls=7 +77 
* 444675
* 28
cob=(2)
cfi=(2)
cfn=(4260)
calls=7 -27 
* 875
* 21
cfi=(48)
cfn=(5150)
calls=7 +77 
* 444675
* 28
cob=(2)
cfi=(2)
cfn=(4260)
calls=7 -27 
* 875
* 21
cfi=(48)
cfn=(5150)
calls=7 +77 
* 444675
* 28
cob=(2)
cfi=(2)
cfn=(4260)
calls=7 -27 
* 861
* 21
cfi=(48)
cfn=(5150)
calls=7 +77 
* 444675
* 28
cob=(2)
cfi=(2)
cfn=(4260)
calls=7 -27 
* 875
fe=(69)
+57 28
cfi=(64)
cfn=(5154) ml_dsa::vecops::add_vec
calls=7 -33 
* 184016
+1 28
cfi=(64)
cfn=(5470) ml_dsa::vecops::sub_vec
calls=7 -23 
* 220766
* 21
cfi=(64)
cfn=(5476) ml_dsa::vecops::low_bits_vec
calls=7 +31 
* 157199
-85 63
fi=(64)
153 14
fi=(71)
3228 308
+1 35
fi=(64)
153 434
fi=(71)
3228 9548
+1 1736
fi=(72)
64 1302
fi=(71)
3229 21
fi=(72)
64 70
fi=(71)
3608 56
fi=(64)
154 126
fi=(36)
900 21
fi=(72)
64 868
fi=(71)
3608 1736
fi=(64)
154 3906
fi=(36)
900 854
0 7
fi=(64)
153 14
fi=(71)
3228 196
fi=(64)
153 434
fi=(71)
3228 9548
+1 1736
fi=(72)
64 1302
fi=(71)
3228 112
+1 56
fi=(72)
64 70
fi=(71)
3608 56
fi=(64)
154 126
fi=(72)
-90 868
fi=(71)
3608 1736
fi=(64)
154 3906
fi=(36)
900 875
0 7
fi=(64)
153 14
fi=(71)
3228 196
fi=(64)
153 434
fi=(71)
3228 9548
+1 1736
fi=(72)
64 1302
fi=(71)
3228 112
+1 56
fi=(72)
64 70
fi=(71)
3608 56
fi=(64)
154 126
fi=(72)
-90 868
fi=(71)
3608 1736
fi=(64)
154 3906
fi=(36)
900 875
0 7
fi=(64)
153 14
fi=(71)
3228 196
fi=(64)
153 434
fi=(71)
3228 9548
+1 1736
fi=(72)
64 1302
fi=(71)
3228 112
+1 56
fi=(72)
64 70
fi=(71)
3608 56
fi=(64)
154 126
fi=(72)
-90 868
fi=(71)
3608 1736
fi=(64)
154 3906
fi=(36)
900 875
0 7
fi=(64)
153 14
fi=(71)
3228 196
fi=(64)
153 434
fi=(71)
3228 9548
+1 1736
fi=(72)
64 1302
fi=(71)
3228 112
+1 56
fi=(72)
64 70
fi=(71)
3608 56
fi=(64)
154 126
fi=(72)
-90 868
fi=(71)
3608 1736
fi=(64)
154 3906
fi=(36)
900 861
fe=(69)
88 16
cfi=(64)
cfn=(5498) ml_dsa::vecops::inf_norm
calls=1 +61 
* 18042
* 2
+6 4
cfi=(65)
cfn=(5464)
calls=1 -54 
* 30766
fi=(64)
-67 3
cfi=(48)
cfn=(5150)
calls=1 +77 
* 63525
* 4
cob=(2)
cfi=(2)
cfn=(4260)
calls=1 -27 
* 125
* 3
cfi=(48)
cfn=(5150)
calls=1 +77 
* 63525
* 4
cob=(2)
cfi=(2)
cfn=(4260)
calls=1 -27 
* 125
* 3
cfi=(48)
cfn=(5150)
calls=1 +77 
* 63525
* 4
cob=(2)
cfi=(2)
cfn=(4260)
calls=1 -27 
* 123
* 3
cfi=(48)
cfn=(5150)
calls=1 +77 
* 63525
* 4
cob=(2)
cfi=(2)
cfn=(4260)
calls=1 -27 
* 125
* 3
cfi=(48)
cfn=(5150)
calls=1 +77 
* 63525
* 4
cob=(2)
cfi=(2)
cfn=(4260)
calls=1 -27 
* 125
* 3
cfi=(48)
cfn=(5150)
calls=1 +77 
* 63525
* 4
cob=(2)
cfi=(2)
cfn=(4260)
calls=1 -27 
* 125
fe=(69)
+68 4
cfi=(64)
cfn=(5470)
calls=1 -33 
* 31538
* 4
cfi=(64)
cfn=(5154)
calls=1 -44 
* 31538
fi=(60)
-32 4
cob=(2)
cfi=(2)
cfn=(4642)
calls=1 -63 
* 6163
* 1
fi=(58)
-46 3
fi=(64)
+60 2
fi=(71)
3228 44
+1 8
fi=(64)
77 64
fi=(71)
3228 1364
+1 248
fi=(64)
77 62
fi=(36)
900 96
0 2
fi=(64)
77 2
fi=(71)
3228 44
+1 8
fi=(64)
77 2
fi=(36)
900 2
fi=(64)
77 62
fi=(71)
3228 1364
+1 248
fi=(64)
77 62
fi=(36)
900 94
0 2
fi=(64)
77 2
fi=(71)
3228 44
+1 8
fi=(64)
77 2
fi=(36)
900 2
fi=(64)
77 62
fi=(71)
3228 1364
+1 248
fi=(64)
77 62
fi=(36)
900 94
0 2
fi=(64)
77 2
fi=(71)
3228 44
+1 8
fi=(64)
77 2
fi=(36)
900 2
fi=(64)
77 62
fi=(71)
3228 1364
+1 248
fi=(64)
77 62
fi=(36)
900 94
0 2
fi=(64)
77 2
fi=(71)
3228 44
+1 8
fi=(64)
77 2
fi=(36)
900 2
fi=(64)
77 62
fi=(71)
3228 1364
+1 248
fi=(64)
77 62
fi=(36)
900 94
0 2
fi=(64)
77 2
fi=(71)
3228 44
+1 8
fi=(64)
77 2
fi=(36)
900 2
fi=(64)
77 62
fi=(71)
3228 1364
+1 248
fi=(64)
77 62
fi=(36)
900 94
fe=(69)
96 4
cfi=(64)
cfn=(5510) ml_dsa::vecops::make_hint_vec
calls=1 +29 
* 56224
+3 2
cfi=(64)
cfn=(5498)
calls=1 +50 
* 18042
* 2
-99 3
fi=(58)
17 2
-17 1
fi=(64)
167 20
fi=(36)
900 3
fi=(64)
167 620
fi=(36)
900 99
0 1
fi=(64)
167 20
fi=(36)
900 3
fi=(64)
167 620
fi=(36)
900 99
0 1
fi=(64)
167 20
fi=(36)
900 3
fi=(64)
167 620
fi=(36)
900 99
0 1
fi=(64)
167 20
fi=(36)
900 3
fi=(64)
167 620
fi=(36)
900 99
0 1
fi=(64)
167 20
fi=(36)
900 3
fi=(64)
167 620
fi=(36)
900 99
0 1
fi=(64)
167 20
fi=(36)
900 3
fi=(64)
167 620
fi=(36)
900 97
fe=(69)
99 2
-99 2
105 2
cfi=(64)
cfn=(5520) ml_dsa::vecops::center_vec
calls=1 -21 
* 16687
* 7
cfi=(67)
cfn=(5526)
calls=1 +28 
* 634977
* 7
fi=(23)
+23 4
cfi=(6)
cfn=(4970)
calls=1 0 
* 35
fe=(69)
-21 9

fl=(8) /rustc/ac68faa20c58cbccd01ee7208bf3b6e93a7d7f96/library/std/src/rt.rs
fn=(3936) std::rt::lang_start_internal
fi=(87)
cfn=(4902) std::rt::lang_start::{{closure}}
calls=1 206 
287 25455593
fe=(8)

fn=(4902)
cfi=(30)
cfn=(4904)
calls=1 162 
206 25455593

fl=(25)
fn=(4972) __rustc::__rdl_dealloc
48 12270
cob=(2)
cfi=(2)
cfn=(4626) free
calls=19778 -48 
* 408636

fl=(54)
fn=(5026) keccak::keccak_p
236 3248
+1 928
0 464
fi=(14)
1717 464
fi=(55)
180 464
0 11600
180 1392
0 9744
fi=(56) /rustc/ac68faa20c58cbccd01ee7208bf3b6e93a7d7f96/library/core/src/ops/bit.rs
898 3248
0 928
898 928
fi=(55)
0 21344
fi=(56)
898 74704
0 21344
898 181424
0 10672
898 53360
0 10672
898 21344
0 10672
898 10672
fi=(57)
2030 21344
fi=(56)
386 10672
fi=(57)
2030 10672
fi=(56)
386 10672
898 64032
0 21344
898 10672
fi=(57)
2030 10672
fi=(56)
386 10672
fi=(57)
2030 10672
fi=(56)
386 10672
898 38976
0 464
898 2320
0 464
898 928
0 464
898 464
fi=(57)
2030 928
fi=(56)
386 464
fi=(57)
2030 464
fi=(56)
386 464
898 2784
0 928
898 464
fi=(57)
2030 464
fi=(56)
386 464
fi=(57)
2030 464
fi=(56)
386 464
898 5104
0 464
898 464
0 464
898 86304
0 10672
898 10672
0 10672
898 42688
0 10672
fi=(57)
2030 10672
fi=(56)
386 10672
898 21344
0 10672
898 32016
0 10672
fi=(57)
2030 21344
0 21344
2030 32016
fi=(56)
63 21344
178 10672
0 10672
63 21344
178 10672
386 10672
0 10672
63 10672
178 10672
386 10672
0 21344
63 21344
178 10672
fi=(57)
2030 74704
fi=(56)
63 21344
178 10672
386 10672
898 928
0 464
fi=(57)
2030 464
fi=(56)
386 464
898 928
0 464
898 1392
0 464
fi=(57)
2030 928
0 928
2030 1392
fi=(56)
63 928
178 464
0 464
63 928
178 464
386 464
0 464
63 464
178 464
386 464
0 928
63 928
178 464
fi=(57)
2030 3248
fi=(56)
63 928
178 464
386 464
0 464
63 928
-63 464
178 464
386 464
0 464
63 464
178 464
386 464
0 464
63 928
-63 10672
63 21344
-63 10672
178 10672
386 10672
0 10672
63 10672
178 10672
386 10672
0 10672
63 21344
178 10672
63 10672
178 10672
0 21344
fi=(57)
2030 10672
0 10672
2030 21344
0 21344
2030 10672
fi=(56)
63 21344
178 10672
386 10672
0 10672
63 21344
178 10672
386 10672
63 21344
178 10672
63 10672
178 10672
0 10672
63 21344
178 10672
386 10672
0 10672
386 10672
0 21344
63 21344
178 10672
386 21344
0 10672
386 21344
fi=(57)
2030 21344
0 10672
2030 10672
fi=(56)
178 464
63 464
178 464
0 928
fi=(57)
2030 464
0 464
2030 928
0 928
2030 464
fi=(56)
63 928
178 464
386 464
0 464
63 928
178 464
386 464
63 928
178 464
63 464
178 464
0 464
63 928
178 464
386 464
0 464
386 464
0 928
63 928
178 464
386 928
0 464
386 928
fi=(57)
2030 928
0 464
2030 464
0 464
2030 928
0 464
2030 464
0 928
2030 464
0 928
2030 464
0 464
2030 464
0 10672
2030 21344
0 10672
2030 10672
0 21344
2030 10672
0 21344
2030 10672
0 10672
2030 10672
fi=(56)
386 10672
0 21344
fi=(57)
2030 10672
fi=(56)
63 21344
178 10672
63 21344
178 10672
63 21344
178 10672
386 10672
63 10672
178 10672
386 10672
63 21344
178 10672
63 21344
178 10672
386 10672
63 10672
178 10672
0 10672
63 21344
-63 10672
178 10672
386 10672
0 10672
386 21344
0 10672
63 10672
178 10672
0 10672
386 10672
0 10672
386 21344
0 10672
63 10672
178 10672
0 10672
386 464
0 928
fi=(57)
2030 464
fi=(56)
63 928
178 464
63 928
178 464
63 928
178 464
386 464
63 464
178 464
386 464
63 928
178 464
63 928
178 464
386 464
63 464
178 464
0 464
63 928
-63 464
178 464
386 464
0 464
386 928
0 464
63 464
178 464
0 464
386 464
0 464
386 928
0 464
63 464
178 464
0 464
386 464
0 928
386 464
0 464
898 1856
0 464
fi=(14)
1717 464
fi=(55)
180 464
fi=(56)
386 10672
0 21344
386 10672
0 10672
898 42688
0 10672
fi=(14)
1717 10672
fi=(55)
180 10672
0 19488
fe=(54)
291 3712

fn=(5024)
166 464
cfn=(5026)
calls=903 +70 
* 2856848

fl=(59)
fn=(5370)
56 70
fi=(60)
+7 21
cob=(2)
cfi=(2)
cfn=(4642)
calls=7 -63 
* 35973
fi=(58)
-46 98
fi=(51)
+59 63
fi=(49)
-53 14
fe=(59)
+38 21
cfi=(49)
cfn=(4988)
calls=7 -35 
* 308
fi=(34)
-61 7
cfi=(6)
cfn=(4864)
calls=7 0 
0 7
fi=(23)
198 21
cfi=(6)
cfn=(5040)
calls=7 0 
* 725
fi=(34)
469 14
fi=(63)
0 7
44 7
-44 7
fe=(59)
62 21
cfi=(49)
cfn=(4988)
calls=7 -36 
* 350
fi=(23)
+66 28
cfi=(6)
cfn=(4970)
calls=7 0 
* 245
* 7
0 7
fe=(59)
63 21
cob=(2)
cfi=(2)
cfn=(4260)
calls=7 -63 
* 455
* 28
cfi=(49)
cfn=(5014)
calls=7 -33 
* 44884
* 28
cfi=(49)
cfn=(5036) ml_dsa::hash::HReader::squeeze_vec
calls=7 -21 
* 219766
fi=(34)
614 7
fi=(35)
1840 14
fe=(59)
64 28
cfi=(63)
cfn=(5320)
calls=7 +67 
* 715052
-64 14
64 21
cob=(2)
cfi=(2)
cfn=(4260)
calls=7 -64 
* 875
fi=(34)
424 7
634 14
fi=(23)
128 21
cfi=(6)
cfn=(4970)
calls=7 0 
* 245
fi=(58)
17 98
fi=(51)
+59 63
fi=(49)
-53 14
fe=(59)
+38 21
cfi=(49)
cfn=(4988)
calls=7 -35 
* 308
fi=(34)
-61 7
cfi=(6)
cfn=(4864)
calls=7 0 
0 7
fi=(23)
198 21
cfi=(6)
cfn=(5040)
calls=7 0 
* 441
fi=(34)
469 14
fi=(63)
0 7
44 14
-44 7
fe=(59)
62 21
cfi=(49)
cfn=(4988)
calls=7 -36 
* 350
fi=(23)
+66 28
cfi=(6)
cfn=(4970)
calls=7 0 
* 245
* 7
0 7
fe=(59)
63 21
cob=(2)
cfi=(2)
cfn=(4260)
calls=7 -63 
* 455
* 28
cfi=(49)
cfn=(5014)
calls=7 -33 
* 44884
* 28
cfi=(49)
cfn=(5036)
calls=7 -21 
* 219611
fi=(34)
614 7
fi=(35)
1840 14
fe=(59)
64 28
cfi=(63)
cfn=(5320)
calls=7 +67 
* 714903
* 28
cob=(2)
cfi=(2)
cfn=(4260)
calls=7 -64 
* 875
fi=(34)
424 7
634 14
fi=(23)
128 21
cfi=(6)
cfn=(4970)
calls=7 0 
* 245
fi=(58)
17 98
fi=(51)
+59 63
fi=(49)
-53 14
fe=(59)
+38 21
cfi=(49)
cfn=(4988)
calls=7 -35 
* 308
fi=(34)
-61 7
cfi=(6)
cfn=(4864)
calls=7 0 
0 7
fi=(23)
198 21
cfi=(6)
cfn=(5040)
calls=7 0 
* 441
fi=(34)
469 14
fi=(63)
0 7
44 14
-44 7
fe=(59)
62 21
cfi=(49)
cfn=(4988)
calls=7 -36 
* 350
fi=(23)
+66 28
cfi=(6)
cfn=(4970)
calls=7 0 
* 245
* 7
0 7
fe=(59)
63 21
cob=(2)
cfi=(2)
cfn=(4260)
calls=7 -63 
* 455
* 28
cfi=(49)
cfn=(5014)
calls=7 -33 
* 44884
* 28
cfi=(49)
cfn=(5036)
calls=7 -21 
* 219611
fi=(34)
614 7
fi=(35)
1840 14
fe=(59)
64 28
cfi=(63)
cfn=(5320)
calls=7 +67 
* 714903
* 28
cob=(2)
cfi=(2)
cfn=(4260)
calls=7 -64 
* 875
fi=(34)
424 7
634 14
fi=(23)
128 21
cfi=(6)
cfn=(4970)
calls=7 0 
* 245
fi=(58)
17 98
fi=(51)
+59 63
fi=(49)
-53 14
fe=(59)
+38 21
cfi=(49)
cfn=(4988)
calls=7 -35 
* 308
fi=(34)
-61 7
cfi=(6)
cfn=(4864)
calls=7 0 
0 7
fi=(23)
198 21
cfi=(6)
cfn=(5040)
calls=7 0 
* 441
fi=(34)
469 14
fi=(63)
0 7
44 14
-44 7
fe=(59)
62 21
cfi=(49)
cfn=(4988)
calls=7 -36 
* 350
fi=(23)
+66 28
cfi=(6)
cfn=(4970)
calls=7 0 
* 245
* 7
0 7
fe=(59)
63 21
cob=(2)
cfi=(2)
cfn=(4260)
calls=7 -63 
* 455
* 28
cfi=(49)
cfn=(5014)
calls=7 -33 
* 44884
* 28
cfi=(49)
cfn=(5036)
calls=7 -21 
* 219611
fi=(34)
614 7
fi=(35)
1840 14
fe=(59)
64 28
cfi=(63)
cfn=(5320)
calls=7 +67 
* 714903
* 28
cob=(2)
cfi=(2)
cfn=(4260)
calls=7 -64 
* 875
fi=(34)
424 7
634 14
fi=(23)
128 21
cfi=(6)
cfn=(4970)
calls=7 0 
* 245
fi=(58)
17 98
fi=(51)
+59 63
fi=(49)
-53 14
fe=(59)
+38 21
cfi=(49)
cfn=(4988)
calls=7 -35 
* 308
fi=(34)
-61 7
cfi=(6)
cfn=(4864)
calls=7 0 
0 7
fi=(23)
198 21
cfi=(6)
cfn=(5040)
calls=7 0 
* 441
fi=(34)
469 14
fi=(63)
0 7
44 14
-44 7
fe=(59)
62 21
cfi=(49)
cfn=(4988)
calls=7 -36 
* 350
fi=(23)
+66 28
cfi=(6)
cfn=(4970)
calls=7 0 
* 245
* 14
fe=(59)
-65 21
cob=(2)
cfi=(2)
cfn=(4260)
calls=7 -63 
* 455
* 28
cfi=(49)
cfn=(5014)
calls=7 -33 
* 44884
* 28
cfi=(49)
cfn=(5036)
calls=7 -21 
* 219611
fi=(34)
614 7
fi=(35)
1840 14
fe=(59)
64 28
cfi=(63)
cfn=(5320)
calls=7 +67 
* 714903
* 35
cob=(2)
cfi=(2)
cfn=(4260)
calls=7 -64 
* 875
fi=(34)
424 7
634 14
fi=(23)
128 21
cfi=(6)
cfn=(4970)
calls=7 0 
* 245
fe=(59)
-61 63

fn=(5060)
16 9
fi=(60)
+84 4
cob=(2)
cfi=(2)
cfn=(4642)
calls=3 0 
* 30739
* 6
0 6
fe=(59)
24 36
cob=(2)
cfi=(2)
cfn=(4260)
calls=18 -24 
* 750
* 6
fi=(10)
898 6
fi=(19)
1915 6
fi=(36)
900 6
0 6
fi=(18)
552 24
fe=(59)
22 12
+1 6
fi=(60)
+22 24
cob=(2)
cfi=(2)
cfn=(4642)
calls=18 -45 
* 468
* 6
fi=(58)
-28 84
fi=(51)
+59 66
fi=(49)
-15 6
fi=(61)
-14 24
cfi=(49)
cfn=(5074) ml_dsa::hash::G::absorb
calls=18 +17 
* 264
+1 24
cob=(2)
cfi=(2)
cfn=(4260)
calls=18 -48 
* 390
* 18
cfi=(49)
cfn=(5082) ml_dsa::hash::G::finalize
calls=18 +20 
* 38568
+3 24
+1 3074
fi=(62)
-11 1537
+1 7685
cfi=(51)
cfn=(5094) block_buffer::BlockBuffer<BlockSize,block_buffer::Eager>::set_data
calls=4611 250 
* 269063
fi=(61)
+12 3074
-54 1537
fi=(63)
76 1537
+1 6148
+1 3074
fi=(61)
-23 1536
+1 1536
-2 1536
-54 30
fe=(59)
24 36
cob=(2)
cfi=(2)
cfn=(4260)
calls=18 -24 
* 750
-24 6
fi=(18)
552 24
fe=(59)
22 6
+1 6
fi=(60)
+22 24
cob=(2)
cfi=(2)
cfn=(4642)
calls=18 -45 
* 468
* 6
fi=(58)
-28 84
fi=(51)
+59 66
fi=(49)
-15 6
fi=(61)
-14 24
cfi=(49)
cfn=(5074)
calls=18 +17 
* 264
+1 24
cob=(2)
cfi=(2)
cfn=(4260)
calls=18 -48 
* 390
* 18
cfi=(49)
cfn=(5082)
calls=18 +20 
* 38568
+3 24
+1 3076
fi=(62)
-11 1538
+1 7690
cfi=(51)
cfn=(5094)
calls=4614 250 
* 269116
fi=(61)
+12 3076
-54 1538
fi=(63)
76 1538
+1 6152
+1 3076
fi=(61)
-23 1536
+1 1536
-2 1536
-54 6
fe=(59)
24 36
cob=(2)
cfi=(2)
cfn=(4260)
calls=18 -24 
* 750
-24 6
fi=(18)
552 24
fe=(59)
22 12
+1 6
fi=(60)
+22 24
cob=(2)
cfi=(2)
cfn=(4642)
calls=18 -45 
* 468
* 6
fi=(58)
-28 84
fi=(51)
+59 66
fi=(49)
-15 6
fi=(61)
-14 24
cfi=(49)
cfn=(5074)
calls=18 +17 
* 264
+1 24
cob=(2)
cfi=(2)
cfn=(4260)
calls=18 -48 
* 390
* 18
cfi=(49)
cfn=(5082)
calls=18 +20 
* 38568
+3 24
+1 3074
fi=(62)
-11 1537
+1 7685
cfi=(51)
cfn=(5094)
calls=4611 250 
* 269063
fi=(61)
+12 3074
-54 1537
fi=(63)
76 1537
+1 6148
+1 3074
fi=(61)
-23 1536
+1 1536
-2 1536
-54 6
fe=(59)
24 36
cob=(2)
cfi=(2)
cfn=(4260)
calls=18 -24 
* 750
-24 6
fi=(18)
552 24
fe=(59)
22 12
+1 6
fi=(60)
+22 24
cob=(2)
cfi=(2)
cfn=(4642)
calls=18 -45 
* 468
* 6
fi=(58)
-28 84
fi=(51)
+59 66
fi=(49)
-15 6
fi=(61)
-14 24
cfi=(49)
cfn=(5074)
calls=18 +17 
* 264
+1 24
cob=(2)
cfi=(2)
cfn=(4260)
calls=18 -48 
* 390
* 18
cfi=(49)
cfn=(5082)
calls=18 +20 
* 38568
+3 24
+1 3076
fi=(62)
-11 1538
+1 7690
cfi=(51)
cfn=(5094)
calls=4614 250 
* 269116
fi=(61)
+12 3076
-54 1538
fi=(63)
76 1538
+1 6152
+1 3076
fi=(61)
-23 1536
+1 1536
-2 1536
-54 6
fe=(59)
24 36
cob=(2)
cfi=(2)
cfn=(4260)
calls=18 -24 
* 750
-24 6
fi=(18)
552 24
fe=(59)
22 12
+1 6
fi=(60)
+22 24
cob=(2)
cfi=(2)
cfn=(4642)
calls=18 -45 
* 468
* 6
fi=(58)
-28 84
fi=(51)
+59 66
fi=(49)
-15 6
fi=(61)
-14 24
cfi=(49)
cfn=(5074)
calls=18 +17 
* 264
+1 24
cob=(2)
cfi=(2)
cfn=(4260)
calls=18 -48 
* 390
* 18
cfi=(49)
cfn=(5082)
calls=18 +20 
* 38568
+3 30
+1 3078
fi=(62)
-11 1539
+1 7695
cfi=(51)
cfn=(5094)
calls=4617 250 
* 269169
fi=(61)
+12 3078
-54 1539
fi=(63)
76 1539
+1 6156
+1 3078
fi=(61)
-23 1536
+1 1536
-2 1536
-54 1
fe=(59)
28 8

fl=(64)
fn=(5498)
149 16
0 2
153 4
fi=(71)
3228 88
+1 10
fe=(64)
153 124
fi=(71)
3228 2728
+1 496
fi=(72)
64 372
fi=(71)
3229 6
fi=(72)
64 20
fi=(71)
3608 16
fe=(64)
154 36
fi=(10)
898 2
fi=(36)
+2 4
fi=(72)
64 248
fi=(71)
3608 496
fe=(64)
154 1116
fi=(10)
898 62
fi=(36)
+2 176
0 8
fe=(64)
153 4
fi=(71)
3228 56
fe=(64)
153 124
fi=(71)
3228 2728
+1 496
fi=(72)
64 372
fi=(71)
3228 32
+1 16
fi=(72)
64 20
fi=(71)
3608 16
fe=(64)
154 36
fi=(72)
-90 248
fi=(71)
3608 496
fe=(64)
154 1116
fi=(10)
898 62
fi=(36)
+2 124
fi=(10)
-2 2
fi=(36)
+2 56
0 8
fe=(64)
153 4
fi=(71)
3228 56
fe=(64)
153 124
fi=(71)
3228 2728
+1 496
fi=(72)
64 372
fi=(71)
3228 32
+1 16
fi=(72)
64 20
fi=(71)
3608 16
fe=(64)
154 36
fi=(72)
-90 248
fi=(71)
3608 496
fe=(64)
154 1116
fi=(10)
898 62
fi=(36)
+2 124
fi=(10)
-2 2
fi=(36)
+2 56
0 8
fe=(64)
153 4
fi=(71)
3228 56
fe=(64)
153 124
fi=(71)
3228 2728
+1 496
fi=(72)
64 372
fi=(71)
3228 32
+1 16
fi=(72)
64 20
fi=(71)
3608 16
fe=(64)
154 36
fi=(72)
-90 248
fi=(71)
3608 496
fe=(64)
154 1116
fi=(10)
898 62
fi=(36)
+2 124
fi=(10)
-2 2
fi=(36)
+2 56
0 8
fe=(64)
153 4
fi=(71)
3228 56
fe=(64)
153 124
fi=(71)
3228 2728
+1 496
fi=(72)
64 372
fi=(71)
3228 32
+1 16
fi=(72)
64 20
fi=(71)
3608 16
fe=(64)
154 36
fi=(72)
-90 248
fi=(71)
3608 496
fe=(64)
154 1116
fi=(10)
898 62
fi=(36)
+2 124
fi=(10)
-2 2
fi=(36)
+2 56
0 8
fe=(64)
153 4
fi=(71)
3228 56
fe=(64)
153 124
fi=(71)
3228 2728
+1 496
fi=(72)
64 372
fi=(71)
3228 32
+1 16
fi=(72)
64 20
fi=(71)
3608 16
fe=(64)
154 36
fi=(72)
-90 248
fi=(71)
3608 496
fe=(64)
154 1116
fi=(10)
898 62
fi=(36)
+2 124
fi=(10)
-2 2
fi=(36)
+2 56
fe=(64)
160 2

fn=(5510)
125 11
fi=(60)
-93 3
cob=(2)
cfi=(2)
cfn=(4642)
calls=1 -32 
* 71
-32 9
fi=(66) /home/rick/unl/king's/thesis/ml-dsa/ml-dsa/src/rounding.rs
157 2
fi=(71)
3228 4
fi=(66)
54 1
fi=(71)
3228 18
+1 4
-1 17
fi=(72)
64 4
fi=(66)
-32 1
157 126
fi=(71)
3228 252
fi=(66)
54 63
fi=(71)
3228 1134
+1 252
-1 1071
fi=(72)
64 252
fi=(66)
-32 649
fi=(71)
3228 22
+1 4
-1 15
fi=(66)
32 630
fi=(71)
3228 1386
+1 252
-1 1071
fi=(72)
64 252
fi=(66)
-32 189
fi=(71)
3228 2
fi=(72)
64 4
fi=(66)
-32 20
157 3
fi=(10)
898 1
fi=(36)
+2 2
fi=(66)
32 1071
157 189
fi=(10)
898 63
fi=(36)
+2 126
0 1
fe=(64)
131 4
cob=(2)
cfi=(2)
cfn=(4260)
calls=1 0 
* 125
0 1
fi=(60)
32 4
cob=(2)
cfi=(2)
cfn=(4642)
calls=1 -32 
* 71
* 9
-32 1
fi=(66)
157 2
fi=(71)
3228 4
fi=(66)
54 1
fi=(71)
3228 18
+1 4
-1 17
fi=(72)
64 4
fi=(66)
+93 126
fi=(71)
3228 252
fi=(66)
54 63
fi=(71)
3228 1134
+1 252
-1 1071
fi=(72)
64 252
fi=(66)
-32 650
fi=(71)
3228 22
+1 4
-1 14
fi=(66)
32 630
fi=(71)
3228 1386
+1 252
-1 1071
fi=(72)
64 252
fi=(66)
-32 189
fi=(71)
3228 3
fi=(72)
64 4
fi=(66)
-32 20
157 3
fi=(10)
898 1
fi=(36)
+2 2
fi=(66)
32 1071
157 189
fi=(10)
898 63
fi=(36)
+2 126
fe=(64)
131 5
cob=(2)
cfi=(2)
cfn=(4260)
calls=1 0 
* 125
0 1
fi=(60)
32 4
cob=(2)
cfi=(2)
cfn=(4642)
calls=1 -32 
* 71
* 9
-32 1
fi=(66)
157 2
fi=(71)
3228 4
fi=(66)
54 1
fi=(71)
3228 18
+1 4
-1 17
fi=(72)
64 4
fi=(66)
+93 126
fi=(71)
3228 252
fi=(66)
54 63
fi=(71)
3228 1134
+1 252
-1 1071
fi=(72)
64 252
fi=(66)
-32 650
fi=(71)
3228 22
+1 4
-1 14
fi=(66)
32 630
fi=(71)
3228 1386
+1 252
-1 1071
fi=(72)
64 252
fi=(66)
-32 189
fi=(71)
3228 3
fi=(72)
64 4
fi=(66)
-32 20
157 3
fi=(10)
898 1
fi=(36)
+2 2
fi=(66)
32 1071
157 189
fi=(10)
898 63
fi=(36)
+2 126
fe=(64)
131 5
cob=(2)
cfi=(2)
cfn=(4260)
calls=1 0 
* 125
0 1
fi=(60)
32 4
cob=(2)
cfi=(2)
cfn=(4642)
calls=1 -32 
* 71
* 9
-32 1
fi=(66)
157 2
fi=(71)
3228 4
fi=(66)
54 1
fi=(71)
3228 18
+1 4
-1 17
fi=(72)
64 4
fi=(66)
+93 126
fi=(71)
3228 252
fi=(66)
54 63
fi=(71)
3228 1134
+1 252
-1 1071
fi=(72)
64 252
fi=(66)
-32 650
fi=(71)
3228 22
+1 4
-1 14
fi=(66)
32 630
fi=(71)
3228 1386
+1 252
-1 1071
fi=(72)
64 252
fi=(66)
-32 189
fi=(71)
3228 3
fi=(72)
64 4
fi=(66)
-32 20
157 3
fi=(10)
898 1
fi=(36)
+2 2
fi=(66)
32 1071
157 189
fi=(10)
898 63
fi=(36)
+2 126
fe=(64)
131 5
cob=(2)
cfi=(2)
cfn=(4260)
calls=1 0 
* 125
0 1
fi=(60)
32 4
cob=(2)
cfi=(2)
cfn=(4642)
calls=1 -32 
* 71
* 9
-32 1
fi=(66)
157 2
fi=(71)
3228 4
fi=(66)
54 1
fi=(71)
3228 18
+1 4
-1 17
fi=(72)
64 4
fi=(66)
+93 126
fi=(71)
3228 252
fi=(66)
54 63
fi=(71)
3228 1134
+1 252
-1 1071
fi=(72)
64 252
fi=(66)
-32 650
fi=(71)
3228 22
+1 4
-1 14
fi=(66)
32 630
fi=(71)
3228 1386
+1 252
-1 1071
fi=(72)
64 252
fi=(66)
-32 189
fi=(71)
3228 3
fi=(72)
64 4
fi=(66)
-32 20
157 3
fi=(10)
898 1
fi=(36)
+2 2
fi=(66)
32 1071
157 189
fi=(10)
898 63
fi=(36)
+2 126
fe=(64)
131 5
cob=(2)
cfi=(2)
cfn=(4260)
calls=1 0 
* 125
0 1
fi=(60)
32 4
cob=(2)
cfi=(2)
cfn=(4642)
calls=1 -32 
* 71
* 9
-32 1
fi=(66)
157 2
fi=(71)
3228 4
fi=(66)
54 1
fi=(71)
3228 18
+1 4
-1 17
fi=(72)
64 4
fi=(66)
+93 126
fi=(71)
3228 252
fi=(66)
54 63
fi=(71)
3228 1134
+1 252
-1 1071
fi=(72)
64 252
fi=(66)
-32 650
fi=(71)
3228 22
+1 4
-1 14
fi=(66)
32 630
fi=(71)
3228 1386
+1 252
-1 1071
fi=(72)
64 252
fi=(66)
-32 189
fi=(71)
3228 3
fi=(72)
64 4
fi=(66)
-32 20
157 3
fi=(10)
898 1
fi=(36)
+2 2
fi=(66)
32 1071
157 189
fi=(10)
898 63
fi=(36)
+2 126
fe=(64)
131 5
cob=(2)
cfi=(2)
cfn=(4260)
calls=1 0 
* 125
+3 8

fn=(5154)
51 9
fi=(60)
+12 3
cob=(2)
cfi=(2)
cfn=(4642)
calls=2 -63 
* 6163
-63 2
fe=(64)
55 3
fi=(71)
3228 8
0 1
3229 1
fi=(72)
20 1
fe=(64)
+35 3
fi=(71)
3228 2
fe=(64)
55 1
fi=(71)
3228 6
0 1
3229 1
fi=(72)
20 1
fe=(64)
+35 1
fi=(10)
898 1
fi=(19)
1915 1
fi=(36)
900 1
fe=(64)
55 381
fi=(71)
3228 1016
0 127
3229 127
fi=(72)
20 127
fe=(64)
+35 381
fi=(71)
3228 254
fe=(64)
55 127
fi=(71)
3228 762
0 127
3229 127
fi=(72)
20 127
fe=(64)
+35 127
fi=(10)
898 127
fi=(19)
1915 127
fi=(36)
900 127
0 2
fe=(64)
55 3
fi=(71)
3228 8
0 1
3229 1
fi=(72)
20 1
fe=(64)
+35 3
fi=(71)
3228 2
fe=(64)
55 1
fi=(71)
3228 6
0 1
3229 1
fi=(72)
20 1
fe=(64)
+35 1
fi=(10)
898 1
fi=(19)
1915 1
fi=(36)
900 1
fe=(64)
55 381
fi=(71)
3228 1016
0 127
3229 127
fi=(72)
20 127
fe=(64)
+35 381
fi=(71)
3228 254
fe=(64)
55 127
fi=(71)
3228 762
0 127
3229 127
fi=(72)
20 127
fe=(64)
+35 127
fi=(10)
898 127
fi=(19)
1915 127
fi=(36)
900 127
0 2
fe=(64)
55 3
fi=(71)
3228 8
0 1
3229 1
fi=(72)
20 1
fe=(64)
+35 3
fi=(71)
3228 2
fe=(64)
55 1
fi=(71)
3228 6
0 1
3229 1
fi=(72)
20 1
fe=(64)
+35 1
fi=(10)
898 1
fi=(19)
1915 1
fi=(36)
900 1
fe=(64)
55 381
fi=(71)
3228 1016
0 127
3229 127
fi=(72)
20 127
fe=(64)
+35 381
fi=(71)
3228 254
fe=(64)
55 127
fi=(71)
3228 762
0 127
3229 127
fi=(72)
20 127
fe=(64)
+35 127
fi=(10)
898 127
fi=(19)
1915 127
fi=(36)
900 127
0 2
fe=(64)
55 3
fi=(71)
3228 8
0 1
3229 1
fi=(72)
20 1
fe=(64)
+35 3
fi=(71)
3228 2
fe=(64)
55 1
fi=(71)
3228 6
0 1
3229 1
fi=(72)
20 1
fe=(64)
+35 1
fi=(10)
898 1
fi=(19)
1915 1
fi=(36)
900 1
fe=(64)
55 381
fi=(71)
3228 1016
0 127
3229 127
fi=(72)
20 127
fe=(64)
+35 381
fi=(71)
3228 254
fe=(64)
55 127
fi=(71)
3228 762
0 127
3229 127
fi=(72)
20 127
fe=(64)
+35 127
fi=(10)
898 127
fi=(19)
1915 127
fi=(36)
900 127
0 2
fe=(64)
55 3
fi=(71)
3228 8
0 1
3229 1
fi=(72)
20 1
fe=(64)
+35 3
fi=(71)
3228 2
fe=(64)
55 1
fi=(71)
3228 6
0 1
3229 1
fi=(72)
20 1
fe=(64)
+35 1
fi=(10)
898 1
fi=(19)
1915 1
fi=(36)
900 1
fe=(64)
55 381
fi=(71)
3228 1016
0 127
3229 127
fi=(72)
20 127
fe=(64)
+35 381
fi=(71)
3228 254
fe=(64)
55 127
fi=(71)
3228 762
0 127
3229 127
fi=(72)
20 127
fe=(64)
+35 127
fi=(10)
898 127
fi=(19)
1915 127
fi=(36)
900 127
0 2
fe=(64)
55 3
fi=(71)
3228 8
0 1
3229 1
fi=(72)
20 1
fe=(64)
+35 3
fi=(71)
3228 2
fe=(64)
55 1
fi=(71)
3228 6
0 1
3229 1
fi=(72)
20 1
fe=(64)
+35 1
fi=(10)
898 1
fi=(19)
1915 1
fi=(36)
900 1
fe=(64)
55 381
fi=(71)
3228 1016
0 127
3229 127
fi=(72)
20 127
fe=(64)
+35 381
fi=(71)
3228 254
fe=(64)
55 127
fi=(71)
3228 762
0 127
3229 127
fi=(72)
20 127
fe=(64)
+35 127
fi=(10)
898 127
fi=(19)
1915 127
fi=(36)
900 127
fe=(64)
59 7
-8 63
fi=(60)
+12 21
cob=(2)
cfi=(2)
cfn=(4642)
calls=7 -63 
* 35973
-63 14
fe=(64)
55 21
fi=(71)
3228 56
0 7
3229 7
fi=(72)
20 7
fe=(64)
+35 21
fi=(71)
3228 14
fe=(64)
55 7
fi=(71)
3228 42
0 7
3229 7
fi=(72)
20 7
fe=(64)
+35 7
fi=(10)
898 7
fi=(19)
1915 7
fi=(36)
900 7
fe=(64)
55 2667
fi=(71)
3228 7112
0 889
3229 889
fi=(72)
20 889
fe=(64)
+35 2667
fi=(71)
3228 1778
fe=(64)
55 889
fi=(71)
3228 5334
0 889
3229 889
fi=(72)
20 889
fe=(64)
+35 889
fi=(10)
898 889
fi=(19)
1915 889
fi=(36)
900 889
0 14
fe=(64)
55 21
fi=(71)
3228 56
0 7
3229 7
fi=(72)
20 7
fe=(64)
+35 21
fi=(71)
3228 14
fe=(64)
55 7
fi=(71)
3228 42
0 7
3229 7
fi=(72)
20 7
fe=(64)
+35 7
fi=(10)
898 7
fi=(19)
1915 7
fi=(36)
900 7
fe=(64)
55 2667
fi=(71)
3228 7112
0 889
3229 889
fi=(72)
20 889
fe=(64)
+35 2667
fi=(71)
3228 1778
fe=(64)
55 889
fi=(71)
3228 5334
0 889
3229 889
fi=(72)
20 889
fe=(64)
+35 889
fi=(10)
898 889
fi=(19)
1915 889
fi=(36)
900 889
0 14
fe=(64)
55 21
fi=(71)
3228 56
0 7
3229 7
fi=(72)
20 7
fe=(64)
+35 21
fi=(71)
3228 14
fe=(64)
55 7
fi=(71)
3228 42
0 7
3229 7
fi=(72)
20 7
fe=(64)
+35 7
fi=(10)
898 7
fi=(19)
1915 7
fi=(36)
900 7
fe=(64)
55 2667
fi=(71)
3228 7112
0 889
3229 889
fi=(72)
20 889
fe=(64)
+35 2667
fi=(71)
3228 1778
fe=(64)
55 889
fi=(71)
3228 5334
0 889
3229 889
fi=(72)
20 889
fe=(64)
+35 889
fi=(10)
898 889
fi=(19)
1915 889
fi=(36)
900 889
0 14
fe=(64)
55 21
fi=(71)
3228 56
0 7
3229 7
fi=(72)
20 7
fe=(64)
+35 21
fi=(71)
3228 14
fe=(64)
55 7
fi=(71)
3228 42
0 7
3229 7
fi=(72)
20 7
fe=(64)
+35 7
fi=(10)
898 7
fi=(19)
1915 7
fi=(36)
900 7
fe=(64)
55 2667
fi=(71)
3228 7112
0 889
3229 889
fi=(72)
20 889
fe=(64)
+35 2667
fi=(71)
3228 1778
fe=(64)
55 889
fi=(71)
3228 5334
0 889
3229 889
fi=(72)
20 889
fe=(64)
+35 889
fi=(10)
898 889
fi=(19)
1915 889
fi=(36)
900 889
0 14
fe=(64)
55 21
fi=(71)
3228 56
0 7
3229 7
fi=(72)
20 7
fe=(64)
+35 21
fi=(71)
3228 14
fe=(64)
55 7
fi=(71)
3228 42
0 7
3229 7
fi=(72)
20 7
fe=(64)
+35 7
fi=(10)
898 7
fi=(19)
1915 7
fi=(36)
900 7
fe=(64)
55 2667
fi=(71)
3228 7112
0 889
3229 889
fi=(72)
20 889
fe=(64)
+35 2667
fi=(71)
3228 1778
fe=(64)
55 889
fi=(71)
3228 5334
0 889
3229 889
fi=(72)
20 889
fe=(64)
+35 889
fi=(10)
898 889
fi=(19)
1915 889
fi=(36)
900 889
fe=(64)
59 49

fn=(5520)
84 6
fi=(60)
-21 3
cob=(2)
cfi=(2)
cfn=(4642)
calls=1 -63 
* 5139
-63 6
fe=(64)
88 1
fi=(71)
3228 22
+1 4
fi=(72)
64 5
fe=(64)
+24 1
fi=(10)
898 1
fi=(36)
+2 2
fe=(64)
88 63
fi=(71)
3228 1386
+1 252
fi=(72)
64 315
fe=(64)
+24 63
fi=(10)
898 63
fi=(36)
+2 126
0 2
fe=(64)
88 1
fi=(71)
3228 22
+1 4
fi=(72)
64 5
fe=(64)
+24 1
fi=(10)
898 1
fi=(36)
+2 2
fe=(64)
88 63
fi=(71)
3228 1386
+1 252
fi=(72)
64 315
fe=(64)
+24 63
fi=(10)
898 63
fi=(36)
+2 126
0 2
fe=(64)
88 1
fi=(71)
3228 22
+1 4
fi=(72)
64 5
fe=(64)
+24 1
fi=(10)
898 1
fi=(36)
+2 2
fe=(64)
88 63
fi=(71)
3228 1386
+1 252
fi=(72)
64 315
fe=(64)
+24 63
fi=(10)
898 63
fi=(36)
+2 126
0 2
fe=(64)
88 1
fi=(71)
3228 22
+1 4
fi=(72)
64 5
fe=(64)
+24 1
fi=(10)
898 1
fi=(36)
+2 2
fe=(64)
88 63
fi=(71)
3228 1386
+1 252
fi=(72)
64 315
fe=(64)
+24 63
fi=(10)
898 63
fi=(36)
+2 126
0 2
fe=(64)
88 1
fi=(71)
3228 22
+1 4
fi=(72)
64 5
fe=(64)
+24 1
fi=(10)
898 1
fi=(36)
+2 2
fe=(64)
88 63
fi=(71)
3228 1386
+1 252
fi=(72)
64 315
fe=(64)
+24 63
fi=(10)
898 63
fi=(36)
+2 126
fe=(64)
92 5

fn=(5392)
107 63
fi=(60)
-75 21
cob=(2)
cfi=(2)
cfn=(4642)
calls=7 -32 
* 546
-32 42
fi=(66)
139 7
fi=(71)
3228 154
+1 28
-1 119
fi=(72)
64 28
fi=(66)
-32 42
139 441
fi=(71)
3228 9702
+1 1764
-1 7497
fi=(72)
64 1764
fi=(66)
-32 5390
139 7
fi=(10)
898 7
fi=(36)
+2 14
fi=(66)
32 3528
139 441
fi=(10)
898 441
fi=(36)
+2 882
0 7
fe=(64)
110 28
cob=(2)
cfi=(2)
cfn=(4260)
calls=7 0 
* 875
0 7
fi=(60)
32 28
cob=(2)
cfi=(2)
cfn=(4642)
calls=7 -32 
* 546
* 56
-32 7
fi=(66)
139 7
fi=(71)
3228 154
+1 28
-1 119
fi=(72)
64 28
fi=(66)
-32 21
139 441
fi=(71)
3228 9702
+1 1764
-1 7497
fi=(72)
64 1764
fi=(66)
-32 5411
139 7
fi=(10)
898 7
fi=(36)
+2 14
fi=(66)
32 3528
139 441
fi=(10)
898 441
fi=(36)
+2 882
fe=(64)
110 35
cob=(2)
cfi=(2)
cfn=(4260)
calls=7 0 
* 875
0 7
fi=(60)
32 28
cob=(2)
cfi=(2)
cfn=(4642)
calls=7 -32 
* 546
* 56
-32 7
fi=(66)
139 7
fi=(71)
3228 154
+1 28
-1 119
fi=(72)
64 28
fi=(66)
-32 21
139 441
fi=(71)
3228 9702
+1 1764
-1 7497
fi=(72)
64 1764
fi=(66)
-32 5411
139 7
fi=(10)
898 7
fi=(36)
+2 14
fi=(66)
32 3528
139 441
fi=(10)
898 441
fi=(36)
+2 882
fe=(64)
110 35
cob=(2)
cfi=(2)
cfn=(4260)
calls=7 0 
* 875
0 7
fi=(60)
32 28
cob=(2)
cfi=(2)
cfn=(4642)
calls=7 -32 
* 546
* 56
-32 7
fi=(66)
139 7
fi=(71)
3228 154
+1 28
-1 119
fi=(72)
64 28
fi=(66)
-32 21
139 441
fi=(71)
3228 9702
+1 1764
-1 7497
fi=(72)
64 1764
fi=(66)
-32 5411
139 7
fi=(10)
898 7
fi=(36)
+2 14
fi=(66)
32 3528
139 441
fi=(10)
898 441
fi=(36)
+2 882
fe=(64)
110 35
cob=(2)
cfi=(2)
cfn=(4260)
calls=7 0 
* 875
0 7
fi=(60)
32 28
cob=(2)
cfi=(2)
cfn=(4642)
calls=7 -32 
* 546
* 56
-32 7
fi=(66)
139 7
fi=(71)
3228 154
+1 28
-1 119
fi=(72)
64 28
fi=(66)
-32 21
139 441
fi=(71)
3228 9702
+1 1764
-1 7497
fi=(72)
64 1764
fi=(66)
-32 5411
139 7
fi=(10)
898 7
fi=(36)
+2 14
fi=(66)
32 3528
139 441
fi=(10)
898 441
fi=(36)
+2 882
fe=(64)
110 35
cob=(2)
cfi=(2)
cfn=(4260)
calls=7 0 
* 875
0 7
fi=(60)
32 28
cob=(2)
cfi=(2)
cfn=(4642)
calls=7 -32 
* 546
* 56
-32 7
fi=(66)
139 7
fi=(71)
3228 154
+1 28
-1 119
fi=(72)
64 28
fi=(66)
-32 21
139 441
fi=(71)
3228 9702
+1 1764
-1 7497
fi=(72)
64 1764
fi=(66)
-32 5411
139 7
fi=(10)
898 7
fi=(36)
+2 14
fi=(66)
32 3528
139 441
fi=(10)
898 441
fi=(36)
+2 882
fe=(64)
110 35
cob=(2)
cfi=(2)
cfn=(4260)
calls=7 0 
* 875
+3 49

fn=(5470)
62 72
fi=(60)
+1 24
cob=(2)
cfi=(2)
cfn=(4642)
calls=9 -63 
* 49304
-63 16
fe=(64)
66 24
fi=(71)
3228 64
0 8
3229 8
fi=(72)
20 8
fe=(64)
+46 24
fi=(71)
3228 16
fe=(64)
66 8
fi=(71)
3228 48
0 8
3229 8
fi=(72)
20 8
fe=(64)
+46 8
fi=(10)
898 8
fi=(19)
1915 8
fi=(36)
900 8
fe=(64)
66 3048
fi=(71)
3228 8128
0 1016
3229 1016
fi=(72)
20 1016
fe=(64)
+46 3048
fi=(71)
3228 2032
fe=(64)
66 1016
fi=(71)
3228 6096
0 1016
3229 1016
fi=(72)
20 1016
fe=(64)
+46 1016
fi=(10)
898 1016
fi=(19)
1915 1016
fi=(36)
900 1016
0 16
fe=(64)
66 24
fi=(71)
3228 64
0 8
3229 8
fi=(72)
20 8
fe=(64)
+46 24
fi=(71)
3228 16
fe=(64)
66 8
fi=(71)
3228 48
0 8
3229 8
fi=(72)
20 8
fe=(64)
+46 8
fi=(10)
898 8
fi=(19)
1915 8
fi=(36)
900 8
fe=(64)
66 3048
fi=(71)
3228 8128
0 1016
3229 1016
fi=(72)
20 1016
fe=(64)
+46 3048
fi=(71)
3228 2032
fe=(64)
66 1016
fi=(71)
3228 6096
0 1016
3229 1016
fi=(72)
20 1016
fe=(64)
+46 1016
fi=(10)
898 1016
fi=(19)
1915 1016
fi=(36)
900 1016
0 16
fe=(64)
66 24
fi=(71)
3228 64
0 8
3229 8
fi=(72)
20 8
fe=(64)
+46 24
fi=(71)
3228 16
fe=(64)
66 8
fi=(71)
3228 48
0 8
3229 8
fi=(72)
20 8
fe=(64)
+46 8
fi=(10)
898 8
fi=(19)
1915 8
fi=(36)
900 8
fe=(64)
66 3048
fi=(71)
3228 8128
0 1016
3229 1016
fi=(72)
20 1016
fe=(64)
+46 3048
fi=(71)
3228 2032
fe=(64)
66 1016
fi=(71)
3228 6096
0 1016
3229 1016
fi=(72)
20 1016
fe=(64)
+46 1016
fi=(10)
898 1016
fi=(19)
1915 1016
fi=(36)
900 1016
0 16
fe=(64)
66 24
fi=(71)
3228 64
0 8
3229 8
fi=(72)
20 8
fe=(64)
+46 24
fi=(71)
3228 16
fe=(64)
66 8
fi=(71)
3228 48
0 8
3229 8
fi=(72)
20 8
fe=(64)
+46 8
fi=(10)
898 8
fi=(19)
1915 8
fi=(36)
900 8
fe=(64)
66 3048
fi=(71)
3228 8128
0 1016
3229 1016
fi=(72)
20 1016
fe=(64)
+46 3048
fi=(71)
3228 2032
fe=(64)
66 1016
fi=(71)
3228 6096
0 1016
3229 1016
fi=(72)
20 1016
fe=(64)
+46 1016
fi=(10)
898 1016
fi=(19)
1915 1016
fi=(36)
900 1016
0 16
fe=(64)
66 24
fi=(71)
3228 64
0 8
3229 8
fi=(72)
20 8
fe=(64)
+46 24
fi=(71)
3228 16
fe=(64)
66 8
fi=(71)
3228 48
0 8
3229 8
fi=(72)
20 8
fe=(64)
+46 8
fi=(10)
898 8
fi=(19)
1915 8
fi=(36)
900 8
fe=(64)
66 3048
fi=(71)
3228 8128
0 1016
3229 1016
fi=(72)
20 1016
fe=(64)
+46 3048
fi=(71)
3228 2032
fe=(64)
66 1016
fi=(71)
3228 6096
0 1016
3229 1016
fi=(72)
20 1016
fe=(64)
+46 1016
fi=(10)
898 1016
fi=(19)
1915 1016
fi=(36)
900 1016
0 16
fe=(64)
66 24
fi=(71)
3228 64
0 8
3229 8
fi=(72)
20 8
fe=(64)
+46 24
fi=(71)
3228 16
fe=(64)
66 8
fi=(71)
3228 48
0 8
3229 8
fi=(72)
20 8
fe=(64)
+46 8
fi=(10)
898 8
fi=(19)
1915 8
fi=(36)
900 8
fe=(64)
66 3048
fi=(71)
3228 8128
0 1016
3229 1016
fi=(72)
20 1016
fe=(64)
+46 3048
fi=(71)
3228 2032
fe=(64)
66 1016
fi=(71)
3228 6096
0 1016
3229 1016
fi=(72)
20 1016
fe=(64)
+46 1016
fi=(10)
898 1016
fi=(19)
1915 1016
fi=(36)
900 1016
fe=(64)
70 56

fn=(5476)
116 63
fi=(60)
-84 21
cob=(2)
cfi=(2)
cfn=(4642)
calls=7 -32 
* 546
-32 35
fi=(66)
148 7
fi=(71)
3228 154
+1 28
-1 119
fi=(72)
64 28
fi=(66)
-32 21
148 7
fi=(10)
898 7
fi=(36)
+2 14
fi=(66)
148 441
fi=(71)
3228 9702
+1 1764
-1 7497
fi=(72)
64 1764
fi=(66)
-32 1323
148 441
fi=(10)
898 441
fi=(36)
+2 882
0 7
fe=(64)
119 28
cob=(2)
cfi=(2)
cfn=(4260)
calls=7 0 
* 875
0 7
fi=(60)
32 28
cob=(2)
cfi=(2)
cfn=(4642)
calls=7 -32 
* 546
* 49
-32 7
fi=(66)
148 7
fi=(71)
3228 154
+1 28
-1 119
fi=(72)
64 28
fi=(66)
-32 21
148 448
fi=(71)
3228 9702
+1 1764
-1 7497
fi=(72)
64 1764
fi=(66)
-32 1323
148 441
fi=(10)
898 441
fi=(36)
+2 882
fi=(10)
-2 7
fi=(36)
+2 14
fe=(64)
119 35
cob=(2)
cfi=(2)
cfn=(4260)
calls=7 0 
* 875
0 7
fi=(60)
32 28
cob=(2)
cfi=(2)
cfn=(4642)
calls=7 -32 
* 546
* 49
-32 7
fi=(66)
148 7
fi=(71)
3228 154
+1 28
-1 119
fi=(72)
64 28
fi=(66)
-32 21
148 448
fi=(71)
3228 9702
+1 1764
-1 7497
fi=(72)
64 1764
fi=(66)
-32 1323
148 441
fi=(10)
898 441
fi=(36)
+2 882
fi=(10)
-2 7
fi=(36)
+2 14
fe=(64)
119 35
cob=(2)
cfi=(2)
cfn=(4260)
calls=7 0 
* 875
0 7
fi=(60)
32 28
cob=(2)
cfi=(2)
cfn=(4642)
calls=7 -32 
* 546
* 49
-32 7
fi=(66)
148 7
fi=(71)
3228 154
+1 28
-1 119
fi=(72)
64 28
fi=(66)
-32 21
148 448
fi=(71)
3228 9702
+1 1764
-1 7497
fi=(72)
64 1764
fi=(66)
-32 1323
148 441
fi=(10)
898 441
fi=(36)
+2 882
fi=(10)
-2 7
fi=(36)
+2 14
fe=(64)
119 35
cob=(2)
cfi=(2)
cfn=(4260)
calls=7 0 
* 875
0 7
fi=(60)
32 28
cob=(2)
cfi=(2)
cfn=(4642)
calls=7 -32 
* 546
* 49
-32 7
fi=(66)
148 7
fi=(71)
3228 154
+1 28
-1 119
fi=(72)
64 28
fi=(66)
-32 21
148 448
fi=(71)
3228 9702
+1 1764
-1 7497
fi=(72)
64 1764
fi=(66)
-32 1323
148 441
fi=(10)
898 441
fi=(36)
+2 882
fi=(10)
-2 7
fi=(36)
+2 14
fe=(64)
119 35
cob=(2)
cfi=(2)
cfn=(4260)
calls=7 0 
* 875
0 7
fi=(60)
32 28
cob=(2)
cfi=(2)
cfn=(4642)
calls=7 -32 
* 546
* 49
-32 7
fi=(66)
148 7
fi=(71)
3228 154
+1 28
-1 119
fi=(72)
64 28
fi=(66)
-32 21
148 448
fi=(71)
3228 9702
+1 1764
-1 7497
fi=(72)
64 1764
fi=(66)
-32 1323
148 441
fi=(10)
898 441
fi=(36)
+2 882
fi=(10)
-2 7
fi=(36)
+2 14
fe=(64)
119 35
cob=(2)
cfi=(2)
cfn=(4260)
calls=7 0 
* 875
+3 49

fl=(6)
fn=(3934) main
cfi=(8)
cfn=(3936)
calls=1 152 
0 25455593

fn=(4866)
0 55
cfi=(24)
cfn=(4868)
calls=96 450 
0 3873

fn=(4864)
0 12271

fn=(5296)
0 21
cfi=(24)
cfn=(5298)
calls=25 467 
0 5830

fn=(4970)
0 12270
cfi=(25)
cfn=(4972)
calls=19778 48 
0 420906

fn=(5040)
0 12216
cfi=(24)
cfn=(5042)
calls=19683 482 
0 973197

fn=(3874)
cob=(2)
cfi=(2)
cfn=(3876) (below main)
calls=1 0 
0 25455593

fl=(61)
fn=(5452)
16 70
fi=(60)
+16 21
cob=(2)
cfi=(2)
cfn=(4642)
calls=8 -32 
* 546
fi=(58)
-15 98
fi=(51)
+59 63
fi=(49)
-53 14
fe=(61)
-2 28
cfi=(49)
cfn=(4988)
calls=8 +5 
* 308
* 7
+1 28
cob=(2)
cfi=(2)
cfn=(4260)
calls=8 -22 
* 455
* 28
cfi=(49)
cfn=(5014)
calls=8 +8 
* 44884
+2 14
+1 28
cfi=(49)
cfn=(5110)
calls=8 +12 
* 44023
* 7
+1 21
cfi=(63)
cfn=(5322)
calls=8 +35 
* 3577
+1 14
-27 21
fi=(36)
900 28
0 14
fe=(61)
29 28
cfi=(49)
cfn=(5110)
calls=8 +8 
* 357
* 1344
cfi=(49)
cfn=(5110)
calls=384 +8 
* 17136
-29 343
31 686
fi=(51)
196 72
fi=(18)
552 98
fi=(51)
239 98
fe=(61)
0 49
31 98
fi=(62)
+10 49
fi=(51)
196 49
+62 98
+1 98
0 343
fe=(61)
36 686
fi=(50)
272 686
fe=(61)
37 1029
-37 343
37 1029
fi=(19)
1915 343
fi=(36)
900 343
fe=(61)
40 7
fi=(34)
634 14
fi=(23)
128 21
cfi=(6)
cfn=(4970)
calls=8 0 
* 245
fe=(61)
-88 63

fl=(51)
fn=(5094)
250 84579
-54 15378
+62 7689
0 15078
259 22617
0 7419
fi=(50)
89 7419
fi=(18)
552 22257
cob=(2)
cfi=(2)
cfn=(4260)
calls=22257 0 
* 133542
fe=(51)
239 7419
0 7869
fi=(20)
961 120
0 120
fi=(50)
89 120
fi=(18)
552 240
cob=(2)
cfi=(2)
cfn=(4260)
calls=360 0 
* 2160
0 120
fe=(51)
344 840
0 120
fi=(14)
1717 120
fi=(55)
180 120
fe=(51)
344 900
0 150
fi=(14)
1717 150
fi=(55)
180 150
0 270
fe=(51)
274 810
0 750
fi=(18)
552 750
cob=(2)
cfi=(2)
cfn=(4260)
calls=450 0 
* 4500
fi=(58)
61 450
cfi=(54)
cfn=(5024)
calls=450 166 
* 923700
fi=(18)
552 600
cob=(2)
cfi=(2)
cfn=(4260)
calls=450 0 
* 2700
fe=(51)
278 600
cob=(2)
cfi=(2)
cfn=(4260)
calls=450 0 
* 4500
-39 7689
+42 61512

fl=(73)
fn=(5536)
17 6
cfi=(6)
cfn=(4864)
calls=1 -17 
* 1
fi=(23)
198 3
cfi=(6)
cfn=(5040)
calls=1 0 
* 70
fi=(34)
469 2
0 8
fe=(73)
23 4
+1 4
-24 4
fi=(19)
1915 4
fi=(36)
900 4
fe=(73)
0 124
fi=(19)
1915 124
fi=(36)
900 124
fe=(73)
22 256
fi=(50)
278 6
fe=(73)
23 3
+1 3
-2 256
fi=(50)
278 8
fe=(73)
27 2
-27 5
23 4
+1 4
-24 4
fi=(19)
1915 4
fi=(36)
900 4
fe=(73)
0 124
fi=(19)
1915 124
fi=(36)
900 124
fe=(73)
22 256
fi=(50)
278 6
fe=(73)
23 3
+1 3
-2 256
fi=(50)
278 8
fe=(73)
27 2
-27 2
23 1
+1 1
-24 1
fi=(19)
1915 1
fi=(36)
900 1
fe=(73)
0 127
fi=(19)
1915 127
fi=(36)
900 127
fe=(73)
22 256
fi=(50)
278 8
fe=(73)
23 4
+1 4
-2 256
fi=(50)
278 2
fe=(73)
27 2
-27 3
23 2
+1 2
-24 2
fi=(19)
1915 2
fi=(36)
900 2
fe=(73)
0 126
fi=(19)
1915 126
fi=(36)
900 126
fe=(73)
22 256
fi=(50)
278 10
fe=(73)
23 5
+1 5
-2 256
fi=(50)
278 4
fe=(73)
27 2
-27 129
fi=(19)
1915 128
fi=(36)
900 128
fe=(73)
22 256
fi=(50)
278 8
fe=(73)
23 4
+1 4
-2 256
fi=(50)
278 10
0 5
fe=(73)
23 5
+1 5
-24 5
27 2
-27 129
fi=(19)
1915 128
fi=(36)
900 128
fe=(73)
22 256
fi=(50)
278 8
fe=(73)
23 4
+1 4
-2 256
+5 1
+2 3
+1 5

fl=(65)
fn=(5142)
49 140
cob=(2)
cfi=(2)
cfn=(4642)
calls=9 -49 
* 43141
* 7
-49 7
fi=(60)
45 28
cob=(2)
cfi=(2)
cfn=(4642)
calls=9 -45 
* 546
* 140
cob=(2)
cfi=(2)
cfn=(4642)
calls=45 -45 
* 2730
* 42
-45 42
fe=(65)
25 126
fi=(71)
3228 336
0 42
3229 42
fi=(72)
20 42
fe=(65)
+5 126
fi=(71)
3228 336
0 42
3229 42
fi=(72)
20 42
fe=(65)
+5 84
fi=(19)
1915 84
fi=(36)
900 42
fe=(65)
25 16002
fi=(71)
3228 42672
0 5334
3229 5334
fi=(72)
20 5334
fe=(65)
+5 16002
fi=(71)
3228 42672
0 5334
3229 5334
fi=(72)
20 5334
fe=(65)
+5 10668
fi=(19)
1915 10668
fi=(36)
900 5334
0 168
fi=(60)
45 168
cob=(2)
cfi=(2)
cfn=(4642)
calls=54 -45 
* 3276
* 42
-45 42
fe=(65)
16 126
fi=(71)
3228 336
0 42
3229 42
fi=(72)
20 42
fe=(65)
-4 126
fi=(71)
3228 336
0 42
3229 42
fi=(72)
20 42
fe=(65)
-4 84
fi=(19)
1915 84
fi=(36)
900 42
fe=(65)
16 16002
fi=(71)
3228 42672
0 5334
3229 5334
fi=(72)
20 5334
fe=(65)
-4 16002
fi=(71)
3228 42672
0 5334
3229 5334
fi=(72)
20 5334
fe=(65)
-4 10668
fi=(19)
1915 10668
fi=(36)
900 5334
fe=(65)
56 168
cob=(2)
cfi=(2)
cfn=(4260)
calls=54 -56 
* 5236
fi=(60)
-11 168
cob=(2)
cfi=(2)
cfn=(4642)
calls=54 -45 
* 3276
* 42
-45 42
fe=(65)
25 126
fi=(71)
3228 336
0 42
3229 42
fi=(72)
20 42
fe=(65)
+5 126
fi=(71)
3228 336
0 42
3229 42
fi=(72)
20 42
fe=(65)
+5 84
fi=(19)
1915 84
fi=(36)
900 42
fe=(65)
25 16002
fi=(71)
3228 42672
0 5334
3229 5334
fi=(72)
20 5334
fe=(65)
+5 16002
fi=(71)
3228 42672
0 5334
3229 5334
fi=(72)
20 5334
fe=(65)
+5 10668
fi=(19)
1915 10668
fi=(36)
900 5334
fi=(60)
45 168
cob=(2)
cfi=(2)
cfn=(4642)
calls=54 -45 
* 3276
* 42
-45 42
fe=(65)
16 126
fi=(71)
3228 336
0 42
3229 42
fi=(72)
20 42
fe=(65)
-4 126
fi=(71)
3228 336
0 42
3229 42
fi=(72)
20 42
fe=(65)
-4 84
fi=(19)
1915 84
fi=(36)
900 42
fe=(65)
16 16002
fi=(71)
3228 42672
0 5334
3229 5334
fi=(72)
20 5334
fe=(65)
-4 16002
fi=(71)
3228 42672
0 5334
3229 5334
fi=(72)
20 5334
fe=(65)
-4 10668
fi=(19)
1915 10668
fi=(36)
900 5334
fe=(65)
56 168
cob=(2)
cfi=(2)
cfn=(4260)
calls=54 -56 
* 5236
fi=(60)
-11 168
cob=(2)
cfi=(2)
cfn=(4642)
calls=54 -45 
* 3276
* 42
-45 42
fe=(65)
25 126
fi=(71)
3228 336
0 42
3229 42
fi=(72)
20 42
fe=(65)
+5 126
fi=(71)
3228 336
0 42
3229 42
fi=(72)
20 42
fe=(65)
+5 84
fi=(19)
1915 84
fi=(36)
900 42
fe=(65)
25 16002
fi=(71)
3228 42672
0 5334
3229 5334
fi=(72)
20 5334
fe=(65)
+5 16002
fi=(71)
3228 42672
0 5334
3229 5334
fi=(72)
20 5334
fe=(65)
+5 10668
fi=(19)
1915 10668
fi=(36)
900 5334
fi=(60)
45 168
cob=(2)
cfi=(2)
cfn=(4642)
calls=54 -45 
* 3276
* 42
-45 42
fe=(65)
16 126
fi=(71)
3228 336
0 42
3229 42
fi=(72)
20 42
fe=(65)
-4 126
fi=(71)
3228 336
0 42
3229 42
fi=(72)
20 42
fe=(65)
-4 84
fi=(19)
1915 84
fi=(36)
900 42
fe=(65)
16 16002
fi=(71)
3228 42672
0 5334
3229 5334
fi=(72)
20 5334
fe=(65)
-4 16002
fi=(71)
3228 42672
0 5334
3229 5334
fi=(72)
20 5334
fe=(65)
-4 10668
fi=(19)
1915 10668
fi=(36)
900 5334
fe=(65)
56 168
cob=(2)
cfi=(2)
cfn=(4260)
calls=54 -56 
* 5236
fi=(60)
-11 168
cob=(2)
cfi=(2)
cfn=(4642)
calls=54 -45 
* 3276
* 42
-45 42
fe=(65)
25 126
fi=(71)
3228 336
0 42
3229 42
fi=(72)
20 42
fe=(65)
+5 126
fi=(71)
3228 84
fe=(65)
25 42
fi=(71)
3228 252
0 42
3229 42
fi=(72)
20 42
fe=(65)
+5 42
fi=(10)
898 42
fi=(19)
1915 42
fi=(36)
900 42
fe=(65)
25 16002
fi=(71)
3228 42672
0 5334
3229 5334
fi=(72)
20 5334
fe=(65)
+5 16002
fi=(71)
3228 10668
fe=(65)
25 5334
fi=(71)
3228 32004
0 5334
3229 5334
fi=(72)
20 5334
fe=(65)
+5 5334
fi=(10)
898 5334
fi=(19)
1915 5334
fi=(36)
900 5334
fi=(60)
45 168
cob=(2)
cfi=(2)
cfn=(4642)
calls=54 -45 
* 3276
* 42
-45 42
fe=(65)
16 126
fi=(71)
3228 336
0 42
3229 42
fi=(72)
20 42
fe=(65)
-4 126
fi=(71)
3228 336
0 42
3229 42
fi=(72)
20 42
fe=(65)
-4 84
fi=(19)
1915 84
fi=(36)
900 42
fe=(65)
16 16002
fi=(71)
3228 42672
0 5334
3229 5334
fi=(72)
20 5334
fe=(65)
-4 16002
fi=(71)
3228 42672
0 5334
3229 5334
fi=(72)
20 5334
fe=(65)
-4 10668
fi=(19)
1915 10668
fi=(36)
900 5334
fe=(65)
56 168
cob=(2)
cfi=(2)
cfn=(4260)
calls=54 -56 
* 5236
fi=(60)
-11 168
cob=(2)
cfi=(2)
cfn=(4642)
calls=54 -45 
* 3276
* 42
-45 42
fe=(65)
25 126
fi=(71)
3228 336
0 42
3229 42
fi=(72)
20 42
fe=(65)
+5 126
fi=(71)
3228 84
fe=(65)
25 42
fi=(71)
3228 252
0 42
3229 42
fi=(72)
20 42
fe=(65)
+5 42
fi=(10)
898 42
fi=(19)
1915 42
fi=(36)
900 42
fe=(65)
25 16002
fi=(71)
3228 42672
0 5334
3229 5334
fi=(72)
20 5334
fe=(65)
+5 16002
fi=(71)
3228 10668
fe=(65)
25 5334
fi=(71)
3228 32004
0 5334
3229 5334
fi=(72)
20 5334
fe=(65)
+5 5334
fi=(10)
898 5334
fi=(19)
1915 5334
fi=(36)
900 5334
fi=(60)
45 168
cob=(2)
cfi=(2)
cfn=(4642)
calls=54 -45 
* 3276
* 42
-45 42
fe=(65)
16 126
fi=(71)
3228 336
0 42
3229 42
fi=(72)
20 42
fe=(65)
-4 126
fi=(71)
3228 336
0 42
3229 42
fi=(72)
20 42
fe=(65)
-4 84
fi=(19)
1915 84
fi=(36)
900 42
fe=(65)
16 16002
fi=(71)
3228 42672
0 5334
3229 5334
fi=(72)
20 5334
fe=(65)
-4 16002
fi=(71)
3228 42672
0 5334
3229 5334
fi=(72)
20 5334
fe=(65)
-4 10668
fi=(19)
1915 10668
fi=(36)
900 5334
fe=(65)
56 168
cob=(2)
cfi=(2)
cfn=(4260)
calls=54 -56 
* 5236
fi=(10)
898 42
fi=(36)
+2 84
fi=(19)
1915 42
fi=(36)
900 42
0 7
fe=(65)
59 28
cob=(2)
cfi=(2)
cfn=(4260)
calls=9 -59 
* 4235
+1 63

fn=(5464)
40 80
fi=(60)
+41 8
-81 8
81 24
cob=(2)
cfi=(2)
cfn=(4642)
calls=9 -81 
* 32920
-81 8
45 24
cob=(2)
cfi=(2)
cfn=(4642)
calls=9 -45 
* 624
* 16
fe=(65)
-20 24
fi=(71)
3228 64
0 8
3229 8
fi=(72)
20 8
fe=(65)
+5 24
fi=(71)
3228 64
0 8
3229 8
fi=(72)
20 8
fe=(65)
+5 16
fi=(19)
1915 16
fi=(36)
900 8
fe=(65)
25 3048
fi=(71)
3228 8128
0 1016
3229 1016
fi=(72)
20 1016
fe=(65)
+5 3048
fi=(71)
3228 8128
0 1016
3229 1016
fi=(72)
20 1016
fe=(65)
+5 2032
fi=(19)
1915 2032
fi=(36)
900 1016
0 8
fe=(65)
43 32
cob=(2)
cfi=(2)
cfn=(4260)
calls=9 -43 
* 1000
-43 8
fi=(60)
45 32
cob=(2)
cfi=(2)
cfn=(4642)
calls=9 -45 
* 624
fe=(65)
-20 3072
fi=(71)
3228 8192
0 1024
3229 1024
fi=(72)
20 1024
fe=(65)
+5 3072
fi=(71)
3228 2048
fe=(65)
25 1024
fi=(71)
3228 6144
0 1024
3229 1024
fi=(72)
20 1024
fe=(65)
+5 1024
fi=(10)
898 1024
fi=(19)
1915 1024
fi=(36)
900 1024
fe=(65)
43 40
cob=(2)
cfi=(2)
cfn=(4260)
calls=9 -43 
* 1000
-43 8
fi=(60)
45 32
cob=(2)
cfi=(2)
cfn=(4642)
calls=9 -45 
* 624
-45 8
fe=(65)
25 24
fi=(71)
3228 64
0 8
3229 8
fi=(72)
20 8
fe=(65)
+5 24
fi=(71)
3228 16
fe=(65)
25 8
fi=(71)
3228 48
0 8
3229 8
fi=(72)
20 8
fe=(65)
+5 8
fi=(10)
898 8
fi=(19)
1915 8
fi=(36)
900 8
fe=(65)
25 3048
fi=(71)
3228 8128
0 1016
3229 1016
fi=(72)
20 1016
fe=(65)
+5 3048
fi=(71)
3228 2032
fe=(65)
25 1016
fi=(71)
3228 6096
0 1016
3229 1016
fi=(72)
20 1016
fe=(65)
+5 1016
fi=(10)
898 1016
fi=(19)
1915 1016
fi=(36)
900 1016
0 8
fe=(65)
43 32
cob=(2)
cfi=(2)
cfn=(4260)
calls=9 -43 
* 1000
-43 8
fi=(60)
45 32
cob=(2)
cfi=(2)
cfn=(4642)
calls=9 -45 
* 624
-45 8
fe=(65)
25 24
fi=(71)
3228 64
0 8
3229 8
fi=(72)
20 8
fe=(65)
+5 24
fi=(71)
3228 16
fe=(65)
25 8
fi=(71)
3228 48
0 8
3229 8
fi=(72)
20 8
fe=(65)
+5 8
fi=(10)
898 8
fi=(19)
1915 8
fi=(36)
900 8
fe=(65)
25 3048
fi=(71)
3228 8128
0 1016
3229 1016
fi=(72)
20 1016
fe=(65)
+5 3048
fi=(71)
3228 2032
fe=(65)
25 1016
fi=(71)
3228 6096
0 1016
3229 1016
fi=(72)
20 1016
fe=(65)
+5 1016
fi=(10)
898 1016
fi=(19)
1915 1016
fi=(36)
900 1016
fe=(65)
43 40
cob=(2)
cfi=(2)
cfn=(4260)
calls=9 -43 
* 1000
-43 8
fi=(60)
45 32
cob=(2)
cfi=(2)
cfn=(4642)
calls=9 -45 
* 624
-45 8
fe=(65)
25 24
fi=(71)
3228 64
0 8
3229 8
fi=(72)
20 8
fe=(65)
+5 24
fi=(71)
3228 16
fe=(65)
25 8
fi=(71)
3228 48
0 8
3229 8
fi=(72)
20 8
fe=(65)
+5 8
fi=(10)
898 8
fi=(19)
1915 8
fi=(36)
900 8
fe=(65)
25 3048
fi=(71)
3228 8128
0 1016
3229 1016
fi=(72)
20 1016
fe=(65)
+5 3048
fi=(71)
3228 2032
fe=(65)
25 1016
fi=(71)
3228 6096
0 1016
3229 1016
fi=(72)
20 1016
fe=(65)
+5 1016
fi=(10)
898 1016
fi=(19)
1915 1016
fi=(36)
900 1016
fe=(65)
43 40
cob=(2)
cfi=(2)
cfn=(4260)
calls=9 -43 
* 1000
-43 8
fi=(60)
45 32
cob=(2)
cfi=(2)
cfn=(4642)
calls=9 -45 
* 624
-45 8
fe=(65)
25 24
fi=(71)
3228 64
0 8
3229 8
fi=(72)
20 8
fe=(65)
+5 24
fi=(71)
3228 16
fe=(65)
25 8
fi=(71)
3228 48
0 8
3229 8
fi=(72)
20 8
fe=(65)
+5 8
fi=(10)
898 8
fi=(19)
1915 8
fi=(36)
900 8
fe=(65)
25 3048
fi=(71)
3228 8128
0 1016
3229 1016
fi=(72)
20 1016
fe=(65)
+5 3048
fi=(71)
3228 2032
fe=(65)
25 1016
fi=(71)
3228 6096
0 1016
3229 1016
fi=(72)
20 1016
fe=(65)
+5 1016
fi=(10)
898 1016
fi=(19)
1915 1016
fi=(36)
900 1016
fe=(65)
43 40
cob=(2)
cfi=(2)
cfn=(4260)
calls=9 -43 
* 1000
+3 72
-6 70
fi=(60)
+41 7
-81 7
81 21
cob=(2)
cfi=(2)
cfn=(4642)
calls=7 -81 
* 21637
-81 7
45 21
cob=(2)
cfi=(2)
cfn=(4642)
calls=7 -45 
* 546
* 14
fe=(65)
-20 21
fi=(71)
3228 56
0 7
3229 7
fi=(72)
20 7
fe=(65)
+5 21
fi=(71)
3228 56
0 7
3229 7
fi=(72)
20 7
fe=(65)
+5 14
fi=(19)
1915 14
fi=(36)
900 7
fe=(65)
25 2667
fi=(71)
3228 7112
0 889
3229 889
fi=(72)
20 889
fe=(65)
+5 2667
fi=(71)
3228 7112
0 889
3229 889
fi=(72)
20 889
fe=(65)
+5 1778
fi=(19)
1915 1778
fi=(36)
900 889
0 7
fe=(65)
43 28
cob=(2)
cfi=(2)
cfn=(4260)
calls=7 -43 
* 875
-43 7
fi=(60)
45 28
cob=(2)
cfi=(2)
cfn=(4642)
calls=7 -45 
* 546
fe=(65)
-20 2688
fi=(71)
3228 7168
0 896
3229 896
fi=(72)
20 896
fe=(65)
+5 2688
fi=(71)
3228 1792
fe=(65)
25 896
fi=(71)
3228 5376
0 896
3229 896
fi=(72)
20 896
fe=(65)
+5 896
fi=(10)
898 896
fi=(19)
1915 896
fi=(36)
900 896
fe=(65)
43 35
cob=(2)
cfi=(2)
cfn=(4260)
calls=7 -43 
* 875
-43 7
fi=(60)
45 28
cob=(2)
cfi=(2)
cfn=(4642)
calls=7 -45 
* 546
-45 7
fe=(65)
25 21
fi=(71)
3228 56
0 7
3229 7
fi=(72)
20 7
fe=(65)
+5 21
fi=(71)
3228 14
fe=(65)
25 7
fi=(71)
3228 42
0 7
3229 7
fi=(72)
20 7
fe=(65)
+5 7
fi=(10)
898 7
fi=(19)
1915 7
fi=(36)
900 7
fe=(65)
25 2667
fi=(71)
3228 7112
0 889
3229 889
fi=(72)
20 889
fe=(65)
+5 2667
fi=(71)
3228 1778
fe=(65)
25 889
fi=(71)
3228 5334
0 889
3229 889
fi=(72)
20 889
fe=(65)
+5 889
fi=(10)
898 889
fi=(19)
1915 889
fi=(36)
900 889
0 7
fe=(65)
43 28
cob=(2)
cfi=(2)
cfn=(4260)
calls=7 -43 
* 875
-43 7
fi=(60)
45 28
cob=(2)
cfi=(2)
cfn=(4642)
calls=7 -45 
* 546
-45 7
fe=(65)
25 21
fi=(71)
3228 56
0 7
3229 7
fi=(72)
20 7
fe=(65)
+5 21
fi=(71)
3228 14
fe=(65)
25 7
fi=(71)
3228 42
0 7
3229 7
fi=(72)
20 7
fe=(65)
+5 7
fi=(10)
898 7
fi=(19)
1915 7
fi=(36)
900 7
fe=(65)
25 2667
fi=(71)
3228 7112
0 889
3229 889
fi=(72)
20 889
fe=(65)
+5 2667
fi=(71)
3228 1778
fe=(65)
25 889
fi=(71)
3228 5334
0 889
3229 889
fi=(72)
20 889
fe=(65)
+5 889
fi=(10)
898 889
fi=(19)
1915 889
fi=(36)
900 889
fe=(65)
43 35
cob=(2)
cfi=(2)
cfn=(4260)
calls=7 -43 
* 875
-43 7
fi=(60)
45 28
cob=(2)
cfi=(2)
cfn=(4642)
calls=7 -45 
* 546
-45 7
fe=(65)
25 21
fi=(71)
3228 56
0 7
3229 7
fi=(72)
20 7
fe=(65)
+5 21
fi=(71)
3228 14
fe=(65)
25 7
fi=(71)
3228 42
0 7
3229 7
fi=(72)
20 7
fe=(65)
+5 7
fi=(10)
898 7
fi=(19)
1915 7
fi=(36)
900 7
fe=(65)
25 2667
fi=(71)
3228 7112
0 889
3229 889
fi=(72)
20 889
fe=(65)
+5 2667
fi=(71)
3228 1778
fe=(65)
25 889
fi=(71)
3228 5334
0 889
3229 889
fi=(72)
20 889
fe=(65)
+5 889
fi=(10)
898 889
fi=(19)
1915 889
fi=(36)
900 889
fe=(65)
43 35
cob=(2)
cfi=(2)
cfn=(4260)
calls=7 -43 
* 875
+3 63

fl=(49)
fn=(5074)
64 300
fi=(52)
+85 30
fi=(51)
+47 30
0 30
146 30
fi=(68) /home/rick/.cargo/registry/src/index.crates.io-1949cf8c6b5b557f/block-buffer-0.10.4/src/sealed.rs
17 60
fi=(51)
155 30
fi=(50)
-54 30
fi=(18)
552 90
cob=(2)
cfi=(2)
cfn=(4260)
calls=90 0 
* 360
fi=(51)
158 30
0 30
239 30
fe=(49)
66 240

fn=(5082)
68 210
fi=(52)
203 30
0 60
203 60
cob=(2)
cfi=(2)
cfn=(4260)
calls=90 0 
* 900
* 150
cob=(2)
cfi=(2)
cfn=(4260)
calls=90 0 
* 900
fi=(51)
-7 30
fi=(50)
-95 60
0 30
fi=(55)
180 30
fi=(51)
+8 60
cob=(2)
cfi=(2)
cfn=(4642)
calls=90 0 
* 780
fi=(53)
-49 30
+2 30
fi=(58)
-95 900
fi=(26)
1718 30
fi=(58)
46 30
+3 90
cfi=(54)
cfn=(5024)
calls=90 166 
* 184740
-49 30
8 120
cob=(2)
cfi=(2)
cfn=(4260)
calls=90 -8 
* 900
fi=(51)
+68 360
fe=(49)
-7 120
cob=(2)
cfi=(2)
cfn=(4260)
calls=90 -69 
* 1950
+1 210

fn=(4988)
26 960
fi=(52)
149 96
fi=(51)
+47 96
0 96
146 96
fi=(68)
17 192
fi=(51)
155 96
fi=(50)
-54 89
fi=(18)
552 267
cob=(2)
cfi=(2)
cfn=(4260)
calls=106 0 
* 1279
fi=(51)
158 89
0 89
161 14
fi=(50)
-60 7
fi=(18)
552 28
cob=(2)
cfi=(2)
cfn=(4260)
calls=8 0 
* 154
fi=(26)
1718 7
fi=(58)
46 42
fi=(26)
1718 7
fi=(58)
46 14
fi=(26)
1718 7
fi=(58)
46 14
fi=(26)
1718 7
fi=(58)
46 14
fi=(26)
1718 7
fi=(58)
46 21
fi=(26)
1718 7
fi=(58)
46 28
fi=(26)
1718 7
fi=(58)
46 21
fi=(26)
1718 7
fi=(58)
46 14
fi=(26)
1718 7
fi=(58)
46 7
fi=(89) /rustc/ac68faa20c58cbccd01ee7208bf3b6e93a7d7f96/library/core/src/ptr/const_ptr.rs
863 7
fi=(58)
49 21
cfi=(54)
cfn=(5024)
calls=8 166 
* 43106
fi=(68)
-26 14
-23 7
23 49
fi=(89)
863 7
fi=(51)
169 14
0 14
fi=(26)
1718 7
fi=(58)
46 35
fi=(26)
1718 7
fi=(58)
46 14
fi=(26)
1718 7
fi=(58)
46 21
fi=(26)
1718 7
fi=(58)
46 14
fi=(26)
1718 7
fi=(58)
46 21
fi=(26)
1718 7
fi=(58)
46 21
fi=(26)
1718 7
fi=(58)
46 21
fi=(26)
1718 7
fi=(58)
46 21
fi=(26)
1718 7
fi=(58)
46 7
+3 7
fi=(14)
659 7
fi=(58)
49 14
cfi=(54)
cfn=(5024)
calls=10 166 
* 43106
fi=(26)
1718 28
fi=(58)
46 140
fi=(26)
1718 28
fi=(58)
46 56
fi=(26)
1718 28
fi=(58)
46 84
fi=(26)
1718 28
fi=(58)
46 56
fi=(26)
1718 28
fi=(58)
46 84
fi=(26)
1718 28
fi=(58)
46 84
fi=(26)
1718 28
fi=(58)
46 84
fi=(26)
1718 28
fi=(58)
46 84
fi=(26)
1718 28
fi=(58)
46 28
+3 28
fi=(14)
659 28
fi=(58)
49 56
cfi=(54)
cfn=(5024)
calls=58 166 
* 172424
fi=(14)
1717 35
fi=(55)
180 35
fi=(18)
552 28
cob=(2)
cfi=(2)
cfn=(4260)
calls=10 0 
* 77
fi=(51)
239 96
fe=(49)
28 768

fn=(5014)
30 308
fi=(52)
203 44
0 88
203 88
cob=(2)
cfi=(2)
cfn=(4260)
calls=61 0 
* 1320
* 220
cob=(2)
cfi=(2)
cfn=(4260)
calls=61 0 
* 1320
fi=(51)
-7 44
fi=(50)
-95 44
0 44
fi=(55)
180 44
fi=(51)
+8 88
cob=(2)
cfi=(2)
cfn=(4642)
calls=61 0 
* 823
fi=(53)
-49 44
+2 44
fi=(58)
-95 1056
fi=(26)
1718 44
fi=(58)
46 44
+3 132
cfi=(54)
cfn=(5024)
calls=61 166 
* 270952
-49 44
8 176
cob=(2)
cfi=(2)
cfn=(4260)
calls=61 -8 
* 1320
fi=(51)
+68 440
fe=(49)
-45 176
cob=(2)
cfi=(2)
cfn=(4260)
calls=61 -31 
* 2860
+1 308

fn=(5036)
42 315
fi=(57)
457 35
fi=(34)
0 70
460 35
0 35
cfi=(6)
cfn=(4864)
calls=37 0 
0 35
0 35
fi=(23)
198 105
cfi=(6)
cfn=(5040)
calls=37 0 
* 4355
fi=(34)
469 70
0 35
fi=(62)
41 35
fi=(51)
196 70
+62 35
0 175
fi=(18)
0 35
fi=(51)
344 210
0 35
fi=(14)
1717 35
fi=(55)
180 35
0 140
fi=(18)
552 140
cob=(2)
cfi=(2)
cfn=(4260)
calls=35 0 
* 1050
* 420
cob=(2)
cfi=(2)
cfn=(4260)
calls=105 0 
* 3150
fi=(58)
61 420
cfi=(54)
cfn=(5024)
calls=140 166 
* 862120
fi=(62)
-61 140
44 420
cob=(2)
cfi=(2)
cfn=(4260)
calls=140 -44 
* 4200
fi=(14)
1717 280
fi=(55)
180 140
0 105
fi=(51)
274 35
0 70
fi=(18)
552 105
cob=(2)
cfi=(2)
cfn=(4260)
calls=37 0 
* 1050
fi=(58)
61 105
cfi=(54)
cfn=(5024)
calls=37 166 
* 215530
fi=(51)
-61 105
fi=(18)
552 175
cob=(2)
cfi=(2)
cfn=(4260)
calls=37 0 
* 770
fi=(51)
278 140
cob=(2)
cfi=(2)
cfn=(4260)
calls=37 0 
* 1050
* 35
0 70
239 35
fe=(49)
45 105
+1 315

fn=(5110)
37 3168
fi=(62)
+4 352
-41 352
fi=(51)
196 704
+62 352
0 686
259 1029
fi=(50)
89 343
fi=(18)
552 1029
cob=(2)
cfi=(2)
cfn=(4260)
calls=2870 0 
* 5488
fi=(51)
239 343
0 713
344 63
0 9
fi=(14)
1717 18
fi=(55)
180 9
0 9
fi=(51)
274 18
0 27
fi=(18)
552 36
cob=(2)
cfi=(2)
cfn=(4260)
calls=35 0 
* 270
fi=(58)
61 27
cfi=(54)
cfn=(5024)
calls=35 166 
* 55422
fi=(18)
552 36
cob=(2)
cfi=(2)
cfn=(4260)
calls=35 0 
* 115
fi=(51)
278 36
cob=(2)
cfi=(2)
cfn=(4260)
calls=35 0 
* 270
-39 352
fe=(49)
39 2816

fl=(48)
fn=(5130)
77 153
+1 34
cob=(2)
cfi=(2)
cfn=(4260)
calls=34 -78 
* 2125
-78 68
80 34
fi=(71)
3228 748
+1 136
fe=(48)
80 1088
fi=(71)
3228 23188
+1 4216
fe=(48)
80 1054
fi=(55)
180 1632
0 85
fe=(48)
86 51
-86 17
88 17
-1 17
+1 17
fi=(55)
-88 119
fe=(48)
86 357
-86 119
88 119
-1 119
+1 4318
-1 4199
+1 21539
-88 4335
91 87040
fi=(71)
3228 156672
0 17408
3229 52224
fe=(48)
92 52224
fi=(71)
3228 139264
0 17408
3229 17408
fi=(72)
20 17408
fe=(48)
+73 17408
fi=(71)
3228 139264
0 17408
3229 17408
fi=(72)
20 17408
fe=(48)
+72 17408
+1 17408
+1 17408
-4 34816
+6 4335
-10 8670
+12 136
-14 136
-84 17
100 68
cob=(2)
cfi=(2)
cfn=(4260)
calls=34 0 
* 2125
+1 153

fn=(5150)
104 1125
+1 250
cob=(2)
cfi=(2)
cfn=(4260)
calls=143 0 
* 15625
0 500
107 250
fi=(71)
3228 5500
+1 1000
fe=(48)
107 8000
fi=(71)
3228 170500
+1 31000
fe=(48)
107 7750
fi=(55)
+73 12000
0 625
fe=(48)
113 375
0 125
114 125
+1 250
fi=(55)
0 875
fe=(48)
113 2625
0 875
114 875
+1 1750
-1 30875
+1 125500
fi=(71)
3228 255000
+1 223125
0 31875
fe=(48)
118 256000
+1 384000
-1 128000
+1 256000
fi=(71)
3228 1024000
0 128000
3229 128000
fi=(72)
20 128000
fe=(48)
120 128000
fi=(71)
3228 1152000
0 128000
3229 384000
fe=(48)
121 128000
fi=(71)
3228 1024000
0 128000
3229 128000
fi=(72)
20 128000
fe=(48)
+99 128000
+2 128000
+1 128000
-5 256000
+7 31875
-11 63750
-2 3000
0 250
129 250
fi=(71)
3228 1000
0 125
3229 125
fi=(72)
20 125
fe=(48)
129 375
fi=(71)
3228 1000
0 125
3229 125
fi=(72)
20 125
fe=(48)
129 125
fi=(14)
1717 250
fi=(55)
180 125
fe=(48)
-51 31750
fi=(71)
3228 127000
0 15875
3229 15875
fi=(72)
20 15875
fe=(48)
129 47625
fi=(71)
3228 127000
0 15875
3229 15875
fi=(72)
20 15875
fe=(48)
129 15875
fi=(14)
1717 31750
fi=(55)
180 15875
0 125
fe=(48)
131 500
cob=(2)
cfi=(2)
cfn=(4260)
calls=143 0 
* 15625
+1 1125

ob=(2)
fl=(2)
fn=(4232)
0 1155
cfn=(4234) 0x00000000000a80c0
calls=25 0 
0 3982
0 231

fn=(3994)
0 156
cfn=(4000) 0x00000000000a6dc0
calls=38 0 
0 1650
0 1572

fn=(4000)
0 7073
cfn=(4726) 0x00000000000a4e90
calls=15 0 
0 195
0 335

fn=(3876)
cfn=(3920) 0x00000000000276c0
calls=1 0 
0 25455593

fn=(4280) 0x00000000000a6140
0 2981
cfn=(4298) 0x00000000000a4f60
calls=83 0 
0 692
0 715

fn=(4274) 0x00000000000a6290
0 108
cfn=(4280)
calls=11 0 
0 846
0 45

fn=(4298)
0 692

fn=(4760)
0 748
cfn=(4000)
calls=62 0 
0 4809
0 735536

fn=(4234)
0 905
cfn=(4000)
calls=9 0 
0 1144
0 77
cfn=(4274)
calls=2 0 
0 222
0 66
cfn=(4726)
calls=9 0 
0 155
0 112
cfn=(4260)
calls=9 0 
0 348
0 42
cfn=(4274)
calls=9 0 
0 777
0 134

fn=(4642)
0 322042

fn=(4726)
0 350

fn=(3920)
cob=(6)
cfi=(6)
cfn=(3934)
calls=1 0 
0 25455593

fn=(4260)
0 530516

fn=(4626)
0 552
cfn=(4280)
calls=72 0 
0 3542
0 404542

totals: 25455593
