# callgrind format
version: 1
creator: callgrind-3.25.1
pid: 929686
cmd:  target/release/examples/profile baseline case-019
part: 1


desc: I1 cache: 
desc: D1 cache: 
desc: LL cache: 

desc: Timerange: Basic block 0 - 3322785
desc: Trigger: Program termination

positions: line
events: Ir
summary: 19544568


ob=(1) /usr/lib/ld-linux-x86-64.so.2
fl=(1) ???
fn=(0) 0x000000000001f300
cob=(6) /home/rick/unl/king's/thesis/ml-dsa/target/release/examples/profile
cfi=(6) ???
cfn=(3874) (below main)
calls=1 0 
0 19544568

ob=(6)
fl=(67) /home/rick/unl/king's/thesis/ml-dsa/ml-dsa/src/serdes.rs
fn=(5316) ml_dsa::serdes::sk_decode
99 8
-99 34
102 2
fi=(18) /rustc/ac68faa20c58cbccd01ee7208bf3b6e93a7d7f96/library/core/src/ptr/mod.rs
552 16
fi=(50) /rustc/ac68faa20c58cbccd01ee7208bf3b6e93a7d7f96/library/core/src/slice/index.rs
89 1
fe=(67)
+27 10
cfi=(63) /home/rick/unl/king's/thesis/ml-dsa/ml-dsa/src/encoding.rs
cfn=(5320) ml_dsa::encoding::bit_unpack
calls=1 +15 
* 22098
* 5
cob=(2) /usr/lib/libc.so.6
cfi=(2) ???
cfn=(4260) 0x0000000000171fc0
calls=1 0 
* 125
fi=(50)
-27 1
fe=(67)
+27 5
cfi=(63)
cfn=(5320)
calls=1 +15 
* 22098
* 4
cob=(2)
cfi=(2)
cfn=(4260)
calls=1 0 
* 125
fi=(50)
-27 1
fe=(67)
+27 5
cfi=(63)
cfn=(5320)
calls=1 +15 
* 22098
* 4
cob=(2)
cfi=(2)
cfn=(4260)
calls=1 0 
* 125
fi=(50)
-27 1
fe=(67)
+27 5
cfi=(63)
cfn=(5320)
calls=1 +15 
* 22098
* 4
cob=(2)
cfi=(2)
cfn=(4260)
calls=1 0 
* 123
fi=(50)
-27 1
fe=(67)
+27 5
cfi=(63)
cfn=(5320)
calls=1 +15 
* 22098
* 4
cob=(2)
cfi=(2)
cfn=(4260)
calls=1 0 
* 125
fi=(50)
-27 2
fe=(67)
+32 5
cfi=(63)
cfn=(5320)
calls=1 +10 
* 22098
* 5
cob=(2)
cfi=(2)
cfn=(4260)
calls=1 0 
* 125
fi=(50)
-32 1
fe=(67)
+32 5
cfi=(63)
cfn=(5320)
calls=1 +10 
* 22098
* 4
cob=(2)
cfi=(2)
cfn=(4260)
calls=1 0 
* 125
fi=(50)
-32 1
fe=(67)
+32 5
cfi=(63)
cfn=(5320)
calls=1 +10 
* 22098
* 4
cob=(2)
cfi=(2)
cfn=(4260)
calls=1 0 
* 123
fi=(50)
-32 1
fe=(67)
+32 5
cfi=(63)
cfn=(5320)
calls=1 +10 
* 22098
* 4
cob=(2)
cfi=(2)
cfn=(4260)
calls=1 0 
* 125
fi=(50)
-32 1
fe=(67)
+32 5
cfi=(63)
cfn=(5320)
calls=1 +10 
* 22098
* 4
cob=(2)
cfi=(2)
cfn=(4260)
calls=1 0 
* 125
fi=(50)
-32 1
fe=(67)
+32 5
cfi=(63)
cfn=(5320)
calls=1 +10 
* 22098
* 4
cob=(2)
cfi=(2)
cfn=(4260)
calls=1 0 
* 125
fi=(50)
-32 2
fe=(67)
+37 5
cfi=(63)
cfn=(5320)
calls=1 +5 
* 67633
* 5
cob=(2)
cfi=(2)
cfn=(4260)
calls=1 0 
* 123
fi=(50)
-37 1
fe=(67)
+37 5
cfi=(63)
cfn=(5320)
calls=1 +5 
* 67633
* 4
cob=(2)
cfi=(2)
cfn=(4260)
calls=1 0 
* 125
fi=(50)
-37 1
fe=(67)
+37 5
cfi=(63)
cfn=(5320)
calls=1 +5 
* 67633
* 4
cob=(2)
cfi=(2)
cfn=(4260)
calls=1 0 
* 125
fi=(50)
-37 1
fe=(67)
+37 5
cfi=(63)
cfn=(5320)
calls=1 +5 
* 67633
* 4
cob=(2)
cfi=(2)
cfn=(4260)
calls=1 0 
* 125
fi=(50)
-37 1
fe=(67)
+37 5
cfi=(63)
cfn=(5320)
calls=1 +5 
* 67633
* 4
cob=(2)
cfi=(2)
cfn=(4260)
calls=1 0 
* 123
fi=(50)
-37 1
fe=(67)
+37 7
cfi=(63)
cfn=(5320)
calls=1 +5 
* 67633
* 4
cob=(2)
cfi=(2)
cfn=(4260)
calls=1 0 
* 125
+3 4
cob=(2)
cfi=(2)
cfn=(4260)
calls=1 0 
* 509
* 5
cob=(2)
cfi=(2)
cfn=(4260)
calls=1 0 
* 603
* 4
cob=(2)
cfi=(2)
cfn=(4260)
calls=1 0 
* 605
* 4
cob=(2)
cfi=(2)
cfn=(4260)
calls=1 0 
* 17564
* 1
+1 1
0 1
130 9

fn=(5400) ml_dsa::serdes::w1_encode
168 45
fi=(35) /rustc/ac68faa20c58cbccd01ee7208bf3b6e93a7d7f96/library/alloc/src/vec/mod.rs
464 15
0 5
fe=(67)
171 10
cfi=(63)
cfn=(5176) ml_dsa::encoding::simple_bit_pack
calls=6 -72 
* 277770
fi=(34) /rustc/ac68faa20c58cbccd01ee7208bf3b6e93a7d7f96/library/alloc/src/raw_vec/mod.rs
614 5
fi=(35)
1840 5
fi=(34)
767 5
-94 5
fi=(35)
2912 10
fi=(34)
424 5
634 10
fi=(23) /rustc/ac68faa20c58cbccd01ee7208bf3b6e93a7d7f96/library/alloc/src/alloc.rs
128 15
cfi=(6)
cfn=(4970) __rustc::__rust_dealloc
calls=6 0 
* 175
fe=(67)
+43 20
cfi=(63)
cfn=(5176)
calls=6 -72 
* 277770
fi=(34)
614 5
fi=(35)
1840 5
fi=(34)
619 5
fi=(10) /rustc/ac68faa20c58cbccd01ee7208bf3b6e93a7d7f96/library/core/src/num/uint_macros.rs
2548 5
fi=(34)
767 5
-94 5
fi=(20) /rustc/ac68faa20c58cbccd01ee7208bf3b6e93a7d7f96/library/core/src/ptr/mut_ptr.rs
961 5
fi=(18)
552 15
cob=(2)
cfi=(2)
cfn=(4260)
calls=6 0 
* 110
fi=(35)
2912 10
fi=(34)
424 5
634 10
fi=(23)
128 15
cfi=(6)
cfn=(4970)
calls=6 0 
* 175
fe=(67)
+43 20
cfi=(63)
cfn=(5176)
calls=6 -72 
* 277770
fi=(34)
614 5
fi=(35)
1840 5
fi=(34)
619 5
fi=(10)
2548 5
fi=(34)
767 5
-94 5
fi=(20)
961 5
fi=(18)
552 15
cob=(2)
cfi=(2)
cfn=(4260)
calls=6 0 
* 110
fi=(35)
2912 10
fi=(34)
424 5
634 10
fi=(23)
128 15
cfi=(6)
cfn=(4970)
calls=6 0 
* 175
fe=(67)
+43 20
cfi=(63)
cfn=(5176)
calls=6 -72 
* 277770
fi=(34)
614 5
fi=(35)
1840 5
fi=(34)
619 5
fi=(10)
2548 5
fi=(34)
767 5
-94 5
fi=(35)
2907 10
fi=(20)
961 5
fi=(18)
552 15
cob=(2)
cfi=(2)
cfn=(4260)
calls=6 0 
* 110
fi=(35)
2912 10
fi=(34)
424 5
634 10
fi=(23)
128 15
cfi=(6)
cfn=(4970)
calls=6 0 
* 175
fe=(67)
+43 20
cfi=(63)
cfn=(5176)
calls=6 -72 
* 277770
fi=(34)
614 5
fi=(35)
1840 5
fi=(34)
619 5
fi=(10)
2548 5
fi=(34)
767 5
-94 5
fi=(20)
961 5
fi=(18)
552 15
cob=(2)
cfi=(2)
cfn=(4260)
calls=6 0 
* 110
fi=(35)
2912 10
fi=(34)
424 5
634 10
fi=(23)
128 15
cfi=(6)
cfn=(4970)
calls=6 0 
* 175
fe=(67)
+43 5
0 5
171 15
cfi=(63)
cfn=(5176)
calls=6 -72 
* 277770
fi=(34)
614 5
fi=(35)
1840 5
fi=(34)
619 5
fi=(10)
2548 5
fi=(34)
767 5
-94 5
fi=(35)
2907 10
fi=(20)
961 5
fi=(18)
552 20
cob=(2)
cfi=(2)
cfn=(4260)
calls=6 0 
* 110
fi=(35)
2912 10
fi=(34)
424 5
634 10
fi=(23)
128 15
cfi=(6)
cfn=(4970)
calls=6 0 
* 175
fe=(67)
+45 20
+1 45
0 5
fi=(34)
675 15
cfn=(5288) alloc::raw_vec::RawVecInner<A>::reserve::do_reserve_and_handle
calls=6 -14 
* 1219
-61 5
fi=(35)
3023 5
fi=(20)
961 5
fi=(18)
552 15
cob=(2)
cfi=(2)
cfn=(4260)
calls=6 0 
* 110
0 10
fi=(34)
675 15
cfn=(5288)
calls=6 -14 
* 1454
-61 5
fi=(35)
3023 5
2907 5
0 5
fi=(34)
675 15
cfn=(5288)
calls=6 -14 
* 2561
-61 5
fi=(35)
3023 5
2907 5
0 5
fi=(34)
675 15
cfn=(5288)
calls=6 -14 
* 1133
-61 5
fi=(35)
3023 5
2907 5
fe=(67)

fn=(5526) ml_dsa::serdes::sig_encode
133 13
cfi=(6)
cfn=(4864) __rustc::__rust_no_alloc_shim_is_unstable_v2
calls=1 0 
* 1
fi=(23)
-32 3
cfi=(6)
cfn=(4866) __rustc::__rust_alloc
calls=1 0 
* 142
fi=(34)
469 2
fi=(35)
977 4
fi=(34)
767 2
-94 1
0 1
fi=(35)
2907 2
fi=(20)
961 1
fi=(18)
552 3
cob=(2)
cfi=(2)
cfn=(4260)
calls=1 0 
* 12
fi=(35)
2912 2
0 1
fe=(67)
141 4
cfi=(63)
cfn=(5242) ml_dsa::encoding::bit_pack
calls=1 -32 
* 125659
fi=(34)
614 1
fi=(35)
1840 1
fi=(34)
619 1
fi=(10)
2548 1
fi=(34)
767 1
-94 1
fi=(35)
2907 2
fi=(20)
961 1
fi=(18)
552 3
cob=(2)
cfi=(2)
cfn=(4260)
calls=1 0 
* 89
fi=(35)
2912 2
fi=(34)
424 1
634 2
fi=(23)
128 3
cfi=(6)
cfn=(4970)
calls=1 0 
* 35
fe=(67)
+13 5
cfi=(63)
cfn=(5242)
calls=1 -32 
* 125659
fi=(34)
614 1
fi=(35)
1840 1
fi=(34)
619 1
fi=(10)
2548 1
fi=(34)
767 1
-94 1
fi=(35)
2907 2
fi=(20)
961 1
fi=(18)
552 3
cob=(2)
cfi=(2)
cfn=(4260)
calls=1 0 
* 89
fi=(35)
2912 2
fi=(34)
424 1
634 2
fi=(23)
128 3
cfi=(6)
cfn=(4970)
calls=1 0 
* 35
fe=(67)
+13 5
cfi=(63)
cfn=(5242)
calls=1 -32 
* 125659
fi=(34)
614 1
fi=(35)
1840 1
fi=(34)
619 1
fi=(10)
2548 1
fi=(34)
767 1
-94 1
fi=(35)
2907 2
fi=(20)
961 1
fi=(18)
552 3
cob=(2)
cfi=(2)
cfn=(4260)
calls=1 0 
* 89
fi=(35)
2912 2
fi=(34)
424 1
634 2
fi=(23)
128 3
cfi=(6)
cfn=(4970)
calls=1 0 
* 35
fe=(67)
+13 5
cfi=(63)
cfn=(5242)
calls=1 -32 
* 125659
fi=(34)
614 1
fi=(35)
1840 1
fi=(34)
619 1
fi=(10)
2548 1
fi=(34)
767 1
-94 1
fi=(35)
2907 2
fi=(20)
961 1
fi=(18)
552 3
cob=(2)
cfi=(2)
cfn=(4260)
calls=1 0 
* 87
fi=(35)
2912 2
fi=(34)
424 1
634 2
fi=(23)
128 3
cfi=(6)
cfn=(4970)
calls=1 0 
* 35
fe=(67)
+13 1
0 1
141 4
cfi=(63)
cfn=(5242)
calls=1 -32 
* 125659
fi=(34)
614 1
fi=(35)
1840 1
fi=(34)
619 1
fi=(10)
2548 1
fi=(34)
767 1
-94 1
fi=(35)
2907 2
fi=(20)
961 1
fi=(18)
552 3
cob=(2)
cfi=(2)
cfn=(4260)
calls=1 0 
* 89
fi=(35)
2912 2
fi=(34)
424 1
634 2
fi=(23)
128 3
cfi=(6)
cfn=(4970)
calls=1 0 
* 35
0 2
fe=(67)
143 1
cfi=(73) /home/rick/unl/king's/thesis/ml-dsa/ml-dsa/src/hint.rs
cfn=(5536) ml_dsa::hint::hint_bit_pack
calls=1 17 
* 5625
fi=(34)
614 1
fi=(35)
1840 1
fi=(34)
619 1
fi=(10)
2548 1
fi=(34)
767 1
-94 1
fi=(35)
2907 2
fi=(20)
961 1
fi=(18)
552 4
cob=(2)
cfi=(2)
cfn=(4260)
calls=1 0 
* 12
fi=(35)
2912 2
fi=(34)
424 1
634 2
fi=(23)
128 3
cfi=(6)
cfn=(4970)
calls=1 0 
* 35
fe=(67)
+16 4
+1 9

fl=(34)
fn=(5292) alloc::raw_vec::RawVecInner<A>::finish_grow
543 100
fi=(70) /rustc/ac68faa20c58cbccd01ee7208bf3b6e93a7d7f96/library/core/src/alloc/layout.rs
75 20
+38 20
0 20
fe=(34)
634 40
0 15
fi=(23)
155 60
cfi=(6)
cfn=(5296) __rustc::__rust_realloc
calls=18 0 
* 4353
fe=(34)
563 30
fi=(23)
206 10
+4 5
cfi=(6)
cfn=(4864)
calls=6 0 
* 5
101 15
cfi=(6)
cfn=(4866)
calls=6 0 
* 944
fe=(34)
563 10
+1 40
0 60
567 80

fn=(5288)
661 60
fi=(10)
823 20
fi=(57) /rustc/ac68faa20c58cbccd01ee7208bf3b6e93a7d7f96/library/core/src/intrinsics/mod.rs
457 20
0 20
fe=(34)
522 40
fi=(19) /rustc/ac68faa20c58cbccd01ee7208bf3b6e93a7d7f96/library/core/src/cmp.rs
1037 100
fe=(34)
528 20
0 20
528 60
cfn=(5292)
calls=24 +15 
* 5827
fi=(26) /rustc/ac68faa20c58cbccd01ee7208bf3b6e93a7d7f96/library/core/src/result.rs
2173 40
+1 20
fe=(34)
776 20
+1 20
671 80

fl=(30) /rustc/ac68faa20c58cbccd01ee7208bf3b6e93a7d7f96/library/std/src/sys/backtrace.rs
fn=(4904) std::sys::backtrace::__rust_begin_short_backtrace
fi=(87) /rustc/ac68faa20c58cbccd01ee7208bf3b6e93a7d7f96/library/core/src/ops/function.rs
cfi=(31) /home/rick/unl/king's/thesis/ml-dsa/ml-dsa/examples/profile.rs
cfn=(4906) profile::main
calls=1 139 
250 19544568
fe=(30)

fl=(14) /rustc/ac68faa20c58cbccd01ee7208bf3b6e93a7d7f96/library/core/src/ptr/non_null.rs
fn=(5444) <digest::core_api::xof_reader::XofReaderCoreWrapper<T> as digest::XofReader>::read::{{closure}}
1717 10
fi=(55) /rustc/ac68faa20c58cbccd01ee7208bf3b6e93a7d7f96/library/core/src/slice/iter/macros.rs
180 10
0 75
fi=(62) /home/rick/.cargo/registry/src/index.crates.io-1949cf8c6b5b557f/digest-0.10.7/src/core_api/xof_reader.rs
44 15
fi=(18)
552 30
cob=(2)
cfi=(2)
cfn=(4260)
calls=5 0 
* 150
fi=(58) /home/rick/.cargo/registry/src/index.crates.io-1949cf8c6b5b557f/sha3-0.10.9/src/state.rs
61 15
cfi=(54) /home/rick/.cargo/registry/src/index.crates.io-1949cf8c6b5b557f/keccak-0.1.6/src/lib.rs
cfn=(5024) keccak::p1600
calls=5 166 
* 30790
fi=(62)
-17 20
cob=(2)
cfi=(2)
cfn=(4260)
calls=5 -44 
* 150
fe=(14)
1717 10
fi=(55)
180 5
0 35
fi=(62)
46 10
fe=(14)

fl=(46) /home/rick/unl/king's/thesis/ml-dsa/ml-dsa/src/lib.rs
fn=(5310) ml_dsa::ml_dsa_65::sign_internal
97 4
fi=(69) /home/rick/unl/king's/thesis/ml-dsa/ml-dsa/src/sign.rs
-66 1
cfn=(5312) ml_dsa::sign::sign_internal_traced
calls=1 +6 
* 19544538
* 4
fe=(46)
+68 4

fl=(31)
fn=(4906)
cfn=(5308) profile::bench_sign
calls=1 90 
103 19544568

fn=(5308)
90 1
fi=(75) /rustc/ac68faa20c58cbccd01ee7208bf3b6e93a7d7f96/library/core/src/hint.rs
491 13
fe=(31)
91 1
cfi=(46)
cfn=(5310)
calls=1 +6 
* 19544551
+1 2

fl=(24) /rustc/ac68faa20c58cbccd01ee7208bf3b6e93a7d7f96/library/std/src/alloc.rs
fn=(4868) __rustc::__rdl_alloc
450 41
fi=(25) /rustc/ac68faa20c58cbccd01ee7208bf3b6e93a7d7f96/library/std/src/sys/alloc/unix.rs
13 246
+1 82
cob=(2)
cfi=(2)
cfn=(3994) malloc
calls=82 -14 
* 2586
fe=(24)

fn=(5042) __rustc::__rdl_alloc_zeroed
482 54588
fi=(25)
35 54588
+1 63686
cob=(2)
cfi=(2)
cfn=(4760) calloc
calls=16565 -36 
* 553349
fe=(24)

fn=(5298) __rustc::__rdl_realloc
467 120
fi=(25)
53 90
+1 120
cob=(2)
cfi=(2)
cfn=(4232) realloc
calls=19 -54 
* 4008
fe=(24)

fl=(63)
fn=(5320)
131 420
+1 42
0 42
fi=(10)
154 126
fe=(63)
16 42
-16 42
133 42
cfn=(5322) ml_dsa::encoding::bytes_to_bits
calls=47 -72 
* 1153379
fi=(60) /home/rick/unl/king's/thesis/ml-dsa/ml-dsa/src/poly.rs
32 168
cob=(2)
cfi=(2)
cfn=(4642) 0x00000000001729c0
calls=47 -32 
* 3276
* 168
-32 84
fe=(63)
136 32256
0 10752
fi=(19)
1915 10752
fi=(36) /rustc/ac68faa20c58cbccd01ee7208bf3b6e93a7d7f96/library/core/src/iter/range.rs
900 10752
fe=(63)
136 32256
fi=(50)
438 21504
fe=(63)
0 10752
fi=(50)
89 10752
-89 32256
fi=(19)
1915 53760
fe=(63)
34 21504
fi=(88) /rustc/ac68faa20c58cbccd01ee7208bf3b6e93a7d7f96/library/core/src/ops/range.rs
563 10752
fi=(19)
1915 742400
fe=(63)
34 296960
fi=(88)
563 148480
fi=(36)
0 296960
fi=(88)
563 296960
fi=(34)
424 42
634 84
fi=(23)
128 126
cfi=(6)
cfn=(4970)
calls=47 0 
* 3981
fe=(63)
+11 378

fn=(5242)
109 40
+1 5
0 5
fi=(10)
154 20
fe=(63)
16 5
+95 10
fi=(34)
460 15
0 10
cfi=(6)
cfn=(4864)
calls=22 0 
0 5
fi=(23)
101 15
cfi=(6)
cfn=(4866)
calls=22 0 
* 710
fi=(34)
469 10
fi=(35)
977 60
0 25
fe=(63)
113 5
fi=(34)
0 5
cfi=(6)
cfn=(4864)
calls=22 0 
0 5
fi=(35)
0 3825
fe=(63)
113 1275
fi=(34)
0 1275
cfi=(6)
cfn=(4864)
calls=5610 0 
0 1275
fi=(23)
198 5120
cfi=(6)
cfn=(5040) __rustc::__rust_alloc_zeroed
calls=5632 0 
* 85760
fi=(34)
469 2560
fe=(63)
0 2560
113 1280
0 1280
fi=(36)
900 1280
0 3840
fe=(63)
24 19200
fi=(10)
898 1280
fe=(63)
25 1280
fi=(36)
900 2560
fe=(63)
24 76800
fi=(10)
898 5120
fe=(63)
25 5120
fi=(36)
900 10240
0 2560
900 1280
fi=(34)
619 1280
fi=(10)
2548 1280
fi=(34)
767 2560
fe=(63)
0 2560
fi=(20)
961 1280
fi=(18)
552 3840
cob=(2)
cfi=(2)
cfn=(4260)
calls=5632 0 
* 14080
fi=(35)
2912 2560
fi=(23)
128 5120
cfi=(6)
cfn=(4970)
calls=5632 0 
* 44800
fi=(19)
1915 1280
fi=(36)
900 1285
fi=(35)
0 5
fe=(63)
116 25
cfn=(5192) ml_dsa::encoding::bits_to_bytes
calls=22 -65 
* 307965
fi=(34)
424 5
634 10
fi=(23)
128 15
cfi=(6)
cfn=(4970)
calls=22 0 
* 580
fe=(63)
-11 45

fn=(5176)
99 270
fi=(10)
+55 120
fe=(63)
16 30
+85 60
fi=(34)
460 90
0 30
cfi=(6)
cfn=(4864)
calls=42 0 
0 30
fi=(23)
101 90
cfi=(6)
cfn=(4866)
calls=42 0 
* 1200
fi=(34)
469 60
fi=(35)
977 300
0 150
fe=(63)
103 30
fi=(34)
0 30
cfi=(6)
cfn=(4864)
calls=42 0 
0 30
fi=(35)
0 15300
fe=(63)
103 7650
fi=(34)
0 7650
cfi=(6)
cfn=(4864)
calls=10710 0 
0 7650
fi=(23)
198 23040
cfi=(6)
cfn=(5040)
calls=10752 0 
* 483840
fi=(34)
469 15360
0 15360
fi=(36)
900 7680
0 15360
fe=(63)
24 115200
fi=(10)
898 7680
fe=(63)
25 7680
fi=(36)
900 15360
0 7680
900 7680
fi=(34)
619 7680
fi=(10)
2548 7680
0 7680
fi=(34)
767 15360
0 15360
fi=(20)
961 7680
fi=(18)
552 23040
cob=(2)
cfi=(2)
cfn=(4260)
calls=10752 0 
* 115200
fi=(35)
2912 15360
fi=(23)
128 30720
cfi=(6)
cfn=(4970)
calls=10752 0 
* 268800
fi=(19)
1915 7680
fi=(36)
900 7710
fi=(35)
0 30
fe=(63)
105 150
cfn=(5192)
calls=42 -54 
* 372300
fi=(34)
424 30
634 60
fi=(23)
128 90
cfi=(6)
cfn=(4970)
calls=42 0 
* 1050
fe=(63)
-22 270

fn=(5192)
51 280
fi=(10)
3714 70
fi=(34)
460 35
0 35
cfi=(6)
cfn=(4864)
calls=64 0 
0 35
fi=(23)
198 105
cfi=(6)
cfn=(5040)
calls=64 0 
* 3270
fi=(34)
469 70
0 35
fi=(19)
1915 35
fi=(36)
900 35
0 70
fe=(63)
55 70
fi=(50)
278 70
fe=(63)
55 112570
fi=(50)
278 112570
fi=(10)
898 56320
fe=(63)
55 225280
-55 56320
fi=(19)
1915 56320
fi=(36)
900 56320
fe=(63)
57 105
+1 245

fn=(5322)
61 235
+2 47
-63 47
fi=(57)
457 47
fi=(34)
0 47
460 47
0 188
cfi=(6)
cfn=(4864)
calls=59 0 
0 47
0 47
fi=(23)
198 141
cfi=(6)
cfn=(5040)
calls=59 0 
* 156807
fi=(34)
469 94
0 141
fi=(19)
1915 47
fi=(36)
900 47
0 47
fi=(50)
278 141
0 47
278 39888
fe=(63)
65 19944
+2 59832
fi=(50)
278 39888
fe=(63)
68 39888
-1 39888
fi=(50)
278 39888
fe=(63)
68 39888
-1 39888
fi=(50)
278 39888
fe=(63)
68 39888
-1 39888
fi=(50)
278 39888
fe=(63)
68 39888
-1 39888
fi=(50)
278 39888
fe=(63)
68 39888
-1 39888
fi=(50)
278 39888
fe=(63)
68 39888
-1 39888
fi=(50)
278 39888
fe=(63)
0 19944
68 19944
-1 19944
fi=(19)
1915 39888
fi=(36)
900 19944
fe=(63)
71 141
+1 329

fl=(69)
fn=(5312)
37 8
fi=(32) /rustc/ac68faa20c58cbccd01ee7208bf3b6e93a7d7f96/library/core/src/fmt/mod.rs
-37 146
fe=(69)
43 1
cfi=(67)
cfn=(5316)
calls=1 +56 
* 670545
fi=(26)
1183 2
0 1
1184 3
0 1
1184 3
cob=(2)
cfi=(2)
cfn=(4260)
calls=1 0 
* 17552
fe=(69)
42 18
-42 1
42 3
cob=(2)
cfi=(2)
cfn=(4260)
calls=1 -42 
* 509
* 5
cob=(2)
cfi=(2)
cfn=(4260)
calls=1 -42 
* 603
* 5
cob=(2)
cfi=(2)
cfn=(4260)
calls=1 -42 
* 605
fi=(64) /home/rick/unl/king's/thesis/ml-dsa/ml-dsa/src/vecops.rs
-24 2
-18 1
18 3
cfi=(48) /home/rick/unl/king's/thesis/ml-dsa/ml-dsa/src/ntt.rs
cfn=(5130) ml_dsa::ntt::ntt
calls=1 +59 
* 55208
* 4
cob=(2)
cfi=(2)
cfn=(4260)
calls=1 -18 
* 123
* 3
cfi=(48)
cfn=(5130)
calls=1 +59 
* 55208
* 4
cob=(2)
cfi=(2)
cfn=(4260)
calls=1 -18 
* 125
* 3
cfi=(48)
cfn=(5130)
calls=1 +59 
* 55208
* 4
cob=(2)
cfi=(2)
cfn=(4260)
calls=1 -18 
* 125
* 3
cfi=(48)
cfn=(5130)
calls=1 +59 
* 55208
* 4
cob=(2)
cfi=(2)
cfn=(4260)
calls=1 -18 
* 125
* 3
cfi=(48)
cfn=(5130)
calls=1 +59 
* 55208
* 4
cob=(2)
cfi=(2)
cfn=(4260)
calls=1 -18 
* 123
-18 1
18 3
cfi=(48)
cfn=(5130)
calls=1 +59 
* 55208
* 4
cob=(2)
cfi=(2)
cfn=(4260)
calls=1 -18 
* 125
* 3
cfi=(48)
cfn=(5130)
calls=1 +59 
* 55208
* 4
cob=(2)
cfi=(2)
cfn=(4260)
calls=1 -18 
* 123
* 3
cfi=(48)
cfn=(5130)
calls=1 +59 
* 55208
* 4
cob=(2)
cfi=(2)
cfn=(4260)
calls=1 -18 
* 125
* 3
cfi=(48)
cfn=(5130)
calls=1 +59 
* 55208
* 4
cob=(2)
cfi=(2)
cfn=(4260)
calls=1 -18 
* 125
* 3
cfi=(48)
cfn=(5130)
calls=1 +59 
* 55208
* 4
cob=(2)
cfi=(2)
cfn=(4260)
calls=1 -18 
* 125
* 3
cfi=(48)
cfn=(5130)
calls=1 +59 
* 55208
* 4
cob=(2)
cfi=(2)
cfn=(4260)
calls=1 -18 
* 123
-18 1
18 3
cfi=(48)
cfn=(5130)
calls=1 +59 
* 55208
* 4
cob=(2)
cfi=(2)
cfn=(4260)
calls=1 -18 
* 125
* 3
cfi=(48)
cfn=(5130)
calls=1 +59 
* 55208
* 4
cob=(2)
cfi=(2)
cfn=(4260)
calls=1 -18 
* 125
* 3
cfi=(48)
cfn=(5130)
calls=1 +59 
* 55208
* 4
cob=(2)
cfi=(2)
cfn=(4260)
calls=1 -18 
* 125
* 3
cfi=(48)
cfn=(5130)
calls=1 +59 
* 55208
* 4
cob=(2)
cfi=(2)
cfn=(4260)
calls=1 -18 
* 123
* 3
cfi=(48)
cfn=(5130)
calls=1 +59 
* 55208
* 4
cob=(2)
cfi=(2)
cfn=(4260)
calls=1 -18 
* 125
* 3
cfi=(48)
cfn=(5130)
calls=1 +59 
* 55208
* 4
cob=(2)
cfi=(2)
cfn=(4260)
calls=1 -18 
* 125
* 2
fe=(69)
+29 1
cfi=(59) /home/rick/unl/king's/thesis/ml-dsa/ml-dsa/src/expand.rs
cfn=(5060) ml_dsa::expand::expand_a
calls=1 -31 
* 1741814
fi=(58)
-30 14
fi=(51) /home/rick/.cargo/registry/src/index.crates.io-1949cf8c6b5b557f/block-buffer-0.10.4/src/lib.rs
+59 9
fi=(49) /home/rick/unl/king's/thesis/ml-dsa/ml-dsa/src/hash.rs
-53 1
fe=(69)
+28 6
cfi=(49)
cfn=(4988) ml_dsa::hash::H::absorb
calls=1 -25 
* 44
+1 4
cfi=(49)
cfn=(4988)
calls=1 -26 
* 45
fi=(58)
-35 1
fe=(69)
+36 5
+1 4
cob=(2)
cfi=(2)
cfn=(4260)
calls=1 -54 
* 65
* 5
cfi=(49)
cfn=(5014) ml_dsa::hash::H::finalize
calls=1 -24 
* 6405
* 6
cfi=(49)
cfn=(5110) ml_dsa::hash::HReader::squeeze
calls=1 -17 
* 6288
fi=(58)
-37 14
fi=(51)
+59 9
fi=(49)
-53 3
fe=(69)
+35 3
cfi=(49)
cfn=(4988)
calls=1 -32 
* 44
+1 4
cfi=(49)
cfn=(4988)
calls=1 -33 
* 44
+1 4
cfi=(49)
cfn=(4988)
calls=1 -34 
* 44
fi=(58)
-43 1
fe=(69)
+44 5
+1 4
cob=(2)
cfi=(2)
cfn=(4260)
calls=1 -62 
* 65
* 4
cfi=(49)
cfn=(5014)
calls=1 -32 
* 6406
* 4
cfi=(49)
cfn=(5110)
calls=1 -25 
* 6288
* 3
-62 5
fi=(23)
128 16
cfi=(6)
cfn=(4970)
calls=4 0 
* 140
0 5
fe=(69)
69 25
cfi=(59)
cfn=(5370) ml_dsa::expand::expand_mask
calls=5 -13 
* 3536573
fi=(48)
+9 20
cob=(2)
cfi=(2)
cfn=(4260)
calls=5 -78 
* 625
* 5
-78 15
80 10
fi=(71) /rustc/ac68faa20c58cbccd01ee7208bf3b6e93a7d7f96/library/core/src/num/int_macros.rs
3228 220
+1 40
fi=(48)
80 320
fi=(71)
3228 6820
+1 1240
fi=(48)
80 310
fi=(55)
180 480
fe=(69)
67 5
-67 15
fi=(48)
86 15
-86 5
88 5
-1 5
+1 5
fe=(69)
-88 35
fi=(48)
86 105
-86 35
88 35
-1 35
+1 1270
-1 1235
+1 6335
-88 1275
91 25600
fi=(71)
3228 46080
0 5120
3229 15360
fi=(48)
92 15360
fi=(71)
3228 40960
0 5120
3229 5120
fi=(72) /home/rick/unl/king's/thesis/ml-dsa/ml-dsa/src/field.rs
20 5120
fi=(48)
+73 5120
fi=(71)
3228 40960
0 5120
3229 5120
fi=(72)
20 5120
fi=(48)
+72 5120
+1 5120
+1 5120
-4 10240
+6 1275
-10 3825
+12 40
-14 40
+16 15
0 5
100 15
cob=(2)
cfi=(2)
cfn=(4260)
calls=5 0 
* 625
fi=(64)
-82 20
cob=(2)
cfi=(2)
cfn=(4260)
calls=5 -18 
* 625
fi=(48)
+60 20
cob=(2)
cfi=(2)
cfn=(4260)
calls=5 -78 
* 625
* 15
+2 10
fi=(71)
3228 220
+1 40
fi=(48)
80 10
fi=(55)
180 5
fi=(48)
80 310
fi=(71)
3228 6820
+1 1240
fi=(48)
80 310
fi=(55)
180 475
0 20
fi=(48)
86 15
-86 5
88 5
-1 5
+1 5
fi=(55)
-88 35
fi=(48)
86 105
-86 35
88 35
-1 35
+1 1270
-1 1235
+1 6335
-88 1275
91 25600
fi=(71)
3228 46080
0 5120
3229 15360
fi=(48)
92 15360
fi=(71)
3228 40960
0 5120
3229 5120
fi=(72)
20 5120
fi=(48)
+73 5120
fi=(71)
3228 40960
0 5120
3229 5120
fi=(72)
20 5120
fi=(48)
+72 5120
+1 5120
+1 5120
-4 10240
+6 1275
-10 2550
+12 40
-14 40
+16 15
0 5
100 15
cob=(2)
cfi=(2)
cfn=(4260)
calls=5 0 
* 625
fi=(64)
-82 20
cob=(2)
cfi=(2)
cfn=(4260)
calls=5 -18 
* 625
fi=(48)
+60 20
cob=(2)
cfi=(2)
cfn=(4260)
calls=5 -78 
* 625
* 15
-78 5
80 10
fi=(71)
3228 220
+1 40
fi=(48)
80 320
fi=(71)
3228 6820
+1 1240
fi=(48)
80 310
fi=(55)
180 480
0 20
fi=(48)
86 15
-86 5
88 5
-1 5
+1 5
fi=(55)
-88 35
fi=(48)
86 105
-86 35
88 35
-1 35
+1 1270
-1 1235
+1 6335
-88 1275
91 25600
fi=(71)
3228 46080
0 5120
3229 15360
fi=(48)
92 15360
fi=(71)
3228 40960
0 5120
3229 5120
fi=(72)
20 5120
fi=(48)
+73 5120
fi=(71)
3228 40960
0 5120
3229 5120
fi=(72)
20 5120
fi=(48)
+72 5120
+1 5120
+1 5120
-4 10240
+6 1275
-10 2550
+12 40
-14 40
+16 15
0 5
100 15
cob=(2)
cfi=(2)
cfn=(4260)
calls=5 0 
* 625
fi=(64)
-82 20
cob=(2)
cfi=(2)
cfn=(4260)
calls=5 -18 
* 615
fi=(48)
+60 20
cob=(2)
cfi=(2)
cfn=(4260)
calls=5 -78 
* 625
* 15
-78 5
80 10
fi=(71)
3228 220
+1 40
fi=(48)
80 320
fi=(71)
3228 6820
+1 1240
fi=(48)
80 310
fi=(55)
180 480
0 20
fi=(48)
86 15
-86 5
88 5
-1 5
+1 5
fi=(55)
-88 35
fi=(48)
86 105
-86 35
88 35
-1 35
+1 1270
-1 1235
+1 6335
-88 1275
91 25600
fi=(71)
3228 46080
0 5120
3229 15360
fi=(48)
92 15360
fi=(71)
3228 40960
0 5120
3229 5120
fi=(72)
20 5120
fi=(48)
+73 5120
fi=(71)
3228 40960
0 5120
3229 5120
fi=(72)
20 5120
fi=(48)
+72 5120
+1 5120
+1 5120
-4 10240
+6 1275
-10 2550
+12 40
-14 40
+16 15
0 5
100 15
cob=(2)
cfi=(2)
cfn=(4260)
calls=5 0 
* 625
fi=(64)
-82 20
cob=(2)
cfi=(2)
cfn=(4260)
calls=5 -18 
* 625
fi=(48)
+60 20
cob=(2)
cfi=(2)
cfn=(4260)
calls=5 -78 
* 625
* 15
-78 5
80 10
fi=(71)
3228 220
+1 40
fi=(48)
80 320
fi=(71)
3228 6820
+1 1240
fi=(48)
80 310
fi=(55)
180 480
0 20
fi=(48)
86 15
-86 5
88 5
-1 5
+1 5
fi=(55)
-88 35
fi=(48)
86 105
-86 35
88 35
-1 35
+1 1270
-1 1235
+1 6335
-88 1275
91 25600
fi=(71)
3228 46080
0 5120
3229 15360
fi=(48)
92 15360
fi=(71)
3228 40960
0 5120
3229 5120
fi=(72)
20 5120
fi=(48)
+73 5120
fi=(71)
3228 40960
0 5120
3229 5120
fi=(72)
20 5120
fi=(48)
+72 5120
+1 5120
+1 5120
-4 10240
+6 1275
-10 2550
+12 40
-14 40
+16 15
0 5
100 15
cob=(2)
cfi=(2)
cfn=(4260)
calls=5 0 
* 625
fi=(64)
-82 20
cob=(2)
cfi=(2)
cfn=(4260)
calls=5 -18 
* 625
* 5
fe=(69)
+52 20
cfi=(65) /home/rick/unl/king's/thesis/ml-dsa/ml-dsa/src/ntt_arith.rs
cfn=(5142) ml_dsa::ntt_arith::matrix_vector_ntt
calls=5 -21 
* 1345990
fi=(64)
-43 20
cfi=(48)
cfn=(5150) ml_dsa::ntt::inv_ntt
calls=5 +77 
* 317625
* 25
cob=(2)
cfi=(2)
cfn=(4260)
calls=5 -27 
* 625
* 15
cfi=(48)
cfn=(5150)
calls=5 +77 
* 317625
* 20
cob=(2)
cfi=(2)
cfn=(4260)
calls=5 -27 
* 625
* 15
cfi=(48)
cfn=(5150)
calls=5 +77 
* 317625
* 20
cob=(2)
cfi=(2)
cfn=(4260)
calls=5 -27 
* 615
* 15
cfi=(48)
cfn=(5150)
calls=5 +77 
* 317625
* 20
cob=(2)
cfi=(2)
cfn=(4260)
calls=5 -27 
* 625
* 15
cfi=(48)
cfn=(5150)
calls=5 +77 
* 317625
* 20
cob=(2)
cfi=(2)
cfn=(4260)
calls=5 -27 
* 625
* 15
cfi=(48)
cfn=(5150)
calls=5 +77 
* 317625
* 20
cob=(2)
cfi=(2)
cfn=(4260)
calls=5 -27 
* 625
* 5
fe=(69)
+44 15
cfi=(64)
cfn=(5392) ml_dsa::vecops::high_bits_vec
calls=5 +36 
* 144955
fi=(58)
-54 75
fi=(51)
+59 45
fi=(49)
-53 5
fe=(69)
+52 30
cfi=(49)
cfn=(4988)
calls=5 -49 
* 220
+1 15
cfi=(67)
cfn=(5400)
calls=5 +92 
* 1675637
fi=(34)
614 5
fi=(35)
1840 5
fe=(69)
76 15
cfi=(49)
cfn=(4988)
calls=5 -50 
* 186355
fi=(34)
424 5
634 10
fi=(23)
128 15
cfi=(6)
cfn=(4970)
calls=5 0 
* 175
fi=(52) /home/rick/.cargo/registry/src/index.crates.io-1949cf8c6b5b557f/digest-0.10.7/src/core_api/wrapper.rs
+75 25
cob=(2)
cfi=(2)
cfn=(4260)
calls=5 0 
* 150
* 25
cob=(2)
cfi=(2)
cfn=(4260)
calls=5 0 
* 150
fi=(51)
-7 5
fi=(50)
-95 10
fi=(55)
+79 10
fi=(51)
+8 10
cob=(2)
cfi=(2)
cfn=(4642)
calls=5 0 
* 95
fi=(53) /home/rick/.cargo/registry/src/index.crates.io-1949cf8c6b5b557f/sha3-0.10.9/src/macros.rs
-49 5
+2 5
fi=(58)
-95 120
fi=(26)
1718 5
fi=(58)
46 5
+3 15
cfi=(54)
cfn=(5024)
calls=5 166 
* 30790
-41 25
cob=(2)
cfi=(2)
cfn=(4260)
calls=5 -8 
* 150
+9 5
fi=(51)
+59 45
fi=(49)
-45 25
cob=(2)
cfi=(2)
cfn=(4260)
calls=5 -31 
* 325
fi=(34)
-31 5
cfi=(6)
cfn=(4864)
calls=5 0 
0 5
fi=(23)
198 15
cfi=(6)
cfn=(5040)
calls=5 0 
* 548
0 5
fi=(34)
469 10
fi=(62)
41 5
fi=(51)
196 10
+62 5
fi=(18)
0 15
fi=(51)
271 20
cfi=(14)
cfn=(5444)
calls=5 1717 
* 15
+3 10
fi=(58)
17 5
fi=(18)
1721 45
fi=(51)
276 20
cfi=(14)
cfn=(5444)
calls=5 1717 
* 31310
fi=(18)
552 20
cob=(2)
cfi=(2)
cfn=(4260)
calls=5 0 
* 60
fe=(69)
78 20
cfi=(61) /home/rick/unl/king's/thesis/ml-dsa/ml-dsa/src/sample.rs
cfn=(5452) ml_dsa::sample::sample_in_ball
calls=5 -62 
* 85567
* 20
cob=(2)
cfi=(2)
cfn=(4260)
calls=5 -78 
* 625
* 5
fi=(48)
-78 15
80 10
fi=(71)
3228 220
+1 40
fi=(48)
80 320
fi=(71)
3228 6820
+1 1240
fi=(48)
80 310
fi=(55)
180 480
0 20
fi=(48)
86 15
-86 5
88 5
-1 5
+1 5
fi=(55)
-88 35
fi=(48)
86 105
-86 35
88 35
-1 35
+1 1270
-1 1235
+1 6335
-88 1275
91 25600
fi=(71)
3228 46080
0 5120
3229 15360
fi=(48)
92 15360
fi=(71)
3228 40960
0 5120
3229 5120
fi=(72)
20 5120
fi=(48)
+73 5120
fi=(71)
3228 40960
0 5120
3229 5120
fi=(72)
20 5120
fi=(48)
+72 5120
+1 5120
+1 5120
-4 10240
+6 1275
-10 2550
+12 40
-14 40
+16 30
cob=(2)
cfi=(2)
cfn=(4260)
calls=5 0 
* 625
fe=(69)
-18 25
cfi=(65)
cfn=(5464) ml_dsa::ntt_arith::scalar_vector_ntt
calls=5 -42 
* 126520
* 5
fi=(64)
-55 15
cfi=(48)
cfn=(5150)
calls=5 +77 
* 317625
* 20
cob=(2)
cfi=(2)
cfn=(4260)
calls=5 -27 
* 615
* 15
cfi=(48)
cfn=(5150)
calls=5 +77 
* 317625
* 20
cob=(2)
cfi=(2)
cfn=(4260)
calls=5 -27 
* 625
* 15
cfi=(48)
cfn=(5150)
calls=5 +77 
* 317625
* 20
cob=(2)
cfi=(2)
cfn=(4260)
calls=5 -27 
* 625
* 15
cfi=(48)
cfn=(5150)
calls=5 +77 
* 317625
* 20
cob=(2)
cfi=(2)
cfn=(4260)
calls=5 -27 
* 625
* 15
cfi=(48)
cfn=(5150)
calls=5 +77 
* 317625
* 20
cob=(2)
cfi=(2)
cfn=(4260)
calls=5 -27 
* 615
fe=(69)
+56 20
cfi=(65)
cfn=(5464)
calls=5 -43 
* 153830
fi=(64)
-56 15
cfi=(48)
cfn=(5150)
calls=5 +77 
* 317625
* 20
cob=(2)
cfi=(2)
cfn=(4260)
calls=5 -27 
* 615
* 15
cfi=(48)
cfn=(5150)
calls=5 +77 
* 317625
* 20
cob=(2)
cfi=(2)
cfn=(4260)
calls=5 -27 
* 625
* 15
cfi=(48)
cfn=(5150)
calls=5 +77 
* 317625
* 20
cob=(2)
cfi=(2)
cfn=(4260)
calls=5 -27 
* 625
* 15
cfi=(48)
cfn=(5150)
calls=5 +77 
* 317625
* 20
cob=(2)
cfi=(2)
cfn=(4260)
calls=5 -27 
* 625
* 15
cfi=(48)
cfn=(5150)
calls=5 +77 
* 317625
* 20
cob=(2)
cfi=(2)
cfn=(4260)
calls=5 -27 
* 615
* 15
cfi=(48)
cfn=(5150)
calls=5 +77 
* 317625
* 20
cob=(2)
cfi=(2)
cfn=(4260)
calls=5 -27 
* 625
fe=(69)
+57 20
cfi=(64)
cfn=(5154) ml_dsa::vecops::add_vec
calls=5 -33 
* 131440
+1 20
cfi=(64)
cfn=(5470) ml_dsa::vecops::sub_vec
calls=5 -23 
* 157690
* 15
cfi=(64)
cfn=(5476) ml_dsa::vecops::low_bits_vec
calls=5 +31 
* 112285
-85 45
fi=(64)
153 10
fi=(71)
3228 220
+1 25
fi=(64)
153 310
fi=(71)
3228 6820
+1 1240
fi=(72)
64 930
fi=(71)
3229 15
fi=(72)
64 50
fi=(71)
3608 40
fi=(64)
154 90
fi=(36)
900 15
fi=(72)
64 620
fi=(71)
3608 1240
fi=(64)
154 2790
fi=(36)
900 610
0 5
fi=(64)
153 10
fi=(71)
3228 140
fi=(64)
153 310
fi=(71)
3228 6820
+1 1240
fi=(72)
64 930
fi=(71)
3228 80
+1 40
fi=(72)
64 50
fi=(71)
3608 40
fi=(64)
154 90
fi=(72)
-90 620
fi=(71)
3608 1240
fi=(64)
154 2790
fi=(36)
900 625
0 5
fi=(64)
153 10
fi=(71)
3228 140
fi=(64)
153 310
fi=(71)
3228 6820
+1 1240
fi=(72)
64 930
fi=(71)
3228 80
+1 40
fi=(72)
64 50
fi=(71)
3608 40
fi=(64)
154 90
fi=(72)
-90 620
fi=(71)
3608 1240
fi=(64)
154 2790
fi=(36)
900 625
0 5
fi=(64)
153 10
fi=(71)
3228 140
fi=(64)
153 310
fi=(71)
3228 6820
+1 1240
fi=(72)
64 930
fi=(71)
3228 80
+1 40
fi=(72)
64 50
fi=(71)
3608 40
fi=(64)
154 90
fi=(72)
-90 620
fi=(71)
3608 1240
fi=(64)
154 2790
fi=(36)
900 625
0 5
fi=(64)
153 10
fi=(71)
3228 140
fi=(64)
153 310
fi=(71)
3228 6820
+1 1240
fi=(72)
64 930
fi=(71)
3228 80
+1 40
fi=(72)
64 50
fi=(71)
3608 40
fi=(64)
154 90
fi=(72)
-90 620
fi=(71)
3608 1240
fi=(64)
154 2790
fi=(36)
900 615
fe=(69)
88 16
cfi=(64)
cfn=(5492) ml_dsa::vecops::inf_norm
calls=3 +61 
* 54126
* 6
+6 4
cfi=(65)
cfn=(5464)
calls=1 -54 
* 30766
fi=(64)
-67 3
cfi=(48)
cfn=(5150)
calls=1 +77 
* 63525
* 4
cob=(2)
cfi=(2)
cfn=(4260)
calls=1 -27 
* 125
* 3
cfi=(48)
cfn=(5150)
calls=1 +77 
* 63525
* 4
cob=(2)
cfi=(2)
cfn=(4260)
calls=1 -27 
* 125
* 3
cfi=(48)
cfn=(5150)
calls=1 +77 
* 63525
* 4
cob=(2)
cfi=(2)
cfn=(4260)
calls=1 -27 
* 123
* 3
cfi=(48)
cfn=(5150)
calls=1 +77 
* 63525
* 4
cob=(2)
cfi=(2)
cfn=(4260)
calls=1 -27 
* 125
* 3
cfi=(48)
cfn=(5150)
calls=1 +77 
* 63525
* 4
cob=(2)
cfi=(2)
cfn=(4260)
calls=1 -27 
* 125
* 3
cfi=(48)
cfn=(5150)
calls=1 +77 
* 63525
* 4
cob=(2)
cfi=(2)
cfn=(4260)
calls=1 -27 
* 125
fe=(69)
+68 4
cfi=(64)
cfn=(5470)
calls=1 -33 
* 31538
* 4
cfi=(64)
cfn=(5154)
calls=1 -44 
* 31538
fi=(60)
-32 4
cob=(2)
cfi=(2)
cfn=(4642)
calls=1 -63 
* 6163
* 1
fi=(58)
-46 3
fi=(64)
+60 2
fi=(71)
3228 44
+1 8
fi=(64)
77 64
fi=(71)
3228 1364
+1 248
fi=(64)
77 62
fi=(36)
900 96
0 2
fi=(64)
77 2
fi=(71)
3228 44
+1 8
fi=(64)
77 2
fi=(36)
900 2
fi=(64)
77 62
fi=(71)
3228 1364
+1 248
fi=(64)
77 62
fi=(36)
900 94
0 2
fi=(64)
77 2
fi=(71)
3228 44
+1 8
fi=(64)
77 2
fi=(36)
900 2
fi=(64)
77 62
fi=(71)
3228 1364
+1 248
fi=(64)
77 62
fi=(36)
900 94
0 2
fi=(64)
77 2
fi=(71)
3228 44
+1 8
fi=(64)
77 2
fi=(36)
900 2
fi=(64)
77 62
fi=(71)
3228 1364
+1 248
fi=(64)
77 62
fi=(36)
900 94
0 2
fi=(64)
77 2
fi=(71)
3228 44
+1 8
fi=(64)
77 2
fi=(36)
900 2
fi=(64)
77 62
fi=(71)
3228 1364
+1 248
fi=(64)
77 62
fi=(36)
900 94
0 2
fi=(64)
77 2
fi=(71)
3228 44
+1 8
fi=(64)
77 2
fi=(36)
900 2
fi=(64)
77 62
fi=(71)
3228 1364
+1 248
fi=(64)
77 62
fi=(36)
900 94
fe=(69)
96 4
cfi=(64)
cfn=(5510) ml_dsa::vecops::make_hint_vec
calls=1 +29 
* 56224
+3 2
cfi=(64)
cfn=(5492)
calls=1 +50 
* 18042
* 2
-99 3
fi=(58)
17 2
-17 1
fi=(64)
167 20
fi=(36)
900 3
fi=(64)
167 620
fi=(36)
900 99
0 1
fi=(64)
167 20
fi=(36)
900 3
fi=(64)
167 620
fi=(36)
900 99
0 1
fi=(64)
167 20
fi=(36)
900 3
fi=(64)
167 620
fi=(36)
900 99
0 1
fi=(64)
167 20
fi=(36)
900 3
fi=(64)
167 620
fi=(36)
900 99
0 1
fi=(64)
167 20
fi=(36)
900 3
fi=(64)
167 620
fi=(36)
900 99
0 1
fi=(64)
167 20
fi=(36)
900 3
fi=(64)
167 620
fi=(36)
900 97
fe=(69)
99 2
-99 2
105 2
cfi=(64)
cfn=(5520) ml_dsa::vecops::center_vec
calls=1 -21 
* 16687
* 7
cfi=(67)
cfn=(5526)
calls=1 +28 
* 634937
* 7
fi=(23)
+23 4
cfi=(6)
cfn=(4970)
calls=1 0 
* 35
fe=(69)
-21 9

fl=(8) /rustc/ac68faa20c58cbccd01ee7208bf3b6e93a7d7f96/library/std/src/rt.rs
fn=(3936) std::rt::lang_start_internal
fi=(87)
cfn=(4902) std::rt::lang_start::{{closure}}
calls=1 206 
287 19544568
fe=(8)

fn=(4902)
cfi=(30)
cfn=(4904)
calls=1 162 
206 19544568

fl=(25)
fn=(4972) __rustc::__rdl_dealloc
48 9138
cob=(2)
cfi=(2)
cfn=(4626) free
calls=16646 -48 
* 304470

fl=(54)
fn=(5026) keccak::keccak_p
236 2688
+1 768
0 384
fi=(14)
1717 384
fi=(55)
180 384
0 9600
180 1152
0 8064
fi=(56) /rustc/ac68faa20c58cbccd01ee7208bf3b6e93a7d7f96/library/core/src/ops/bit.rs
898 2688
0 768
898 768
fi=(55)
0 17664
fi=(56)
898 61824
0 17664
898 150144
0 8832
898 44160
0 8832
898 17664
0 8832
898 8832
fi=(57)
2030 17664
fi=(56)
386 8832
fi=(57)
2030 8832
fi=(56)
386 8832
898 52992
0 17664
898 8832
fi=(57)
2030 8832
fi=(56)
386 8832
fi=(57)
2030 8832
fi=(56)
386 8832
898 32256
0 384
898 1920
0 384
898 768
0 384
898 384
fi=(57)
2030 768
fi=(56)
386 384
fi=(57)
2030 384
fi=(56)
386 384
898 2304
0 768
898 384
fi=(57)
2030 384
fi=(56)
386 384
fi=(57)
2030 384
fi=(56)
386 384
898 4224
0 384
898 384
0 384
898 71424
0 8832
898 8832
0 8832
898 35328
0 8832
fi=(57)
2030 8832
fi=(56)
386 8832
898 17664
0 8832
898 26496
0 8832
fi=(57)
2030 17664
0 17664
2030 26496
fi=(56)
63 17664
178 8832
0 8832
63 17664
178 8832
386 8832
0 8832
63 8832
178 8832
386 8832
0 17664
63 17664
178 8832
fi=(57)
2030 61824
fi=(56)
63 17664
178 8832
386 8832
898 768
0 384
fi=(57)
2030 384
fi=(56)
386 384
898 768
0 384
898 1152
0 384
fi=(57)
2030 768
0 768
2030 1152
fi=(56)
63 768
178 384
0 384
63 768
178 384
386 384
0 384
63 384
178 384
386 384
0 768
63 768
178 384
fi=(57)
2030 2688
fi=(56)
63 768
178 384
386 384
0 384
63 768
-63 384
178 384
386 384
0 384
63 384
178 384
386 384
0 384
63 768
-63 8832
63 17664
-63 8832
178 8832
386 8832
0 8832
63 8832
178 8832
386 8832
0 8832
63 17664
178 8832
63 8832
178 8832
0 17664
fi=(57)
2030 8832
0 8832
2030 17664
0 17664
2030 8832
fi=(56)
63 17664
178 8832
386 8832
0 8832
63 17664
178 8832
386 8832
63 17664
178 8832
63 8832
178 8832
0 8832
63 17664
178 8832
386 8832
0 8832
386 8832
0 17664
63 17664
178 8832
386 17664
0 8832
386 17664
fi=(57)
2030 17664
0 8832
2030 8832
fi=(56)
178 384
63 384
178 384
0 768
fi=(57)
2030 384
0 384
2030 768
0 768
2030 384
fi=(56)
63 768
178 384
386 384
0 384
63 768
178 384
386 384
63 768
178 384
63 384
178 384
0 384
63 768
178 384
386 384
0 384
386 384
0 768
63 768
178 384
386 768
0 384
386 768
fi=(57)
2030 768
0 384
2030 384
0 384
2030 768
0 384
2030 384
0 768
2030 384
0 768
2030 384
0 384
2030 384
0 8832
2030 17664
0 8832
2030 8832
0 17664
2030 8832
0 17664
2030 8832
0 8832
2030 8832
fi=(56)
386 8832
0 17664
fi=(57)
2030 8832
fi=(56)
63 17664
178 8832
63 17664
178 8832
63 17664
178 8832
386 8832
63 8832
178 8832
386 8832
63 17664
178 8832
63 17664
178 8832
386 8832
63 8832
178 8832
0 8832
63 17664
-63 8832
178 8832
386 8832
0 8832
386 17664
0 8832
63 8832
178 8832
0 8832
386 8832
0 8832
386 17664
0 8832
63 8832
178 8832
0 8832
386 384
0 768
fi=(57)
2030 384
fi=(56)
63 768
178 384
63 768
178 384
63 768
178 384
386 384
63 384
178 384
386 384
63 768
178 384
63 768
178 384
386 384
63 384
178 384
0 384
63 768
-63 384
178 384
386 384
0 384
386 768
0 384
63 384
178 384
0 384
386 384
0 384
386 768
0 384
63 384
178 384
0 384
386 384
0 768
386 384
0 384
898 1536
0 384
fi=(14)
1717 384
fi=(55)
180 384
fi=(56)
386 8832
0 17664
386 8832
0 8832
898 35328
0 8832
fi=(14)
1717 8832
fi=(55)
180 8832
0 16128
fe=(54)
291 3072

fn=(5024)
166 384
cfn=(5026)
calls=823 +70 
* 2364288

fl=(59)
fn=(5370)
56 50
fi=(60)
+7 15
cob=(2)
cfi=(2)
cfn=(4642)
calls=5 -63 
* 25695
fi=(58)
-46 70
fi=(51)
+59 45
fi=(49)
-53 10
fe=(59)
+38 15
cfi=(49)
cfn=(4988)
calls=5 -35 
* 220
fi=(34)
-61 5
cfi=(6)
cfn=(4864)
calls=5 0 
0 5
fi=(23)
198 15
cfi=(6)
cfn=(5040)
calls=5 0 
* 599
fi=(34)
469 10
fi=(63)
0 5
44 5
-44 5
fe=(59)
62 15
cfi=(49)
cfn=(4988)
calls=5 -36 
* 250
fi=(23)
+66 20
cfi=(6)
cfn=(4970)
calls=5 0 
* 175
* 5
0 5
fe=(59)
63 15
cob=(2)
cfi=(2)
cfn=(4260)
calls=5 -63 
* 325
* 20
cfi=(49)
cfn=(5014)
calls=5 -33 
* 32060
* 20
cfi=(49)
cfn=(5036) ml_dsa::hash::HReader::squeeze_vec
calls=5 -21 
* 157020
fi=(34)
614 5
fi=(35)
1840 10
fe=(59)
64 20
cfi=(63)
cfn=(5320)
calls=5 +67 
* 510794
-64 10
64 15
cob=(2)
cfi=(2)
cfn=(4260)
calls=5 -64 
* 625
fi=(34)
424 5
634 10
fi=(23)
128 15
cfi=(6)
cfn=(4970)
calls=5 0 
* 175
fi=(58)
17 70
fi=(51)
+59 45
fi=(49)
-53 10
fe=(59)
+38 15
cfi=(49)
cfn=(4988)
calls=5 -35 
* 220
fi=(34)
-61 5
cfi=(6)
cfn=(4864)
calls=5 0 
0 5
fi=(23)
198 15
cfi=(6)
cfn=(5040)
calls=5 0 
* 315
fi=(34)
469 10
fi=(63)
0 5
44 10
-44 5
fe=(59)
62 15
cfi=(49)
cfn=(4988)
calls=5 -36 
* 250
fi=(23)
+66 20
cfi=(6)
cfn=(4970)
calls=5 0 
* 175
* 5
0 5
fe=(59)
63 15
cob=(2)
cfi=(2)
cfn=(4260)
calls=5 -63 
* 325
* 20
cfi=(49)
cfn=(5014)
calls=5 -33 
* 32060
* 20
cfi=(49)
cfn=(5036)
calls=5 -21 
* 156865
fi=(34)
614 5
fi=(35)
1840 10
fe=(59)
64 20
cfi=(63)
cfn=(5320)
calls=5 +67 
* 510645
* 20
cob=(2)
cfi=(2)
cfn=(4260)
calls=5 -64 
* 625
fi=(34)
424 5
634 10
fi=(23)
128 15
cfi=(6)
cfn=(4970)
calls=5 0 
* 175
fi=(58)
17 70
fi=(51)
+59 45
fi=(49)
-53 10
fe=(59)
+38 15
cfi=(49)
cfn=(4988)
calls=5 -35 
* 220
fi=(34)
-61 5
cfi=(6)
cfn=(4864)
calls=5 0 
0 5
fi=(23)
198 15
cfi=(6)
cfn=(5040)
calls=5 0 
* 315
fi=(34)
469 10
fi=(63)
0 5
44 10
-44 5
fe=(59)
62 15
cfi=(49)
cfn=(4988)
calls=5 -36 
* 250
fi=(23)
+66 20
cfi=(6)
cfn=(4970)
calls=5 0 
* 175
* 5
0 5
fe=(59)
63 15
cob=(2)
cfi=(2)
cfn=(4260)
calls=5 -63 
* 325
* 20
cfi=(49)
cfn=(5014)
calls=5 -33 
* 32060
* 20
cfi=(49)
cfn=(5036)
calls=5 -21 
* 156865
fi=(34)
614 5
fi=(35)
1840 10
fe=(59)
64 20
cfi=(63)
cfn=(5320)
calls=5 +67 
* 510645
* 20
cob=(2)
cfi=(2)
cfn=(4260)
calls=5 -64 
* 625
fi=(34)
424 5
634 10
fi=(23)
128 15
cfi=(6)
cfn=(4970)
calls=5 0 
* 175
fi=(58)
17 70
fi=(51)
+59 45
fi=(49)
-53 10
fe=(59)
+38 15
cfi=(49)
cfn=(4988)
calls=5 -35 
* 220
fi=(34)
-61 5
cfi=(6)
cfn=(4864)
calls=5 0 
0 5
fi=(23)
198 15
cfi=(6)
cfn=(5040)
calls=5 0 
* 315
fi=(34)
469 10
fi=(63)
0 5
44 10
-44 5
fe=(59)
62 15
cfi=(49)
cfn=(4988)
calls=5 -36 
* 250
fi=(23)
+66 20
cfi=(6)
cfn=(4970)
calls=5 0 
* 175
* 5
0 5
fe=(59)
63 15
cob=(2)
cfi=(2)
cfn=(4260)
calls=5 -63 
* 325
* 20
cfi=(49)
cfn=(5014)
calls=5 -33 
* 32060
* 20
cfi=(49)
cfn=(5036)
calls=5 -21 
* 156865
fi=(34)
614 5
fi=(35)
1840 10
fe=(59)
64 20
cfi=(63)
cfn=(5320)
calls=5 +67 
* 510645
* 20
cob=(2)
cfi=(2)
cfn=(4260)
calls=5 -64 
* 625
fi=(34)
424 5
634 10
fi=(23)
128 15
cfi=(6)
cfn=(4970)
calls=5 0 
* 175
fi=(58)
17 70
fi=(51)
+59 45
fi=(49)
-53 10
fe=(59)
+38 15
cfi=(49)
cfn=(4988)
calls=5 -35 
* 220
fi=(34)
-61 5
cfi=(6)
cfn=(4864)
calls=5 0 
0 5
fi=(23)
198 15
cfi=(6)
cfn=(5040)
calls=5 0 
* 315
fi=(34)
469 10
fi=(63)
0 5
44 10
-44 5
fe=(59)
62 15
cfi=(49)
cfn=(4988)
calls=5 -36 
* 250
fi=(23)
+66 20
cfi=(6)
cfn=(4970)
calls=5 0 
* 175
* 10
fe=(59)
-65 15
cob=(2)
cfi=(2)
cfn=(4260)
calls=5 -63 
* 325
* 20
cfi=(49)
cfn=(5014)
calls=5 -33 
* 32060
* 20
cfi=(49)
cfn=(5036)
calls=5 -21 
* 156865
fi=(34)
614 5
fi=(35)
1840 10
fe=(59)
64 20
cfi=(63)
cfn=(5320)
calls=5 +67 
* 510645
* 25
cob=(2)
cfi=(2)
cfn=(4260)
calls=5 -64 
* 625
fi=(34)
424 5
634 10
fi=(23)
128 15
cfi=(6)
cfn=(4970)
calls=5 0 
* 175
fe=(59)
-61 45

fn=(5060)
16 9
fi=(60)
+84 4
cob=(2)
cfi=(2)
cfn=(4642)
calls=3 0 
* 30739
* 6
0 6
fe=(59)
24 36
cob=(2)
cfi=(2)
cfn=(4260)
calls=18 -24 
* 750
* 6
fi=(10)
898 6
fi=(19)
1915 6
fi=(36)
900 6
0 6
fi=(18)
552 24
fe=(59)
22 12
+1 6
fi=(60)
+22 24
cob=(2)
cfi=(2)
cfn=(4642)
calls=18 -45 
* 468
* 6
fi=(58)
-28 84
fi=(51)
+59 66
fi=(49)
-15 6
fi=(61)
-14 24
cfi=(49)
cfn=(5074) ml_dsa::hash::G::absorb
calls=18 +17 
* 264
+1 24
cob=(2)
cfi=(2)
cfn=(4260)
calls=18 -48 
* 390
* 18
cfi=(49)
cfn=(5082) ml_dsa::hash::G::finalize
calls=18 +20 
* 38568
+3 24
+1 3074
fi=(62)
-11 1537
+1 7685
cfi=(51)
cfn=(5094) block_buffer::BlockBuffer<BlockSize,block_buffer::Eager>::set_data
calls=4611 250 
* 269063
fi=(61)
+12 3074
-54 1537
fi=(63)
76 1537
+1 6148
+1 3074
fi=(61)
-23 1536
+1 1536
-2 1536
-54 30
fe=(59)
24 36
cob=(2)
cfi=(2)
cfn=(4260)
calls=18 -24 
* 750
-24 6
fi=(18)
552 24
fe=(59)
22 6
+1 6
fi=(60)
+22 24
cob=(2)
cfi=(2)
cfn=(4642)
calls=18 -45 
* 468
* 6
fi=(58)
-28 84
fi=(51)
+59 66
fi=(49)
-15 6
fi=(61)
-14 24
cfi=(49)
cfn=(5074)
calls=18 +17 
* 264
+1 24
cob=(2)
cfi=(2)
cfn=(4260)
calls=18 -48 
* 390
* 18
cfi=(49)
cfn=(5082)
calls=18 +20 
* 38568
+3 24
+1 3076
fi=(62)
-11 1538
+1 7690
cfi=(51)
cfn=(5094)
calls=4614 250 
* 269116
fi=(61)
+12 3076
-54 1538
fi=(63)
76 1538
+1 6152
+1 3076
fi=(61)
-23 1536
+1 1536
-2 1536
-54 6
fe=(59)
24 36
cob=(2)
cfi=(2)
cfn=(4260)
calls=18 -24 
* 750
-24 6
fi=(18)
552 24
fe=(59)
22 12
+1 6
fi=(60)
+22 24
cob=(2)
cfi=(2)
cfn=(4642)
calls=18 -45 
* 468
* 6
fi=(58)
-28 84
fi=(51)
+59 66
fi=(49)
-15 6
fi=(61)
-14 24
cfi=(49)
cfn=(5074)
calls=18 +17 
* 264
+1 24
cob=(2)
cfi=(2)
cfn=(4260)
calls=18 -48 
* 390
* 18
cfi=(49)
cfn=(5082)
calls=18 +20 
* 38568
+3 24
+1 3074
fi=(62)
-11 1537
+1 7685
cfi=(51)
cfn=(5094)
calls=4611 250 
* 269063
fi=(61)
+12 3074
-54 1537
fi=(63)
76 1537
+1 6148
+1 3074
fi=(61)
-23 1536
+1 1536
-2 1536
-54 6
fe=(59)
24 36
cob=(2)
cfi=(2)
cfn=(4260)
calls=18 -24 
* 750
-24 6
fi=(18)
552 24
fe=(59)
22 12
+1 6
fi=(60)
+22 24
cob=(2)
cfi=(2)
cfn=(4642)
calls=18 -45 
* 468
* 6
fi=(58)
-28 84
fi=(51)
+59 66
fi=(49)
-15 6
fi=(61)
-14 24
cfi=(49)
cfn=(5074)
calls=18 +17 
* 264
+1 24
cob=(2)
cfi=(2)
cfn=(4260)
calls=18 -48 
* 390
* 18
cfi=(49)
cfn=(5082)
calls=18 +20 
* 38568
+3 24
+1 3076
fi=(62)
-11 1538
+1 7690
cfi=(51)
cfn=(5094)
calls=4614 250 
* 269116
fi=(61)
+12 3076
-54 1538
fi=(63)
76 1538
+1 6152
+1 3076
fi=(61)
-23 1536
+1 1536
-2 1536
-54 6
fe=(59)
24 36
cob=(2)
cfi=(2)
cfn=(4260)
calls=18 -24 
* 750
-24 6
fi=(18)
552 24
fe=(59)
22 12
+1 6
fi=(60)
+22 24
cob=(2)
cfi=(2)
cfn=(4642)
calls=18 -45 
* 468
* 6
fi=(58)
-28 84
fi=(51)
+59 66
fi=(49)
-15 6
fi=(61)
-14 24
cfi=(49)
cfn=(5074)
calls=18 +17 
* 264
+1 24
cob=(2)
cfi=(2)
cfn=(4260)
calls=18 -48 
* 390
* 18
cfi=(49)
cfn=(5082)
calls=18 +20 
* 38568
+3 30
+1 3078
fi=(62)
-11 1539
+1 7695
cfi=(51)
cfn=(5094)
calls=4617 250 
* 269169
fi=(61)
+12 3078
-54 1539
fi=(63)
76 1539
+1 6156
+1 3078
fi=(61)
-23 1536
+1 1536
-2 1536
-54 1
fe=(59)
28 8

fl=(64)
fn=(5510)
125 11
fi=(60)
-93 3
cob=(2)
cfi=(2)
cfn=(4642)
calls=1 -32 
* 71
-32 9
fi=(66) /home/rick/unl/king's/thesis/ml-dsa/ml-dsa/src/rounding.rs
157 2
fi=(71)
3228 4
fi=(66)
54 1
fi=(71)
3228 18
+1 4
-1 17
fi=(72)
64 4
fi=(66)
-32 1
157 126
fi=(71)
3228 252
fi=(66)
54 63
fi=(71)
3228 1134
+1 252
-1 1071
fi=(72)
64 252
fi=(66)
-32 649
fi=(71)
3228 22
+1 4
-1 15
fi=(66)
32 630
fi=(71)
3228 1386
+1 252
-1 1071
fi=(72)
64 252
fi=(66)
-32 189
fi=(71)
3228 2
fi=(72)
64 4
fi=(66)
-32 20
157 3
fi=(10)
898 1
fi=(36)
+2 2
fi=(66)
32 1071
157 189
fi=(10)
898 63
fi=(36)
+2 126
0 1
fe=(64)
131 4
cob=(2)
cfi=(2)
cfn=(4260)
calls=1 0 
* 125
0 1
fi=(60)
32 4
cob=(2)
cfi=(2)
cfn=(4642)
calls=1 -32 
* 71
* 9
-32 1
fi=(66)
157 2
fi=(71)
3228 4
fi=(66)
54 1
fi=(71)
3228 18
+1 4
-1 17
fi=(72)
64 4
fi=(66)
+93 126
fi=(71)
3228 252
fi=(66)
54 63
fi=(71)
3228 1134
+1 252
-1 1071
fi=(72)
64 252
fi=(66)
-32 650
fi=(71)
3228 22
+1 4
-1 14
fi=(66)
32 630
fi=(71)
3228 1386
+1 252
-1 1071
fi=(72)
64 252
fi=(66)
-32 189
fi=(71)
3228 3
fi=(72)
64 4
fi=(66)
-32 20
157 3
fi=(10)
898 1
fi=(36)
+2 2
fi=(66)
32 1071
157 189
fi=(10)
898 63
fi=(36)
+2 126
fe=(64)
131 5
cob=(2)
cfi=(2)
cfn=(4260)
calls=1 0 
* 125
0 1
fi=(60)
32 4
cob=(2)
cfi=(2)
cfn=(4642)
calls=1 -32 
* 71
* 9
-32 1
fi=(66)
157 2
fi=(71)
3228 4
fi=(66)
54 1
fi=(71)
3228 18
+1 4
-1 17
fi=(72)
64 4
fi=(66)
+93 126
fi=(71)
3228 252
fi=(66)
54 63
fi=(71)
3228 1134
+1 252
-1 1071
fi=(72)
64 252
fi=(66)
-32 650
fi=(71)
3228 22
+1 4
-1 14
fi=(66)
32 630
fi=(71)
3228 1386
+1 252
-1 1071
fi=(72)
64 252
fi=(66)
-32 189
fi=(71)
3228 3
fi=(72)
64 4
fi=(66)
-32 20
157 3
fi=(10)
898 1
fi=(36)
+2 2
fi=(66)
32 1071
157 189
fi=(10)
898 63
fi=(36)
+2 126
fe=(64)
131 5
cob=(2)
cfi=(2)
cfn=(4260)
calls=1 0 
* 125
0 1
fi=(60)
32 4
cob=(2)
cfi=(2)
cfn=(4642)
calls=1 -32 
* 71
* 9
-32 1
fi=(66)
157 2
fi=(71)
3228 4
fi=(66)
54 1
fi=(71)
3228 18
+1 4
-1 17
fi=(72)
64 4
fi=(66)
+93 126
fi=(71)
3228 252
fi=(66)
54 63
fi=(71)
3228 1134
+1 252
-1 1071
fi=(72)
64 252
fi=(66)
-32 650
fi=(71)
3228 22
+1 4
-1 14
fi=(66)
32 630
fi=(71)
3228 1386
+1 252
-1 1071
fi=(72)
64 252
fi=(66)
-32 189
fi=(71)
3228 3
fi=(72)
64 4
fi=(66)
-32 20
157 3
fi=(10)
898 1
fi=(36)
+2 2
fi=(66)
32 1071
157 189
fi=(10)
898 63
fi=(36)
+2 126
fe=(64)
131 5
cob=(2)
cfi=(2)
cfn=(4260)
calls=1 0 
* 125
0 1
fi=(60)
32 4
cob=(2)
cfi=(2)
cfn=(4642)
calls=1 -32 
* 71
* 9
-32 1
fi=(66)
157 2
fi=(71)
3228 4
fi=(66)
54 1
fi=(71)
3228 18
+1 4
-1 17
fi=(72)
64 4
fi=(66)
+93 126
fi=(71)
3228 252
fi=(66)
54 63
fi=(71)
3228 1134
+1 252
-1 1071
fi=(72)
64 252
fi=(66)
-32 650
fi=(71)
3228 22
+1 4
-1 14
fi=(66)
32 630
fi=(71)
3228 1386
+1 252
-1 1071
fi=(72)
64 252
fi=(66)
-32 189
fi=(71)
3228 3
fi=(72)
64 4
fi=(66)
-32 20
157 3
fi=(10)
898 1
fi=(36)
+2 2
fi=(66)
32 1071
157 189
fi=(10)
898 63
fi=(36)
+2 126
fe=(64)
131 5
cob=(2)
cfi=(2)
cfn=(4260)
calls=1 0 
* 125
0 1
fi=(60)
32 4
cob=(2)
cfi=(2)
cfn=(4642)
calls=1 -32 
* 71
* 9
-32 1
fi=(66)
157 2
fi=(71)
3228 4
fi=(66)
54 1
fi=(71)
3228 18
+1 4
-1 17
fi=(72)
64 4
fi=(66)
+93 126
fi=(71)
3228 252
fi=(66)
54 63
fi=(71)
3228 1134
+1 252
-1 1071
fi=(72)
64 252
fi=(66)
-32 650
fi=(71)
3228 22
+1 4
-1 14
fi=(66)
32 630
fi=(71)
3228 1386
+1 252
-1 1071
fi=(72)
64 252
fi=(66)
-32 189
fi=(71)
3228 3
fi=(72)
64 4
fi=(66)
-32 20
157 3
fi=(10)
898 1
fi=(36)
+2 2
fi=(66)
32 1071
157 189
fi=(10)
898 63
fi=(36)
+2 126
fe=(64)
131 5
cob=(2)
cfi=(2)
cfn=(4260)
calls=1 0 
* 125
+3 8

fn=(5154)
51 9
fi=(60)
+12 3
cob=(2)
cfi=(2)
cfn=(4642)
calls=2 -63 
* 6163
-63 2
fe=(64)
55 3
fi=(71)
3228 8
0 1
3229 1
fi=(72)
20 1
fe=(64)
+35 3
fi=(71)
3228 2
fe=(64)
55 1
fi=(71)
3228 6
0 1
3229 1
fi=(72)
20 1
fe=(64)
+35 1
fi=(10)
898 1
fi=(19)
1915 1
fi=(36)
900 1
fe=(64)
55 381
fi=(71)
3228 1016
0 127
3229 127
fi=(72)
20 127
fe=(64)
+35 381
fi=(71)
3228 254
fe=(64)
55 127
fi=(71)
3228 762
0 127
3229 127
fi=(72)
20 127
fe=(64)
+35 127
fi=(10)
898 127
fi=(19)
1915 127
fi=(36)
900 127
0 2
fe=(64)
55 3
fi=(71)
3228 8
0 1
3229 1
fi=(72)
20 1
fe=(64)
+35 3
fi=(71)
3228 2
fe=(64)
55 1
fi=(71)
3228 6
0 1
3229 1
fi=(72)
20 1
fe=(64)
+35 1
fi=(10)
898 1
fi=(19)
1915 1
fi=(36)
900 1
fe=(64)
55 381
fi=(71)
3228 1016
0 127
3229 127
fi=(72)
20 127
fe=(64)
+35 381
fi=(71)
3228 254
fe=(64)
55 127
fi=(71)
3228 762
0 127
3229 127
fi=(72)
20 127
fe=(64)
+35 127
fi=(10)
898 127
fi=(19)
1915 127
fi=(36)
900 127
0 2
fe=(64)
55 3
fi=(71)
3228 8
0 1
3229 1
fi=(72)
20 1
fe=(64)
+35 3
fi=(71)
3228 2
fe=(64)
55 1
fi=(71)
3228 6
0 1
3229 1
fi=(72)
20 1
fe=(64)
+35 1
fi=(10)
898 1
fi=(19)
1915 1
fi=(36)
900 1
fe=(64)
55 381
fi=(71)
3228 1016
0 127
3229 127
fi=(72)
20 127
fe=(64)
+35 381
fi=(71)
3228 254
fe=(64)
55 127
fi=(71)
3228 762
0 127
3229 127
fi=(72)
20 127
fe=(64)
+35 127
fi=(10)
898 127
fi=(19)
1915 127
fi=(36)
900 127
0 2
fe=(64)
55 3
fi=(71)
3228 8
0 1
3229 1
fi=(72)
20 1
fe=(64)
+35 3
fi=(71)
3228 2
fe=(64)
55 1
fi=(71)
3228 6
0 1
3229 1
fi=(72)
20 1
fe=(64)
+35 1
fi=(10)
898 1
fi=(19)
1915 1
fi=(36)
900 1
fe=(64)
55 381
fi=(71)
3228 1016
0 127
3229 127
fi=(72)
20 127
fe=(64)
+35 381
fi=(71)
3228 254
fe=(64)
55 127
fi=(71)
3228 762
0 127
3229 127
fi=(72)
20 127
fe=(64)
+35 127
fi=(10)
898 127
fi=(19)
1915 127
fi=(36)
900 127
0 2
fe=(64)
55 3
fi=(71)
3228 8
0 1
3229 1
fi=(72)
20 1
fe=(64)
+35 3
fi=(71)
3228 2
fe=(64)
55 1
fi=(71)
3228 6
0 1
3229 1
fi=(72)
20 1
fe=(64)
+35 1
fi=(10)
898 1
fi=(19)
1915 1
fi=(36)
900 1
fe=(64)
55 381
fi=(71)
3228 1016
0 127
3229 127
fi=(72)
20 127
fe=(64)
+35 381
fi=(71)
3228 254
fe=(64)
55 127
fi=(71)
3228 762
0 127
3229 127
fi=(72)
20 127
fe=(64)
+35 127
fi=(10)
898 127
fi=(19)
1915 127
fi=(36)
900 127
0 2
fe=(64)
55 3
fi=(71)
3228 8
0 1
3229 1
fi=(72)
20 1
fe=(64)
+35 3
fi=(71)
3228 2
fe=(64)
55 1
fi=(71)
3228 6
0 1
3229 1
fi=(72)
20 1
fe=(64)
+35 1
fi=(10)
898 1
fi=(19)
1915 1
fi=(36)
900 1
fe=(64)
55 381
fi=(71)
3228 1016
0 127
3229 127
fi=(72)
20 127
fe=(64)
+35 381
fi=(71)
3228 254
fe=(64)
55 127
fi=(71)
3228 762
0 127
3229 127
fi=(72)
20 127
fe=(64)
+35 127
fi=(10)
898 127
fi=(19)
1915 127
fi=(36)
900 127
fe=(64)
59 7
-8 45
fi=(60)
+12 15
cob=(2)
cfi=(2)
cfn=(4642)
calls=5 -63 
* 25695
-63 10
fe=(64)
55 15
fi=(71)
3228 40
0 5
3229 5
fi=(72)
20 5
fe=(64)
+35 15
fi=(71)
3228 10
fe=(64)
55 5
fi=(71)
3228 30
0 5
3229 5
fi=(72)
20 5
fe=(64)
+35 5
fi=(10)
898 5
fi=(19)
1915 5
fi=(36)
900 5
fe=(64)
55 1905
fi=(71)
3228 5080
0 635
3229 635
fi=(72)
20 635
fe=(64)
+35 1905
fi=(71)
3228 1270
fe=(64)
55 635
fi=(71)
3228 3810
0 635
3229 635
fi=(72)
20 635
fe=(64)
+35 635
fi=(10)
898 635
fi=(19)
1915 635
fi=(36)
900 635
0 10
fe=(64)
55 15
fi=(71)
3228 40
0 5
3229 5
fi=(72)
20 5
fe=(64)
+35 15
fi=(71)
3228 10
fe=(64)
55 5
fi=(71)
3228 30
0 5
3229 5
fi=(72)
20 5
fe=(64)
+35 5
fi=(10)
898 5
fi=(19)
1915 5
fi=(36)
900 5
fe=(64)
55 1905
fi=(71)
3228 5080
0 635
3229 635
fi=(72)
20 635
fe=(64)
+35 1905
fi=(71)
3228 1270
fe=(64)
55 635
fi=(71)
3228 3810
0 635
3229 635
fi=(72)
20 635
fe=(64)
+35 635
fi=(10)
898 635
fi=(19)
1915 635
fi=(36)
900 635
0 10
fe=(64)
55 15
fi=(71)
3228 40
0 5
3229 5
fi=(72)
20 5
fe=(64)
+35 15
fi=(71)
3228 10
fe=(64)
55 5
fi=(71)
3228 30
0 5
3229 5
fi=(72)
20 5
fe=(64)
+35 5
fi=(10)
898 5
fi=(19)
1915 5
fi=(36)
900 5
fe=(64)
55 1905
fi=(71)
3228 5080
0 635
3229 635
fi=(72)
20 635
fe=(64)
+35 1905
fi=(71)
3228 1270
fe=(64)
55 635
fi=(71)
3228 3810
0 635
3229 635
fi=(72)
20 635
fe=(64)
+35 635
fi=(10)
898 635
fi=(19)
1915 635
fi=(36)
900 635
0 10
fe=(64)
55 15
fi=(71)
3228 40
0 5
3229 5
fi=(72)
20 5
fe=(64)
+35 15
fi=(71)
3228 10
fe=(64)
55 5
fi=(71)
3228 30
0 5
3229 5
fi=(72)
20 5
fe=(64)
+35 5
fi=(10)
898 5
fi=(19)
1915 5
fi=(36)
900 5
fe=(64)
55 1905
fi=(71)
3228 5080
0 635
3229 635
fi=(72)
20 635
fe=(64)
+35 1905
fi=(71)
3228 1270
fe=(64)
55 635
fi=(71)
3228 3810
0 635
3229 635
fi=(72)
20 635
fe=(64)
+35 635
fi=(10)
898 635
fi=(19)
1915 635
fi=(36)
900 635
0 10
fe=(64)
55 15
fi=(71)
3228 40
0 5
3229 5
fi=(72)
20 5
fe=(64)
+35 15
fi=(71)
3228 10
fe=(64)
55 5
fi=(71)
3228 30
0 5
3229 5
fi=(72)
20 5
fe=(64)
+35 5
fi=(10)
898 5
fi=(19)
1915 5
fi=(36)
900 5
fe=(64)
55 1905
fi=(71)
3228 5080
0 635
3229 635
fi=(72)
20 635
fe=(64)
+35 1905
fi=(71)
3228 1270
fe=(64)
55 635
fi=(71)
3228 3810
0 635
3229 635
fi=(72)
20 635
fe=(64)
+35 635
fi=(10)
898 635
fi=(19)
1915 635
fi=(36)
900 635
fe=(64)
59 35

fn=(5520)
84 6
fi=(60)
-21 3
cob=(2)
cfi=(2)
cfn=(4642)
calls=1 -63 
* 5139
-63 6
fe=(64)
88 1
fi=(71)
3228 22
+1 4
fi=(72)
64 5
fe=(64)
+24 1
fi=(10)
898 1
fi=(36)
+2 2
fe=(64)
88 63
fi=(71)
3228 1386
+1 252
fi=(72)
64 315
fe=(64)
+24 63
fi=(10)
898 63
fi=(36)
+2 126
0 2
fe=(64)
88 1
fi=(71)
3228 22
+1 4
fi=(72)
64 5
fe=(64)
+24 1
fi=(10)
898 1
fi=(36)
+2 2
fe=(64)
88 63
fi=(71)
3228 1386
+1 252
fi=(72)
64 315
fe=(64)
+24 63
fi=(10)
898 63
fi=(36)
+2 126
0 2
fe=(64)
88 1
fi=(71)
3228 22
+1 4
fi=(72)
64 5
fe=(64)
+24 1
fi=(10)
898 1
fi=(36)
+2 2
fe=(64)
88 63
fi=(71)
3228 1386
+1 252
fi=(72)
64 315
fe=(64)
+24 63
fi=(10)
898 63
fi=(36)
+2 126
0 2
fe=(64)
88 1
fi=(71)
3228 22
+1 4
fi=(72)
64 5
fe=(64)
+24 1
fi=(10)
898 1
fi=(36)
+2 2
fe=(64)
88 63
fi=(71)
3228 1386
+1 252
fi=(72)
64 315
fe=(64)
+24 63
fi=(10)
898 63
fi=(36)
+2 126
0 2
fe=(64)
88 1
fi=(71)
3228 22
+1 4
fi=(72)
64 5
fe=(64)
+24 1
fi=(10)
898 1
fi=(36)
+2 2
fe=(64)
88 63
fi=(71)
3228 1386
+1 252
fi=(72)
64 315
fe=(64)
+24 63
fi=(10)
898 63
fi=(36)
+2 126
fe=(64)
92 5

fn=(5392)
107 45
fi=(60)
-75 15
cob=(2)
cfi=(2)
cfn=(4642)
calls=5 -32 
* 390
-32 30
fi=(66)
139 5
fi=(71)
3228 110
+1 20
-1 85
fi=(72)
64 20
fi=(66)
-32 30
139 315
fi=(71)
3228 6930
+1 1260
-1 5355
fi=(72)
64 1260
fi=(66)
-32 3850
139 5
fi=(10)
898 5
fi=(36)
+2 10
fi=(66)
32 2520
139 315
fi=(10)
898 315
fi=(36)
+2 630
0 5
fe=(64)
110 20
cob=(2)
cfi=(2)
cfn=(4260)
calls=5 0 
* 625
0 5
fi=(60)
32 20
cob=(2)
cfi=(2)
cfn=(4642)
calls=5 -32 
* 390
* 40
-32 5
fi=(66)
139 5
fi=(71)
3228 110
+1 20
-1 85
fi=(72)
64 20
fi=(66)
-32 15
139 315
fi=(71)
3228 6930
+1 1260
-1 5355
fi=(72)
64 1260
fi=(66)
-32 3865
139 5
fi=(10)
898 5
fi=(36)
+2 10
fi=(66)
32 2520
139 315
fi=(10)
898 315
fi=(36)
+2 630
fe=(64)
110 25
cob=(2)
cfi=(2)
cfn=(4260)
calls=5 0 
* 625
0 5
fi=(60)
32 20
cob=(2)
cfi=(2)
cfn=(4642)
calls=5 -32 
* 390
* 40
-32 5
fi=(66)
139 5
fi=(71)
3228 110
+1 20
-1 85
fi=(72)
64 20
fi=(66)
-32 15
139 315
fi=(71)
3228 6930
+1 1260
-1 5355
fi=(72)
64 1260
fi=(66)
-32 3865
139 5
fi=(10)
898 5
fi=(36)
+2 10
fi=(66)
32 2520
139 315
fi=(10)
898 315
fi=(36)
+2 630
fe=(64)
110 25
cob=(2)
cfi=(2)
cfn=(4260)
calls=5 0 
* 625
0 5
fi=(60)
32 20
cob=(2)
cfi=(2)
cfn=(4642)
calls=5 -32 
* 390
* 40
-32 5
fi=(66)
139 5
fi=(71)
3228 110
+1 20
-1 85
fi=(72)
64 20
fi=(66)
-32 15
139 315
fi=(71)
3228 6930
+1 1260
-1 5355
fi=(72)
64 1260
fi=(66)
-32 3865
139 5
fi=(10)
898 5
fi=(36)
+2 10
fi=(66)
32 2520
139 315
fi=(10)
898 315
fi=(36)
+2 630
fe=(64)
110 25
cob=(2)
cfi=(2)
cfn=(4260)
calls=5 0 
* 625
0 5
fi=(60)
32 20
cob=(2)
cfi=(2)
cfn=(4642)
calls=5 -32 
* 390
* 40
-32 5
fi=(66)
139 5
fi=(71)
3228 110
+1 20
-1 85
fi=(72)
64 20
fi=(66)
-32 15
139 315
fi=(71)
3228 6930
+1 1260
-1 5355
fi=(72)
64 1260
fi=(66)
-32 3865
139 5
fi=(10)
898 5
fi=(36)
+2 10
fi=(66)
32 2520
139 315
fi=(10)
898 315
fi=(36)
+2 630
fe=(64)
110 25
cob=(2)
cfi=(2)
cfn=(4260)
calls=5 0 
* 625
0 5
fi=(60)
32 20
cob=(2)
cfi=(2)
cfn=(4642)
calls=5 -32 
* 390
* 40
-32 5
fi=(66)
139 5
fi=(71)
3228 110
+1 20
-1 85
fi=(72)
64 20
fi=(66)
-32 15
139 315
fi=(71)
3228 6930
+1 1260
-1 5355
fi=(72)
64 1260
fi=(66)
-32 3865
139 5
fi=(10)
898 5
fi=(36)
+2 10
fi=(66)
32 2520
139 315
fi=(10)
898 315
fi=(36)
+2 630
fe=(64)
110 25
cob=(2)
cfi=(2)
cfn=(4260)
calls=5 0 
* 625
+3 35

fn=(5470)
62 54
fi=(60)
+1 18
cob=(2)
cfi=(2)
cfn=(4642)
calls=7 -63 
* 36978
-63 12
fe=(64)
66 18
fi=(71)
3228 48
0 6
3229 6
fi=(72)
20 6
fe=(64)
+46 18
fi=(71)
3228 12
fe=(64)
66 6
fi=(71)
3228 36
0 6
3229 6
fi=(72)
20 6
fe=(64)
+46 6
fi=(10)
898 6
fi=(19)
1915 6
fi=(36)
900 6
fe=(64)
66 2286
fi=(71)
3228 6096
0 762
3229 762
fi=(72)
20 762
fe=(64)
+46 2286
fi=(71)
3228 1524
fe=(64)
66 762
fi=(71)
3228 4572
0 762
3229 762
fi=(72)
20 762
fe=(64)
+46 762
fi=(10)
898 762
fi=(19)
1915 762
fi=(36)
900 762
0 12
fe=(64)
66 18
fi=(71)
3228 48
0 6
3229 6
fi=(72)
20 6
fe=(64)
+46 18
fi=(71)
3228 12
fe=(64)
66 6
fi=(71)
3228 36
0 6
3229 6
fi=(72)
20 6
fe=(64)
+46 6
fi=(10)
898 6
fi=(19)
1915 6
fi=(36)
900 6
fe=(64)
66 2286
fi=(71)
3228 6096
0 762
3229 762
fi=(72)
20 762
fe=(64)
+46 2286
fi=(71)
3228 1524
fe=(64)
66 762
fi=(71)
3228 4572
0 762
3229 762
fi=(72)
20 762
fe=(64)
+46 762
fi=(10)
898 762
fi=(19)
1915 762
fi=(36)
900 762
0 12
fe=(64)
66 18
fi=(71)
3228 48
0 6
3229 6
fi=(72)
20 6
fe=(64)
+46 18
fi=(71)
3228 12
fe=(64)
66 6
fi=(71)
3228 36
0 6
3229 6
fi=(72)
20 6
fe=(64)
+46 6
fi=(10)
898 6
fi=(19)
1915 6
fi=(36)
900 6
fe=(64)
66 2286
fi=(71)
3228 6096
0 762
3229 762
fi=(72)
20 762
fe=(64)
+46 2286
fi=(71)
3228 1524
fe=(64)
66 762
fi=(71)
3228 4572
0 762
3229 762
fi=(72)
20 762
fe=(64)
+46 762
fi=(10)
898 762
fi=(19)
1915 762
fi=(36)
900 762
0 12
fe=(64)
66 18
fi=(71)
3228 48
0 6
3229 6
fi=(72)
20 6
fe=(64)
+46 18
fi=(71)
3228 12
fe=(64)
66 6
fi=(71)
3228 36
0 6
3229 6
fi=(72)
20 6
fe=(64)
+46 6
fi=(10)
898 6
fi=(19)
1915 6
fi=(36)
900 6
fe=(64)
66 2286
fi=(71)
3228 6096
0 762
3229 762
fi=(72)
20 762
fe=(64)
+46 2286
fi=(71)
3228 1524
fe=(64)
66 762
fi=(71)
3228 4572
0 762
3229 762
fi=(72)
20 762
fe=(64)
+46 762
fi=(10)
898 762
fi=(19)
1915 762
fi=(36)
900 762
0 12
fe=(64)
66 18
fi=(71)
3228 48
0 6
3229 6
fi=(72)
20 6
fe=(64)
+46 18
fi=(71)
3228 12
fe=(64)
66 6
fi=(71)
3228 36
0 6
3229 6
fi=(72)
20 6
fe=(64)
+46 6
fi=(10)
898 6
fi=(19)
1915 6
fi=(36)
900 6
fe=(64)
66 2286
fi=(71)
3228 6096
0 762
3229 762
fi=(72)
20 762
fe=(64)
+46 2286
fi=(71)
3228 1524
fe=(64)
66 762
fi=(71)
3228 4572
0 762
3229 762
fi=(72)
20 762
fe=(64)
+46 762
fi=(10)
898 762
fi=(19)
1915 762
fi=(36)
900 762
0 12
fe=(64)
66 18
fi=(71)
3228 48
0 6
3229 6
fi=(72)
20 6
fe=(64)
+46 18
fi=(71)
3228 12
fe=(64)
66 6
fi=(71)
3228 36
0 6
3229 6
fi=(72)
20 6
fe=(64)
+46 6
fi=(10)
898 6
fi=(19)
1915 6
fi=(36)
900 6
fe=(64)
66 2286
fi=(71)
3228 6096
0 762
3229 762
fi=(72)
20 762
fe=(64)
+46 2286
fi=(71)
3228 1524
fe=(64)
66 762
fi=(71)
3228 4572
0 762
3229 762
fi=(72)
20 762
fe=(64)
+46 762
fi=(10)
898 762
fi=(19)
1915 762
fi=(36)
900 762
fe=(64)
70 42

fn=(5476)
116 45
fi=(60)
-84 15
cob=(2)
cfi=(2)
cfn=(4642)
calls=5 -32 
* 390
-32 25
fi=(66)
148 5
fi=(71)
3228 110
+1 20
-1 85
fi=(72)
64 20
fi=(66)
-32 15
148 5
fi=(10)
898 5
fi=(36)
+2 10
fi=(66)
148 315
fi=(71)
3228 6930
+1 1260
-1 5355
fi=(72)
64 1260
fi=(66)
-32 945
148 315
fi=(10)
898 315
fi=(36)
+2 630
0 5
fe=(64)
119 20
cob=(2)
cfi=(2)
cfn=(4260)
calls=5 0 
* 625
0 5
fi=(60)
32 20
cob=(2)
cfi=(2)
cfn=(4642)
calls=5 -32 
* 390
* 35
-32 5
fi=(66)
148 5
fi=(71)
3228 110
+1 20
-1 85
fi=(72)
64 20
fi=(66)
-32 15
148 320
fi=(71)
3228 6930
+1 1260
-1 5355
fi=(72)
64 1260
fi=(66)
-32 945
148 315
fi=(10)
898 315
fi=(36)
+2 630
fi=(10)
-2 5
fi=(36)
+2 10
fe=(64)
119 25
cob=(2)
cfi=(2)
cfn=(4260)
calls=5 0 
* 625
0 5
fi=(60)
32 20
cob=(2)
cfi=(2)
cfn=(4642)
calls=5 -32 
* 390
* 35
-32 5
fi=(66)
148 5
fi=(71)
3228 110
+1 20
-1 85
fi=(72)
64 20
fi=(66)
-32 15
148 320
fi=(71)
3228 6930
+1 1260
-1 5355
fi=(72)
64 1260
fi=(66)
-32 945
148 315
fi=(10)
898 315
fi=(36)
+2 630
fi=(10)
-2 5
fi=(36)
+2 10
fe=(64)
119 25
cob=(2)
cfi=(2)
cfn=(4260)
calls=5 0 
* 625
0 5
fi=(60)
32 20
cob=(2)
cfi=(2)
cfn=(4642)
calls=5 -32 
* 390
* 35
-32 5
fi=(66)
148 5
fi=(71)
3228 110
+1 20
-1 85
fi=(72)
64 20
fi=(66)
-32 15
148 320
fi=(71)
3228 6930
+1 1260
-1 5355
fi=(72)
64 1260
fi=(66)
-32 945
148 315
fi=(10)
898 315
fi=(36)
+2 630
fi=(10)
-2 5
fi=(36)
+2 10
fe=(64)
119 25
cob=(2)
cfi=(2)
cfn=(4260)
calls=5 0 
* 625
0 5
fi=(60)
32 20
cob=(2)
cfi=(2)
cfn=(4642)
calls=5 -32 
* 390
* 35
-32 5
fi=(66)
148 5
fi=(71)
3228 110
+1 20
-1 85
fi=(72)
64 20
fi=(66)
-32 15
148 320
fi=(71)
3228 6930
+1 1260
-1 5355
fi=(72)
64 1260
fi=(66)
-32 945
148 315
fi=(10)
898 315
fi=(36)
+2 630
fi=(10)
-2 5
fi=(36)
+2 10
fe=(64)
119 25
cob=(2)
cfi=(2)
cfn=(4260)
calls=5 0 
* 625
0 5
fi=(60)
32 20
cob=(2)
cfi=(2)
cfn=(4642)
calls=5 -32 
* 390
* 35
-32 5
fi=(66)
148 5
fi=(71)
3228 110
+1 20
-1 85
fi=(72)
64 20
fi=(66)
-32 15
148 320
fi=(71)
3228 6930
+1 1260
-1 5355
fi=(72)
64 1260
fi=(66)
-32 945
148 315
fi=(10)
898 315
fi=(36)
+2 630
fi=(10)
-2 5
fi=(36)
+2 10
fe=(64)
119 25
cob=(2)
cfi=(2)
cfn=(4260)
calls=5 0 
* 625
+3 35

fn=(5492)
149 32
0 4
153 8
fi=(71)
3228 176
+1 20
fe=(64)
153 248
fi=(71)
3228 5456
+1 992
fi=(72)
64 744
fi=(71)
3229 12
fi=(72)
64 40
fi=(71)
3608 32
fe=(64)
154 72
fi=(10)
898 4
fi=(36)
+2 8
fi=(72)
64 496
fi=(71)
3608 992
fe=(64)
154 2232
fi=(10)
898 124
fi=(36)
+2 352
0 16
fe=(64)
153 8
fi=(71)
3228 112
fe=(64)
153 248
fi=(71)
3228 5456
+1 992
fi=(72)
64 744
fi=(71)
3228 64
+1 32
fi=(72)
64 40
fi=(71)
3608 32
fe=(64)
154 72
fi=(72)
-90 496
fi=(71)
3608 992
fe=(64)
154 2232
fi=(10)
898 124
fi=(36)
+2 248
fi=(10)
-2 4
fi=(36)
+2 112
0 16
fe=(64)
153 8
fi=(71)
3228 112
fe=(64)
153 248
fi=(71)
3228 5456
+1 992
fi=(72)
64 744
fi=(71)
3228 64
+1 32
fi=(72)
64 40
fi=(71)
3608 32
fe=(64)
154 72
fi=(72)
-90 496
fi=(71)
3608 992
fe=(64)
154 2232
fi=(10)
898 124
fi=(36)
+2 248
fi=(10)
-2 4
fi=(36)
+2 112
0 16
fe=(64)
153 8
fi=(71)
3228 112
fe=(64)
153 248
fi=(71)
3228 5456
+1 992
fi=(72)
64 744
fi=(71)
3228 64
+1 32
fi=(72)
64 40
fi=(71)
3608 32
fe=(64)
154 72
fi=(72)
-90 496
fi=(71)
3608 992
fe=(64)
154 2232
fi=(10)
898 124
fi=(36)
+2 248
fi=(10)
-2 4
fi=(36)
+2 112
0 16
fe=(64)
153 8
fi=(71)
3228 112
fe=(64)
153 248
fi=(71)
3228 5456
+1 992
fi=(72)
64 744
fi=(71)
3228 64
+1 32
fi=(72)
64 40
fi=(71)
3608 32
fe=(64)
154 72
fi=(72)
-90 496
fi=(71)
3608 992
fe=(64)
154 2232
fi=(10)
898 124
fi=(36)
+2 248
fi=(10)
-2 4
fi=(36)
+2 112
0 16
fe=(64)
153 8
fi=(71)
3228 112
fe=(64)
153 248
fi=(71)
3228 5456
+1 992
fi=(72)
64 744
fi=(71)
3228 64
+1 32
fi=(72)
64 40
fi=(71)
3608 32
fe=(64)
154 72
fi=(72)
-90 496
fi=(71)
3608 992
fe=(64)
154 2232
fi=(10)
898 124
fi=(36)
+2 248
fi=(10)
-2 4
fi=(36)
+2 112
fe=(64)
160 4

fl=(6)
fn=(4864)
0 9139

fn=(5296)
0 15
cfi=(24)
cfn=(5298)
calls=19 467 
0 4338

fn=(4970)
0 9138
cfi=(25)
cfn=(4972)
calls=16646 48 
0 313608

fn=(5040)
0 9098
cfi=(24)
cfn=(5042)
calls=16565 482 
0 726211

fn=(3874)
cob=(2)
cfi=(2)
cfn=(3876) (below main)
calls=1 0 
0 19544568

fn=(3934) main
cfi=(8)
cfn=(3936)
calls=1 152 
0 19544568

fn=(4866)
0 41
cfi=(24)
cfn=(4868)
calls=82 450 
0 2955

fl=(61)
fn=(5452)
16 50
fi=(60)
+16 15
cob=(2)
cfi=(2)
cfn=(4642)
calls=6 -32 
* 390
fi=(58)
-15 70
fi=(51)
+59 45
fi=(49)
-53 10
fe=(61)
-2 20
cfi=(49)
cfn=(4988)
calls=6 +5 
* 220
* 5
+1 20
cob=(2)
cfi=(2)
cfn=(4260)
calls=6 -22 
* 325
* 20
cfi=(49)
cfn=(5014)
calls=6 +8 
* 32060
+2 10
+1 20
cfi=(49)
cfn=(5110)
calls=6 +12 
* 31445
* 5
+1 15
cfi=(63)
cfn=(5322)
calls=6 +35 
* 2555
+1 10
-27 15
fi=(36)
900 20
0 10
fe=(61)
29 20
cfi=(49)
cfn=(5110)
calls=6 +8 
* 255
* 960
cfi=(49)
cfn=(5110)
calls=288 +8 
* 12240
-29 245
31 490
fi=(51)
196 36
fi=(18)
552 44
fi=(51)
239 44
fe=(61)
0 22
31 44
fi=(62)
+10 22
fi=(51)
196 22
+62 44
+1 44
0 245
fe=(61)
36 490
fi=(50)
272 490
fe=(61)
37 735
-37 245
37 735
fi=(19)
1915 245
fi=(36)
900 245
fe=(61)
40 5
fi=(34)
634 10
fi=(23)
128 15
cfi=(6)
cfn=(4970)
calls=6 0 
* 175
fe=(61)
-88 45

fl=(51)
fn=(5094)
250 84579
-54 15378
+62 7689
0 15078
259 22617
0 7419
fi=(50)
89 7419
fi=(18)
552 22257
cob=(2)
cfi=(2)
cfn=(4260)
calls=22257 0 
* 133542
fe=(51)
239 7419
0 7869
fi=(20)
961 120
0 120
fi=(50)
89 120
fi=(18)
552 240
cob=(2)
cfi=(2)
cfn=(4260)
calls=360 0 
* 2160
0 120
fe=(51)
344 840
0 120
fi=(14)
1717 120
fi=(55)
180 120
fe=(51)
344 900
0 150
fi=(14)
1717 150
fi=(55)
180 150
0 270
fe=(51)
274 810
0 750
fi=(18)
552 750
cob=(2)
cfi=(2)
cfn=(4260)
calls=450 0 
* 4500
fi=(58)
61 450
cfi=(54)
cfn=(5024)
calls=450 166 
* 923700
fi=(18)
552 600
cob=(2)
cfi=(2)
cfn=(4260)
calls=450 0 
* 2700
fe=(51)
278 600
cob=(2)
cfi=(2)
cfn=(4260)
calls=450 0 
* 4500
-39 7689
+42 61512

fl=(73)
fn=(5536)
17 6
cfi=(6)
cfn=(4864)
calls=1 -17 
* 1
fi=(23)
198 3
cfi=(6)
cfn=(5040)
calls=1 0 
* 70
fi=(34)
469 2
0 7
fe=(73)
23 3
+1 3
-24 3
fi=(19)
1915 3
fi=(36)
900 3
fe=(73)
0 125
fi=(19)
1915 125
fi=(36)
900 125
fe=(73)
22 256
fi=(50)
278 2
fe=(73)
23 1
+1 1
-2 256
fi=(50)
278 6
fe=(73)
27 2
-27 6
23 5
+1 5
-24 5
fi=(19)
1915 5
fi=(36)
900 5
fe=(73)
0 123
fi=(19)
1915 123
fi=(36)
900 123
fe=(73)
22 256
fi=(50)
278 4
fe=(73)
23 2
+1 2
-2 256
fi=(50)
278 10
fe=(73)
27 2
-27 5
23 4
+1 4
-24 4
fi=(19)
1915 4
fi=(36)
900 4
fe=(73)
0 124
fi=(19)
1915 124
fi=(36)
900 124
fe=(73)
22 256
fi=(50)
278 2
fe=(73)
23 1
+1 1
-2 256
fi=(50)
278 8
fe=(73)
27 2
-27 5
23 4
+1 4
-24 4
fi=(19)
1915 4
fi=(36)
900 4
fe=(73)
0 124
fi=(19)
1915 124
fi=(36)
900 124
fe=(73)
22 256
fi=(50)
278 2
fe=(73)
23 1
+1 1
-2 256
fi=(50)
278 8
fe=(73)
27 2
-27 129
fi=(19)
1915 128
fi=(36)
900 128
fe=(73)
22 256
fi=(50)
278 4
fe=(73)
23 2
+1 2
-2 256
fi=(50)
278 6
0 3
fe=(73)
23 3
+1 3
-24 3
27 2
-27 2
23 1
+1 1
-24 1
fi=(19)
1915 1
fi=(36)
900 1
fe=(73)
0 127
fi=(19)
1915 127
fi=(36)
900 127
fe=(73)
22 256
fi=(50)
278 4
fe=(73)
23 2
+1 2
-2 256
fi=(50)
278 2
fe=(73)
27 1
+2 3
+1 5

fl=(65)
fn=(5142)
49 100
cob=(2)
cfi=(2)
cfn=(4642)
calls=7 -49 
* 30815
* 5
-49 5
fi=(60)
45 20
cob=(2)
cfi=(2)
cfn=(4642)
calls=7 -45 
* 390
* 100
cob=(2)
cfi=(2)
cfn=(4642)
calls=35 -45 
* 1950
* 30
-45 30
fe=(65)
25 90
fi=(71)
3228 240
0 30
3229 30
fi=(72)
20 30
fe=(65)
+5 90
fi=(71)
3228 240
0 30
3229 30
fi=(72)
20 30
fe=(65)
+5 60
fi=(19)
1915 60
fi=(36)
900 30
fe=(65)
25 11430
fi=(71)
3228 30480
0 3810
3229 3810
fi=(72)
20 3810
fe=(65)
+5 11430
fi=(71)
3228 30480
0 3810
3229 3810
fi=(72)
20 3810
fe=(65)
+5 7620
fi=(19)
1915 7620
fi=(36)
900 3810
0 120
fi=(60)
45 120
cob=(2)
cfi=(2)
cfn=(4642)
calls=42 -45 
* 2340
* 30
-45 30
fe=(65)
16 90
fi=(71)
3228 240
0 30
3229 30
fi=(72)
20 30
fe=(65)
-4 90
fi=(71)
3228 240
0 30
3229 30
fi=(72)
20 30
fe=(65)
-4 60
fi=(19)
1915 60
fi=(36)
900 30
fe=(65)
16 11430
fi=(71)
3228 30480
0 3810
3229 3810
fi=(72)
20 3810
fe=(65)
-4 11430
fi=(71)
3228 30480
0 3810
3229 3810
fi=(72)
20 3810
fe=(65)
-4 7620
fi=(19)
1915 7620
fi=(36)
900 3810
fe=(65)
56 120
cob=(2)
cfi=(2)
cfn=(4260)
calls=42 -56 
* 3740
fi=(60)
-11 120
cob=(2)
cfi=(2)
cfn=(4642)
calls=42 -45 
* 2340
* 30
-45 30
fe=(65)
25 90
fi=(71)
3228 240
0 30
3229 30
fi=(72)
20 30
fe=(65)
+5 90
fi=(71)
3228 240
0 30
3229 30
fi=(72)
20 30
fe=(65)
+5 60
fi=(19)
1915 60
fi=(36)
900 30
fe=(65)
25 11430
fi=(71)
3228 30480
0 3810
3229 3810
fi=(72)
20 3810
fe=(65)
+5 11430
fi=(71)
3228 30480
0 3810
3229 3810
fi=(72)
20 3810
fe=(65)
+5 7620
fi=(19)
1915 7620
fi=(36)
900 3810
fi=(60)
45 120
cob=(2)
cfi=(2)
cfn=(4642)
calls=42 -45 
* 2340
* 30
-45 30
fe=(65)
16 90
fi=(71)
3228 240
0 30
3229 30
fi=(72)
20 30
fe=(65)
-4 90
fi=(71)
3228 240
0 30
3229 30
fi=(72)
20 30
fe=(65)
-4 60
fi=(19)
1915 60
fi=(36)
900 30
fe=(65)
16 11430
fi=(71)
3228 30480
0 3810
3229 3810
fi=(72)
20 3810
fe=(65)
-4 11430
fi=(71)
3228 30480
0 3810
3229 3810
fi=(72)
20 3810
fe=(65)
-4 7620
fi=(19)
1915 7620
fi=(36)
900 3810
fe=(65)
56 120
cob=(2)
cfi=(2)
cfn=(4260)
calls=42 -56 
* 3740
fi=(60)
-11 120
cob=(2)
cfi=(2)
cfn=(4642)
calls=42 -45 
* 2340
* 30
-45 30
fe=(65)
25 90
fi=(71)
3228 240
0 30
3229 30
fi=(72)
20 30
fe=(65)
+5 90
fi=(71)
3228 240
0 30
3229 30
fi=(72)
20 30
fe=(65)
+5 60
fi=(19)
1915 60
fi=(36)
900 30
fe=(65)
25 11430
fi=(71)
3228 30480
0 3810
3229 3810
fi=(72)
20 3810
fe=(65)
+5 11430
fi=(71)
3228 30480
0 3810
3229 3810
fi=(72)
20 3810
fe=(65)
+5 7620
fi=(19)
1915 7620
fi=(36)
900 3810
fi=(60)
45 120
cob=(2)
cfi=(2)
cfn=(4642)
calls=42 -45 
* 2340
* 30
-45 30
fe=(65)
16 90
fi=(71)
3228 240
0 30
3229 30
fi=(72)
20 30
fe=(65)
-4 90
fi=(71)
3228 240
0 30
3229 30
fi=(72)
20 30
fe=(65)
-4 60
fi=(19)
1915 60
fi=(36)
900 30
fe=(65)
16 11430
fi=(71)
3228 30480
0 3810
3229 3810
fi=(72)
20 3810
fe=(65)
-4 11430
fi=(71)
3228 30480
0 3810
3229 3810
fi=(72)
20 3810
fe=(65)
-4 7620
fi=(19)
1915 7620
fi=(36)
900 3810
fe=(65)
56 120
cob=(2)
cfi=(2)
cfn=(4260)
calls=42 -56 
* 3740
fi=(60)
-11 120
cob=(2)
cfi=(2)
cfn=(4642)
calls=42 -45 
* 2340
* 30
-45 30
fe=(65)
25 90
fi=(71)
3228 240
0 30
3229 30
fi=(72)
20 30
fe=(65)
+5 90
fi=(71)
3228 60
fe=(65)
25 30
fi=(71)
3228 180
0 30
3229 30
fi=(72)
20 30
fe=(65)
+5 30
fi=(10)
898 30
fi=(19)
1915 30
fi=(36)
900 30
fe=(65)
25 11430
fi=(71)
3228 30480
0 3810
3229 3810
fi=(72)
20 3810
fe=(65)
+5 11430
fi=(71)
3228 7620
fe=(65)
25 3810
fi=(71)
3228 22860
0 3810
3229 3810
fi=(72)
20 3810
fe=(65)
+5 3810
fi=(10)
898 3810
fi=(19)
1915 3810
fi=(36)
900 3810
fi=(60)
45 120
cob=(2)
cfi=(2)
cfn=(4642)
calls=42 -45 
* 2340
* 30
-45 30
fe=(65)
16 90
fi=(71)
3228 240
0 30
3229 30
fi=(72)
20 30
fe=(65)
-4 90
fi=(71)
3228 240
0 30
3229 30
fi=(72)
20 30
fe=(65)
-4 60
fi=(19)
1915 60
fi=(36)
900 30
fe=(65)
16 11430
fi=(71)
3228 30480
0 3810
3229 3810
fi=(72)
20 3810
fe=(65)
-4 11430
fi=(71)
3228 30480
0 3810
3229 3810
fi=(72)
20 3810
fe=(65)
-4 7620
fi=(19)
1915 7620
fi=(36)
900 3810
fe=(65)
56 120
cob=(2)
cfi=(2)
cfn=(4260)
calls=42 -56 
* 3740
fi=(60)
-11 120
cob=(2)
cfi=(2)
cfn=(4642)
calls=42 -45 
* 2340
* 30
-45 30
fe=(65)
25 90
fi=(71)
3228 240
0 30
3229 30
fi=(72)
20 30
fe=(65)
+5 90
fi=(71)
3228 60
fe=(65)
25 30
fi=(71)
3228 180
0 30
3229 30
fi=(72)
20 30
fe=(65)
+5 30
fi=(10)
898 30
fi=(19)
1915 30
fi=(36)
900 30
fe=(65)
25 11430
fi=(71)
3228 30480
0 3810
3229 3810
fi=(72)
20 3810
fe=(65)
+5 11430
fi=(71)
3228 7620
fe=(65)
25 3810
fi=(71)
3228 22860
0 3810
3229 3810
fi=(72)
20 3810
fe=(65)
+5 3810
fi=(10)
898 3810
fi=(19)
1915 3810
fi=(36)
900 3810
fi=(60)
45 120
cob=(2)
cfi=(2)
cfn=(4642)
calls=42 -45 
* 2340
* 30
-45 30
fe=(65)
16 90
fi=(71)
3228 240
0 30
3229 30
fi=(72)
20 30
fe=(65)
-4 90
fi=(71)
3228 240
0 30
3229 30
fi=(72)
20 30
fe=(65)
-4 60
fi=(19)
1915 60
fi=(36)
900 30
fe=(65)
16 11430
fi=(71)
3228 30480
0 3810
3229 3810
fi=(72)
20 3810
fe=(65)
-4 11430
fi=(71)
3228 30480
0 3810
3229 3810
fi=(72)
20 3810
fe=(65)
-4 7620
fi=(19)
1915 7620
fi=(36)
900 3810
fe=(65)
56 120
cob=(2)
cfi=(2)
cfn=(4260)
calls=42 -56 
* 3740
fi=(10)
898 30
fi=(36)
+2 60
fi=(19)
1915 30
fi=(36)
900 30
0 5
fe=(65)
59 20
cob=(2)
cfi=(2)
cfn=(4260)
calls=7 -59 
* 3025
+1 45

fn=(5464)
40 60
fi=(60)
+41 6
-81 6
81 18
cob=(2)
cfi=(2)
cfn=(4642)
calls=7 -81 
* 24690
-81 6
45 18
cob=(2)
cfi=(2)
cfn=(4642)
calls=7 -45 
* 468
* 12
fe=(65)
-20 18
fi=(71)
3228 48
0 6
3229 6
fi=(72)
20 6
fe=(65)
+5 18
fi=(71)
3228 48
0 6
3229 6
fi=(72)
20 6
fe=(65)
+5 12
fi=(19)
1915 12
fi=(36)
900 6
fe=(65)
25 2286
fi=(71)
3228 6096
0 762
3229 762
fi=(72)
20 762
fe=(65)
+5 2286
fi=(71)
3228 6096
0 762
3229 762
fi=(72)
20 762
fe=(65)
+5 1524
fi=(19)
1915 1524
fi=(36)
900 762
0 6
fe=(65)
43 24
cob=(2)
cfi=(2)
cfn=(4260)
calls=7 -43 
* 750
-43 6
fi=(60)
45 24
cob=(2)
cfi=(2)
cfn=(4642)
calls=7 -45 
* 468
fe=(65)
-20 2304
fi=(71)
3228 6144
0 768
3229 768
fi=(72)
20 768
fe=(65)
+5 2304
fi=(71)
3228 1536
fe=(65)
25 768
fi=(71)
3228 4608
0 768
3229 768
fi=(72)
20 768
fe=(65)
+5 768
fi=(10)
898 768
fi=(19)
1915 768
fi=(36)
900 768
fe=(65)
43 30
cob=(2)
cfi=(2)
cfn=(4260)
calls=7 -43 
* 750
-43 6
fi=(60)
45 24
cob=(2)
cfi=(2)
cfn=(4642)
calls=7 -45 
* 468
-45 6
fe=(65)
25 18
fi=(71)
3228 48
0 6
3229 6
fi=(72)
20 6
fe=(65)
+5 18
fi=(71)
3228 12
fe=(65)
25 6
fi=(71)
3228 36
0 6
3229 6
fi=(72)
20 6
fe=(65)
+5 6
fi=(10)
898 6
fi=(19)
1915 6
fi=(36)
900 6
fe=(65)
25 2286
fi=(71)
3228 6096
0 762
3229 762
fi=(72)
20 762
fe=(65)
+5 2286
fi=(71)
3228 1524
fe=(65)
25 762
fi=(71)
3228 4572
0 762
3229 762
fi=(72)
20 762
fe=(65)
+5 762
fi=(10)
898 762
fi=(19)
1915 762
fi=(36)
900 762
0 6
fe=(65)
43 24
cob=(2)
cfi=(2)
cfn=(4260)
calls=7 -43 
* 750
-43 6
fi=(60)
45 24
cob=(2)
cfi=(2)
cfn=(4642)
calls=7 -45 
* 468
-45 6
fe=(65)
25 18
fi=(71)
3228 48
0 6
3229 6
fi=(72)
20 6
fe=(65)
+5 18
fi=(71)
3228 12
fe=(65)
25 6
fi=(71)
3228 36
0 6
3229 6
fi=(72)
20 6
fe=(65)
+5 6
fi=(10)
898 6
fi=(19)
1915 6
fi=(36)
900 6
fe=(65)
25 2286
fi=(71)
3228 6096
0 762
3229 762
fi=(72)
20 762
fe=(65)
+5 2286
fi=(71)
3228 1524
fe=(65)
25 762
fi=(71)
3228 4572
0 762
3229 762
fi=(72)
20 762
fe=(65)
+5 762
fi=(10)
898 762
fi=(19)
1915 762
fi=(36)
900 762
fe=(65)
43 30
cob=(2)
cfi=(2)
cfn=(4260)
calls=7 -43 
* 750
-43 6
fi=(60)
45 24
cob=(2)
cfi=(2)
cfn=(4642)
calls=7 -45 
* 468
-45 6
fe=(65)
25 18
fi=(71)
3228 48
0 6
3229 6
fi=(72)
20 6
fe=(65)
+5 18
fi=(71)
3228 12
fe=(65)
25 6
fi=(71)
3228 36
0 6
3229 6
fi=(72)
20 6
fe=(65)
+5 6
fi=(10)
898 6
fi=(19)
1915 6
fi=(36)
900 6
fe=(65)
25 2286
fi=(71)
3228 6096
0 762
3229 762
fi=(72)
20 762
fe=(65)
+5 2286
fi=(71)
3228 1524
fe=(65)
25 762
fi=(71)
3228 4572
0 762
3229 762
fi=(72)
20 762
fe=(65)
+5 762
fi=(10)
898 762
fi=(19)
1915 762
fi=(36)
900 762
fe=(65)
43 30
cob=(2)
cfi=(2)
cfn=(4260)
calls=7 -43 
* 750
-43 6
fi=(60)
45 24
cob=(2)
cfi=(2)
cfn=(4642)
calls=7 -45 
* 468
-45 6
fe=(65)
25 18
fi=(71)
3228 48
0 6
3229 6
fi=(72)
20 6
fe=(65)
+5 18
fi=(71)
3228 12
fe=(65)
25 6
fi=(71)
3228 36
0 6
3229 6
fi=(72)
20 6
fe=(65)
+5 6
fi=(10)
898 6
fi=(19)
1915 6
fi=(36)
900 6
fe=(65)
25 2286
fi=(71)
3228 6096
0 762
3229 762
fi=(72)
20 762
fe=(65)
+5 2286
fi=(71)
3228 1524
fe=(65)
25 762
fi=(71)
3228 4572
0 762
3229 762
fi=(72)
20 762
fe=(65)
+5 762
fi=(10)
898 762
fi=(19)
1915 762
fi=(36)
900 762
fe=(65)
43 30
cob=(2)
cfi=(2)
cfn=(4260)
calls=7 -43 
* 750
+3 54
-6 50
fi=(60)
+41 5
-81 5
81 15
cob=(2)
cfi=(2)
cfn=(4642)
calls=5 -81 
* 15455
-81 5
45 15
cob=(2)
cfi=(2)
cfn=(4642)
calls=5 -45 
* 390
* 10
fe=(65)
-20 15
fi=(71)
3228 40
0 5
3229 5
fi=(72)
20 5
fe=(65)
+5 15
fi=(71)
3228 40
0 5
3229 5
fi=(72)
20 5
fe=(65)
+5 10
fi=(19)
1915 10
fi=(36)
900 5
fe=(65)
25 1905
fi=(71)
3228 5080
0 635
3229 635
fi=(72)
20 635
fe=(65)
+5 1905
fi=(71)
3228 5080
0 635
3229 635
fi=(72)
20 635
fe=(65)
+5 1270
fi=(19)
1915 1270
fi=(36)
900 635
0 5
fe=(65)
43 20
cob=(2)
cfi=(2)
cfn=(4260)
calls=5 -43 
* 625
-43 5
fi=(60)
45 20
cob=(2)
cfi=(2)
cfn=(4642)
calls=5 -45 
* 390
fe=(65)
-20 1920
fi=(71)
3228 5120
0 640
3229 640
fi=(72)
20 640
fe=(65)
+5 1920
fi=(71)
3228 1280
fe=(65)
25 640
fi=(71)
3228 3840
0 640
3229 640
fi=(72)
20 640
fe=(65)
+5 640
fi=(10)
898 640
fi=(19)
1915 640
fi=(36)
900 640
fe=(65)
43 25
cob=(2)
cfi=(2)
cfn=(4260)
calls=5 -43 
* 625
-43 5
fi=(60)
45 20
cob=(2)
cfi=(2)
cfn=(4642)
calls=5 -45 
* 390
-45 5
fe=(65)
25 15
fi=(71)
3228 40
0 5
3229 5
fi=(72)
20 5
fe=(65)
+5 15
fi=(71)
3228 10
fe=(65)
25 5
fi=(71)
3228 30
0 5
3229 5
fi=(72)
20 5
fe=(65)
+5 5
fi=(10)
898 5
fi=(19)
1915 5
fi=(36)
900 5
fe=(65)
25 1905
fi=(71)
3228 5080
0 635
3229 635
fi=(72)
20 635
fe=(65)
+5 1905
fi=(71)
3228 1270
fe=(65)
25 635
fi=(71)
3228 3810
0 635
3229 635
fi=(72)
20 635
fe=(65)
+5 635
fi=(10)
898 635
fi=(19)
1915 635
fi=(36)
900 635
0 5
fe=(65)
43 20
cob=(2)
cfi=(2)
cfn=(4260)
calls=5 -43 
* 625
-43 5
fi=(60)
45 20
cob=(2)
cfi=(2)
cfn=(4642)
calls=5 -45 
* 390
-45 5
fe=(65)
25 15
fi=(71)
3228 40
0 5
3229 5
fi=(72)
20 5
fe=(65)
+5 15
fi=(71)
3228 10
fe=(65)
25 5
fi=(71)
3228 30
0 5
3229 5
fi=(72)
20 5
fe=(65)
+5 5
fi=(10)
898 5
fi=(19)
1915 5
fi=(36)
900 5
fe=(65)
25 1905
fi=(71)
3228 5080
0 635
3229 635
fi=(72)
20 635
fe=(65)
+5 1905
fi=(71)
3228 1270
fe=(65)
25 635
fi=(71)
3228 3810
0 635
3229 635
fi=(72)
20 635
fe=(65)
+5 635
fi=(10)
898 635
fi=(19)
1915 635
fi=(36)
900 635
fe=(65)
43 25
cob=(2)
cfi=(2)
cfn=(4260)
calls=5 -43 
* 625
-43 5
fi=(60)
45 20
cob=(2)
cfi=(2)
cfn=(4642)
calls=5 -45 
* 390
-45 5
fe=(65)
25 15
fi=(71)
3228 40
0 5
3229 5
fi=(72)
20 5
fe=(65)
+5 15
fi=(71)
3228 10
fe=(65)
25 5
fi=(71)
3228 30
0 5
3229 5
fi=(72)
20 5
fe=(65)
+5 5
fi=(10)
898 5
fi=(19)
1915 5
fi=(36)
900 5
fe=(65)
25 1905
fi=(71)
3228 5080
0 635
3229 635
fi=(72)
20 635
fe=(65)
+5 1905
fi=(71)
3228 1270
fe=(65)
25 635
fi=(71)
3228 3810
0 635
3229 635
fi=(72)
20 635
fe=(65)
+5 635
fi=(10)
898 635
fi=(19)
1915 635
fi=(36)
900 635
fe=(65)
43 25
cob=(2)
cfi=(2)
cfn=(4260)
calls=5 -43 
* 625
+3 45

fl=(49)
fn=(5074)
64 300
fi=(52)
+85 30
fi=(51)
+47 30
0 30
146 30
fi=(68) /home/rick/.cargo/registry/src/index.crates.io-1949cf8c6b5b557f/block-buffer-0.10.4/src/sealed.rs
17 60
fi=(51)
155 30
fi=(50)
-54 30
fi=(18)
552 90
cob=(2)
cfi=(2)
cfn=(4260)
calls=90 0 
* 360
fi=(51)
158 30
0 30
239 30
fe=(49)
66 240

fn=(5082)
68 210
fi=(52)
203 30
0 60
203 60
cob=(2)
cfi=(2)
cfn=(4260)
calls=90 0 
* 900
* 150
cob=(2)
cfi=(2)
cfn=(4260)
calls=90 0 
* 900
fi=(51)
-7 30
fi=(50)
-95 60
0 30
fi=(55)
180 30
fi=(51)
+8 60
cob=(2)
cfi=(2)
cfn=(4642)
calls=90 0 
* 780
fi=(53)
-49 30
+2 30
fi=(58)
-95 900
fi=(26)
1718 30
fi=(58)
46 30
+3 90
cfi=(54)
cfn=(5024)
calls=90 166 
* 184740
-49 30
8 120
cob=(2)
cfi=(2)
cfn=(4260)
calls=90 -8 
* 900
fi=(51)
+68 360
fe=(49)
-7 120
cob=(2)
cfi=(2)
cfn=(4260)
calls=90 -69 
* 1950
+1 210

fn=(4988)
26 700
fi=(52)
149 70
fi=(51)
+47 70
0 70
146 70
fi=(68)
17 140
fi=(51)
155 70
fi=(50)
-54 65
fi=(18)
552 195
cob=(2)
cfi=(2)
cfn=(4260)
calls=82 0 
* 931
fi=(51)
158 65
0 65
161 10
fi=(50)
-60 5
fi=(18)
552 20
cob=(2)
cfi=(2)
cfn=(4260)
calls=6 0 
* 110
fi=(26)
1718 5
fi=(58)
46 30
fi=(26)
1718 5
fi=(58)
46 10
fi=(26)
1718 5
fi=(58)
46 10
fi=(26)
1718 5
fi=(58)
46 10
fi=(26)
1718 5
fi=(58)
46 15
fi=(26)
1718 5
fi=(58)
46 20
fi=(26)
1718 5
fi=(58)
46 15
fi=(26)
1718 5
fi=(58)
46 10
fi=(26)
1718 5
fi=(58)
46 5
fi=(89) /rustc/ac68faa20c58cbccd01ee7208bf3b6e93a7d7f96/library/core/src/ptr/const_ptr.rs
863 5
fi=(58)
49 15
cfi=(54)
cfn=(5024)
calls=6 166 
* 30790
fi=(68)
-26 10
-23 5
23 35
fi=(89)
863 5
fi=(51)
169 10
0 10
fi=(26)
1718 5
fi=(58)
46 25
fi=(26)
1718 5
fi=(58)
46 10
fi=(26)
1718 5
fi=(58)
46 15
fi=(26)
1718 5
fi=(58)
46 10
fi=(26)
1718 5
fi=(58)
46 15
fi=(26)
1718 5
fi=(58)
46 15
fi=(26)
1718 5
fi=(58)
46 15
fi=(26)
1718 5
fi=(58)
46 15
fi=(26)
1718 5
fi=(58)
46 5
+3 5
fi=(14)
659 5
fi=(58)
49 10
cfi=(54)
cfn=(5024)
calls=8 166 
* 30790
fi=(26)
1718 20
fi=(58)
46 100
fi=(26)
1718 20
fi=(58)
46 40
fi=(26)
1718 20
fi=(58)
46 60
fi=(26)
1718 20
fi=(58)
46 40
fi=(26)
1718 20
fi=(58)
46 60
fi=(26)
1718 20
fi=(58)
46 60
fi=(26)
1718 20
fi=(58)
46 60
fi=(26)
1718 20
fi=(58)
46 60
fi=(26)
1718 20
fi=(58)
46 20
+3 20
fi=(14)
659 20
fi=(58)
49 40
cfi=(54)
cfn=(5024)
calls=50 166 
* 123160
fi=(14)
1717 25
fi=(55)
180 25
fi=(18)
552 20
cob=(2)
cfi=(2)
cfn=(4260)
calls=8 0 
* 55
fi=(51)
239 70
fe=(49)
28 560

fn=(5014)
30 224
fi=(52)
203 32
0 64
203 64
cob=(2)
cfi=(2)
cfn=(4260)
calls=49 0 
* 960
* 160
cob=(2)
cfi=(2)
cfn=(4260)
calls=49 0 
* 960
fi=(51)
-7 32
fi=(50)
-95 32
0 32
fi=(55)
180 32
fi=(51)
+8 64
cob=(2)
cfi=(2)
cfn=(4642)
calls=49 0 
* 595
fi=(53)
-49 32
+2 32
fi=(58)
-95 768
fi=(26)
1718 32
fi=(58)
46 32
+3 96
cfi=(54)
cfn=(5024)
calls=49 166 
* 197056
-49 32
8 128
cob=(2)
cfi=(2)
cfn=(4260)
calls=49 -8 
* 960
fi=(51)
+68 320
fe=(49)
-45 128
cob=(2)
cfi=(2)
cfn=(4260)
calls=49 -31 
* 2080
+1 224

fn=(5036)
42 225
fi=(57)
457 25
fi=(34)
0 50
460 25
0 25
cfi=(6)
cfn=(4864)
calls=27 0 
0 25
0 25
fi=(23)
198 75
cfi=(6)
cfn=(5040)
calls=27 0 
* 3155
fi=(34)
469 50
0 25
fi=(62)
41 25
fi=(51)
196 50
+62 25
0 125
fi=(18)
0 25
fi=(51)
344 150
0 25
fi=(14)
1717 25
fi=(55)
180 25
0 100
fi=(18)
552 100
cob=(2)
cfi=(2)
cfn=(4260)
calls=25 0 
* 750
* 300
cob=(2)
cfi=(2)
cfn=(4260)
calls=75 0 
* 2250
fi=(58)
61 300
cfi=(54)
cfn=(5024)
calls=100 166 
* 615800
fi=(62)
-61 100
44 300
cob=(2)
cfi=(2)
cfn=(4260)
calls=100 -44 
* 3000
fi=(14)
1717 200
fi=(55)
180 100
0 75
fi=(51)
274 25
0 50
fi=(18)
552 75
cob=(2)
cfi=(2)
cfn=(4260)
calls=27 0 
* 750
fi=(58)
61 75
cfi=(54)
cfn=(5024)
calls=27 166 
* 153950
fi=(51)
-61 75
fi=(18)
552 125
cob=(2)
cfi=(2)
cfn=(4260)
calls=27 0 
* 550
fi=(51)
278 100
cob=(2)
cfi=(2)
cfn=(4260)
calls=27 0 
* 750
* 25
0 50
239 25
fe=(49)
45 75
+1 225

fn=(5110)
37 2268
fi=(62)
+4 252
-41 252
fi=(51)
196 504
+62 252
0 490
259 735
fi=(50)
89 245
fi=(18)
552 735
cob=(2)
cfi=(2)
cfn=(4260)
calls=2772 0 
* 3920
fi=(51)
239 245
0 511
344 49
0 7
fi=(14)
1717 14
fi=(55)
180 7
0 7
fi=(51)
274 14
0 21
fi=(18)
552 28
cob=(2)
cfi=(2)
cfn=(4260)
calls=33 0 
* 210
fi=(58)
61 21
cfi=(54)
cfn=(5024)
calls=33 166 
* 43106
fi=(18)
552 28
cob=(2)
cfi=(2)
cfn=(4260)
calls=33 0 
* 89
fi=(51)
278 28
cob=(2)
cfi=(2)
cfn=(4260)
calls=33 0 
* 210
-39 252
fe=(49)
39 2016

fl=(48)
fn=(5130)
77 153
+1 34
cob=(2)
cfi=(2)
cfn=(4260)
calls=34 -78 
* 2125
-78 68
80 34
fi=(71)
3228 748
+1 136
fe=(48)
80 1088
fi=(71)
3228 23188
+1 4216
fe=(48)
80 1054
fi=(55)
180 1632
0 85
fe=(48)
86 51
-86 17
88 17
-1 17
+1 17
fi=(55)
-88 119
fe=(48)
86 357
-86 119
88 119
-1 119
+1 4318
-1 4199
+1 21539
-88 4335
91 87040
fi=(71)
3228 156672
0 17408
3229 52224
fe=(48)
92 52224
fi=(71)
3228 139264
0 17408
3229 17408
fi=(72)
20 17408
fe=(48)
+73 17408
fi=(71)
3228 139264
0 17408
3229 17408
fi=(72)
20 17408
fe=(48)
+72 17408
+1 17408
+1 17408
-4 34816
+6 4335
-10 8670
+12 136
-14 136
-84 17
100 68
cob=(2)
cfi=(2)
cfn=(4260)
calls=34 0 
* 2125
+1 153

fn=(5150)
104 819
+1 182
cob=(2)
cfi=(2)
cfn=(4260)
calls=109 0 
* 11375
0 364
107 182
fi=(71)
3228 4004
+1 728
fe=(48)
107 5824
fi=(71)
3228 124124
+1 22568
fe=(48)
107 5642
fi=(55)
+73 8736
0 455
fe=(48)
113 273
0 91
114 91
+1 182
fi=(55)
0 637
fe=(48)
113 1911
0 637
114 637
+1 1274
-1 22477
+1 91364
fi=(71)
3228 185640
+1 162435
0 23205
fe=(48)
118 186368
+1 279552
-1 93184
+1 186368
fi=(71)
3228 745472
0 93184
3229 93184
fi=(72)
20 93184
fe=(48)
120 93184
fi=(71)
3228 838656
0 93184
3229 279552
fe=(48)
121 93184
fi=(71)
3228 745472
0 93184
3229 93184
fi=(72)
20 93184
fe=(48)
+99 93184
+2 93184
+1 93184
-5 186368
+7 23205
-11 46410
-2 2184
0 182
129 182
fi=(71)
3228 728
0 91
3229 91
fi=(72)
20 91
fe=(48)
129 273
fi=(71)
3228 728
0 91
3229 91
fi=(72)
20 91
fe=(48)
129 91
fi=(14)
1717 182
fi=(55)
180 91
fe=(48)
-51 23114
fi=(71)
3228 92456
0 11557
3229 11557
fi=(72)
20 11557
fe=(48)
129 34671
fi=(71)
3228 92456
0 11557
3229 11557
fi=(72)
20 11557
fe=(48)
129 11557
fi=(14)
1717 23114
fi=(55)
180 11557
0 91
fe=(48)
131 364
cob=(2)
cfi=(2)
cfn=(4260)
calls=109 0 
* 11375
+1 819

ob=(2)
fl=(2)
fn=(3994)
0 130
cfn=(4000) 0x00000000000a6dc0
calls=36 0 
0 1302
0 1154

fn=(4000)
0 5595
cfn=(4726) 0x00000000000a4e90
calls=13 0 
0 157
0 267

fn=(3876)
cfn=(3920) 0x00000000000276c0
calls=1 0 
0 19544568

fn=(4280) 0x00000000000a6140
0 2331
cfn=(4298) 0x00000000000a4f60
calls=71 0 
0 540
0 559

fn=(4274) 0x00000000000a6290
0 84
cfn=(4280)
calls=9 0 
0 658
0 35

fn=(4298)
0 540

fn=(4760)
0 578
cfn=(4000)
calls=52 0 
0 3799
0 548972

fn=(4234) 0x00000000000a80c0
0 649
cfn=(4000)
calls=7 0 
0 918
0 63
cfn=(4274)
calls=2 0 
0 222
0 50
cfn=(4726)
calls=7 0 
0 117
0 82
cfn=(4260)
calls=7 0 
0 242
0 30
cfn=(4274)
calls=7 0 
0 555
0 90

fn=(4642)
0 248272

fn=(4726)
0 274

fn=(3920)
cob=(6)
cfi=(6)
cfn=(3934)
calls=1 0 
0 19544568

fn=(4260)
0 442956

fn=(4626)
0 432
cfn=(4280)
calls=62 0 
0 2772
0 301266

fn=(4232)
0 825
cfn=(4234)
calls=19 0 
0 3018
0 165

totals: 19544568
