desc: I1 cache:         32768 B, 64 B, 8-way associative
desc: D1 cache:         32768 B, 64 B, 8-way associative
desc: LL cache:         6291456 B, 64 B, 12-way associative
cmd: target/release/examples/cachegrind_ball 7
events: Ir I1mr ILmr Dr D1mr DLmr Dw D1mw DLmw 
fl=/home/rick/.cargo/registry/src/index.crates.io-1949cf8c6b5b557f/block-buffer-0.10.4/src/lib.rs
fn=ml_dsa::hash::H::absorb
0 2 0 0 0 0 0 0 0 0
146 1 0 0 0 0 0 0 0 0
155 1 0 0 0 0 0 0 0 0
158 1 0 0 0 0 0 0 0 0
196 1 1 1 1 0 0 0 0 0
239 1 1 1 0 0 0 1 0 0
fn=ml_dsa::hash::H::finalize
76 10 1 1 0 0 0 9 0 0
188 2 0 0 1 0 0 1 0 0
196 1 0 0 1 0 0 0 0 0
fn=ml_dsa::hash::H::init
76 9 1 1 0 0 0 9 0 0
fn=ml_dsa::hash::HReader::squeeze
0 247 1 1 1 0 0 1 0 0
196 122 0 0 61 0 0 0 0 0
239 121 0 0 0 0 0 61 0 0
258 61 0 0 0 0 0 0 0 0
259 180 0 0 0 0 0 0 0 0
274 2 0 0 0 0 0 0 0 0
278 4 0 0 0 0 0 1 0 0
344 7 0 0 0 0 0 0 0 0
fl=/home/rick/.cargo/registry/src/index.crates.io-1949cf8c6b5b557f/block-buffer-0.10.4/src/sealed.rs
fn=ml_dsa::hash::H::absorb
17 2 0 0 0 0 0 0 0 0
fl=/home/rick/.cargo/registry/src/index.crates.io-1949cf8c6b5b557f/digest-0.10.7/src/core_api/wrapper.rs
fn=ml_dsa::hash::H::absorb
149 1 0 0 0 0 0 0 0 0
fn=ml_dsa::hash::H::finalize
0 2 1 1 1 0 0 0 0 0
203 8 0 0 0 0 0 2 1 0
fl=/home/rick/.cargo/registry/src/index.crates.io-1949cf8c6b5b557f/digest-0.10.7/src/core_api/xof_reader.rs
fn=ml_dsa::hash::HReader::squeeze
0 61 1 1 0 0 0 0 0 0
41 61 0 0 0 0 0 0 0 0
fl=/home/rick/.cargo/registry/src/index.crates.io-1949cf8c6b5b557f/keccak-0.1.6/src/lib.rs
fn=keccak::keccak_p
0 2 0 0 0 0 0 0 0 0
236 14 0 0 0 0 0 12 1 0
237 4 0 0 0 0 0 0 0 0
291 16 0 0 14 0 0 0 0 0
fn=keccak::p1600
166 2 1 1 0 0 0 0 0 0
fl=/home/rick/.cargo/registry/src/index.crates.io-1949cf8c6b5b557f/sha3-0.10.9/src/macros.rs
fn=ml_dsa::hash::H::finalize
139 1 1 1 0 0 0 1 0 0
141 1 0 0 1 0 0 0 0 0
fl=/home/rick/.cargo/registry/src/index.crates.io-1949cf8c6b5b557f/sha3-0.10.9/src/state.rs
fn=ml_dsa::hash::H::finalize
0 1 0 0 0 0 0 0 0 0
8 4 0 0 0 0 0 1 0 0
46 25 3 3 17 0 0 8 0 0
49 3 0 0 2 0 0 1 0 0
fn=ml_dsa::hash::H::init
17 14 1 1 0 0 0 13 3 0
fn=ml_dsa::hash::HReader::squeeze
61 3 0 0 2 0 0 1 0 0
fl=/home/rick/unl/king's/thesis/ml-dsa/ml-dsa-leakage/examples/cachegrind_ball.rs
fn=cachegrind_ball::main
0 1 0 0 0 0 0 0 0 0
16 8 0 0 0 0 0 6 0 0
17 2 0 0 1 0 0 1 1 0
20 8 0 0 7 0 0 0 0 0
fl=/home/rick/unl/king's/thesis/ml-dsa/ml-dsa/src/encoding.rs
fn=ml_dsa::encoding::bytes_to_bits
0 9 0 0 0 0 0 0 0 0
61 5 0 0 0 0 0 5 0 0
63 1 0 0 0 0 0 0 0 0
65 8 0 0 8 0 0 0 0 0
67 128 1 1 0 0 0 64 0 0
68 104 1 1 0 0 0 0 0 0
71 3 0 0 0 0 0 3 0 0
72 7 0 0 6 0 0 0 0 0
fl=/home/rick/unl/king's/thesis/ml-dsa/ml-dsa/src/hash.rs
fn=ml_dsa::hash::H::absorb
26 10 0 0 0 0 0 7 0 0
28 8 0 0 7 0 0 0 0 0
fn=ml_dsa::hash::H::finalize
30 7 0 0 0 0 0 4 0 0
31 4 1 1 0 0 0 1 0 0
32 7 0 0 5 0 0 0 0 0
fn=ml_dsa::hash::H::init
22 1 1 1 0 0 0 0 0 0
23 1 0 0 0 0 0 1 0 0
24 1 0 0 1 0 0 0 0 0
fn=ml_dsa::hash::HReader::squeeze
37 549 0 0 0 0 0 366 0 0
39 488 1 1 427 0 0 0 0 0
fl=/home/rick/unl/king's/thesis/ml-dsa/ml-dsa/src/poly.rs
fn=cachegrind_ball::main
32 4 1 1 1 0 0 1 0 0
fl=/home/rick/unl/king's/thesis/ml-dsa/ml-dsa/src/sample.rs
fn=cachegrind_ball::main
0 214 0 0 61 0 0 1 0 0
20 1 0 0 1 0 0 1 0 0
21 3 0 0 1 0 0 1 0 0
22 6 1 1 2 0 0 2 0 0
24 3 0 0 0 0 0 1 0 0
25 2 0 0 1 0 0 1 0 0
26 2 1 1 1 0 0 1 0 0
27 2 0 0 1 0 0 1 0 0
29 196 0 0 0 0 0 49 0 0
31 120 0 0 0 0 0 0 0 0
33 55 0 0 0 0 0 11 0 0
36 98 1 1 49 0 0 49 0 0
37 245 1 1 49 0 0 49 0 0
40 1 0 0 1 0 0 0 0 0
fl=/rustc/ac68faa20c58cbccd01ee7208bf3b6e93a7d7f96/library/alloc/src/alloc.rs
fn=cachegrind_ball::main
0 4 1 1 0 0 0 0 0 0
101 1 1 1 1 0 0 1 0 0
128 13 0 0 6 0 0 5 0 0
fn=ml_dsa::encoding::bytes_to_bits
198 3 0 0 1 0 0 1 0 0
fn=std::env::args_os
101 14 1 1 3 0 0 3 0 0
fn=std::sys::pal::unix::stack_overflow::imp::drop_handler
0 1 0 0 0 0 0 0 0 0
128 4 0 0 1 0 0 1 0 0
fn=std::sys::pal::unix::stack_overflow::thread_info::set_current_info
101 6 2 2 2 0 0 2 0 0
210 2 1 1 2 1 0 2 0 0
fl=/rustc/ac68faa20c58cbccd01ee7208bf3b6e93a7d7f96/library/alloc/src/boxed.rs
fn=std::sys::pal::unix::stack_overflow::thread_info::set_current_info
0 1 0 0 0 0 0 0 0 0
581 2 0 0 0 0 0 0 0 0
fl=/rustc/ac68faa20c58cbccd01ee7208bf3b6e93a7d7f96/library/alloc/src/collections/btree/fix.rs
fn=<alloc::collections::btree::node::Handle<alloc::collections::btree::node::NodeRef<alloc::collections::btree::node::marker::Mut, usize, std::sys::pal::unix::stack_overflow::thread_info::ThreadInfo, alloc::collections::btree::node::marker::Leaf>, alloc::collections::btree::node::marker::KV>>::remove_leaf_kv::<<alloc::collections::btree::map::entry::OccupiedEntry<usize, std::sys::pal::unix::stack_overflow::thread_info::ThreadInfo>>::remove_kv::{closure#0}, alloc::alloc::Global>
0 3 1 1 3 0 0 0 0 0
fl=/rustc/ac68faa20c58cbccd01ee7208bf3b6e93a7d7f96/library/alloc/src/collections/btree/map.rs
fn=std::sys::pal::unix::stack_overflow::thread_info::set_current_info
1485 3 0 0 1 0 0 0 0 0
fl=/rustc/ac68faa20c58cbccd01ee7208bf3b6e93a7d7f96/library/alloc/src/collections/btree/map/entry.rs
fn=std::sys::pal::unix::stack_overflow::imp::drop_handler
607 1 0 0 0 0 0 1 0 0
608 2 0 0 2 0 0 0 0 0
612 1 0 0 1 0 0 0 0 0
613 2 0 0 1 0 0 0 0 0
fn=std::sys::pal::unix::stack_overflow::thread_info::set_current_info
0 2 0 0 1 0 0 0 0 0
422 1 0 0 1 0 0 0 0 0
fl=/rustc/ac68faa20c58cbccd01ee7208bf3b6e93a7d7f96/library/alloc/src/collections/btree/node.rs
fn=<alloc::collections::btree::node::Handle<alloc::collections::btree::node::NodeRef<alloc::collections::btree::node::marker::Mut, usize, std::sys::pal::unix::stack_overflow::thread_info::ThreadInfo, alloc::collections::btree::node::marker::Leaf>, alloc::collections::btree::node::marker::KV>>::remove_leaf_kv::<<alloc::collections::btree::map::entry::OccupiedEntry<usize, std::sys::pal::unix::stack_overflow::thread_info::ThreadInfo>>::remove_kv::{closure#0}, alloc::alloc::Global>
0 2 1 1 1 0 0 1 0 0
290 1 1 1 1 0 0 0 0 0
314 1 0 0 1 0 0 0 0 0
338 2 0 0 2 0 0 0 0 0
880 3 1 1 0 0 0 2 0 0
1272 1 0 0 1 0 0 0 0 0
1274 2 0 0 0 0 0 1 0 0
1275 1 0 0 1 0 0 0 0 0
1845 3 0 0 0 0 0 0 0 0
fn=std::sys::pal::unix::stack_overflow::imp::drop_handler
396 1 0 0 1 0 0 0 0 0
641 1 0 0 1 0 0 0 0 0
731 2 0 0 0 0 0 0 0 0
fn=std::sys::pal::unix::stack_overflow::thread_info::set_current_info
671 1 0 0 0 0 0 1 1 1
fl=/rustc/ac68faa20c58cbccd01ee7208bf3b6e93a7d7f96/library/alloc/src/collections/btree/remove.rs
fn=<alloc::collections::btree::node::Handle<alloc::collections::btree::node::NodeRef<alloc::collections::btree::node::marker::Mut, usize, std::sys::pal::unix::stack_overflow::thread_info::ThreadInfo, alloc::collections::btree::node::marker::Leaf>, alloc::collections::btree::node::marker::KV>>::remove_leaf_kv::<<alloc::collections::btree::map::entry::OccupiedEntry<usize, std::sys::pal::unix::stack_overflow::thread_info::ThreadInfo>>::remove_kv::{closure#0}, alloc::alloc::Global>
26 11 1 1 0 0 0 8 0 0
33 2 0 0 0 0 0 0 0 0
59 4 0 0 3 0 0 1 0 0
74 12 1 1 4 0 0 8 0 0
75 8 0 0 7 0 0 0 0 0
fn=std::sys::pal::unix::stack_overflow::imp::drop_handler
19 7 2 2 0 0 0 4 0 0
fl=/rustc/ac68faa20c58cbccd01ee7208bf3b6e93a7d7f96/library/alloc/src/collections/btree/search.rs
fn=std::sys::pal::unix::stack_overflow::imp::drop_handler
0 1 0 0 0 0 0 0 0 0
57 3 1 1 0 0 0 0 0 0
225 3 0 0 0 0 0 0 0 0
226 8 1 1 0 0 0 0 0 0
fl=/rustc/ac68faa20c58cbccd01ee7208bf3b6e93a7d7f96/library/alloc/src/raw_vec/mod.rs
fn=cachegrind_ball::main
0 1 1 1 0 0 0 1 0 0
434 1 0 0 0 0 0 0 0 0
469 1 0 0 0 0 0 0 0 0
634 6 1 1 0 0 0 0 0 0
fn=ml_dsa::encoding::bytes_to_bits
0 9 1 1 1 0 0 1 0 0
460 1 0 0 0 0 0 0 0 0
469 2 0 0 0 0 0 0 0 0
fn=std::env::args_os
0 5 0 0 3 0 0 3 0 0
460 6 1 1 0 0 0 0 0 0
469 6 0 0 0 0 0 0 0 0
fl=/rustc/ac68faa20c58cbccd01ee7208bf3b6e93a7d7f96/library/alloc/src/slice.rs
fn=std::env::args_os
0 2 0 0 0 0 0 0 0 0
fl=/rustc/ac68faa20c58cbccd01ee7208bf3b6e93a7d7f96/library/alloc/src/string.rs
fn=<std::env::Args as core::iter::traits::iterator::Iterator>::next
561 10 1 1 4 0 0 2 0 0
fl=/rustc/ac68faa20c58cbccd01ee7208bf3b6e93a7d7f96/library/alloc/src/vec/into_iter.rs
fn=<std::env::Args as core::iter::traits::iterator::Iterator>::next
262 2 0 0 0 0 0 0 0 0
266 2 0 0 0 0 0 2 0 0
fn=cachegrind_ball::main
203 2 1 1 2 0 0 0 0 0
556 2 0 0 2 0 0 0 0 0
fl=/rustc/ac68faa20c58cbccd01ee7208bf3b6e93a7d7f96/library/alloc/src/vec/mod.rs
fn=std::env::args_os
977 2 0 0 0 0 0 2 0 0
1040 6 0 0 4 0 0 0 0 0
fl=/rustc/ac68faa20c58cbccd01ee7208bf3b6e93a7d7f96/library/alloc/src/vec/spec_from_elem.rs
fn=cachegrind_ball::main
0 3 0 0 1 0 0 1 0 0
50 2 0 0 0 0 0 0 0 0
fl=/rustc/ac68faa20c58cbccd01ee7208bf3b6e93a7d7f96/library/core/src/cell.rs
fn=<std::sys::sync::once::futex::Once>::call
555 2 0 0 2 0 0 0 0 0
fn=std::rt::lang_start_internal
555 1 0 0 1 0 0 0 0 0
fn=std::sys::pal::unix::stack_overflow::thread_info::set_current_info
555 1 0 0 1 0 0 0 0 0
fl=/rustc/ac68faa20c58cbccd01ee7208bf3b6e93a7d7f96/library/core/src/char/methods.rs
fn=cachegrind_ball::main
423 1 0 0 0 0 0 0 0 0
fl=/rustc/ac68faa20c58cbccd01ee7208bf3b6e93a7d7f96/library/core/src/cmp.rs
fn=cachegrind_ball::main
1915 49 0 0 0 0 0 0 0 0
fn=ml_dsa::encoding::bytes_to_bits
1915 17 0 0 0 0 0 0 0 0
fn=std::env::args_os
1915 7 0 0 2 0 0 0 0 0
fn=std::sys::pal::unix::stack_overflow::imp::drop_handler
1037 3 1 1 0 0 0 0 0 0
2010 3 0 0 1 0 0 0 0 0
fn=std::sys::pal::unix::stack_overflow::imp::make_handler
1037 3 1 1 0 0 0 0 0 0
fl=/rustc/ac68faa20c58cbccd01ee7208bf3b6e93a7d7f96/library/core/src/ffi/c_str.rs
fn=std::env::args_os
766 6 0 0 2 0 0 2 0 0
fl=/rustc/ac68faa20c58cbccd01ee7208bf3b6e93a7d7f96/library/core/src/hint.rs
fn=cachegrind_ball::main
0 1 0 0 0 0 0 0 0 0
491 8 0 0 3 0 0 3 0 0
fl=/rustc/ac68faa20c58cbccd01ee7208bf3b6e93a7d7f96/library/core/src/intrinsics/mod.rs
fn=keccak::keccak_p
0 624 1 1 432 0 0 192 0 0
2030 1536 2 2 48 0 0 0 0 0
fn=ml_dsa::encoding::bytes_to_bits
457 1 0 0 0 0 0 0 0 0
fn=std::env::args_os
457 2 0 0 0 0 0 0 0 0
fn=std::rt::lang_start_internal
457 1 0 0 0 0 0 0 0 0
fl=/rustc/ac68faa20c58cbccd01ee7208bf3b6e93a7d7f96/library/core/src/iter/range.rs
fn=cachegrind_ball::main
0 4 1 1 1 0 0 0 0 0
900 52 0 0 0 0 0 1 0 0
fn=ml_dsa::encoding::bytes_to_bits
0 1 1 1 0 0 0 0 0 0
900 9 0 0 0 0 0 0 0 0
fn=std::env::args_os
0 10 2 2 2 0 0 2 0 0
900 3 0 0 0 0 0 0 0 0
fl=/rustc/ac68faa20c58cbccd01ee7208bf3b6e93a7d7f96/library/core/src/iter/traits/iterator.rs
fn=cachegrind_ball::main
392 1 0 0 1 0 0 1 0 0
2495 8 1 1 3 0 0 1 0 0
fl=/rustc/ac68faa20c58cbccd01ee7208bf3b6e93a7d7f96/library/core/src/mem/maybe_uninit.rs
fn=<std::sync::once::Once>::call_once_force::<<std::sync::once_lock::OnceLock<std::sync::reentrant_lock::ReentrantLock<core::cell::RefCell<std::io::buffered::linewriter::LineWriter<std::io::stdio::StdoutRaw>>>>>::initialize<<std::sync::once_lock::OnceLock<std::sync::reentrant_lock::ReentrantLock<core::cell::RefCell<std::io::buffered::linewriter::LineWriter<std::io::stdio::StdoutRaw>>>>>::get_or_init<std::io::stdio::cleanup::{closure#0}>::{closure#0}, !>::{closure#0}>::{closure#0}
574 6 0 0 0 0 0 5 0 0
fn=std::sys::pal::unix::stack_overflow::thread_info::set_current_info
574 10 1 1 4 0 0 6 1 1
fl=/rustc/ac68faa20c58cbccd01ee7208bf3b6e93a7d7f96/library/core/src/mem/mod.rs
fn=<std::sync::once::Once>::call_once::<std::rt::cleanup::{closure#0}>::{closure#0}
929 1 0 0 1 0 0 0 0 0
930 1 0 0 0 0 0 1 0 0
fn=<std::sync::once::Once>::call_once_force::<<std::sync::once_lock::OnceLock<std::sync::reentrant_lock::ReentrantLock<core::cell::RefCell<std::io::buffered::linewriter::LineWriter<std::io::stdio::StdoutRaw>>>>>::initialize<<std::sync::once_lock::OnceLock<std::sync::reentrant_lock::ReentrantLock<core::cell::RefCell<std::io::buffered::linewriter::LineWriter<std::io::stdio::StdoutRaw>>>>>::get_or_init<std::io::stdio::cleanup::{closure#0}>::{closure#0}, !>::{closure#0}>::{closure#0}
929 2 0 0 2 0 0 0 0 0
930 1 0 0 0 0 0 1 0 0
fn=std::rt::lang_start_internal
0 3 0 0 0 0 0 3 0 0
930 1 0 0 0 0 0 1 0 0
fl=/rustc/ac68faa20c58cbccd01ee7208bf3b6e93a7d7f96/library/core/src/num/mod.rs
fn=cachegrind_ball::main
0 2 0 0 0 0 0 0 0 0
1518 1 0 0 0 0 0 0 0 0
1712 4 0 0 0 0 0 0 0 0
1719 12 1 1 1 0 0 0 0 0
1732 1 1 1 0 0 0 0 0 0
1750 5 0 0 0 0 0 0 0 0
1752 1 0 0 1 0 0 0 0 0
fl=/rustc/ac68faa20c58cbccd01ee7208bf3b6e93a7d7f96/library/core/src/num/uint_macros.rs
fn=cachegrind_ball::main
1286 2 0 0 0 0 0 0 0 0
2548 1 0 0 0 0 0 0 0 0
fn=core::str::converts::from_utf8
2548 4 0 0 0 0 0 0 0 0
fn=std::env::args_os
3105 2 0 0 0 0 0 0 0 0
fn=std::rt::lang_start_internal
823 2 1 1 0 0 0 0 0 0
fl=/rustc/ac68faa20c58cbccd01ee7208bf3b6e93a7d7f96/library/core/src/ops/bit.rs
fn=keccak::keccak_p
0 2016 5 5 672 0 0 960 0 0
63 2016 4 4 0 0 0 0 0 0
178 1200 0 0 0 0 0 0 0 0
386 1440 0 0 96 0 0 48 0 0
898 3072 4 4 1344 4 4 192 0 0
fl=/rustc/ac68faa20c58cbccd01ee7208bf3b6e93a7d7f96/library/core/src/ops/function.rs
fn=std::rt::lang_start_internal
287 1 0 0 1 0 0 1 0 0
fn=std::sys::backtrace::__rust_begin_short_backtrace
250 1 0 0 0 0 0 1 0 0
fl=/rustc/ac68faa20c58cbccd01ee7208bf3b6e93a7d7f96/library/core/src/option.rs
fn=<alloc::collections::btree::node::Handle<alloc::collections::btree::node::NodeRef<alloc::collections::btree::node::marker::Mut, usize, std::sys::pal::unix::stack_overflow::thread_info::ThreadInfo, alloc::collections::btree::node::marker::Leaf>, alloc::collections::btree::node::marker::KV>>::remove_leaf_kv::<<alloc::collections::btree::map::entry::OccupiedEntry<usize, std::sys::pal::unix::stack_overflow::thread_info::ThreadInfo>>::remove_kv::{closure#0}, alloc::alloc::Global>
745 4 0 0 0 0 0 0 0 0
fn=<std::env::Args as core::iter::traits::iterator::Iterator>::next
1164 4 0 0 0 0 0 0 0 0
1165 6 0 0 0 0 0 6 1 0
fn=<std::sync::once::Once>::call_once::<std::rt::cleanup::{closure#0}>::{closure#0}
0 1 1 1 0 0 0 0 0 0
1014 2 0 0 0 0 0 0 0 0
fn=<std::sync::once::Once>::call_once_force::<<std::sync::once_lock::OnceLock<std::sync::reentrant_lock::ReentrantLock<core::cell::RefCell<std::io::buffered::linewriter::LineWriter<std::io::stdio::StdoutRaw>>>>>::initialize<<std::sync::once_lock::OnceLock<std::sync::reentrant_lock::ReentrantLock<core::cell::RefCell<std::io::buffered::linewriter::LineWriter<std::io::stdio::StdoutRaw>>>>>::get_or_init<std::io::stdio::cleanup::{closure#0}>::{closure#0}, !>::{closure#0}>::{closure#0}
1014 2 0 0 0 0 0 0 0 0
fn=cachegrind_ball::main
0 1 0 0 0 0 0 0 0 0
1545 5 1 1 1 0 0 0 0 0
1546 2 0 0 2 0 0 0 0 0
fn=std::rt::lang_start_internal
1065 2 0 0 0 0 0 0 0 0
fn=std::sys::pal::unix::stack_overflow::imp::drop_handler
767 3 1 1 1 0 0 0 0 0
fn=std::sys::pal::unix::stack_overflow::thread_info::set_current_info
1165 1 0 0 0 0 0 0 0 0
1726 2 0 0 0 0 0 2 0 0
fl=/rustc/ac68faa20c58cbccd01ee7208bf3b6e93a7d7f96/library/core/src/ptr/const_ptr.rs
fn=cachegrind_ball::main
729 1 0 0 0 0 0 0 0 0
fl=/rustc/ac68faa20c58cbccd01ee7208bf3b6e93a7d7f96/library/core/src/ptr/metadata.rs
fn=std::rt::lang_start_internal
133 1 0 0 0 0 0 1 0 0
fl=/rustc/ac68faa20c58cbccd01ee7208bf3b6e93a7d7f96/library/core/src/ptr/mod.rs
fn=<alloc::collections::btree::node::Handle<alloc::collections::btree::node::NodeRef<alloc::collections::btree::node::marker::Mut, usize, std::sys::pal::unix::stack_overflow::thread_info::ThreadInfo, alloc::collections::btree::node::marker::Leaf>, alloc::collections::btree::node::marker::KV>>::remove_leaf_kv::<<alloc::collections::btree::map::entry::OccupiedEntry<usize, std::sys::pal::unix::stack_overflow::thread_info::ThreadInfo>>::remove_kv::{closure#0}, alloc::alloc::Global>
643 7 0 0 2 0 0 3 0 0
1721 10 0 0 5 0 0 5 0 0
fn=<std::env::Args as core::iter::traits::iterator::Iterator>::next
1721 2 0 0 2 0 0 0 0 0
fn=cachegrind_ball::main
0 1 0 0 0 0 0 0 0 0
714 8 0 0 0 0 0 3 0 0
810 5 1 1 0 0 0 0 0 0
fn=ml_dsa::hash::H::absorb
552 3 0 0 1 0 0 1 0 0
fn=ml_dsa::hash::HReader::squeeze
552 188 1 1 60 0 0 62 0 0
fn=std::env::args_os
552 8 1 1 2 1 0 2 0 0
1721 2 0 0 2 0 0 0 0 0
1921 6 0 0 0 0 0 6 0 0
fn=std::rt::lang_start_internal
714 17 1 1 0 0 0 14 1 0
fn=std::sys::pal::unix::stack_overflow::imp::drop_handler
0 1 0 0 0 0 0 0 0 0
810 12 2 2 3 0 0 0 0 0
fn=std::sys::pal::unix::stack_overflow::imp::make_handler
714 5 1 1 0 0 0 2 0 0
fn=std::sys::pal::unix::stack_overflow::thread_info::set_current_info
0 2 1 1 0 0 0 1 0 0
552 1 0 0 0 0 0 1 0 0
810 8 0 0 3 0 0 0 0 0
1921 1 0 0 0 0 0 1 0 0
fl=/rustc/ac68faa20c58cbccd01ee7208bf3b6e93a7d7f96/library/core/src/ptr/mut_ptr.rs
fn=<alloc::collections::btree::node::Handle<alloc::collections::btree::node::NodeRef<alloc::collections::btree::node::marker::Mut, usize, std::sys::pal::unix::stack_overflow::thread_info::ThreadInfo, alloc::collections::btree::node::marker::Leaf>, alloc::collections::btree::node::marker::KV>>::remove_leaf_kv::<<alloc::collections::btree::map::entry::OccupiedEntry<usize, std::sys::pal::unix::stack_overflow::thread_info::ThreadInfo>>::remove_kv::{closure#0}, alloc::alloc::Global>
961 8 2 2 0 0 0 0 0 0
fn=std::env::args_os
961 2 0 0 0 0 0 0 0 0
fn=std::sys::pal::unix::stack_overflow::imp::drop_handler
1072 1 0 0 0 0 0 0 0 0
fn=std::sys::pal::unix::stack_overflow::imp::make_handler
961 1 0 0 0 0 0 0 0 0
fl=/rustc/ac68faa20c58cbccd01ee7208bf3b6e93a7d7f96/library/core/src/ptr/non_null.rs
fn=<std::env::Args as core::iter::traits::iterator::Iterator>::next
659 2 0 0 0 0 0 0 0 0
1717 4 0 0 4 0 0 0 0 0
fn=keccak::keccak_p
1717 50 0 0 0 0 0 0 0 0
fn=ml_dsa::hash::HReader::squeeze
1717 2 1 1 0 0 0 0 0 0
fn=std::rt::lang_start_internal
659 3 0 0 0 0 0 0 0 0
1717 4 1 1 0 0 0 0 0 0
fn=std::sys::pal::unix::stack_overflow::imp::drop_handler
1717 1 0 0 0 0 0 0 0 0
fl=/rustc/ac68faa20c58cbccd01ee7208bf3b6e93a7d7f96/library/core/src/result.rs
fn=ml_dsa::hash::H::finalize
1718 1 0 0 1 0 0 0 0 0
fn=std::sys::pal::unix::stack_overflow::thread_info::set_current_info
2173 2 0 0 0 0 0 0 0 0
fl=/rustc/ac68faa20c58cbccd01ee7208bf3b6e93a7d7f96/library/core/src/slice/index.rs
fn=cachegrind_ball::main
272 98 0 0 49 0 0 0 0 0
fn=ml_dsa::encoding::bytes_to_bits
0 1 0 0 0 0 0 0 0 0
278 131 1 1 0 0 0 0 0 0
fn=ml_dsa::hash::H::absorb
101 1 0 0 0 0 0 0 0 0
fn=ml_dsa::hash::H::finalize
0 1 0 0 0 0 0 0 0 0
101 1 0 0 0 0 0 0 0 0
fn=ml_dsa::hash::HReader::squeeze
89 60 0 0 0 0 0 0 0 0
fl=/rustc/ac68faa20c58cbccd01ee7208bf3b6e93a7d7f96/library/core/src/slice/iter/macros.rs
fn=keccak::keccak_p
0 268 8 8 80 0 0 178 3 0
180 56 0 0 2 0 0 0 0 0
fn=ml_dsa::hash::H::finalize
180 1 0 0 0 0 0 0 0 0
fn=ml_dsa::hash::HReader::squeeze
0 1 1 1 1 0 0 0 0 0
180 1 0 0 0 0 0 0 0 0
fn=std::rt::lang_start_internal
180 4 0 0 0 0 0 0 0 0
fn=std::sys::pal::unix::stack_overflow::imp::drop_handler
180 1 0 0 0 0 0 0 0 0
fl=/rustc/ac68faa20c58cbccd01ee7208bf3b6e93a7d7f96/library/core/src/str/converts.rs
fn=core::str::converts::from_utf8
0 2 1 1 0 0 0 2 0 0
89 10 1 1 0 0 0 6 0 0
94 8 1 1 0 0 0 4 0 0
98 8 0 0 8 0 0 0 0 0
fl=/rustc/ac68faa20c58cbccd01ee7208bf3b6e93a7d7f96/library/core/src/str/validations.rs
fn=core::str::converts::from_utf8
0 16 1 1 0 0 0 0 0 0
133 6 0 0 0 0 0 0 0 0
145 4 0 0 0 0 0 0 0 0
164 2 0 0 2 0 0 0 0 0
165 4 0 0 0 0 0 0 0 0
222 4 1 1 0 0 0 0 0 0
224 8 0 0 0 0 0 0 0 0
233 2 0 0 2 0 0 0 0 0
234 6 0 0 2 0 0 0 0 0
238 2 0 0 0 0 0 0 0 0
241 38 1 1 8 0 0 0 0 0
242 8 0 0 0 0 0 0 0 0
fl=/rustc/ac68faa20c58cbccd01ee7208bf3b6e93a7d7f96/library/core/src/sync/atomic.rs
fn=<std::sync::once::Once>::call_once::<std::rt::cleanup::{closure#0}>::{closure#0}
3904 1 0 0 1 0 0 0 0 0
3905 1 0 0 1 1 1 0 0 0
fn=<std::sync::once_lock::OnceLock<std::sync::reentrant_lock::ReentrantLock<core::cell::RefCell<std::io::buffered::linewriter::LineWriter<std::io::stdio::StdoutRaw>>>>>::initialize::<<std::sync::once_lock::OnceLock<std::sync::reentrant_lock::ReentrantLock<core::cell::RefCell<std::io::buffered::linewriter::LineWriter<std::io::stdio::StdoutRaw>>>>>::get_or_init<std::io::stdio::cleanup::{closure#0}>::{closure#0}, !>
3905 1 1 1 1 0 0 0 0 0
fn=<std::sys::sync::once::futex::Once>::call
0 3 1 1 2 0 0 0 0 0
3905 8 0 0 2 0 0 0 0 0
3922 2 0 0 4 0 0 0 0 0
4057 3 0 0 2 0 0 0 0 0
fn=std::env::args_os
3904 3 0 0 2 0 0 1 1 0
fn=std::rt::lang_start_internal
0 6 1 1 2 2 0 0 0 0
3889 8 0 0 3 0 0 5 1 1
3890 1 0 0 0 0 0 1 0 0
3904 4 2 2 4 1 1 0 0 0
3905 1 0 0 1 1 0 0 0 0
3989 2 0 0 1 0 0 0 0 0
4045 1 0 0 1 0 0 0 0 0
fn=std::sys::args::unix::imp::ARGV_INIT_ARRAY::init_wrapper
3889 2 1 1 0 0 0 2 1 1
fn=std::sys::pal::unix::stack_overflow::imp::drop_handler
3890 1 0 0 0 0 0 1 0 0
3904 5 0 0 4 0 0 0 0 0
3989 4 0 0 2 0 0 0 0 0
fn=std::sys::pal::unix::stack_overflow::imp::make_handler
3904 1 0 0 1 0 0 0 0 0
3905 1 1 1 1 0 0 0 0 0
fn=std::sys::pal::unix::stack_overflow::thread_info::set_current_info
3890 1 0 0 0 0 0 1 0 0
3904 9 1 1 5 1 0 0 0 0
3989 4 1 1 2 0 0 0 0 0
fl=/rustc/ac68faa20c58cbccd01ee7208bf3b6e93a7d7f96/library/std/src/alloc.rs
fn=__rustc::__rdl_alloc
450 6 1 1 0 0 0 0 0 0
fn=__rustc::__rdl_alloc_zeroed
482 6 1 1 0 0 0 3 0 0
fl=/rustc/ac68faa20c58cbccd01ee7208bf3b6e93a7d7f96/library/std/src/env.rs
fn=<std::env::Args as core::iter::traits::iterator::Iterator>::next
874 18 2 2 0 0 0 10 0 0
875 6 0 0 4 0 0 0 0 0
876 16 0 0 12 0 0 0 0 0
fn=std::env::args
826 1 1 1 1 1 0 0 0 0
fn=std::env::args_os
860 8 0 0 0 0 0 6 1 0
861 4 0 0 0 0 0 4 0 0
862 9 0 0 7 0 0 0 0 0
fl=/rustc/ac68faa20c58cbccd01ee7208bf3b6e93a7d7f96/library/std/src/io/stdio.rs
fn=<std::sync::once::Once>::call_once::<std::rt::cleanup::{closure#0}>::{closure#0}
727 1 0 0 0 0 0 1 0 0
733 3 1 1 1 0 0 0 0 0
fn=<std::sync::once::Once>::call_once_force::<<std::sync::once_lock::OnceLock<std::sync::reentrant_lock::ReentrantLock<core::cell::RefCell<std::io::buffered::linewriter::LineWriter<std::io::stdio::StdoutRaw>>>>>::initialize<<std::sync::once_lock::OnceLock<std::sync::reentrant_lock::ReentrantLock<core::cell::RefCell<std::io::buffered::linewriter::LineWriter<std::io::stdio::StdoutRaw>>>>>::get_or_init<std::io::stdio::cleanup::{closure#0}>::{closure#0}, !>::{closure#0}>::{closure#0}
729 1 0 0 0 0 0 1 0 0
fl=/rustc/ac68faa20c58cbccd01ee7208bf3b6e93a7d7f96/library/std/src/panicking.rs
fn=std::sys::pal::unix::stack_overflow::imp::drop_handler
0 1 1 1 0 0 0 0 0 0
464 3 0 0 0 0 0 0 0 0
fn=std::sys::pal::unix::stack_overflow::thread_info::set_current_info
0 1 0 0 0 0 0 0 0 0
464 3 0 0 0 0 0 0 0 0
fl=/rustc/ac68faa20c58cbccd01ee7208bf3b6e93a7d7f96/library/std/src/rt.rs
fn=std::rt::lang_start::{{closure}}
206 6 1 1 3 0 0 2 0 0
fn=std::rt::lang_start_internal
152 13 2 2 0 0 0 7 2 0
185 1 0 0 0 0 0 0 0 0
195 9 0 0 7 0 0 0 0 0
fl=/rustc/ac68faa20c58cbccd01ee7208bf3b6e93a7d7f96/library/std/src/sync/once.rs
fn=<std::sync::once::Once>::call_once::<std::rt::cleanup::{closure#0}>::{closure#0}
166 9 1 1 4 0 0 2 0 0
fn=<std::sync::once::Once>::call_once_force::<<std::sync::once_lock::OnceLock<std::sync::reentrant_lock::ReentrantLock<core::cell::RefCell<std::io::buffered::linewriter::LineWriter<std::io::stdio::StdoutRaw>>>>>::initialize<<std::sync::once_lock::OnceLock<std::sync::reentrant_lock::ReentrantLock<core::cell::RefCell<std::io::buffered::linewriter::LineWriter<std::io::stdio::StdoutRaw>>>>>::get_or_init<std::io::stdio::cleanup::{closure#0}>::{closure#0}, !>::{closure#0}>::{closure#0}
226 2 1 1 2 0 0 0 0 0
fn=<std::sync::once_lock::OnceLock<std::sync::reentrant_lock::ReentrantLock<core::cell::RefCell<std::io::buffered::linewriter::LineWriter<std::io::stdio::StdoutRaw>>>>>::initialize::<<std::sync::once_lock::OnceLock<std::sync::reentrant_lock::ReentrantLock<core::cell::RefCell<std::io::buffered::linewriter::LineWriter<std::io::stdio::StdoutRaw>>>>>::get_or_init<std::io::stdio::cleanup::{closure#0}>::{closure#0}, !>
221 2 0 0 0 0 0 0 0 0
225 6 0 0 0 0 0 3 0 0
226 9 1 1 3 0 0 3 0 0
fn=std::rt::lang_start_internal
161 2 1 1 0 0 0 0 0 0
165 2 1 1 0 0 0 1 0 0
166 8 1 1 1 1 0 2 0 0
fl=/rustc/ac68faa20c58cbccd01ee7208bf3b6e93a7d7f96/library/std/src/sync/once_lock.rs
fn=<std::sync::once::Once>::call_once::<std::rt::cleanup::{closure#0}>::{closure#0}
156 2 0 0 0 0 0 0 0 0
410 1 0 0 0 0 0 1 0 0
fn=<std::sync::once_lock::OnceLock<std::sync::reentrant_lock::ReentrantLock<core::cell::RefCell<std::io::buffered::linewriter::LineWriter<std::io::stdio::StdoutRaw>>>>>::initialize::<<std::sync::once_lock::OnceLock<std::sync::reentrant_lock::ReentrantLock<core::cell::RefCell<std::io::buffered::linewriter::LineWriter<std::io::stdio::StdoutRaw>>>>>::get_or_init<std::io::stdio::cleanup::{closure#0}>::{closure#0}, !>
0 4 1 1 0 0 0 1 0 0
557 1 0 0 1 0 0 0 0 0
fl=/rustc/ac68faa20c58cbccd01ee7208bf3b6e93a7d7f96/library/std/src/sync/poison.rs
fn=std::sys::pal::unix::stack_overflow::imp::drop_handler
0 3 0 0 0 0 0 3 0 0
123 4 0 0 0 0 0 0 0 0
fn=std::sys::pal::unix::stack_overflow::thread_info::set_current_info
0 3 0 0 0 0 0 3 0 0
123 5 2 2 0 0 0 1 0 0
fl=/rustc/ac68faa20c58cbccd01ee7208bf3b6e93a7d7f96/library/std/src/sys/alloc/unix.rs
fn=__rustc::__rdl_alloc
13 36 0 0 0 0 0 0 0 0
14 12 0 0 6 1 0 0 0 0
fn=__rustc::__rdl_alloc_zeroed
35 6 0 0 0 0 0 0 0 0
36 7 0 0 4 0 0 0 0 0
fn=__rustc::__rdl_dealloc
48 6 1 1 6 0 0 0 0 0
fl=/rustc/ac68faa20c58cbccd01ee7208bf3b6e93a7d7f96/library/std/src/sys/args/unix.rs
fn=std::env::args_os
0 6 0 0 0 0 0 5 0 0
42 4 1 1 0 0 0 0 0 0
61 4 0 0 3 0 0 0 0 0
145 2 1 1 0 0 0 0 0 0
fn=std::sys::args::unix::imp::ARGV_INIT_ARRAY::init_wrapper
131 1 1 1 0 0 0 0 0 0
132 1 0 0 1 0 0 0 0 0
fl=/rustc/ac68faa20c58cbccd01ee7208bf3b6e93a7d7f96/library/std/src/sys/backtrace.rs
fn=std::sys::backtrace::__rust_begin_short_backtrace
162 1 1 1 0 0 0 1 0 0
172 2 0 0 2 0 0 0 0 0
fl=/rustc/ac68faa20c58cbccd01ee7208bf3b6e93a7d7f96/library/std/src/sys/exit.rs
fn=std::rt::lang_start_internal
36 2 0 0 1 0 0 1 0 0
37 1 0 0 0 0 0 0 0 0
fl=/rustc/ac68faa20c58cbccd01ee7208bf3b6e93a7d7f96/library/std/src/sys/pal/unix/conf.rs
fn=std::rt::lang_start_internal
6 2 0 0 1 1 0 1 0 0
fl=/rustc/ac68faa20c58cbccd01ee7208bf3b6e93a7d7f96/library/std/src/sys/pal/unix/mod.rs
fn=std::rt::lang_start_internal
0 4 0 0 0 0 0 0 0 0
95 6 1 1 3 3 1 2 1 0
101 6 0 0 0 0 0 1 0 0
118 9 0 0 3 0 0 0 0 0
172 5 1 1 1 1 1 0 0 0
183 4 1 1 1 0 0 1 0 0
fl=/rustc/ac68faa20c58cbccd01ee7208bf3b6e93a7d7f96/library/std/src/sys/pal/unix/stack_overflow.rs
fn=<std::sync::once::Once>::call_once::<std::rt::cleanup::{closure#0}>::{closure#0}
202 1 0 0 0 0 0 1 0 0
fn=std::rt::lang_start_internal
0 3 0 0 1 0 0 0 0 0
168 6 0 0 2 0 0 2 0 0
170 4 0 0 2 0 0 0 0 0
171 4 1 1 0 0 0 0 0 0
174 2 0 0 0 0 0 1 0 0
178 1 0 0 0 0 0 0 0 0
179 3 0 0 0 0 0 1 0 0
183 2 0 0 0 0 0 2 0 0
184 6 2 2 0 0 0 2 0 0
188 6 0 0 2 0 0 2 0 0
372 5 0 0 2 1 0 2 0 0
373 4 1 1 0 0 0 0 0 0
375 4 0 0 0 0 0 1 0 0
376 2 0 0 0 0 0 0 0 0
377 2 0 0 1 0 0 2 0 0
380 2 1 1 1 0 0 0 0 0
383 4 0 0 1 1 0 2 0 0
398 10 0 0 0 0 0 0 0 0
399 5 1 1 0 0 0 0 0 0
449 2 0 0 0 0 0 0 0 0
fn=std::sys::pal::unix::stack_overflow::imp::drop_handler
0 1 0 0 0 0 0 0 0 0
284 8 1 1 0 0 0 6 0 0
285 2 0 0 0 0 0 0 0 0
288 4 0 0 0 0 0 3 0 0
298 2 0 0 1 0 0 1 0 0
301 4 1 1 1 0 0 1 0 0
305 8 0 0 7 0 0 0 0 0
310 2 0 0 1 0 0 1 0 0
fn=std::sys::pal::unix::stack_overflow::imp::make_handler
0 1 0 0 0 0 0 0 0 0
227 6 0 0 1 1 0 1 0 0
229 1 0 0 0 0 0 0 0 0
235 2 0 0 0 0 0 0 0 0
238 4 1 1 1 0 0 1 0 0
239 2 0 0 0 0 0 0 0 0
250 6 1 1 0 0 0 4 0 0
251 2 0 0 0 0 0 0 0 0
255 2 0 0 0 0 0 0 0 0
264 2 0 0 1 1 0 1 0 0
266 2 0 0 1 0 0 0 0 0
269 4 0 0 0 0 0 3 0 0
270 2 0 0 1 0 0 1 0 0
272 2 0 0 1 0 0 0 0 0
276 7 1 1 5 0 0 0 0 0
310 2 0 0 1 0 0 1 0 0
fl=/rustc/ac68faa20c58cbccd01ee7208bf3b6e93a7d7f96/library/std/src/sys/pal/unix/stack_overflow/thread_info.rs
fn=std::sys::pal::unix::stack_overflow::imp::drop_handler
96 1 0 0 0 0 0 0 0 0
126 3 0 0 1 0 0 1 0 0
fn=std::sys::pal::unix::stack_overflow::thread_info::set_current_info
0 2 1 1 0 0 0 1 0 0
96 1 0 0 0 0 0 0 0 0
112 10 1 1 0 0 0 6 0 0
116 3 0 0 1 0 0 1 0 0
123 8 0 0 7 0 0 0 0 0
fl=/rustc/ac68faa20c58cbccd01ee7208bf3b6e93a7d7f96/library/std/src/sys/pal/unix/weak/syscall.rs
fn=std::sys::pal::unix::stack_overflow::thread_info::set_current_info
12 2 0 0 1 0 0 0 0 0
13 3 0 0 1 0 0 1 0 0
fl=/rustc/ac68faa20c58cbccd01ee7208bf3b6e93a7d7f96/library/std/src/sys/sync/mutex/futex.rs
fn=std::sys::pal::unix::stack_overflow::imp::drop_handler
32 1 0 0 0 0 0 0 0 0
fn=std::sys::pal::unix::stack_overflow::thread_info::set_current_info
0 1 0 0 0 0 0 1 0 0
32 1 0 0 0 0 0 0 0 0
fl=/rustc/ac68faa20c58cbccd01ee7208bf3b6e93a7d7f96/library/std/src/sys/sync/once/futex.rs
fn=<std::sys::sync::once::futex::Once>::call
0 2 2 2 0 0 0 0 0 0
62 4 0 0 0 0 0 0 0 0
146 22 1 1 0 0 0 16 0 0
149 4 0 0 0 0 0 0 0 0
150 4 0 0 0 0 0 0 0 0
151 7 0 0 1 1 1 0 0 0
159 3 0 0 0 0 0 0 0 0
160 2 0 0 0 0 0 0 0 0
177 10 1 1 4 0 0 4 0 0
179 2 0 0 0 0 0 0 0 0
183 2 0 0 2 1 0 2 0 0
210 16 0 0 14 0 0 0 0 0
fl=/rustc/ac68faa20c58cbccd01ee7208bf3b6e93a7d7f96/library/std/src/thread/current.rs
fn=std::rt::lang_start_internal
34 2 0 0 1 0 0 0 0 0
108 1 0 0 0 0 0 0 0 0
fn=std::sys::pal::unix::stack_overflow::thread_info::set_current_info
194 2 1 1 1 0 0 0 0 0
195 4 0 0 0 0 0 2 0 0
221 4 0 0 1 0 0 0 0 0
fl=/rustc/ac68faa20c58cbccd01ee7208bf3b6e93a7d7f96/library/std/src/thread/id.rs
fn=std::rt::lang_start_internal
53 1 0 0 0 0 0 0 0 0
fl=???
fn=(below main)
0 93 7 7 25 5 0 21 0 0
fn=???
0 311913 1211 1166 75518 2231 1674 31904 620 570
fn=_Exit
0 5 2 2 1 0 0 0 0 0
fn=_IO_default_finish
0 20 2 2 7 0 0 2 0 0
fn=_IO_doallocbuf
0 23 3 3 6 1 0 3 0 0
fn=_IO_file_close
0 3 1 1 1 0 0 0 0 0
fn=_IO_file_close_it
0 92 9 9 19 0 0 16 0 0
fn=_IO_file_doallocate
0 50 4 4 13 1 0 7 0 0
fn=_IO_file_finish
0 5 2 2 1 0 0 0 0 0
fn=_IO_file_fopen
0 107 10 10 17 2 2 11 0 0
fn=_IO_file_open
0 38 3 3 6 0 0 7 0 0
fn=_IO_file_read
0 20 1 1 8 0 0 0 0 0
fn=_IO_file_seek
0 6 0 0 2 0 0 0 0 0
fn=_IO_file_seekoff
0 56 7 7 17 0 0 6 0 0
fn=_IO_file_stat
0 3 1 1 1 0 0 0 0 0
fn=_IO_file_underflow
0 215 7 7 70 0 0 37 0 0
fn=_IO_flush_all
0 175 11 11 65 5 4 31 0 0
fn=_IO_link_in
0 89 9 9 26 0 0 24 0 0
fn=_IO_setb
0 830 1 1 178 0 0 177 0 0
fn=_IO_sputbackc
0 3772 3 3 1148 0 0 656 0 0
fn=_IO_switch_to_get_mode
0 88 3 3 28 0 0 24 0 0
fn=_IO_un_link
0 8 0 0 3 0 0 0 0 0
fn=_IO_unsave_markers
0 6 2 2 3 0 0 0 0 0
fn=__call_tls_dtors
0 13 2 2 6 0 0 3 0 0
fn=__close_nocancel
0 6 1 1 1 0 0 0 0 0
fn=__cpu_indicator_init
0 367 39 39 45 2 0 14 0 0
fn=__ctype_init
0 17 2 2 10 6 0 3 0 0
fn=__cxa_atexit
0 3 1 1 0 0 0 0 0 0
fn=__cxa_finalize
0 174 5 4 48 2 0 21 0 0
fn=__default_morecore
0 22 1 1 6 0 0 4 0 0
fn=__errno_location
0 12 1 1 9 0 0 0 0 0
fn=__isoc23_sscanf
0 2050 5 5 287 0 0 697 0 0
fn=__libc_early_init
0 58 5 5 10 2 0 13 4 4
fn=__libc_sigaction
0 283 8 7 88 0 0 76 1 0
fn=__memcpy_chk
0 24 4 4 4 0 0 0 0 0
fn=__memmove_chk
0 24 4 4 4 0 0 0 0 0
fn=__mempcpy_chk
0 24 4 4 4 0 0 0 0 0
fn=__memset_chk
0 50 4 4 8 0 0 0 0 0
fn=__open_nocancel
0 27 2 2 5 0 0 3 0 0
fn=__read_nocancel
0 24 1 1 4 0 0 0 0 0
fn=__rustc::__rust_alloc
0 6 0 0 0 0 0 0 0 0
fn=__rustc::__rust_alloc_zeroed
0 1 0 0 0 0 0 0 0 0
fn=__rustc::__rust_dealloc
0 6 0 0 0 0 0 0 0 0
fn=__rustc::__rust_no_alloc_shim_is_unstable_v2
0 7 1 1 7 0 0 0 0 0
fn=__sigsetjmp
0 22 3 3 5 1 0 8 0 0
fn=__strtoul_internal
0 410 1 1 164 0 0 0 0 0
fn=__tunable_get_val
0 570 3 3 129 56 48 33 0 0
fn=__underflow
0 131 3 3 44 1 0 9 0 0
fn=_dl_allocate_tls_init
0 216 8 8 73 8 0 34 1 1
fn=_dl_audit_preinit
0 5 1 1 2 0 0 0 0 0
fn=_dl_catch_exception
0 308 5 5 84 2 2 105 4 4
fn=_dl_debug_state
0 4 2 1 2 0 0 0 0 0
fn=_setjmp
0 3 1 1 0 0 0 0 0 0
fn=bcmp
0 48 2 2 10 0 0 0 0 0
fn=brk
0 18 2 2 4 0 0 2 0 0
fn=calloc
0 54 5 5 8 0 0 0 0 0
fn=exit
0 7 1 1 0 0 0 2 0 0
fn=fclose
0 66 9 9 20 0 0 10 0 0
fn=fopen
0 3 1 1 0 0 0 0 0 0
fn=free
0 424 4 4 115 1 1 48 0 0
fn=fstat
0 6 1 1 1 0 0 0 0 0
fn=getauxval
0 292 3 3 54 6 0 2 0 0
fn=getdelim
0 3420 13 13 1145 0 0 554 0 0
fn=getline
0 164 1 1 0 0 0 0 0 0
fn=getpagesize
0 12 1 1 6 0 0 0 0 0
fn=getrlimit
0 20 1 1 2 0 0 0 0 0
fn=gettid
0 4 1 1 1 0 0 0 0 0
fn=index
0 21 2 2 4 0 0 0 0 0
fn=lseek
0 12 1 1 2 0 0 0 0 0
fn=main
0 12 1 1 3 1 0 3 0 0
fn=malloc
0 250 3 3 50 4 4 4 0 0
fn=memchr
0 22 2 2 4 0 0 0 0 0
fn=memcpy
0 72 4 4 12 0 0 0 0 0
fn=memmove
0 72 4 4 12 0 0 0 0 0
fn=mempcpy
0 24 4 4 4 0 0 0 0 0
fn=memrchr
0 24 2 2 5 0 0 0 0 0
fn=memset
0 75 4 4 12 2 0 0 0 0
fn=mmap
0 26 3 3 4 0 0 3 0 0
fn=mprotect
0 6 1 1 1 0 0 0 0 0
fn=munmap
0 6 1 1 1 0 0 0 0 0
fn=poll
0 12 2 2 2 0 0 3 1 0
fn=pthread_attr_destroy
0 16 1 1 8 0 0 4 0 0
fn=pthread_attr_getstack
0 9 1 1 3 0 0 2 0 0
fn=pthread_attr_init
0 18 1 1 3 0 0 8 0 0
fn=pthread_attr_setaffinity_np
0 43 3 3 15 0 0 12 0 0
fn=pthread_getaffinity_np
0 21 2 2 4 0 0 2 0 0
fn=pthread_getattr_np
0 1140 17 17 287 2 0 119 0 0
fn=pthread_mutex_lock
0 38 5 5 10 0 0 4 0 0
fn=pthread_mutex_unlock
0 3 1 1 0 0 0 0 0 0
fn=pthread_self
0 3 1 1 2 0 0 0 0 0
fn=realloc
0 78 8 8 8 0 0 4 0 0
fn=rindex
0 24 2 2 5 0 0 0 0 0
fn=sbrk
0 51 4 4 14 1 1 6 0 0
fn=sigaction
0 95 2 2 20 0 0 10 0 0
fn=sigaltstack
0 18 1 1 3 0 0 0 0 0
fn=signal
0 10 2 2 0 0 0 0 0 0
fn=stpcpy
0 19 2 2 4 0 0 0 0 0
fn=stpncpy
0 20 1 1 4 0 0 0 0 0
fn=strcasecmp
0 22 3 3 6 0 0 0 0 0
fn=strcasecmp_l
0 22 3 3 6 0 0 0 0 0
fn=strcat
0 19 2 2 4 0 0 0 0 0
fn=strchrnul
0 24 2 2 5 0 0 0 0 0
fn=strcmp
0 20 3 3 6 0 0 0 0 0
fn=strcpy
0 19 1 1 4 0 0 0 0 0
fn=strcspn
0 7 2 2 3 0 0 0 0 0
fn=strlen
0 72 2 2 15 1 0 0 0 0
fn=strncasecmp
0 22 3 3 6 1 0 0 0 0
fn=strncasecmp_l
0 22 2 2 6 0 0 0 0 0
fn=strncmp
0 22 3 3 6 0 0 0 0 0
fn=strncpy
0 20 1 1 4 0 0 0 0 0
fn=strnlen
0 48 3 3 10 1 0 0 0 0
fn=strpbrk
0 7 1 1 3 0 0 0 0 0
fn=strspn
0 7 1 1 3 0 0 0 0 0
fn=sysconf
0 44 9 9 7 1 1 4 0 0
fn=wcpncpy
0 18 2 2 4 0 0 0 0 0
fn=wcscat
0 18 2 2 4 0 0 0 0 0
fn=wcschr
0 48 2 2 10 0 0 0 0 0
fn=wcscmp
0 24 2 2 5 0 0 0 0 0
fn=wcscpy
0 17 2 2 4 0 0 0 0 0
fn=wcslen
0 20 3 3 6 0 0 0 0 0
fn=wcsncpy
0 18 2 2 4 0 0 0 0 0
fn=wcsnlen
0 20 2 2 6 0 0 0 0 0
fn=wmemchr
0 44 2 2 8 0 0 0 0 0
fn=wmemcmp
0 24 2 2 5 0 0 0 0 0
fn=wmemset
0 36 2 2 8 0 0 0 0 0
summary: 347456 1770 1722 84093 2372 1746 37432 651 583
